<html>
<body>
<pre>
<h1>礦ision Build Log</h1>
<h2>Tool Versions:</h2>
IDE-Version: μVision V5.36.0.0
Copyright (C) 2021 ARM Ltd and ARM Germany GmbH. All rights reserved.
License Information: WQWQ WQ, WQ, LIC=MPPLD-8ESDD-RA2DM-XNLIM-QM63P-NP9ZP
 
Tool Versions:
Toolchain:       MDK-ARM Plus  Version: 5.36.0.0
Toolchain Path:  D:\Keil_v5\ARM\ARMCC\Bin
C Compiler:      Armcc.exe V5.06 update 7 (build 960)
Assembler:       Armasm.exe V5.06 update 7 (build 960)
Linker/Locator:  ArmLink.exe V5.06 update 7 (build 960)
Library Manager: ArmAr.exe V5.06 update 7 (build 960)
Hex Converter:   FromElf.exe V5.06 update 7 (build 960)
CPU DLL:         SARMCM3.DLL V5.36.0.0
Dialog DLL:      DCM.DLL V1.17.3.0
Target DLL:      Segger\JL2CM3.dll V2.99.40.0
Dialog DLL:      TCM.DLL V1.53.0.0
 
<h2>Project:</h2>
F:\ruhr\KL\KL720\KL720_SDK_2.1.0\KL720_SDK_2.1.0\KL720_SDK\firmware\build\solution_kdp2_hico_mipi\sn72096_11x11\scpu_keil\scpu.uvprojx
Project File Date:  03/21/2023

<h2>Output:</h2>
*** Using Compiler 'V5.06 update 7 (build 960)', folder: 'D:\Keil_v5\ARM\ARMCC\Bin'
Rebuild Project 'scpu' - Target 'dev'
Before Build - User command #1: pre_build.bat
F:\ruhr\KL\KL720\KL720_SDK_2.1.0\KL720_SDK_2.1.0\KL720_SDK\firmware\build\solution_kdp2_hico_mipi\sn72096_11x11\scpu_keil>ECHO "Generate Git Version Header File" 
"Generate Git Version Header File"
F:\ruhr\KL\KL720\KL720_SDK_2.1.0\KL720_SDK_2.1.0\KL720_SDK\firmware\build\solution_kdp2_hico_mipi\sn72096_11x11\scpu_keil>SET GIT_VERSION_FILE= ..\..\..\..\include\git_info.h 
F:\ruhr\KL\KL720\KL720_SDK_2.1.0\KL720_SDK_2.1.0\KL720_SDK\firmware\build\solution_kdp2_hico_mipi\sn72096_11x11\scpu_keil>DEL  ..\..\..\..\include\git_info.h 
F:\ruhr\KL\KL720\KL720_SDK_2.1.0\KL720_SDK_2.1.0\KL720_SDK\firmware\build\solution_kdp2_hico_mipi\sn72096_11x11\scpu_keil>git rev-parse --is-inside-work-tree 
fatal: not a git repository (or any of the parent directories): .git
F:\ruhr\KL\KL720\KL720_SDK_2.1.0\KL720_SDK_2.1.0\KL720_SDK\firmware\build\solution_kdp2_hico_mipi\sn72096_11x11\scpu_keil>IF 128 EQU 0 (
ECHO #ifndef __GIT_INFO_H__  1>..\..\..\..\include\git_info.h  
 git log -1 --abbrev=8 --pretty=format:"#define IMG_FW_GIT_VERSION "0x"%h"  1>>..\..\..\..\include\git_info.h  
 ECHO.  1>>..\..\..\..\include\git_info.h  
 ECHO #endif  1>>..\..\..\..\include\git_info.h 
)  ELSE (
ECHO #ifndef __GIT_INFO_H__  1>..\..\..\..\include\git_info.h  
 ECHO #define IMG_FW_GIT_VERSION 0xFFFFFFFF 1>>..\..\..\..\include\git_info.h  
 ECHO #endif  1>>..\..\..\..\include\git_info.h 
) 
compiling kdp2_usb_log.c...
compiling device_init.c...
compiling main.c...
compiling system_init.c...
compiling usbd_hal_720.c...
compiling middleware_init.c...
compiling application_init.c...
compiling driver_init.c...
compiling kdp2_inf_app_yolo.c...
compiling kmdw_memxfer.c...
compiling kdp2_hico_mipi.c...
compiling kmdw_memory.c...
compiling kdp2_cmd_handler_720.c...
compiling kmdw_utils_crc.c...
compiling kmdw_led.c...
compiling kmdw_system.c...
compiling kmdw_errandserv.c...
compiling kmdw_tdc.c...
compiling kmdw_console.c...
compiling kmdw_ipc.c...
compiling kmdw_camera.c...
compiling kmdw_power_manager.c...
compiling dual_fifo2.c...
compiling kmdw_camera_kl720.c...
compiling kmdw_sensor.c...
compiling kdp2_inf_generic_raw.c...
compiling kmdw_dfs.c...
compiling kmdw_dfu.c...
compiling kmdw_jpeg.c...
compiling kmdw_fifoq_manager.c...
compiling kdrv_pinmux.c...
compiling kdev_sensor.c...
compiling kdev_sensor_gc2145.c...
compiling kdev_sensor_sc132gs.c...
compiling kdrv_ipc.c...
compiling kdrv_spif_nand.c...
compiling kdrv_ncpu.c...
compiling kdrv_gpio.c...
compiling kdrv_clock.c...
compiling kdev_flash_winbond_nand.c...
compiling kdrv_ddr.c...
compiling kdrv_mpu.c...
compiling kdrv_uart.c...
compiling kdrv_rtc.c...
compiling kdrv_system.c...
compiling kdrv_power.c...
compiling kmdw_inference_720.c...
compiling kdrv_tdc.c...
compiling kdrv_mipicsirx.c...
compiling kdrv_wdt.c...
assembling irq_cm4f.s...
compiling kdrv_dpi2ahb.c...
compiling kdrv_usbd3.c...
compiling kdrv_gdma3.c...
compiling kmdw_model.c...
compiling os_systick.c...
compiling RTX_Config.c...
compiling kdrv_i2c.c...
compiling rtx_delay.c...
compiling kdrv_timer.c...
compiling rtx_lib.c...
compiling rtx_evflags.c...
compiling rtx_memory.c...
compiling rtx_kernel.c...
compiling rtx_evr.c...
compiling task_handler.c...
compiling rtx_mutex.c...
compiling rtx_mempool.c...
compiling rtx_system.c...
compiling rtx_semaphore.c...
compiling rtx_msgqueue.c...
compiling startup.c...
assembling startup_asm.s...
compiling rtx_timer.c...
compiling rtx_thread.c...
linking...
Program Size: Code=71676 RO-data=3504 RW-data=41688 ZI-data=43584  
After Build - User command #1: fromelf.exe --bin ".\Objects\fw_scpu.axf" --output ".\Objects\tmp.bin"
After Build - User command #2: post_build.bat tmp.bin
Generating DFU binary [tmp.bin -> fw_scpu.bin]...
已复制         1 个文件。
已复制         1 个文件。
".\Objects\fw_scpu.axf" - 0 Error(s), 0 Warning(s).

<h2>Software Packages used:</h2>

Package Vendor: ARM
                http://www.keil.com/pack/ARM.CMSIS.5.8.0.pack
                ARM.CMSIS.5.8.0
                CMSIS (Common Microcontroller Software Interface Standard)

<h2>Collection of Component include folders:</h2>
  D:\Users\admin\AppData\Local\Arm\Packs\ARM\CMSIS\5.8.0\Device\ARM\ARMCM4\Include

<h2>Collection of Component Files used:</h2>
Build Time Elapsed:  00:00:05
</pre>
</body>
</html>
