<!doctype html public "-//w3c//dtd html 4.0 transitional//en">
<html><head>
<title>Static Call Graph - [.\Objects\fw_scpu.axf]</title></head>
<body><HR>
<H1>Static Call Graph for image .\Objects\fw_scpu.axf</H1><HR>
<BR><P>#&#060CALLGRAPH&#062# ARM Linker, 5060960: Last Updated: Tue Mar 28 14:35:18 2023
<BR><P>
<H3>Maximum Stack Usage =       2148 bytes + Unknown(Cycles, Untraceable Function Pointers)</H3><H3>
Call chain for Maximum Stack Depth:</H3>
main &rArr; dev_initialize &rArr; kdev_flash_initialize &rArr; kdev_flash_read_status &rArr; kdev_flash_read_SFDP &rArr; kdrv_spif_check_status_till_ready &rArr; kdrv_spif_set_commands
<P>
<H3>
Mutually Recursive functions
</H3> <LI><a href="#[40]">NMI_Handler</a>&nbsp;&nbsp;&nbsp;&rArr;&nbsp;&nbsp;&nbsp;<a href="#[40]">NMI_Handler</a><BR>
 <LI><a href="#[41]">HardFault_Handler</a>&nbsp;&nbsp;&nbsp;&rArr;&nbsp;&nbsp;&nbsp;<a href="#[41]">HardFault_Handler</a><BR>
 <LI><a href="#[42]">MemManage_Handler</a>&nbsp;&nbsp;&nbsp;&rArr;&nbsp;&nbsp;&nbsp;<a href="#[42]">MemManage_Handler</a><BR>
 <LI><a href="#[43]">BusFault_Handler</a>&nbsp;&nbsp;&nbsp;&rArr;&nbsp;&nbsp;&nbsp;<a href="#[43]">BusFault_Handler</a><BR>
 <LI><a href="#[44]">UsageFault_Handler</a>&nbsp;&nbsp;&nbsp;&rArr;&nbsp;&nbsp;&nbsp;<a href="#[44]">UsageFault_Handler</a><BR>
 <LI><a href="#[46]">DebugMon_Handler</a>&nbsp;&nbsp;&nbsp;&rArr;&nbsp;&nbsp;&nbsp;<a href="#[46]">DebugMon_Handler</a><BR>
 <LI><a href="#[4d]">HW_TIMER3_IRQ_Handler</a>&nbsp;&nbsp;&nbsp;&rArr;&nbsp;&nbsp;&nbsp;<a href="#[4d]">HW_TIMER3_IRQ_Handler</a><BR>
 <LI><a href="#[4e]">PWM0_IRQ_Handler</a>&nbsp;&nbsp;&nbsp;&rArr;&nbsp;&nbsp;&nbsp;<a href="#[4e]">PWM0_IRQ_Handler</a><BR>
 <LI><a href="#[4f]">PWM1_IRQ_Handler</a>&nbsp;&nbsp;&nbsp;&rArr;&nbsp;&nbsp;&nbsp;<a href="#[4f]">PWM1_IRQ_Handler</a><BR>
 <LI><a href="#[50]">PWM2_IRQ_Handler</a>&nbsp;&nbsp;&nbsp;&rArr;&nbsp;&nbsp;&nbsp;<a href="#[50]">PWM2_IRQ_Handler</a><BR>
 <LI><a href="#[51]">WDT_IRQ_Handler</a>&nbsp;&nbsp;&nbsp;&rArr;&nbsp;&nbsp;&nbsp;<a href="#[51]">WDT_IRQ_Handler</a><BR>
 <LI><a href="#[52]">SWI0_IRQ_Handler</a>&nbsp;&nbsp;&nbsp;&rArr;&nbsp;&nbsp;&nbsp;<a href="#[52]">SWI0_IRQ_Handler</a><BR>
 <LI><a href="#[53]">TDC_IRQ_Handler</a>&nbsp;&nbsp;&nbsp;&rArr;&nbsp;&nbsp;&nbsp;<a href="#[53]">TDC_IRQ_Handler</a><BR>
 <LI><a href="#[55]">DMA020_IRQ_Handler</a>&nbsp;&nbsp;&nbsp;&rArr;&nbsp;&nbsp;&nbsp;<a href="#[55]">DMA020_IRQ_Handler</a><BR>
 <LI><a href="#[56]">DMA020_TC_IRQ_Handler</a>&nbsp;&nbsp;&nbsp;&rArr;&nbsp;&nbsp;&nbsp;<a href="#[56]">DMA020_TC_IRQ_Handler</a><BR>
 <LI><a href="#[57]">DMA020_ERR_IRQ_Handler</a>&nbsp;&nbsp;&nbsp;&rArr;&nbsp;&nbsp;&nbsp;<a href="#[57]">DMA020_ERR_IRQ_Handler</a><BR>
 <LI><a href="#[5b]">UART0_IRQ_Handler</a>&nbsp;&nbsp;&nbsp;&rArr;&nbsp;&nbsp;&nbsp;<a href="#[5b]">UART0_IRQ_Handler</a><BR>
 <LI><a href="#[5c]">UART1_IRQ_Handler</a>&nbsp;&nbsp;&nbsp;&rArr;&nbsp;&nbsp;&nbsp;<a href="#[5c]">UART1_IRQ_Handler</a><BR>
 <LI><a href="#[5d]">SSP0_IRQ_Handler</a>&nbsp;&nbsp;&nbsp;&rArr;&nbsp;&nbsp;&nbsp;<a href="#[5d]">SSP0_IRQ_Handler</a><BR>
 <LI><a href="#[5e]">SSP1_IRQ_Handler</a>&nbsp;&nbsp;&nbsp;&rArr;&nbsp;&nbsp;&nbsp;<a href="#[5e]">SSP1_IRQ_Handler</a><BR>
 <LI><a href="#[5f]">SPIF_IRQ_Handler</a>&nbsp;&nbsp;&nbsp;&rArr;&nbsp;&nbsp;&nbsp;<a href="#[5f]">SPIF_IRQ_Handler</a><BR>
 <LI><a href="#[60]">SWI1_IRQ_Handler</a>&nbsp;&nbsp;&nbsp;&rArr;&nbsp;&nbsp;&nbsp;<a href="#[60]">SWI1_IRQ_Handler</a><BR>
 <LI><a href="#[61]">SWI2_IRQ_Handler</a>&nbsp;&nbsp;&nbsp;&rArr;&nbsp;&nbsp;&nbsp;<a href="#[61]">SWI2_IRQ_Handler</a><BR>
 <LI><a href="#[62]">SWI3_IRQ_Handler</a>&nbsp;&nbsp;&nbsp;&rArr;&nbsp;&nbsp;&nbsp;<a href="#[62]">SWI3_IRQ_Handler</a><BR>
 <LI><a href="#[63]">DMA030_IRQ_Handler</a>&nbsp;&nbsp;&nbsp;&rArr;&nbsp;&nbsp;&nbsp;<a href="#[63]">DMA030_IRQ_Handler</a><BR>
 <LI><a href="#[64]">DMA030_TC_IRQ_Handler</a>&nbsp;&nbsp;&nbsp;&rArr;&nbsp;&nbsp;&nbsp;<a href="#[64]">DMA030_TC_IRQ_Handler</a><BR>
 <LI><a href="#[65]">DMA030_ERR_IRQ_Handler</a>&nbsp;&nbsp;&nbsp;&rArr;&nbsp;&nbsp;&nbsp;<a href="#[65]">DMA030_ERR_IRQ_Handler</a><BR>
 <LI><a href="#[66]">CSI_RX0_IRQ_Handler</a>&nbsp;&nbsp;&nbsp;&rArr;&nbsp;&nbsp;&nbsp;<a href="#[66]">CSI_RX0_IRQ_Handler</a><BR>
 <LI><a href="#[68]">CSI_RX1_IRQ_Handler</a>&nbsp;&nbsp;&nbsp;&rArr;&nbsp;&nbsp;&nbsp;<a href="#[68]">CSI_RX1_IRQ_Handler</a><BR>
 <LI><a href="#[6a]">SGI_IRQ_Handler</a>&nbsp;&nbsp;&nbsp;&rArr;&nbsp;&nbsp;&nbsp;<a href="#[6a]">SGI_IRQ_Handler</a><BR>
 <LI><a href="#[6b]">SWI4_IRQ_Handler</a>&nbsp;&nbsp;&nbsp;&rArr;&nbsp;&nbsp;&nbsp;<a href="#[6b]">SWI4_IRQ_Handler</a><BR>
 <LI><a href="#[6c]">SWI5_IRQ_Handler</a>&nbsp;&nbsp;&nbsp;&rArr;&nbsp;&nbsp;&nbsp;<a href="#[6c]">SWI5_IRQ_Handler</a><BR>
 <LI><a href="#[6d]">SWI6_IRQ_Handler</a>&nbsp;&nbsp;&nbsp;&rArr;&nbsp;&nbsp;&nbsp;<a href="#[6d]">SWI6_IRQ_Handler</a><BR>
 <LI><a href="#[6e]">SWI7_IRQ_Handler</a>&nbsp;&nbsp;&nbsp;&rArr;&nbsp;&nbsp;&nbsp;<a href="#[6e]">SWI7_IRQ_Handler</a><BR>
 <LI><a href="#[6f]">SWI8_IRQ_Handler</a>&nbsp;&nbsp;&nbsp;&rArr;&nbsp;&nbsp;&nbsp;<a href="#[6f]">SWI8_IRQ_Handler</a><BR>
 <LI><a href="#[70]">SWI9_IRQ_Handler</a>&nbsp;&nbsp;&nbsp;&rArr;&nbsp;&nbsp;&nbsp;<a href="#[70]">SWI9_IRQ_Handler</a><BR>
 <LI><a href="#[71]">SWI10_IRQ_Handler</a>&nbsp;&nbsp;&nbsp;&rArr;&nbsp;&nbsp;&nbsp;<a href="#[71]">SWI10_IRQ_Handler</a><BR>
 <LI><a href="#[72]">DDR_IRQ_Handler</a>&nbsp;&nbsp;&nbsp;&rArr;&nbsp;&nbsp;&nbsp;<a href="#[72]">DDR_IRQ_Handler</a><BR>
 <LI><a href="#[73]">AXIIC_IRQ_Handler</a>&nbsp;&nbsp;&nbsp;&rArr;&nbsp;&nbsp;&nbsp;<a href="#[73]">AXIIC_IRQ_Handler</a><BR>
 <LI><a href="#[74]">H2X0_IRQ_Handler</a>&nbsp;&nbsp;&nbsp;&rArr;&nbsp;&nbsp;&nbsp;<a href="#[74]">H2X0_IRQ_Handler</a><BR>
 <LI><a href="#[75]">H2X1_IRQ_Handler</a>&nbsp;&nbsp;&nbsp;&rArr;&nbsp;&nbsp;&nbsp;<a href="#[75]">H2X1_IRQ_Handler</a><BR>
 <LI><a href="#[76]">H2X2_IRQ_Handler</a>&nbsp;&nbsp;&nbsp;&rArr;&nbsp;&nbsp;&nbsp;<a href="#[76]">H2X2_IRQ_Handler</a><BR>
 <LI><a href="#[77]">USB2_IRQ_Handler</a>&nbsp;&nbsp;&nbsp;&rArr;&nbsp;&nbsp;&nbsp;<a href="#[77]">USB2_IRQ_Handler</a><BR>
 <LI><a href="#[78]">USB3_IRQ_Handler</a>&nbsp;&nbsp;&nbsp;&rArr;&nbsp;&nbsp;&nbsp;<a href="#[78]">USB3_IRQ_Handler</a><BR>
 <LI><a href="#[79]">SDC0_IRQ_Handler</a>&nbsp;&nbsp;&nbsp;&rArr;&nbsp;&nbsp;&nbsp;<a href="#[79]">SDC0_IRQ_Handler</a><BR>
 <LI><a href="#[7a]">SDC1_IRQ_Handler</a>&nbsp;&nbsp;&nbsp;&rArr;&nbsp;&nbsp;&nbsp;<a href="#[7a]">SDC1_IRQ_Handler</a><BR>
 <LI><a href="#[7b]">LCDC_IRQ_Handler</a>&nbsp;&nbsp;&nbsp;&rArr;&nbsp;&nbsp;&nbsp;<a href="#[7b]">LCDC_IRQ_Handler</a><BR>
 <LI><a href="#[7c]">LCDC_MERR_IRQ_Handler</a>&nbsp;&nbsp;&nbsp;&rArr;&nbsp;&nbsp;&nbsp;<a href="#[7c]">LCDC_MERR_IRQ_Handler</a><BR>
 <LI><a href="#[7d]">LCDC_FIFO_IRQ_Handler</a>&nbsp;&nbsp;&nbsp;&rArr;&nbsp;&nbsp;&nbsp;<a href="#[7d]">LCDC_FIFO_IRQ_Handler</a><BR>
 <LI><a href="#[7e]">LCDC_BAUPD_IRQ_Handler</a>&nbsp;&nbsp;&nbsp;&rArr;&nbsp;&nbsp;&nbsp;<a href="#[7e]">LCDC_BAUPD_IRQ_Handler</a><BR>
 <LI><a href="#[7f]">LCDC_VSTATUS_IRQ_Handler</a>&nbsp;&nbsp;&nbsp;&rArr;&nbsp;&nbsp;&nbsp;<a href="#[7f]">LCDC_VSTATUS_IRQ_Handler</a><BR>
 <LI><a href="#[80]">CRYPTO_IRQ_Handler</a>&nbsp;&nbsp;&nbsp;&rArr;&nbsp;&nbsp;&nbsp;<a href="#[80]">CRYPTO_IRQ_Handler</a><BR>
 <LI><a href="#[81]">NPU0_IRQ_Handler</a>&nbsp;&nbsp;&nbsp;&rArr;&nbsp;&nbsp;&nbsp;<a href="#[81]">NPU0_IRQ_Handler</a><BR>
 <LI><a href="#[82]">NPU1_IRQ_Handler</a>&nbsp;&nbsp;&nbsp;&rArr;&nbsp;&nbsp;&nbsp;<a href="#[82]">NPU1_IRQ_Handler</a><BR>
 <LI><a href="#[83]">NPU2_IRQ_Handler</a>&nbsp;&nbsp;&nbsp;&rArr;&nbsp;&nbsp;&nbsp;<a href="#[83]">NPU2_IRQ_Handler</a><BR>
 <LI><a href="#[84]">NPU3_IRQ_Handler</a>&nbsp;&nbsp;&nbsp;&rArr;&nbsp;&nbsp;&nbsp;<a href="#[84]">NPU3_IRQ_Handler</a><BR>
 <LI><a href="#[85]">NPU4_IRQ_Handler</a>&nbsp;&nbsp;&nbsp;&rArr;&nbsp;&nbsp;&nbsp;<a href="#[85]">NPU4_IRQ_Handler</a><BR>
 <LI><a href="#[86]">NPU5_IRQ_Handler</a>&nbsp;&nbsp;&nbsp;&rArr;&nbsp;&nbsp;&nbsp;<a href="#[86]">NPU5_IRQ_Handler</a><BR>
 <LI><a href="#[87]">NPU6_IRQ_Handler</a>&nbsp;&nbsp;&nbsp;&rArr;&nbsp;&nbsp;&nbsp;<a href="#[87]">NPU6_IRQ_Handler</a><BR>
 <LI><a href="#[88]">NPU7_IRQ_Handler</a>&nbsp;&nbsp;&nbsp;&rArr;&nbsp;&nbsp;&nbsp;<a href="#[88]">NPU7_IRQ_Handler</a><BR>
 <LI><a href="#[b1]">osRtxIdleThread</a>&nbsp;&nbsp;&nbsp;&rArr;&nbsp;&nbsp;&nbsp;<a href="#[b1]">osRtxIdleThread</a><BR>
 <LI><a href="#[cb]">__asm___13_rtx_mempool_c_7914b4c7__atomic_link_put</a>&nbsp;&nbsp;&nbsp;&rArr;&nbsp;&nbsp;&nbsp;<a href="#[cb]">__asm___13_rtx_mempool_c_7914b4c7__atomic_link_put</a><BR>
</UL>
<P>
<H3>
Function Pointers
</H3><UL>
 <LI><a href="#[73]">AXIIC_IRQ_Handler</a> from startup_asm.o(.text) referenced from startup_asm.o(VECTOR_TABLE)
 <LI><a href="#[43]">BusFault_Handler</a> from startup_asm.o(.text) referenced from startup_asm.o(VECTOR_TABLE)
 <LI><a href="#[80]">CRYPTO_IRQ_Handler</a> from startup_asm.o(.text) referenced from startup_asm.o(VECTOR_TABLE)
 <LI><a href="#[66]">CSI_RX0_IRQ_Handler</a> from startup_asm.o(.text) referenced from startup_asm.o(VECTOR_TABLE)
 <LI><a href="#[68]">CSI_RX1_IRQ_Handler</a> from startup_asm.o(.text) referenced from startup_asm.o(VECTOR_TABLE)
 <LI><a href="#[67]">D2A0_IRQ_Handler</a> from kdrv_dpi2ahb.o(i.D2A0_IRQ_Handler) referenced from startup_asm.o(VECTOR_TABLE)
 <LI><a href="#[69]">D2A1_IRQ_Handler</a> from kdrv_dpi2ahb.o(i.D2A1_IRQ_Handler) referenced from startup_asm.o(VECTOR_TABLE)
 <LI><a href="#[72]">DDR_IRQ_Handler</a> from startup_asm.o(.text) referenced from startup_asm.o(VECTOR_TABLE)
 <LI><a href="#[57]">DMA020_ERR_IRQ_Handler</a> from startup_asm.o(.text) referenced from startup_asm.o(VECTOR_TABLE)
 <LI><a href="#[55]">DMA020_IRQ_Handler</a> from startup_asm.o(.text) referenced from startup_asm.o(VECTOR_TABLE)
 <LI><a href="#[56]">DMA020_TC_IRQ_Handler</a> from startup_asm.o(.text) referenced from startup_asm.o(VECTOR_TABLE)
 <LI><a href="#[65]">DMA030_ERR_IRQ_Handler</a> from startup_asm.o(.text) referenced from startup_asm.o(VECTOR_TABLE)
 <LI><a href="#[63]">DMA030_IRQ_Handler</a> from startup_asm.o(.text) referenced from startup_asm.o(VECTOR_TABLE)
 <LI><a href="#[64]">DMA030_TC_IRQ_Handler</a> from startup_asm.o(.text) referenced from startup_asm.o(VECTOR_TABLE)
 <LI><a href="#[46]">DebugMon_Handler</a> from startup_asm.o(.text) referenced from startup_asm.o(VECTOR_TABLE)
 <LI><a href="#[54]">GPIO_IRQ_Handler</a> from kdrv_gpio.o(i.GPIO_IRQ_Handler) referenced from startup_asm.o(VECTOR_TABLE)
 <LI><a href="#[74]">H2X0_IRQ_Handler</a> from startup_asm.o(.text) referenced from startup_asm.o(VECTOR_TABLE)
 <LI><a href="#[75]">H2X1_IRQ_Handler</a> from startup_asm.o(.text) referenced from startup_asm.o(VECTOR_TABLE)
 <LI><a href="#[76]">H2X2_IRQ_Handler</a> from startup_asm.o(.text) referenced from startup_asm.o(VECTOR_TABLE)
 <LI><a href="#[4a]">HW_TIMER0_IRQ_Handler</a> from kdrv_timer.o(i.HW_TIMER0_IRQ_Handler) referenced from startup_asm.o(VECTOR_TABLE)
 <LI><a href="#[4b]">HW_TIMER1_IRQ_Handler</a> from kdrv_timer.o(i.HW_TIMER1_IRQ_Handler) referenced from startup_asm.o(VECTOR_TABLE)
 <LI><a href="#[4c]">HW_TIMER2_IRQ_Handler</a> from kdrv_timer.o(i.HW_TIMER2_IRQ_Handler) referenced from startup_asm.o(VECTOR_TABLE)
 <LI><a href="#[4d]">HW_TIMER3_IRQ_Handler</a> from startup_asm.o(.text) referenced from startup_asm.o(VECTOR_TABLE)
 <LI><a href="#[41]">HardFault_Handler</a> from startup_asm.o(.text) referenced from startup_asm.o(VECTOR_TABLE)
 <LI><a href="#[58]">I2C0_IRQ_Handler</a> from kdrv_i2c.o(i.I2C0_IRQ_Handler) referenced from startup_asm.o(VECTOR_TABLE)
 <LI><a href="#[59]">I2C1_IRQ_Handler</a> from kdrv_i2c.o(i.I2C1_IRQ_Handler) referenced from startup_asm.o(VECTOR_TABLE)
 <LI><a href="#[5a]">I2C2_IRQ_Handler</a> from kdrv_i2c.o(i.I2C2_IRQ_Handler) referenced from startup_asm.o(VECTOR_TABLE)
 <LI><a href="#[7e]">LCDC_BAUPD_IRQ_Handler</a> from startup_asm.o(.text) referenced from startup_asm.o(VECTOR_TABLE)
 <LI><a href="#[7d]">LCDC_FIFO_IRQ_Handler</a> from startup_asm.o(.text) referenced from startup_asm.o(VECTOR_TABLE)
 <LI><a href="#[7b]">LCDC_IRQ_Handler</a> from startup_asm.o(.text) referenced from startup_asm.o(VECTOR_TABLE)
 <LI><a href="#[7c]">LCDC_MERR_IRQ_Handler</a> from startup_asm.o(.text) referenced from startup_asm.o(VECTOR_TABLE)
 <LI><a href="#[7f]">LCDC_VSTATUS_IRQ_Handler</a> from startup_asm.o(.text) referenced from startup_asm.o(VECTOR_TABLE)
 <LI><a href="#[42]">MemManage_Handler</a> from startup_asm.o(.text) referenced from startup_asm.o(VECTOR_TABLE)
 <LI><a href="#[9d]">NCPU_IRQHandler</a> from kmdw_ipc.o(i.NCPU_IRQHandler) referenced from kmdw_ipc.o(i.kmdw_ipc_initialize)
 <LI><a href="#[40]">NMI_Handler</a> from startup_asm.o(.text) referenced from startup_asm.o(VECTOR_TABLE)
 <LI><a href="#[81]">NPU0_IRQ_Handler</a> from startup_asm.o(.text) referenced from startup_asm.o(VECTOR_TABLE)
 <LI><a href="#[82]">NPU1_IRQ_Handler</a> from startup_asm.o(.text) referenced from startup_asm.o(VECTOR_TABLE)
 <LI><a href="#[83]">NPU2_IRQ_Handler</a> from startup_asm.o(.text) referenced from startup_asm.o(VECTOR_TABLE)
 <LI><a href="#[84]">NPU3_IRQ_Handler</a> from startup_asm.o(.text) referenced from startup_asm.o(VECTOR_TABLE)
 <LI><a href="#[85]">NPU4_IRQ_Handler</a> from startup_asm.o(.text) referenced from startup_asm.o(VECTOR_TABLE)
 <LI><a href="#[86]">NPU5_IRQ_Handler</a> from startup_asm.o(.text) referenced from startup_asm.o(VECTOR_TABLE)
 <LI><a href="#[87]">NPU6_IRQ_Handler</a> from startup_asm.o(.text) referenced from startup_asm.o(VECTOR_TABLE)
 <LI><a href="#[88]">NPU7_IRQ_Handler</a> from startup_asm.o(.text) referenced from startup_asm.o(VECTOR_TABLE)
 <LI><a href="#[4e]">PWM0_IRQ_Handler</a> from startup_asm.o(.text) referenced from startup_asm.o(VECTOR_TABLE)
 <LI><a href="#[4f]">PWM1_IRQ_Handler</a> from startup_asm.o(.text) referenced from startup_asm.o(VECTOR_TABLE)
 <LI><a href="#[50]">PWM2_IRQ_Handler</a> from startup_asm.o(.text) referenced from startup_asm.o(VECTOR_TABLE)
 <LI><a href="#[47]">PendSV_Handler</a> from irq_cm4f.o(.text) referenced from startup_asm.o(VECTOR_TABLE)
 <LI><a href="#[3f]">Reset_Handler</a> from startup_asm.o(.text) referenced from startup_asm.o(VECTOR_TABLE)
 <LI><a href="#[79]">SDC0_IRQ_Handler</a> from startup_asm.o(.text) referenced from startup_asm.o(VECTOR_TABLE)
 <LI><a href="#[7a]">SDC1_IRQ_Handler</a> from startup_asm.o(.text) referenced from startup_asm.o(VECTOR_TABLE)
 <LI><a href="#[6a]">SGI_IRQ_Handler</a> from startup_asm.o(.text) referenced from startup_asm.o(VECTOR_TABLE)
 <LI><a href="#[5f]">SPIF_IRQ_Handler</a> from startup_asm.o(.text) referenced from startup_asm.o(VECTOR_TABLE)
 <LI><a href="#[5d]">SSP0_IRQ_Handler</a> from startup_asm.o(.text) referenced from startup_asm.o(VECTOR_TABLE)
 <LI><a href="#[5e]">SSP1_IRQ_Handler</a> from startup_asm.o(.text) referenced from startup_asm.o(VECTOR_TABLE)
 <LI><a href="#[45]">SVC_Handler</a> from irq_cm4f.o(.text) referenced from startup_asm.o(VECTOR_TABLE)
 <LI><a href="#[52]">SWI0_IRQ_Handler</a> from startup_asm.o(.text) referenced from startup_asm.o(VECTOR_TABLE)
 <LI><a href="#[71]">SWI10_IRQ_Handler</a> from startup_asm.o(.text) referenced from startup_asm.o(VECTOR_TABLE)
 <LI><a href="#[60]">SWI1_IRQ_Handler</a> from startup_asm.o(.text) referenced from startup_asm.o(VECTOR_TABLE)
 <LI><a href="#[61]">SWI2_IRQ_Handler</a> from startup_asm.o(.text) referenced from startup_asm.o(VECTOR_TABLE)
 <LI><a href="#[62]">SWI3_IRQ_Handler</a> from startup_asm.o(.text) referenced from startup_asm.o(VECTOR_TABLE)
 <LI><a href="#[6b]">SWI4_IRQ_Handler</a> from startup_asm.o(.text) referenced from startup_asm.o(VECTOR_TABLE)
 <LI><a href="#[6c]">SWI5_IRQ_Handler</a> from startup_asm.o(.text) referenced from startup_asm.o(VECTOR_TABLE)
 <LI><a href="#[6d]">SWI6_IRQ_Handler</a> from startup_asm.o(.text) referenced from startup_asm.o(VECTOR_TABLE)
 <LI><a href="#[6e]">SWI7_IRQ_Handler</a> from startup_asm.o(.text) referenced from startup_asm.o(VECTOR_TABLE)
 <LI><a href="#[6f]">SWI8_IRQ_Handler</a> from startup_asm.o(.text) referenced from startup_asm.o(VECTOR_TABLE)
 <LI><a href="#[70]">SWI9_IRQ_Handler</a> from startup_asm.o(.text) referenced from startup_asm.o(VECTOR_TABLE)
 <LI><a href="#[49]">SYS_IRQ_Handler</a> from kdrv_system.o(i.SYS_IRQ_Handler) referenced from startup_asm.o(VECTOR_TABLE)
 <LI><a href="#[8a]">StartupInit</a> from startup.o(i.StartupInit) referenced from startup_asm.o(.text)
 <LI><a href="#[48]">SysTick_Handler</a> from irq_cm4f.o(.text) referenced from startup_asm.o(VECTOR_TABLE)
 <LI><a href="#[48]">SysTick_Handler</a> from irq_cm4f.o(.text) referenced from rtx_kernel.o(i.svcRtxKernelStart)
 <LI><a href="#[53]">TDC_IRQ_Handler</a> from startup_asm.o(.text) referenced from startup_asm.o(VECTOR_TABLE)
 <LI><a href="#[5b]">UART0_IRQ_Handler</a> from startup_asm.o(.text) referenced from startup_asm.o(VECTOR_TABLE)
 <LI><a href="#[34]">UART0_ISR</a> from kdrv_uart.o(i.UART0_ISR) referenced 2 times from kdrv_uart.o(.data)
 <LI><a href="#[5c]">UART1_IRQ_Handler</a> from startup_asm.o(.text) referenced from startup_asm.o(VECTOR_TABLE)
 <LI><a href="#[35]">UART1_ISR</a> from kdrv_uart.o(i.UART1_ISR) referenced 2 times from kdrv_uart.o(.data)
 <LI><a href="#[77]">USB2_IRQ_Handler</a> from startup_asm.o(.text) referenced from startup_asm.o(VECTOR_TABLE)
 <LI><a href="#[78]">USB3_IRQ_Handler</a> from startup_asm.o(.text) referenced from startup_asm.o(VECTOR_TABLE)
 <LI><a href="#[44]">UsageFault_Handler</a> from startup_asm.o(.text) referenced from startup_asm.o(VECTOR_TABLE)
 <LI><a href="#[51]">WDT_IRQ_Handler</a> from startup_asm.o(.text) referenced from startup_asm.o(VECTOR_TABLE)
 <LI><a href="#[8b]">__main</a> from entry.o(.ARM.Collect$$$$00000000) referenced from startup_asm.o(.text)
 <LI><a href="#[8f]">_app_func</a> from application_init.o(i._app_func) referenced from application_init.o(i.app_initialize)
 <LI><a href="#[9a]">_default_status_isr_callback</a> from kdrv_usbd3.o(i._default_status_isr_callback) referenced from kdrv_usbd3.o(i.kdrv_usbd3_initialize)
 <LI><a href="#[9b]">_default_usr_cx_isr_callback</a> from kdrv_usbd3.o(i._default_usr_cx_isr_callback) referenced from kdrv_usbd3.o(i.kdrv_usbd3_initialize)
 <LI><a href="#[93]">_flash_read_callback</a> from kdp2_cmd_handler_720.o(i._flash_read_callback) referenced from kdp2_cmd_handler_720.o(i.kdp2_cmd_handler_initialize)
 <LI><a href="#[9e]">_ipc_handler</a> from kmdw_model.o(i._ipc_handler) referenced from kmdw_model.o(i.kmdw_model_init)
 <LI><a href="#[8e]">_snputc</a> from printfa.o(i._snputc) referenced from printfa.o(i.__0vsnprintf)
 <LI><a href="#[8d]">_sputc</a> from printfa.o(i._sputc) referenced from printfa.o(i.__0sprintf)
 <LI><a href="#[1a]">dfs_fuzzy_execution</a> from dfs_fuzzy.o(i.dfs_fuzzy_execution) referenced 2 times from kmdw_dfs.o(.data)
 <LI><a href="#[19]">dfs_fuzzy_init</a> from dfs_fuzzy.o(i.dfs_fuzzy_init) referenced 2 times from kmdw_dfs.o(.data)
 <LI><a href="#[c7]">dfu_update_deep_sleep</a> from kmdw_dfu.o(i.dfu_update_deep_sleep) referenced from kmdw_dfu.o(.constdata)
 <LI><a href="#[c6]">dfu_update_sleep</a> from kmdw_dfu.o(i.dfu_update_sleep) referenced from kmdw_dfu.o(.constdata)
 <LI><a href="#[38]">errand_thread</a> from kmdw_errandserv.o(i.errand_thread) referenced 2 times from task_handler.o(.data)
 <LI><a href="#[8c]">fputc</a> from kdrv_uart.o(i.fputc) referenced from printfa.o(i.__0printf)
 <LI><a href="#[97]">gdma_isr</a> from kdrv_gdma3.o(i.gdma_isr) referenced from kdrv_gdma3.o(i.kdrv_gdma_initialize)
 <LI><a href="#[96]">image_coming_callback</a> from kdp2_hico_mipi.o(i.image_coming_callback) referenced from kdp2_hico_mipi.o(i.kdp2_hico_mipi_usb_cmd_thread)
 <LI><a href="#[1e]">kdev_sensor_enum_fmt</a> from kdev_sensor_gc2145.o(i.kdev_sensor_enum_fmt) referenced 4 times from kdev_sensor_gc2145.o(.data)
 <LI><a href="#[23]">kdev_sensor_get_dev_id</a> from kdev_sensor_gc2145.o(i.kdev_sensor_get_dev_id) referenced 4 times from kdev_sensor_gc2145.o(.data)
 <LI><a href="#[1f]">kdev_sensor_get_fmt</a> from kdev_sensor_gc2145.o(i.kdev_sensor_get_fmt) referenced 4 times from kdev_sensor_gc2145.o(.data)
 <LI><a href="#[22]">kdev_sensor_get_lux</a> from kdev_sensor_gc2145.o(i.kdev_sensor_get_lux) referenced 2 times from kdev_sensor_gc2145.o(.data)
 <LI><a href="#[25]">kdev_sensor_init</a> from kdev_sensor_gc2145.o(i.kdev_sensor_init) referenced 4 times from kdev_sensor_gc2145.o(.data)
 <LI><a href="#[2e]">kdev_sensor_led_switch</a> from kdev_sensor_sc132gs.o(i.kdev_sensor_led_switch) referenced 2 times from kdev_sensor_sc132gs.o(.data)
 <LI><a href="#[1b]">kdev_sensor_power</a> from kdev_sensor_gc2145.o(i.kdev_sensor_power) referenced 4 times from kdev_sensor_gc2145.o(.data)
 <LI><a href="#[1c]">kdev_sensor_reset</a> from kdev_sensor_gc2145.o(i.kdev_sensor_reset) referenced 4 times from kdev_sensor_gc2145.o(.data)
 <LI><a href="#[21]">kdev_sensor_set_aec</a> from kdev_sensor_gc2145.o(i.kdev_sensor_set_aec) referenced 2 times from kdev_sensor_gc2145.o(.data)
 <LI><a href="#[24]">kdev_sensor_set_devaddress</a> from kdev_sensor_gc2145.o(i.kdev_sensor_set_devaddress) referenced 4 times from kdev_sensor_gc2145.o(.data)
 <LI><a href="#[2d]">kdev_sensor_set_exp_time</a> from kdev_sensor_sc132gs.o(i.kdev_sensor_set_exp_time) referenced 2 times from kdev_sensor_sc132gs.o(.data)
 <LI><a href="#[30]">kdev_sensor_set_flip</a> from kdev_sensor_sc132gs.o(i.kdev_sensor_set_flip) referenced 2 times from kdev_sensor_sc132gs.o(.data)
 <LI><a href="#[20]">kdev_sensor_set_fmt</a> from kdev_sensor_gc2145.o(i.kdev_sensor_set_fmt) referenced 4 times from kdev_sensor_gc2145.o(.data)
 <LI><a href="#[2c]">kdev_sensor_set_gain</a> from kdev_sensor_sc132gs.o(i.kdev_sensor_set_gain) referenced 2 times from kdev_sensor_sc132gs.o(.data)
 <LI><a href="#[2f]">kdev_sensor_set_mirror</a> from kdev_sensor_sc132gs.o(i.kdev_sensor_set_mirror) referenced 2 times from kdev_sensor_sc132gs.o(.data)
 <LI><a href="#[1d]">kdev_sensor_stream</a> from kdev_sensor_gc2145.o(i.kdev_sensor_stream) referenced 4 times from kdev_sensor_gc2145.o(.data)
 <LI><a href="#[92]">kdp2_app_yolo_result_callback</a> from kdp2_inf_app_yolo.o(i.kdp2_app_yolo_result_callback) referenced from kdp2_inf_app_yolo.o(i.kdp2_app_yolo_inference)
 <LI><a href="#[3b]">kdp2_fifoq_manager_enqueue_image_thread</a> from kmdw_fifoq_manager.o(i.kdp2_fifoq_manager_enqueue_image_thread) referenced 2 times from task_handler.o(.data)
 <LI><a href="#[3c]">kdp2_hico_mipi_usb_cmd_thread</a> from kdp2_hico_mipi.o(i.kdp2_hico_mipi_usb_cmd_thread) referenced 2 times from task_handler.o(.data)
 <LI><a href="#[3d]">kdp2_hico_mipi_usb_img_send_back_thread</a> from kdp2_hico_mipi.o(i.kdp2_hico_mipi_usb_img_send_back_thread) referenced 2 times from task_handler.o(.data)
 <LI><a href="#[3e]">kdp2_hico_mipi_usb_result_thread</a> from kdp2_hico_mipi.o(i.kdp2_hico_mipi_usb_result_thread) referenced 2 times from task_handler.o(.data)
 <LI><a href="#[c3]">kdp_memxfer_ddr_to_flash</a> from kmdw_memxfer.o(i.kdp_memxfer_ddr_to_flash) referenced from kmdw_memxfer.o(.constdata)
 <LI><a href="#[c4]">kdp_memxfer_flash_sector_erase64k</a> from kmdw_memxfer.o(i.kdp_memxfer_flash_sector_erase64k) referenced from kmdw_memxfer.o(.constdata)
 <LI><a href="#[c2]">kdp_memxfer_flash_to_ddr</a> from kmdw_memxfer.o(i.kdp_memxfer_flash_to_ddr) referenced from kmdw_memxfer.o(.constdata)
 <LI><a href="#[c5]">kdp_memxfer_get_flash_device_id</a> from kmdw_memxfer.o(i.kdp_memxfer_get_flash_device_id) referenced from kmdw_memxfer.o(.constdata)
 <LI><a href="#[c1]">kdp_memxfer_init</a> from kmdw_memxfer.o(i.kdp_memxfer_init) referenced from kmdw_memxfer.o(.constdata)
 <LI><a href="#[98]">kdrv_tdc_isr</a> from kdrv_tdc.o(i.kdrv_tdc_isr) referenced from kdrv_tdc.o(i.kdrv_tdc_initialize)
 <LI><a href="#[8]">kmdw_cam_buffer_capture</a> from kmdw_camera_kl720.o(i.kmdw_cam_buffer_capture) referenced 2 times from kmdw_camera_kl720.o(.data)
 <LI><a href="#[4]">kmdw_cam_buffer_init</a> from kmdw_camera_kl720.o(i.kmdw_cam_buffer_init) referenced 2 times from kmdw_camera_kl720.o(.data)
 <LI><a href="#[7]">kmdw_cam_buffer_prepare</a> from kmdw_camera_kl720.o(i.kmdw_cam_buffer_prepare) referenced 2 times from kmdw_camera_kl720.o(.data)
 <LI><a href="#[1]">kmdw_cam_close</a> from kmdw_camera_kl720.o(i.kmdw_cam_close) referenced 2 times from kmdw_camera_kl720.o(.data)
 <LI><a href="#[15]">kmdw_cam_get_device_id</a> from kmdw_camera_kl720.o(i.kmdw_cam_get_device_id) referenced 2 times from kmdw_camera_kl720.o(.data)
 <LI><a href="#[13]">kmdw_cam_get_expo</a> from kmdw_camera_kl720.o(i.kmdw_cam_get_expo) referenced 2 times from kmdw_camera_kl720.o(.data)
 <LI><a href="#[3]">kmdw_cam_get_format</a> from kmdw_camera_kl720.o(i.kmdw_cam_get_format) referenced 2 times from kmdw_camera_kl720.o(.data)
 <LI><a href="#[f]">kmdw_cam_get_lux</a> from kmdw_camera_kl720.o(i.kmdw_cam_get_lux) referenced 2 times from kmdw_camera_kl720.o(.data)
 <LI><a href="#[10]">kmdw_cam_led_switch</a> from kmdw_camera_kl720.o(i.kmdw_cam_led_switch) referenced 2 times from kmdw_camera_kl720.o(.data)
 <LI><a href="#[0]">kmdw_cam_open</a> from kmdw_camera_kl720.o(i.kmdw_cam_open) referenced 2 times from kmdw_camera_kl720.o(.data)
 <LI><a href="#[b]">kmdw_cam_query_capability</a> from kmdw_camera_kl720.o(i.kmdw_cam_query_capability) referenced 2 times from kmdw_camera_kl720.o(.data)
 <LI><a href="#[d]">kmdw_cam_set_aec</a> from kmdw_camera_kl720.o(i.kmdw_cam_set_aec) referenced 2 times from kmdw_camera_kl720.o(.data)
 <LI><a href="#[18]">kmdw_cam_set_cam_port</a> from kmdw_camera_kl720.o(i.kmdw_cam_set_cam_port) referenced 2 times from kmdw_camera_kl720.o(.data)
 <LI><a href="#[17]">kmdw_cam_set_clock</a> from kmdw_camera_kl720.o(i.kmdw_cam_set_clock) referenced 2 times from kmdw_camera_kl720.o(.data)
 <LI><a href="#[16]">kmdw_cam_set_devaddress</a> from kmdw_camera_kl720.o(i.kmdw_cam_set_devaddress) referenced 2 times from kmdw_camera_kl720.o(.data)
 <LI><a href="#[e]">kmdw_cam_set_exp_time</a> from kmdw_camera_kl720.o(i.kmdw_cam_set_exp_time) referenced 2 times from kmdw_camera_kl720.o(.data)
 <LI><a href="#[12]">kmdw_cam_set_flip</a> from kmdw_camera_kl720.o(i.kmdw_cam_set_flip) referenced 2 times from kmdw_camera_kl720.o(.data)
 <LI><a href="#[2]">kmdw_cam_set_format</a> from kmdw_camera_kl720.o(i.kmdw_cam_set_format) referenced 2 times from kmdw_camera_kl720.o(.data)
 <LI><a href="#[c]">kmdw_cam_set_gain</a> from kmdw_camera_kl720.o(i.kmdw_cam_set_gain) referenced 2 times from kmdw_camera_kl720.o(.data)
 <LI><a href="#[14]">kmdw_cam_set_inc</a> from kmdw_camera_kl720.o(i.kmdw_cam_set_inc) referenced 2 times from kmdw_camera_kl720.o(.data)
 <LI><a href="#[11]">kmdw_cam_set_mirror</a> from kmdw_camera_kl720.o(i.kmdw_cam_set_mirror) referenced 2 times from kmdw_camera_kl720.o(.data)
 <LI><a href="#[5]">kmdw_cam_start_capture</a> from kmdw_camera_kl720.o(i.kmdw_cam_start_capture) referenced 2 times from kmdw_camera_kl720.o(.data)
 <LI><a href="#[6]">kmdw_cam_stop_capture</a> from kmdw_camera_kl720.o(i.kmdw_cam_stop_capture) referenced 2 times from kmdw_camera_kl720.o(.data)
 <LI><a href="#[a]">kmdw_cam_stream_off</a> from kmdw_camera_kl720.o(i.kmdw_cam_stream_off) referenced 2 times from kmdw_camera_kl720.o(.data)
 <LI><a href="#[9]">kmdw_cam_stream_on</a> from kmdw_camera_kl720.o(i.kmdw_cam_stream_on) referenced 2 times from kmdw_camera_kl720.o(.data)
 <LI><a href="#[9c]">kmdw_dfs_tdc_callback</a> from kmdw_dfs.o(i.kmdw_dfs_tdc_callback) referenced from kmdw_dfs.o(i.kmdw_dfs_initialize)
 <LI><a href="#[39]">kmdw_inference_image_dispatcher_thread</a> from kmdw_inference_720.o(i.kmdw_inference_image_dispatcher_thread) referenced 2 times from task_handler.o(.data)
 <LI><a href="#[3a]">kmdw_inference_result_handler_callback_thread</a> from kmdw_inference_720.o(i.kmdw_inference_result_handler_callback_thread) referenced 2 times from task_handler.o(.data)
 <LI><a href="#[37]">kmdw_tdc_monitor_thread</a> from kmdw_tdc.o(i.kmdw_tdc_monitor_thread) referenced 2 times from task_handler.o(.data)
 <LI><a href="#[36]">logger_thread</a> from kmdw_console.o(i.logger_thread) referenced 2 times from task_handler.o(.data)
 <LI><a href="#[89]">main</a> from main.o(i.main) referenced from entry9a.o(.ARM.Collect$$$$0000000B)
 <LI><a href="#[bd]">osRtxEventFlagsPostProcess</a> from rtx_evflags.o(i.osRtxEventFlagsPostProcess) referenced from rtx_evflags.o(i.svcRtxEventFlagsNew)
 <LI><a href="#[b1]">osRtxIdleThread</a> from rtx_config.o(i.osRtxIdleThread) referenced from rtx_thread.o(i.osRtxThreadStartup)
 <LI><a href="#[be]">osRtxMessageQueuePostProcess</a> from rtx_msgqueue.o(i.osRtxMessageQueuePostProcess) referenced from rtx_msgqueue.o(i.svcRtxMessageQueueNew)
 <LI><a href="#[c0]">osRtxThreadPostProcess</a> from rtx_thread.o(i.osRtxThreadPostProcess) referenced from rtx_thread.o(i.svcRtxThreadNew)
 <LI><a href="#[b2]">osRtxTimerThread</a> from rtx_timer.o(i.osRtxTimerThread) referenced from rtx_thread.o(i.osRtxThreadStartup)
 <LI><a href="#[b3]">osRtxTimerTick</a> from rtx_timer.o(i.osRtxTimerTick) referenced from rtx_timer.o(i.osRtxTimerThread)
 <LI><a href="#[bf]">osThreadExit</a> from rtx_thread.o(i.osThreadExit) referenced from rtx_thread.o(i.svcRtxThreadNew)
 <LI><a href="#[91]">set_sel</a> from kdrv_usbd3.o(i.set_sel) referenced from kdrv_usbd3.o(i.handle_standard_request)
 <LI><a href="#[9f]">svcRtxDelay</a> from rtx_delay.o(i.svcRtxDelay) referenced from rtx_delay.o(i.osDelay)
 <LI><a href="#[a0]">svcRtxEventFlagsClear</a> from rtx_evflags.o(i.svcRtxEventFlagsClear) referenced from rtx_evflags.o(i.osEventFlagsClear)
 <LI><a href="#[a1]">svcRtxEventFlagsNew</a> from rtx_evflags.o(i.svcRtxEventFlagsNew) referenced from rtx_evflags.o(i.osEventFlagsNew)
 <LI><a href="#[a2]">svcRtxEventFlagsSet</a> from rtx_evflags.o(i.svcRtxEventFlagsSet) referenced from rtx_evflags.o(i.osEventFlagsSet)
 <LI><a href="#[a3]">svcRtxEventFlagsWait</a> from rtx_evflags.o(i.svcRtxEventFlagsWait) referenced from rtx_evflags.o(i.osEventFlagsWait)
 <LI><a href="#[a4]">svcRtxKernelGetState</a> from rtx_kernel.o(i.svcRtxKernelGetState) referenced from rtx_kernel.o(i.osKernelGetState)
 <LI><a href="#[a5]">svcRtxKernelGetSysTimerCount</a> from rtx_kernel.o(i.svcRtxKernelGetSysTimerCount) referenced from rtx_kernel.o(i.osKernelGetSysTimerCount)
 <LI><a href="#[a6]">svcRtxKernelGetTickCount</a> from rtx_kernel.o(i.svcRtxKernelGetTickCount) referenced from rtx_kernel.o(i.osKernelGetTickCount)
 <LI><a href="#[a7]">svcRtxKernelGetTickFreq</a> from rtx_kernel.o(i.svcRtxKernelGetTickFreq) referenced from rtx_kernel.o(i.osKernelGetTickFreq)
 <LI><a href="#[a8]">svcRtxKernelInitialize</a> from rtx_kernel.o(i.svcRtxKernelInitialize) referenced from rtx_kernel.o(i.osKernelInitialize)
 <LI><a href="#[a9]">svcRtxKernelStart</a> from rtx_kernel.o(i.svcRtxKernelStart) referenced from rtx_kernel.o(i.osKernelStart)
 <LI><a href="#[aa]">svcRtxMessageQueueDelete</a> from rtx_msgqueue.o(i.svcRtxMessageQueueDelete) referenced from rtx_msgqueue.o(i.osMessageQueueDelete)
 <LI><a href="#[ab]">svcRtxMessageQueueGet</a> from rtx_msgqueue.o(i.svcRtxMessageQueueGet) referenced from rtx_msgqueue.o(i.osMessageQueueGet)
 <LI><a href="#[ac]">svcRtxMessageQueueNew</a> from rtx_msgqueue.o(i.svcRtxMessageQueueNew) referenced from rtx_msgqueue.o(i.osMessageQueueNew)
 <LI><a href="#[ad]">svcRtxMessageQueuePut</a> from rtx_msgqueue.o(i.svcRtxMessageQueuePut) referenced from rtx_msgqueue.o(i.osMessageQueuePut)
 <LI><a href="#[ae]">svcRtxMutexAcquire</a> from rtx_mutex.o(i.svcRtxMutexAcquire) referenced from rtx_mutex.o(i.osMutexAcquire)
 <LI><a href="#[af]">svcRtxMutexNew</a> from rtx_mutex.o(i.svcRtxMutexNew) referenced from rtx_mutex.o(i.osMutexNew)
 <LI><a href="#[b0]">svcRtxMutexRelease</a> from rtx_mutex.o(i.svcRtxMutexRelease) referenced from rtx_mutex.o(i.osMutexRelease)
 <LI><a href="#[b4]">svcRtxThreadExit</a> from rtx_thread.o(i.svcRtxThreadExit) referenced from rtx_thread.o(i.osThreadExit)
 <LI><a href="#[b5]">svcRtxThreadFlagsClear</a> from rtx_thread.o(i.svcRtxThreadFlagsClear) referenced from rtx_thread.o(i.osThreadFlagsClear)
 <LI><a href="#[b6]">svcRtxThreadFlagsSet</a> from rtx_thread.o(i.svcRtxThreadFlagsSet) referenced from rtx_thread.o(i.osThreadFlagsSet)
 <LI><a href="#[b7]">svcRtxThreadFlagsWait</a> from rtx_thread.o(i.svcRtxThreadFlagsWait) referenced from rtx_thread.o(i.osThreadFlagsWait)
 <LI><a href="#[b8]">svcRtxThreadGetId</a> from rtx_thread.o(i.svcRtxThreadGetId) referenced from rtx_thread.o(i.osThreadGetId)
 <LI><a href="#[b9]">svcRtxThreadNew</a> from rtx_thread.o(i.svcRtxThreadNew) referenced from rtx_thread.o(i.osThreadNew)
 <LI><a href="#[ba]">svcRtxTimerDelete</a> from rtx_timer.o(i.svcRtxTimerDelete) referenced from rtx_timer.o(i.osTimerDelete)
 <LI><a href="#[bb]">svcRtxTimerNew</a> from rtx_timer.o(i.svcRtxTimerNew) referenced from rtx_timer.o(i.osTimerNew)
 <LI><a href="#[bc]">svcRtxTimerStart</a> from rtx_timer.o(i.svcRtxTimerStart) referenced from rtx_timer.o(i.osTimerStart)
 <LI><a href="#[90]">timer_oneshot_callback</a> from kmdw_errandserv.o(i.timer_oneshot_callback) referenced from kmdw_errandserv.o(i.errand_thread)
 <LI><a href="#[94]">usb_user_control_callback</a> from kdp2_hico_mipi.o(i.usb_user_control_callback) referenced from kdp2_hico_mipi.o(i.kdp2_hico_mipi_init)
 <LI><a href="#[95]">usb_user_link_status_callback</a> from kdp2_hico_mipi.o(i.usb_user_link_status_callback) referenced from kdp2_hico_mipi.o(i.kdp2_hico_mipi_init)
 <LI><a href="#[99]">usbd3_isr</a> from kdrv_usbd3.o(i.usbd3_isr) referenced from kdrv_usbd3.o(i.kdrv_usbd3_initialize)
</UL>
<P>
<H3>
Global Symbols
</H3>
<P><STRONG><a name="[8b]"></a>__main</STRONG> (Thumb, 0 bytes, Stack size unknown bytes, entry.o(.ARM.Collect$$$$00000000))
<BR>[Address Reference Count : 1]<UL><LI> startup_asm.o(.text)
</UL>
<P><STRONG><a name="[2cb]"></a>_main_stk</STRONG> (Thumb, 0 bytes, Stack size unknown bytes, entry2.o(.ARM.Collect$$$$00000001))

<P><STRONG><a name="[c8]"></a>_main_scatterload</STRONG> (Thumb, 0 bytes, Stack size unknown bytes, entry5.o(.ARM.Collect$$$$00000004))
<BR><BR>[Calls]<UL><LI><a href="#[c9]">&gt;&gt;</a>&nbsp;&nbsp;&nbsp;__scatterload
</UL>

<P><STRONG><a name="[e7]"></a>__main_after_scatterload</STRONG> (Thumb, 0 bytes, Stack size unknown bytes, entry5.o(.ARM.Collect$$$$00000004))
<BR><BR>[Called By]<UL><LI><a href="#[c9]">&gt;&gt;</a>&nbsp;&nbsp;&nbsp;__scatterload
</UL>

<P><STRONG><a name="[2cc]"></a>_main_clock</STRONG> (Thumb, 0 bytes, Stack size unknown bytes, entry7b.o(.ARM.Collect$$$$00000008))

<P><STRONG><a name="[2cd]"></a>_main_cpp_init</STRONG> (Thumb, 0 bytes, Stack size unknown bytes, entry8b.o(.ARM.Collect$$$$0000000A))

<P><STRONG><a name="[2ce]"></a>_main_init</STRONG> (Thumb, 0 bytes, Stack size unknown bytes, entry9a.o(.ARM.Collect$$$$0000000B))

<P><STRONG><a name="[2cf]"></a>__rt_lib_shutdown_fini</STRONG> (Thumb, 0 bytes, Stack size unknown bytes, entry12b.o(.ARM.Collect$$$$0000000E))

<P><STRONG><a name="[2d0]"></a>__rt_final_cpp</STRONG> (Thumb, 0 bytes, Stack size unknown bytes, entry10a.o(.ARM.Collect$$$$0000000F))

<P><STRONG><a name="[2d1]"></a>__rt_final_exit</STRONG> (Thumb, 0 bytes, Stack size unknown bytes, entry11a.o(.ARM.Collect$$$$00000011))

<P><STRONG><a name="[2d2]"></a>__asm___13_rtx_evflags_c_e167c757__atomic_wr8</STRONG> (Thumb, 16 bytes, Stack size 0 bytes, rtx_evflags.o(.emb_text), UNUSED)

<P><STRONG><a name="[247]"></a>__asm___13_rtx_evflags_c_e167c757__atomic_set32</STRONG> (Thumb, 20 bytes, Stack size 0 bytes, rtx_evflags.o(.emb_text))
<BR><BR>[Called By]<UL><LI><a href="#[fe]">&gt;&gt;</a>&nbsp;&nbsp;&nbsp;osEventFlagsSet
<LI><a href="#[a2]">&gt;&gt;</a>&nbsp;&nbsp;&nbsp;svcRtxEventFlagsSet
</UL>

<P><STRONG><a name="[243]"></a>__asm___13_rtx_evflags_c_e167c757__atomic_clr32</STRONG> (Thumb, 22 bytes, Stack size 0 bytes, rtx_evflags.o(.emb_text))
<BR><BR>[Called By]<UL><LI><a href="#[224]">&gt;&gt;</a>&nbsp;&nbsp;&nbsp;osEventFlagsClear
<LI><a href="#[a0]">&gt;&gt;</a>&nbsp;&nbsp;&nbsp;svcRtxEventFlagsClear
</UL>

<P><STRONG><a name="[24b]"></a>__asm___13_rtx_evflags_c_e167c757__atomic_chk32_all</STRONG> (Thumb, 38 bytes, Stack size 0 bytes, rtx_evflags.o(.emb_text))
<BR><BR>[Called By]<UL><LI><a href="#[1d9]">&gt;&gt;</a>&nbsp;&nbsp;&nbsp;osEventFlagsWait
<LI><a href="#[a3]">&gt;&gt;</a>&nbsp;&nbsp;&nbsp;svcRtxEventFlagsWait
<LI><a href="#[a2]">&gt;&gt;</a>&nbsp;&nbsp;&nbsp;svcRtxEventFlagsSet
<LI><a href="#[bd]">&gt;&gt;</a>&nbsp;&nbsp;&nbsp;osRtxEventFlagsPostProcess
</UL>

<P><STRONG><a name="[24c]"></a>__asm___13_rtx_evflags_c_e167c757__atomic_chk32_any</STRONG> (Thumb, 34 bytes, Stack size 0 bytes, rtx_evflags.o(.emb_text))
<BR><BR>[Called By]<UL><LI><a href="#[1d9]">&gt;&gt;</a>&nbsp;&nbsp;&nbsp;osEventFlagsWait
<LI><a href="#[a3]">&gt;&gt;</a>&nbsp;&nbsp;&nbsp;svcRtxEventFlagsWait
<LI><a href="#[a2]">&gt;&gt;</a>&nbsp;&nbsp;&nbsp;svcRtxEventFlagsSet
<LI><a href="#[bd]">&gt;&gt;</a>&nbsp;&nbsp;&nbsp;osRtxEventFlagsPostProcess
</UL>

<P><STRONG><a name="[2d3]"></a>__asm___13_rtx_evflags_c_e167c757__atomic_inc32</STRONG> (Thumb, 18 bytes, Stack size 0 bytes, rtx_evflags.o(.emb_text), UNUSED)

<P><STRONG><a name="[2d4]"></a>__asm___13_rtx_evflags_c_e167c757__atomic_inc16_lt</STRONG> (Thumb, 30 bytes, Stack size 0 bytes, rtx_evflags.o(.emb_text), UNUSED)

<P><STRONG><a name="[2d5]"></a>__asm___13_rtx_evflags_c_e167c757__atomic_inc16_lim</STRONG> (Thumb, 26 bytes, Stack size 0 bytes, rtx_evflags.o(.emb_text), UNUSED)

<P><STRONG><a name="[2d6]"></a>__asm___13_rtx_evflags_c_e167c757__atomic_dec32</STRONG> (Thumb, 18 bytes, Stack size 0 bytes, rtx_evflags.o(.emb_text), UNUSED)

<P><STRONG><a name="[2d7]"></a>__asm___13_rtx_evflags_c_e167c757__atomic_dec32_nz</STRONG> (Thumb, 26 bytes, Stack size 0 bytes, rtx_evflags.o(.emb_text), UNUSED)

<P><STRONG><a name="[2d8]"></a>__asm___13_rtx_evflags_c_e167c757__atomic_dec16_nz</STRONG> (Thumb, 26 bytes, Stack size 0 bytes, rtx_evflags.o(.emb_text), UNUSED)

<P><STRONG><a name="[2d9]"></a>__asm___13_rtx_evflags_c_e167c757__atomic_link_get</STRONG> (Thumb, 26 bytes, Stack size 0 bytes, rtx_evflags.o(.emb_text), UNUSED)

<P><STRONG><a name="[ca]"></a>__asm___13_rtx_evflags_c_e167c757__atomic_link_put</STRONG> (Thumb, 28 bytes, Stack size 0 bytes, rtx_evflags.o(.emb_text), UNUSED)
<BR><BR>[Calls]<UL><LI><a href="#[ca]">&gt;&gt;</a>&nbsp;&nbsp;&nbsp;__asm___13_rtx_evflags_c_e167c757__atomic_link_put
</UL>
<BR>[Called By]<UL><LI><a href="#[ca]">&gt;&gt;</a>&nbsp;&nbsp;&nbsp;__asm___13_rtx_evflags_c_e167c757__atomic_link_put
</UL>

<P><STRONG><a name="[2da]"></a>__asm___13_rtx_mempool_c_7914b4c7__atomic_wr8</STRONG> (Thumb, 16 bytes, Stack size 0 bytes, rtx_mempool.o(.emb_text), UNUSED)

<P><STRONG><a name="[2db]"></a>__asm___13_rtx_mempool_c_7914b4c7__atomic_set32</STRONG> (Thumb, 20 bytes, Stack size 0 bytes, rtx_mempool.o(.emb_text), UNUSED)

<P><STRONG><a name="[2dc]"></a>__asm___13_rtx_mempool_c_7914b4c7__atomic_clr32</STRONG> (Thumb, 22 bytes, Stack size 0 bytes, rtx_mempool.o(.emb_text), UNUSED)

<P><STRONG><a name="[2dd]"></a>__asm___13_rtx_mempool_c_7914b4c7__atomic_chk32_all</STRONG> (Thumb, 38 bytes, Stack size 0 bytes, rtx_mempool.o(.emb_text), UNUSED)

<P><STRONG><a name="[2de]"></a>__asm___13_rtx_mempool_c_7914b4c7__atomic_chk32_any</STRONG> (Thumb, 34 bytes, Stack size 0 bytes, rtx_mempool.o(.emb_text), UNUSED)

<P><STRONG><a name="[274]"></a>__asm___13_rtx_mempool_c_7914b4c7__atomic_inc32</STRONG> (Thumb, 18 bytes, Stack size 0 bytes, rtx_mempool.o(.emb_text))
<BR><BR>[Called By]<UL><LI><a href="#[263]">&gt;&gt;</a>&nbsp;&nbsp;&nbsp;osRtxMemoryPoolAlloc
</UL>

<P><STRONG><a name="[2df]"></a>__asm___13_rtx_mempool_c_7914b4c7__atomic_inc16_lt</STRONG> (Thumb, 30 bytes, Stack size 0 bytes, rtx_mempool.o(.emb_text), UNUSED)

<P><STRONG><a name="[2e0]"></a>__asm___13_rtx_mempool_c_7914b4c7__atomic_inc16_lim</STRONG> (Thumb, 26 bytes, Stack size 0 bytes, rtx_mempool.o(.emb_text), UNUSED)

<P><STRONG><a name="[278]"></a>__asm___13_rtx_mempool_c_7914b4c7__atomic_dec32</STRONG> (Thumb, 18 bytes, Stack size 0 bytes, rtx_mempool.o(.emb_text))
<BR><BR>[Called By]<UL><LI><a href="#[276]">&gt;&gt;</a>&nbsp;&nbsp;&nbsp;osRtxMemoryPoolFree
</UL>

<P><STRONG><a name="[2e1]"></a>__asm___13_rtx_mempool_c_7914b4c7__atomic_dec32_nz</STRONG> (Thumb, 26 bytes, Stack size 0 bytes, rtx_mempool.o(.emb_text), UNUSED)

<P><STRONG><a name="[2e2]"></a>__asm___13_rtx_mempool_c_7914b4c7__atomic_dec16_nz</STRONG> (Thumb, 26 bytes, Stack size 0 bytes, rtx_mempool.o(.emb_text), UNUSED)

<P><STRONG><a name="[273]"></a>__asm___13_rtx_mempool_c_7914b4c7__atomic_link_get</STRONG> (Thumb, 26 bytes, Stack size 0 bytes, rtx_mempool.o(.emb_text))
<BR><BR>[Called By]<UL><LI><a href="#[263]">&gt;&gt;</a>&nbsp;&nbsp;&nbsp;osRtxMemoryPoolAlloc
</UL>

<P><STRONG><a name="[cb]"></a>__asm___13_rtx_mempool_c_7914b4c7__atomic_link_put</STRONG> (Thumb, 28 bytes, Stack size 0 bytes, rtx_mempool.o(.emb_text))
<BR><BR>[Calls]<UL><LI><a href="#[cb]">&gt;&gt;</a>&nbsp;&nbsp;&nbsp;__asm___13_rtx_mempool_c_7914b4c7__atomic_link_put
</UL>
<BR>[Called By]<UL><LI><a href="#[276]">&gt;&gt;</a>&nbsp;&nbsp;&nbsp;osRtxMemoryPoolFree
<LI><a href="#[cb]">&gt;&gt;</a>&nbsp;&nbsp;&nbsp;__asm___13_rtx_mempool_c_7914b4c7__atomic_link_put
</UL>

<P><STRONG><a name="[25e]"></a>__asm___14_rtx_msgqueue_c_ba128ae8__atomic_wr8</STRONG> (Thumb, 16 bytes, Stack size 0 bytes, rtx_msgqueue.o(.emb_text))
<BR><BR>[Called By]<UL><LI><a href="#[132]">&gt;&gt;</a>&nbsp;&nbsp;&nbsp;osMessageQueueGet
<LI><a href="#[ab]">&gt;&gt;</a>&nbsp;&nbsp;&nbsp;svcRtxMessageQueueGet
</UL>

<P><STRONG><a name="[2e3]"></a>__asm___14_rtx_msgqueue_c_ba128ae8__atomic_set32</STRONG> (Thumb, 20 bytes, Stack size 0 bytes, rtx_msgqueue.o(.emb_text), UNUSED)

<P><STRONG><a name="[2e4]"></a>__asm___14_rtx_msgqueue_c_ba128ae8__atomic_clr32</STRONG> (Thumb, 22 bytes, Stack size 0 bytes, rtx_msgqueue.o(.emb_text), UNUSED)

<P><STRONG><a name="[2e5]"></a>__asm___14_rtx_msgqueue_c_ba128ae8__atomic_chk32_all</STRONG> (Thumb, 38 bytes, Stack size 0 bytes, rtx_msgqueue.o(.emb_text), UNUSED)

<P><STRONG><a name="[2e6]"></a>__asm___14_rtx_msgqueue_c_ba128ae8__atomic_chk32_any</STRONG> (Thumb, 34 bytes, Stack size 0 bytes, rtx_msgqueue.o(.emb_text), UNUSED)

<P><STRONG><a name="[ec]"></a>__asm___14_rtx_msgqueue_c_ba128ae8__atomic_inc32</STRONG> (Thumb, 18 bytes, Stack size 0 bytes, rtx_msgqueue.o(.emb_text))
<BR><BR>[Called By]<UL><LI><a href="#[eb]">&gt;&gt;</a>&nbsp;&nbsp;&nbsp;MessageQueuePut
</UL>

<P><STRONG><a name="[2e7]"></a>__asm___14_rtx_msgqueue_c_ba128ae8__atomic_inc16_lt</STRONG> (Thumb, 30 bytes, Stack size 0 bytes, rtx_msgqueue.o(.emb_text), UNUSED)

<P><STRONG><a name="[2e8]"></a>__asm___14_rtx_msgqueue_c_ba128ae8__atomic_inc16_lim</STRONG> (Thumb, 26 bytes, Stack size 0 bytes, rtx_msgqueue.o(.emb_text), UNUSED)

<P><STRONG><a name="[2e9]"></a>__asm___14_rtx_msgqueue_c_ba128ae8__atomic_dec32</STRONG> (Thumb, 18 bytes, Stack size 0 bytes, rtx_msgqueue.o(.emb_text), UNUSED)

<P><STRONG><a name="[25d]"></a>__asm___14_rtx_msgqueue_c_ba128ae8__atomic_dec32_nz</STRONG> (Thumb, 26 bytes, Stack size 0 bytes, rtx_msgqueue.o(.emb_text))
<BR><BR>[Called By]<UL><LI><a href="#[132]">&gt;&gt;</a>&nbsp;&nbsp;&nbsp;osMessageQueueGet
<LI><a href="#[ab]">&gt;&gt;</a>&nbsp;&nbsp;&nbsp;svcRtxMessageQueueGet
</UL>

<P><STRONG><a name="[2ea]"></a>__asm___14_rtx_msgqueue_c_ba128ae8__atomic_dec16_nz</STRONG> (Thumb, 26 bytes, Stack size 0 bytes, rtx_msgqueue.o(.emb_text), UNUSED)

<P><STRONG><a name="[2eb]"></a>__asm___14_rtx_msgqueue_c_ba128ae8__atomic_link_get</STRONG> (Thumb, 26 bytes, Stack size 0 bytes, rtx_msgqueue.o(.emb_text), UNUSED)

<P><STRONG><a name="[cc]"></a>__asm___14_rtx_msgqueue_c_ba128ae8__atomic_link_put</STRONG> (Thumb, 28 bytes, Stack size 0 bytes, rtx_msgqueue.o(.emb_text), UNUSED)
<BR><BR>[Calls]<UL><LI><a href="#[cc]">&gt;&gt;</a>&nbsp;&nbsp;&nbsp;__asm___14_rtx_msgqueue_c_ba128ae8__atomic_link_put
</UL>
<BR>[Called By]<UL><LI><a href="#[cc]">&gt;&gt;</a>&nbsp;&nbsp;&nbsp;__asm___14_rtx_msgqueue_c_ba128ae8__atomic_link_put
</UL>

<P><STRONG><a name="[2ec]"></a>__asm___12_rtx_system_c_024f2f18__atomic_wr8</STRONG> (Thumb, 16 bytes, Stack size 0 bytes, rtx_system.o(.emb_text), UNUSED)

<P><STRONG><a name="[2ed]"></a>__asm___12_rtx_system_c_024f2f18__atomic_set32</STRONG> (Thumb, 20 bytes, Stack size 0 bytes, rtx_system.o(.emb_text), UNUSED)

<P><STRONG><a name="[2ee]"></a>__asm___12_rtx_system_c_024f2f18__atomic_clr32</STRONG> (Thumb, 22 bytes, Stack size 0 bytes, rtx_system.o(.emb_text), UNUSED)

<P><STRONG><a name="[2ef]"></a>__asm___12_rtx_system_c_024f2f18__atomic_chk32_all</STRONG> (Thumb, 38 bytes, Stack size 0 bytes, rtx_system.o(.emb_text), UNUSED)

<P><STRONG><a name="[2f0]"></a>__asm___12_rtx_system_c_024f2f18__atomic_chk32_any</STRONG> (Thumb, 34 bytes, Stack size 0 bytes, rtx_system.o(.emb_text), UNUSED)

<P><STRONG><a name="[2f1]"></a>__asm___12_rtx_system_c_024f2f18__atomic_inc32</STRONG> (Thumb, 18 bytes, Stack size 0 bytes, rtx_system.o(.emb_text), UNUSED)

<P><STRONG><a name="[284]"></a>__asm___12_rtx_system_c_024f2f18__atomic_inc16_lt</STRONG> (Thumb, 30 bytes, Stack size 0 bytes, rtx_system.o(.emb_text))
<BR><BR>[Called By]<UL><LI><a href="#[248]">&gt;&gt;</a>&nbsp;&nbsp;&nbsp;osRtxPostProcess
</UL>

<P><STRONG><a name="[282]"></a>__asm___12_rtx_system_c_024f2f18__atomic_inc16_lim</STRONG> (Thumb, 26 bytes, Stack size 0 bytes, rtx_system.o(.emb_text))
<BR><BR>[Called By]<UL><LI><a href="#[248]">&gt;&gt;</a>&nbsp;&nbsp;&nbsp;osRtxPostProcess
<LI><a href="#[cf]">&gt;&gt;</a>&nbsp;&nbsp;&nbsp;osRtxPendSV_Handler
</UL>

<P><STRONG><a name="[2f2]"></a>__asm___12_rtx_system_c_024f2f18__atomic_dec32</STRONG> (Thumb, 18 bytes, Stack size 0 bytes, rtx_system.o(.emb_text), UNUSED)

<P><STRONG><a name="[2f3]"></a>__asm___12_rtx_system_c_024f2f18__atomic_dec32_nz</STRONG> (Thumb, 26 bytes, Stack size 0 bytes, rtx_system.o(.emb_text), UNUSED)

<P><STRONG><a name="[281]"></a>__asm___12_rtx_system_c_024f2f18__atomic_dec16_nz</STRONG> (Thumb, 26 bytes, Stack size 0 bytes, rtx_system.o(.emb_text))
<BR><BR>[Called By]<UL><LI><a href="#[cf]">&gt;&gt;</a>&nbsp;&nbsp;&nbsp;osRtxPendSV_Handler
</UL>

<P><STRONG><a name="[2f4]"></a>__asm___12_rtx_system_c_024f2f18__atomic_link_get</STRONG> (Thumb, 26 bytes, Stack size 0 bytes, rtx_system.o(.emb_text), UNUSED)

<P><STRONG><a name="[cd]"></a>__asm___12_rtx_system_c_024f2f18__atomic_link_put</STRONG> (Thumb, 28 bytes, Stack size 0 bytes, rtx_system.o(.emb_text), UNUSED)
<BR><BR>[Calls]<UL><LI><a href="#[cd]">&gt;&gt;</a>&nbsp;&nbsp;&nbsp;__asm___12_rtx_system_c_024f2f18__atomic_link_put
</UL>
<BR>[Called By]<UL><LI><a href="#[cd]">&gt;&gt;</a>&nbsp;&nbsp;&nbsp;__asm___12_rtx_system_c_024f2f18__atomic_link_put
</UL>

<P><STRONG><a name="[2f5]"></a>__asm___12_rtx_thread_c_add96be5__atomic_wr8</STRONG> (Thumb, 16 bytes, Stack size 0 bytes, rtx_thread.o(.emb_text), UNUSED)

<P><STRONG><a name="[2a3]"></a>__asm___12_rtx_thread_c_add96be5__atomic_set32</STRONG> (Thumb, 20 bytes, Stack size 0 bytes, rtx_thread.o(.emb_text))
<BR><BR>[Called By]<UL><LI><a href="#[ed]">&gt;&gt;</a>&nbsp;&nbsp;&nbsp;osThreadFlagsSet
<LI><a href="#[b6]">&gt;&gt;</a>&nbsp;&nbsp;&nbsp;svcRtxThreadFlagsSet
</UL>

<P><STRONG><a name="[2c2]"></a>__asm___12_rtx_thread_c_add96be5__atomic_clr32</STRONG> (Thumb, 22 bytes, Stack size 0 bytes, rtx_thread.o(.emb_text))
<BR><BR>[Called By]<UL><LI><a href="#[b5]">&gt;&gt;</a>&nbsp;&nbsp;&nbsp;svcRtxThreadFlagsClear
</UL>

<P><STRONG><a name="[294]"></a>__asm___12_rtx_thread_c_add96be5__atomic_chk32_all</STRONG> (Thumb, 38 bytes, Stack size 0 bytes, rtx_thread.o(.emb_text))
<BR><BR>[Called By]<UL><LI><a href="#[b7]">&gt;&gt;</a>&nbsp;&nbsp;&nbsp;svcRtxThreadFlagsWait
<LI><a href="#[b6]">&gt;&gt;</a>&nbsp;&nbsp;&nbsp;svcRtxThreadFlagsSet
<LI><a href="#[c0]">&gt;&gt;</a>&nbsp;&nbsp;&nbsp;osRtxThreadPostProcess
</UL>

<P><STRONG><a name="[295]"></a>__asm___12_rtx_thread_c_add96be5__atomic_chk32_any</STRONG> (Thumb, 34 bytes, Stack size 0 bytes, rtx_thread.o(.emb_text))
<BR><BR>[Called By]<UL><LI><a href="#[b7]">&gt;&gt;</a>&nbsp;&nbsp;&nbsp;svcRtxThreadFlagsWait
<LI><a href="#[b6]">&gt;&gt;</a>&nbsp;&nbsp;&nbsp;svcRtxThreadFlagsSet
<LI><a href="#[c0]">&gt;&gt;</a>&nbsp;&nbsp;&nbsp;osRtxThreadPostProcess
</UL>

<P><STRONG><a name="[2f6]"></a>__asm___12_rtx_thread_c_add96be5__atomic_inc32</STRONG> (Thumb, 18 bytes, Stack size 0 bytes, rtx_thread.o(.emb_text), UNUSED)

<P><STRONG><a name="[2f7]"></a>__asm___12_rtx_thread_c_add96be5__atomic_inc16_lt</STRONG> (Thumb, 30 bytes, Stack size 0 bytes, rtx_thread.o(.emb_text), UNUSED)

<P><STRONG><a name="[2f8]"></a>__asm___12_rtx_thread_c_add96be5__atomic_inc16_lim</STRONG> (Thumb, 26 bytes, Stack size 0 bytes, rtx_thread.o(.emb_text), UNUSED)

<P><STRONG><a name="[2f9]"></a>__asm___12_rtx_thread_c_add96be5__atomic_dec32</STRONG> (Thumb, 18 bytes, Stack size 0 bytes, rtx_thread.o(.emb_text), UNUSED)

<P><STRONG><a name="[2fa]"></a>__asm___12_rtx_thread_c_add96be5__atomic_dec32_nz</STRONG> (Thumb, 26 bytes, Stack size 0 bytes, rtx_thread.o(.emb_text), UNUSED)

<P><STRONG><a name="[2fb]"></a>__asm___12_rtx_thread_c_add96be5__atomic_dec16_nz</STRONG> (Thumb, 26 bytes, Stack size 0 bytes, rtx_thread.o(.emb_text), UNUSED)

<P><STRONG><a name="[2fc]"></a>__asm___12_rtx_thread_c_add96be5__atomic_link_get</STRONG> (Thumb, 26 bytes, Stack size 0 bytes, rtx_thread.o(.emb_text), UNUSED)

<P><STRONG><a name="[ce]"></a>__asm___12_rtx_thread_c_add96be5__atomic_link_put</STRONG> (Thumb, 28 bytes, Stack size 0 bytes, rtx_thread.o(.emb_text), UNUSED)
<BR><BR>[Calls]<UL><LI><a href="#[ce]">&gt;&gt;</a>&nbsp;&nbsp;&nbsp;__asm___12_rtx_thread_c_add96be5__atomic_link_put
</UL>
<BR>[Called By]<UL><LI><a href="#[ce]">&gt;&gt;</a>&nbsp;&nbsp;&nbsp;__asm___12_rtx_thread_c_add96be5__atomic_link_put
</UL>

<P><STRONG><a name="[45]"></a>SVC_Handler</STRONG> (Thumb, 152 bytes, Stack size 0 bytes, irq_cm4f.o(.text))
<BR>[Address Reference Count : 1]<UL><LI> startup_asm.o(VECTOR_TABLE)
</UL>
<P><STRONG><a name="[47]"></a>PendSV_Handler</STRONG> (Thumb, 16 bytes, Stack size 0 bytes, irq_cm4f.o(.text))
<BR><BR>[Stack]<UL><LI>Max Depth = 64<LI>Call Chain = PendSV_Handler &rArr; osRtxPendSV_Handler &rArr; osRtxThreadDispatch &rArr; osRtxThreadStackCheck &rArr; osRtxErrorNotify &rArr; __2printf
</UL>
<BR>[Calls]<UL><LI><a href="#[cf]">&gt;&gt;</a>&nbsp;&nbsp;&nbsp;osRtxPendSV_Handler
</UL>
<BR>[Address Reference Count : 1]<UL><LI> startup_asm.o(VECTOR_TABLE)
</UL>
<P><STRONG><a name="[48]"></a>SysTick_Handler</STRONG> (Thumb, 16 bytes, Stack size 0 bytes, irq_cm4f.o(.text))
<BR><BR>[Stack]<UL><LI>Max Depth = 64<LI>Call Chain = SysTick_Handler &rArr; osRtxTick_Handler &rArr; osRtxThreadDispatch &rArr; osRtxThreadStackCheck &rArr; osRtxErrorNotify &rArr; __2printf
</UL>
<BR>[Calls]<UL><LI><a href="#[d0]">&gt;&gt;</a>&nbsp;&nbsp;&nbsp;osRtxTick_Handler
</UL>
<BR>[Address Reference Count : 2]<UL><LI> rtx_kernel.o(i.svcRtxKernelStart)
<LI> startup_asm.o(VECTOR_TABLE)
</UL>
<P><STRONG><a name="[3f]"></a>Reset_Handler</STRONG> (Thumb, 12 bytes, Stack size 0 bytes, startup_asm.o(.text))
<BR>[Address Reference Count : 1]<UL><LI> startup_asm.o(VECTOR_TABLE)
</UL>
<P><STRONG><a name="[40]"></a>NMI_Handler</STRONG> (Thumb, 2 bytes, Stack size 0 bytes, startup_asm.o(.text))
<BR><BR>[Calls]<UL><LI><a href="#[40]">&gt;&gt;</a>&nbsp;&nbsp;&nbsp;NMI_Handler
</UL>
<BR>[Called By]<UL><LI><a href="#[40]">&gt;&gt;</a>&nbsp;&nbsp;&nbsp;NMI_Handler
</UL>
<BR>[Address Reference Count : 1]<UL><LI> startup_asm.o(VECTOR_TABLE)
</UL>
<P><STRONG><a name="[41]"></a>HardFault_Handler</STRONG> (Thumb, 2 bytes, Stack size 0 bytes, startup_asm.o(.text))
<BR><BR>[Calls]<UL><LI><a href="#[41]">&gt;&gt;</a>&nbsp;&nbsp;&nbsp;HardFault_Handler
</UL>
<BR>[Called By]<UL><LI><a href="#[41]">&gt;&gt;</a>&nbsp;&nbsp;&nbsp;HardFault_Handler
</UL>
<BR>[Address Reference Count : 1]<UL><LI> startup_asm.o(VECTOR_TABLE)
</UL>
<P><STRONG><a name="[42]"></a>MemManage_Handler</STRONG> (Thumb, 2 bytes, Stack size 0 bytes, startup_asm.o(.text))
<BR><BR>[Calls]<UL><LI><a href="#[42]">&gt;&gt;</a>&nbsp;&nbsp;&nbsp;MemManage_Handler
</UL>
<BR>[Called By]<UL><LI><a href="#[42]">&gt;&gt;</a>&nbsp;&nbsp;&nbsp;MemManage_Handler
</UL>
<BR>[Address Reference Count : 1]<UL><LI> startup_asm.o(VECTOR_TABLE)
</UL>
<P><STRONG><a name="[43]"></a>BusFault_Handler</STRONG> (Thumb, 2 bytes, Stack size 0 bytes, startup_asm.o(.text))
<BR><BR>[Calls]<UL><LI><a href="#[43]">&gt;&gt;</a>&nbsp;&nbsp;&nbsp;BusFault_Handler
</UL>
<BR>[Called By]<UL><LI><a href="#[43]">&gt;&gt;</a>&nbsp;&nbsp;&nbsp;BusFault_Handler
</UL>
<BR>[Address Reference Count : 1]<UL><LI> startup_asm.o(VECTOR_TABLE)
</UL>
<P><STRONG><a name="[44]"></a>UsageFault_Handler</STRONG> (Thumb, 2 bytes, Stack size 0 bytes, startup_asm.o(.text))
<BR><BR>[Calls]<UL><LI><a href="#[44]">&gt;&gt;</a>&nbsp;&nbsp;&nbsp;UsageFault_Handler
</UL>
<BR>[Called By]<UL><LI><a href="#[44]">&gt;&gt;</a>&nbsp;&nbsp;&nbsp;UsageFault_Handler
</UL>
<BR>[Address Reference Count : 1]<UL><LI> startup_asm.o(VECTOR_TABLE)
</UL>
<P><STRONG><a name="[46]"></a>DebugMon_Handler</STRONG> (Thumb, 2 bytes, Stack size 0 bytes, startup_asm.o(.text))
<BR><BR>[Calls]<UL><LI><a href="#[46]">&gt;&gt;</a>&nbsp;&nbsp;&nbsp;DebugMon_Handler
</UL>
<BR>[Called By]<UL><LI><a href="#[46]">&gt;&gt;</a>&nbsp;&nbsp;&nbsp;DebugMon_Handler
</UL>
<BR>[Address Reference Count : 1]<UL><LI> startup_asm.o(VECTOR_TABLE)
</UL>
<P><STRONG><a name="[4d]"></a>HW_TIMER3_IRQ_Handler</STRONG> (Thumb, 2 bytes, Stack size 0 bytes, startup_asm.o(.text))
<BR><BR>[Calls]<UL><LI><a href="#[4d]">&gt;&gt;</a>&nbsp;&nbsp;&nbsp;HW_TIMER3_IRQ_Handler
</UL>
<BR>[Called By]<UL><LI><a href="#[4d]">&gt;&gt;</a>&nbsp;&nbsp;&nbsp;HW_TIMER3_IRQ_Handler
</UL>
<BR>[Address Reference Count : 1]<UL><LI> startup_asm.o(VECTOR_TABLE)
</UL>
<P><STRONG><a name="[4e]"></a>PWM0_IRQ_Handler</STRONG> (Thumb, 2 bytes, Stack size 0 bytes, startup_asm.o(.text))
<BR><BR>[Calls]<UL><LI><a href="#[4e]">&gt;&gt;</a>&nbsp;&nbsp;&nbsp;PWM0_IRQ_Handler
</UL>
<BR>[Called By]<UL><LI><a href="#[4e]">&gt;&gt;</a>&nbsp;&nbsp;&nbsp;PWM0_IRQ_Handler
</UL>
<BR>[Address Reference Count : 1]<UL><LI> startup_asm.o(VECTOR_TABLE)
</UL>
<P><STRONG><a name="[4f]"></a>PWM1_IRQ_Handler</STRONG> (Thumb, 2 bytes, Stack size 0 bytes, startup_asm.o(.text))
<BR><BR>[Calls]<UL><LI><a href="#[4f]">&gt;&gt;</a>&nbsp;&nbsp;&nbsp;PWM1_IRQ_Handler
</UL>
<BR>[Called By]<UL><LI><a href="#[4f]">&gt;&gt;</a>&nbsp;&nbsp;&nbsp;PWM1_IRQ_Handler
</UL>
<BR>[Address Reference Count : 1]<UL><LI> startup_asm.o(VECTOR_TABLE)
</UL>
<P><STRONG><a name="[50]"></a>PWM2_IRQ_Handler</STRONG> (Thumb, 2 bytes, Stack size 0 bytes, startup_asm.o(.text))
<BR><BR>[Calls]<UL><LI><a href="#[50]">&gt;&gt;</a>&nbsp;&nbsp;&nbsp;PWM2_IRQ_Handler
</UL>
<BR>[Called By]<UL><LI><a href="#[50]">&gt;&gt;</a>&nbsp;&nbsp;&nbsp;PWM2_IRQ_Handler
</UL>
<BR>[Address Reference Count : 1]<UL><LI> startup_asm.o(VECTOR_TABLE)
</UL>
<P><STRONG><a name="[51]"></a>WDT_IRQ_Handler</STRONG> (Thumb, 2 bytes, Stack size 0 bytes, startup_asm.o(.text))
<BR><BR>[Calls]<UL><LI><a href="#[51]">&gt;&gt;</a>&nbsp;&nbsp;&nbsp;WDT_IRQ_Handler
</UL>
<BR>[Called By]<UL><LI><a href="#[51]">&gt;&gt;</a>&nbsp;&nbsp;&nbsp;WDT_IRQ_Handler
</UL>
<BR>[Address Reference Count : 1]<UL><LI> startup_asm.o(VECTOR_TABLE)
</UL>
<P><STRONG><a name="[52]"></a>SWI0_IRQ_Handler</STRONG> (Thumb, 2 bytes, Stack size 0 bytes, startup_asm.o(.text))
<BR><BR>[Calls]<UL><LI><a href="#[52]">&gt;&gt;</a>&nbsp;&nbsp;&nbsp;SWI0_IRQ_Handler
</UL>
<BR>[Called By]<UL><LI><a href="#[52]">&gt;&gt;</a>&nbsp;&nbsp;&nbsp;SWI0_IRQ_Handler
</UL>
<BR>[Address Reference Count : 1]<UL><LI> startup_asm.o(VECTOR_TABLE)
</UL>
<P><STRONG><a name="[53]"></a>TDC_IRQ_Handler</STRONG> (Thumb, 2 bytes, Stack size 0 bytes, startup_asm.o(.text))
<BR><BR>[Calls]<UL><LI><a href="#[53]">&gt;&gt;</a>&nbsp;&nbsp;&nbsp;TDC_IRQ_Handler
</UL>
<BR>[Called By]<UL><LI><a href="#[53]">&gt;&gt;</a>&nbsp;&nbsp;&nbsp;TDC_IRQ_Handler
</UL>
<BR>[Address Reference Count : 1]<UL><LI> startup_asm.o(VECTOR_TABLE)
</UL>
<P><STRONG><a name="[55]"></a>DMA020_IRQ_Handler</STRONG> (Thumb, 2 bytes, Stack size 0 bytes, startup_asm.o(.text))
<BR><BR>[Calls]<UL><LI><a href="#[55]">&gt;&gt;</a>&nbsp;&nbsp;&nbsp;DMA020_IRQ_Handler
</UL>
<BR>[Called By]<UL><LI><a href="#[55]">&gt;&gt;</a>&nbsp;&nbsp;&nbsp;DMA020_IRQ_Handler
</UL>
<BR>[Address Reference Count : 1]<UL><LI> startup_asm.o(VECTOR_TABLE)
</UL>
<P><STRONG><a name="[56]"></a>DMA020_TC_IRQ_Handler</STRONG> (Thumb, 2 bytes, Stack size 0 bytes, startup_asm.o(.text))
<BR><BR>[Calls]<UL><LI><a href="#[56]">&gt;&gt;</a>&nbsp;&nbsp;&nbsp;DMA020_TC_IRQ_Handler
</UL>
<BR>[Called By]<UL><LI><a href="#[56]">&gt;&gt;</a>&nbsp;&nbsp;&nbsp;DMA020_TC_IRQ_Handler
</UL>
<BR>[Address Reference Count : 1]<UL><LI> startup_asm.o(VECTOR_TABLE)
</UL>
<P><STRONG><a name="[57]"></a>DMA020_ERR_IRQ_Handler</STRONG> (Thumb, 2 bytes, Stack size 0 bytes, startup_asm.o(.text))
<BR><BR>[Calls]<UL><LI><a href="#[57]">&gt;&gt;</a>&nbsp;&nbsp;&nbsp;DMA020_ERR_IRQ_Handler
</UL>
<BR>[Called By]<UL><LI><a href="#[57]">&gt;&gt;</a>&nbsp;&nbsp;&nbsp;DMA020_ERR_IRQ_Handler
</UL>
<BR>[Address Reference Count : 1]<UL><LI> startup_asm.o(VECTOR_TABLE)
</UL>
<P><STRONG><a name="[5b]"></a>UART0_IRQ_Handler</STRONG> (Thumb, 2 bytes, Stack size 0 bytes, startup_asm.o(.text))
<BR><BR>[Calls]<UL><LI><a href="#[5b]">&gt;&gt;</a>&nbsp;&nbsp;&nbsp;UART0_IRQ_Handler
</UL>
<BR>[Called By]<UL><LI><a href="#[5b]">&gt;&gt;</a>&nbsp;&nbsp;&nbsp;UART0_IRQ_Handler
</UL>
<BR>[Address Reference Count : 1]<UL><LI> startup_asm.o(VECTOR_TABLE)
</UL>
<P><STRONG><a name="[5c]"></a>UART1_IRQ_Handler</STRONG> (Thumb, 2 bytes, Stack size 0 bytes, startup_asm.o(.text))
<BR><BR>[Calls]<UL><LI><a href="#[5c]">&gt;&gt;</a>&nbsp;&nbsp;&nbsp;UART1_IRQ_Handler
</UL>
<BR>[Called By]<UL><LI><a href="#[5c]">&gt;&gt;</a>&nbsp;&nbsp;&nbsp;UART1_IRQ_Handler
</UL>
<BR>[Address Reference Count : 1]<UL><LI> startup_asm.o(VECTOR_TABLE)
</UL>
<P><STRONG><a name="[5d]"></a>SSP0_IRQ_Handler</STRONG> (Thumb, 2 bytes, Stack size 0 bytes, startup_asm.o(.text))
<BR><BR>[Calls]<UL><LI><a href="#[5d]">&gt;&gt;</a>&nbsp;&nbsp;&nbsp;SSP0_IRQ_Handler
</UL>
<BR>[Called By]<UL><LI><a href="#[5d]">&gt;&gt;</a>&nbsp;&nbsp;&nbsp;SSP0_IRQ_Handler
</UL>
<BR>[Address Reference Count : 1]<UL><LI> startup_asm.o(VECTOR_TABLE)
</UL>
<P><STRONG><a name="[5e]"></a>SSP1_IRQ_Handler</STRONG> (Thumb, 2 bytes, Stack size 0 bytes, startup_asm.o(.text))
<BR><BR>[Calls]<UL><LI><a href="#[5e]">&gt;&gt;</a>&nbsp;&nbsp;&nbsp;SSP1_IRQ_Handler
</UL>
<BR>[Called By]<UL><LI><a href="#[5e]">&gt;&gt;</a>&nbsp;&nbsp;&nbsp;SSP1_IRQ_Handler
</UL>
<BR>[Address Reference Count : 1]<UL><LI> startup_asm.o(VECTOR_TABLE)
</UL>
<P><STRONG><a name="[5f]"></a>SPIF_IRQ_Handler</STRONG> (Thumb, 2 bytes, Stack size 0 bytes, startup_asm.o(.text))
<BR><BR>[Calls]<UL><LI><a href="#[5f]">&gt;&gt;</a>&nbsp;&nbsp;&nbsp;SPIF_IRQ_Handler
</UL>
<BR>[Called By]<UL><LI><a href="#[5f]">&gt;&gt;</a>&nbsp;&nbsp;&nbsp;SPIF_IRQ_Handler
</UL>
<BR>[Address Reference Count : 1]<UL><LI> startup_asm.o(VECTOR_TABLE)
</UL>
<P><STRONG><a name="[60]"></a>SWI1_IRQ_Handler</STRONG> (Thumb, 2 bytes, Stack size 0 bytes, startup_asm.o(.text))
<BR><BR>[Calls]<UL><LI><a href="#[60]">&gt;&gt;</a>&nbsp;&nbsp;&nbsp;SWI1_IRQ_Handler
</UL>
<BR>[Called By]<UL><LI><a href="#[60]">&gt;&gt;</a>&nbsp;&nbsp;&nbsp;SWI1_IRQ_Handler
</UL>
<BR>[Address Reference Count : 1]<UL><LI> startup_asm.o(VECTOR_TABLE)
</UL>
<P><STRONG><a name="[61]"></a>SWI2_IRQ_Handler</STRONG> (Thumb, 2 bytes, Stack size 0 bytes, startup_asm.o(.text))
<BR><BR>[Calls]<UL><LI><a href="#[61]">&gt;&gt;</a>&nbsp;&nbsp;&nbsp;SWI2_IRQ_Handler
</UL>
<BR>[Called By]<UL><LI><a href="#[61]">&gt;&gt;</a>&nbsp;&nbsp;&nbsp;SWI2_IRQ_Handler
</UL>
<BR>[Address Reference Count : 1]<UL><LI> startup_asm.o(VECTOR_TABLE)
</UL>
<P><STRONG><a name="[62]"></a>SWI3_IRQ_Handler</STRONG> (Thumb, 2 bytes, Stack size 0 bytes, startup_asm.o(.text))
<BR><BR>[Calls]<UL><LI><a href="#[62]">&gt;&gt;</a>&nbsp;&nbsp;&nbsp;SWI3_IRQ_Handler
</UL>
<BR>[Called By]<UL><LI><a href="#[62]">&gt;&gt;</a>&nbsp;&nbsp;&nbsp;SWI3_IRQ_Handler
</UL>
<BR>[Address Reference Count : 1]<UL><LI> startup_asm.o(VECTOR_TABLE)
</UL>
<P><STRONG><a name="[63]"></a>DMA030_IRQ_Handler</STRONG> (Thumb, 2 bytes, Stack size 0 bytes, startup_asm.o(.text))
<BR><BR>[Calls]<UL><LI><a href="#[63]">&gt;&gt;</a>&nbsp;&nbsp;&nbsp;DMA030_IRQ_Handler
</UL>
<BR>[Called By]<UL><LI><a href="#[63]">&gt;&gt;</a>&nbsp;&nbsp;&nbsp;DMA030_IRQ_Handler
</UL>
<BR>[Address Reference Count : 1]<UL><LI> startup_asm.o(VECTOR_TABLE)
</UL>
<P><STRONG><a name="[64]"></a>DMA030_TC_IRQ_Handler</STRONG> (Thumb, 2 bytes, Stack size 0 bytes, startup_asm.o(.text))
<BR><BR>[Calls]<UL><LI><a href="#[64]">&gt;&gt;</a>&nbsp;&nbsp;&nbsp;DMA030_TC_IRQ_Handler
</UL>
<BR>[Called By]<UL><LI><a href="#[64]">&gt;&gt;</a>&nbsp;&nbsp;&nbsp;DMA030_TC_IRQ_Handler
</UL>
<BR>[Address Reference Count : 1]<UL><LI> startup_asm.o(VECTOR_TABLE)
</UL>
<P><STRONG><a name="[65]"></a>DMA030_ERR_IRQ_Handler</STRONG> (Thumb, 2 bytes, Stack size 0 bytes, startup_asm.o(.text))
<BR><BR>[Calls]<UL><LI><a href="#[65]">&gt;&gt;</a>&nbsp;&nbsp;&nbsp;DMA030_ERR_IRQ_Handler
</UL>
<BR>[Called By]<UL><LI><a href="#[65]">&gt;&gt;</a>&nbsp;&nbsp;&nbsp;DMA030_ERR_IRQ_Handler
</UL>
<BR>[Address Reference Count : 1]<UL><LI> startup_asm.o(VECTOR_TABLE)
</UL>
<P><STRONG><a name="[66]"></a>CSI_RX0_IRQ_Handler</STRONG> (Thumb, 2 bytes, Stack size 0 bytes, startup_asm.o(.text))
<BR><BR>[Calls]<UL><LI><a href="#[66]">&gt;&gt;</a>&nbsp;&nbsp;&nbsp;CSI_RX0_IRQ_Handler
</UL>
<BR>[Called By]<UL><LI><a href="#[66]">&gt;&gt;</a>&nbsp;&nbsp;&nbsp;CSI_RX0_IRQ_Handler
</UL>
<BR>[Address Reference Count : 1]<UL><LI> startup_asm.o(VECTOR_TABLE)
</UL>
<P><STRONG><a name="[68]"></a>CSI_RX1_IRQ_Handler</STRONG> (Thumb, 2 bytes, Stack size 0 bytes, startup_asm.o(.text))
<BR><BR>[Calls]<UL><LI><a href="#[68]">&gt;&gt;</a>&nbsp;&nbsp;&nbsp;CSI_RX1_IRQ_Handler
</UL>
<BR>[Called By]<UL><LI><a href="#[68]">&gt;&gt;</a>&nbsp;&nbsp;&nbsp;CSI_RX1_IRQ_Handler
</UL>
<BR>[Address Reference Count : 1]<UL><LI> startup_asm.o(VECTOR_TABLE)
</UL>
<P><STRONG><a name="[6a]"></a>SGI_IRQ_Handler</STRONG> (Thumb, 2 bytes, Stack size 0 bytes, startup_asm.o(.text))
<BR><BR>[Calls]<UL><LI><a href="#[6a]">&gt;&gt;</a>&nbsp;&nbsp;&nbsp;SGI_IRQ_Handler
</UL>
<BR>[Called By]<UL><LI><a href="#[6a]">&gt;&gt;</a>&nbsp;&nbsp;&nbsp;SGI_IRQ_Handler
</UL>
<BR>[Address Reference Count : 1]<UL><LI> startup_asm.o(VECTOR_TABLE)
</UL>
<P><STRONG><a name="[6b]"></a>SWI4_IRQ_Handler</STRONG> (Thumb, 2 bytes, Stack size 0 bytes, startup_asm.o(.text))
<BR><BR>[Calls]<UL><LI><a href="#[6b]">&gt;&gt;</a>&nbsp;&nbsp;&nbsp;SWI4_IRQ_Handler
</UL>
<BR>[Called By]<UL><LI><a href="#[6b]">&gt;&gt;</a>&nbsp;&nbsp;&nbsp;SWI4_IRQ_Handler
</UL>
<BR>[Address Reference Count : 1]<UL><LI> startup_asm.o(VECTOR_TABLE)
</UL>
<P><STRONG><a name="[6c]"></a>SWI5_IRQ_Handler</STRONG> (Thumb, 2 bytes, Stack size 0 bytes, startup_asm.o(.text))
<BR><BR>[Calls]<UL><LI><a href="#[6c]">&gt;&gt;</a>&nbsp;&nbsp;&nbsp;SWI5_IRQ_Handler
</UL>
<BR>[Called By]<UL><LI><a href="#[6c]">&gt;&gt;</a>&nbsp;&nbsp;&nbsp;SWI5_IRQ_Handler
</UL>
<BR>[Address Reference Count : 1]<UL><LI> startup_asm.o(VECTOR_TABLE)
</UL>
<P><STRONG><a name="[6d]"></a>SWI6_IRQ_Handler</STRONG> (Thumb, 2 bytes, Stack size 0 bytes, startup_asm.o(.text))
<BR><BR>[Calls]<UL><LI><a href="#[6d]">&gt;&gt;</a>&nbsp;&nbsp;&nbsp;SWI6_IRQ_Handler
</UL>
<BR>[Called By]<UL><LI><a href="#[6d]">&gt;&gt;</a>&nbsp;&nbsp;&nbsp;SWI6_IRQ_Handler
</UL>
<BR>[Address Reference Count : 1]<UL><LI> startup_asm.o(VECTOR_TABLE)
</UL>
<P><STRONG><a name="[6e]"></a>SWI7_IRQ_Handler</STRONG> (Thumb, 2 bytes, Stack size 0 bytes, startup_asm.o(.text))
<BR><BR>[Calls]<UL><LI><a href="#[6e]">&gt;&gt;</a>&nbsp;&nbsp;&nbsp;SWI7_IRQ_Handler
</UL>
<BR>[Called By]<UL><LI><a href="#[6e]">&gt;&gt;</a>&nbsp;&nbsp;&nbsp;SWI7_IRQ_Handler
</UL>
<BR>[Address Reference Count : 1]<UL><LI> startup_asm.o(VECTOR_TABLE)
</UL>
<P><STRONG><a name="[6f]"></a>SWI8_IRQ_Handler</STRONG> (Thumb, 2 bytes, Stack size 0 bytes, startup_asm.o(.text))
<BR><BR>[Calls]<UL><LI><a href="#[6f]">&gt;&gt;</a>&nbsp;&nbsp;&nbsp;SWI8_IRQ_Handler
</UL>
<BR>[Called By]<UL><LI><a href="#[6f]">&gt;&gt;</a>&nbsp;&nbsp;&nbsp;SWI8_IRQ_Handler
</UL>
<BR>[Address Reference Count : 1]<UL><LI> startup_asm.o(VECTOR_TABLE)
</UL>
<P><STRONG><a name="[70]"></a>SWI9_IRQ_Handler</STRONG> (Thumb, 2 bytes, Stack size 0 bytes, startup_asm.o(.text))
<BR><BR>[Calls]<UL><LI><a href="#[70]">&gt;&gt;</a>&nbsp;&nbsp;&nbsp;SWI9_IRQ_Handler
</UL>
<BR>[Called By]<UL><LI><a href="#[70]">&gt;&gt;</a>&nbsp;&nbsp;&nbsp;SWI9_IRQ_Handler
</UL>
<BR>[Address Reference Count : 1]<UL><LI> startup_asm.o(VECTOR_TABLE)
</UL>
<P><STRONG><a name="[71]"></a>SWI10_IRQ_Handler</STRONG> (Thumb, 2 bytes, Stack size 0 bytes, startup_asm.o(.text))
<BR><BR>[Calls]<UL><LI><a href="#[71]">&gt;&gt;</a>&nbsp;&nbsp;&nbsp;SWI10_IRQ_Handler
</UL>
<BR>[Called By]<UL><LI><a href="#[71]">&gt;&gt;</a>&nbsp;&nbsp;&nbsp;SWI10_IRQ_Handler
</UL>
<BR>[Address Reference Count : 1]<UL><LI> startup_asm.o(VECTOR_TABLE)
</UL>
<P><STRONG><a name="[72]"></a>DDR_IRQ_Handler</STRONG> (Thumb, 2 bytes, Stack size 0 bytes, startup_asm.o(.text))
<BR><BR>[Calls]<UL><LI><a href="#[72]">&gt;&gt;</a>&nbsp;&nbsp;&nbsp;DDR_IRQ_Handler
</UL>
<BR>[Called By]<UL><LI><a href="#[72]">&gt;&gt;</a>&nbsp;&nbsp;&nbsp;DDR_IRQ_Handler
</UL>
<BR>[Address Reference Count : 1]<UL><LI> startup_asm.o(VECTOR_TABLE)
</UL>
<P><STRONG><a name="[73]"></a>AXIIC_IRQ_Handler</STRONG> (Thumb, 2 bytes, Stack size 0 bytes, startup_asm.o(.text))
<BR><BR>[Calls]<UL><LI><a href="#[73]">&gt;&gt;</a>&nbsp;&nbsp;&nbsp;AXIIC_IRQ_Handler
</UL>
<BR>[Called By]<UL><LI><a href="#[73]">&gt;&gt;</a>&nbsp;&nbsp;&nbsp;AXIIC_IRQ_Handler
</UL>
<BR>[Address Reference Count : 1]<UL><LI> startup_asm.o(VECTOR_TABLE)
</UL>
<P><STRONG><a name="[74]"></a>H2X0_IRQ_Handler</STRONG> (Thumb, 2 bytes, Stack size 0 bytes, startup_asm.o(.text))
<BR><BR>[Calls]<UL><LI><a href="#[74]">&gt;&gt;</a>&nbsp;&nbsp;&nbsp;H2X0_IRQ_Handler
</UL>
<BR>[Called By]<UL><LI><a href="#[74]">&gt;&gt;</a>&nbsp;&nbsp;&nbsp;H2X0_IRQ_Handler
</UL>
<BR>[Address Reference Count : 1]<UL><LI> startup_asm.o(VECTOR_TABLE)
</UL>
<P><STRONG><a name="[75]"></a>H2X1_IRQ_Handler</STRONG> (Thumb, 2 bytes, Stack size 0 bytes, startup_asm.o(.text))
<BR><BR>[Calls]<UL><LI><a href="#[75]">&gt;&gt;</a>&nbsp;&nbsp;&nbsp;H2X1_IRQ_Handler
</UL>
<BR>[Called By]<UL><LI><a href="#[75]">&gt;&gt;</a>&nbsp;&nbsp;&nbsp;H2X1_IRQ_Handler
</UL>
<BR>[Address Reference Count : 1]<UL><LI> startup_asm.o(VECTOR_TABLE)
</UL>
<P><STRONG><a name="[76]"></a>H2X2_IRQ_Handler</STRONG> (Thumb, 2 bytes, Stack size 0 bytes, startup_asm.o(.text))
<BR><BR>[Calls]<UL><LI><a href="#[76]">&gt;&gt;</a>&nbsp;&nbsp;&nbsp;H2X2_IRQ_Handler
</UL>
<BR>[Called By]<UL><LI><a href="#[76]">&gt;&gt;</a>&nbsp;&nbsp;&nbsp;H2X2_IRQ_Handler
</UL>
<BR>[Address Reference Count : 1]<UL><LI> startup_asm.o(VECTOR_TABLE)
</UL>
<P><STRONG><a name="[77]"></a>USB2_IRQ_Handler</STRONG> (Thumb, 2 bytes, Stack size 0 bytes, startup_asm.o(.text))
<BR><BR>[Calls]<UL><LI><a href="#[77]">&gt;&gt;</a>&nbsp;&nbsp;&nbsp;USB2_IRQ_Handler
</UL>
<BR>[Called By]<UL><LI><a href="#[77]">&gt;&gt;</a>&nbsp;&nbsp;&nbsp;USB2_IRQ_Handler
</UL>
<BR>[Address Reference Count : 1]<UL><LI> startup_asm.o(VECTOR_TABLE)
</UL>
<P><STRONG><a name="[78]"></a>USB3_IRQ_Handler</STRONG> (Thumb, 2 bytes, Stack size 0 bytes, startup_asm.o(.text))
<BR><BR>[Calls]<UL><LI><a href="#[78]">&gt;&gt;</a>&nbsp;&nbsp;&nbsp;USB3_IRQ_Handler
</UL>
<BR>[Called By]<UL><LI><a href="#[78]">&gt;&gt;</a>&nbsp;&nbsp;&nbsp;USB3_IRQ_Handler
</UL>
<BR>[Address Reference Count : 1]<UL><LI> startup_asm.o(VECTOR_TABLE)
</UL>
<P><STRONG><a name="[79]"></a>SDC0_IRQ_Handler</STRONG> (Thumb, 2 bytes, Stack size 0 bytes, startup_asm.o(.text))
<BR><BR>[Calls]<UL><LI><a href="#[79]">&gt;&gt;</a>&nbsp;&nbsp;&nbsp;SDC0_IRQ_Handler
</UL>
<BR>[Called By]<UL><LI><a href="#[79]">&gt;&gt;</a>&nbsp;&nbsp;&nbsp;SDC0_IRQ_Handler
</UL>
<BR>[Address Reference Count : 1]<UL><LI> startup_asm.o(VECTOR_TABLE)
</UL>
<P><STRONG><a name="[7a]"></a>SDC1_IRQ_Handler</STRONG> (Thumb, 2 bytes, Stack size 0 bytes, startup_asm.o(.text))
<BR><BR>[Calls]<UL><LI><a href="#[7a]">&gt;&gt;</a>&nbsp;&nbsp;&nbsp;SDC1_IRQ_Handler
</UL>
<BR>[Called By]<UL><LI><a href="#[7a]">&gt;&gt;</a>&nbsp;&nbsp;&nbsp;SDC1_IRQ_Handler
</UL>
<BR>[Address Reference Count : 1]<UL><LI> startup_asm.o(VECTOR_TABLE)
</UL>
<P><STRONG><a name="[7b]"></a>LCDC_IRQ_Handler</STRONG> (Thumb, 2 bytes, Stack size 0 bytes, startup_asm.o(.text))
<BR><BR>[Calls]<UL><LI><a href="#[7b]">&gt;&gt;</a>&nbsp;&nbsp;&nbsp;LCDC_IRQ_Handler
</UL>
<BR>[Called By]<UL><LI><a href="#[7b]">&gt;&gt;</a>&nbsp;&nbsp;&nbsp;LCDC_IRQ_Handler
</UL>
<BR>[Address Reference Count : 1]<UL><LI> startup_asm.o(VECTOR_TABLE)
</UL>
<P><STRONG><a name="[7c]"></a>LCDC_MERR_IRQ_Handler</STRONG> (Thumb, 2 bytes, Stack size 0 bytes, startup_asm.o(.text))
<BR><BR>[Calls]<UL><LI><a href="#[7c]">&gt;&gt;</a>&nbsp;&nbsp;&nbsp;LCDC_MERR_IRQ_Handler
</UL>
<BR>[Called By]<UL><LI><a href="#[7c]">&gt;&gt;</a>&nbsp;&nbsp;&nbsp;LCDC_MERR_IRQ_Handler
</UL>
<BR>[Address Reference Count : 1]<UL><LI> startup_asm.o(VECTOR_TABLE)
</UL>
<P><STRONG><a name="[7d]"></a>LCDC_FIFO_IRQ_Handler</STRONG> (Thumb, 2 bytes, Stack size 0 bytes, startup_asm.o(.text))
<BR><BR>[Calls]<UL><LI><a href="#[7d]">&gt;&gt;</a>&nbsp;&nbsp;&nbsp;LCDC_FIFO_IRQ_Handler
</UL>
<BR>[Called By]<UL><LI><a href="#[7d]">&gt;&gt;</a>&nbsp;&nbsp;&nbsp;LCDC_FIFO_IRQ_Handler
</UL>
<BR>[Address Reference Count : 1]<UL><LI> startup_asm.o(VECTOR_TABLE)
</UL>
<P><STRONG><a name="[7e]"></a>LCDC_BAUPD_IRQ_Handler</STRONG> (Thumb, 2 bytes, Stack size 0 bytes, startup_asm.o(.text))
<BR><BR>[Calls]<UL><LI><a href="#[7e]">&gt;&gt;</a>&nbsp;&nbsp;&nbsp;LCDC_BAUPD_IRQ_Handler
</UL>
<BR>[Called By]<UL><LI><a href="#[7e]">&gt;&gt;</a>&nbsp;&nbsp;&nbsp;LCDC_BAUPD_IRQ_Handler
</UL>
<BR>[Address Reference Count : 1]<UL><LI> startup_asm.o(VECTOR_TABLE)
</UL>
<P><STRONG><a name="[7f]"></a>LCDC_VSTATUS_IRQ_Handler</STRONG> (Thumb, 2 bytes, Stack size 0 bytes, startup_asm.o(.text))
<BR><BR>[Calls]<UL><LI><a href="#[7f]">&gt;&gt;</a>&nbsp;&nbsp;&nbsp;LCDC_VSTATUS_IRQ_Handler
</UL>
<BR>[Called By]<UL><LI><a href="#[7f]">&gt;&gt;</a>&nbsp;&nbsp;&nbsp;LCDC_VSTATUS_IRQ_Handler
</UL>
<BR>[Address Reference Count : 1]<UL><LI> startup_asm.o(VECTOR_TABLE)
</UL>
<P><STRONG><a name="[80]"></a>CRYPTO_IRQ_Handler</STRONG> (Thumb, 2 bytes, Stack size 0 bytes, startup_asm.o(.text))
<BR><BR>[Calls]<UL><LI><a href="#[80]">&gt;&gt;</a>&nbsp;&nbsp;&nbsp;CRYPTO_IRQ_Handler
</UL>
<BR>[Called By]<UL><LI><a href="#[80]">&gt;&gt;</a>&nbsp;&nbsp;&nbsp;CRYPTO_IRQ_Handler
</UL>
<BR>[Address Reference Count : 1]<UL><LI> startup_asm.o(VECTOR_TABLE)
</UL>
<P><STRONG><a name="[81]"></a>NPU0_IRQ_Handler</STRONG> (Thumb, 2 bytes, Stack size 0 bytes, startup_asm.o(.text))
<BR><BR>[Calls]<UL><LI><a href="#[81]">&gt;&gt;</a>&nbsp;&nbsp;&nbsp;NPU0_IRQ_Handler
</UL>
<BR>[Called By]<UL><LI><a href="#[81]">&gt;&gt;</a>&nbsp;&nbsp;&nbsp;NPU0_IRQ_Handler
</UL>
<BR>[Address Reference Count : 1]<UL><LI> startup_asm.o(VECTOR_TABLE)
</UL>
<P><STRONG><a name="[82]"></a>NPU1_IRQ_Handler</STRONG> (Thumb, 2 bytes, Stack size 0 bytes, startup_asm.o(.text))
<BR><BR>[Calls]<UL><LI><a href="#[82]">&gt;&gt;</a>&nbsp;&nbsp;&nbsp;NPU1_IRQ_Handler
</UL>
<BR>[Called By]<UL><LI><a href="#[82]">&gt;&gt;</a>&nbsp;&nbsp;&nbsp;NPU1_IRQ_Handler
</UL>
<BR>[Address Reference Count : 1]<UL><LI> startup_asm.o(VECTOR_TABLE)
</UL>
<P><STRONG><a name="[83]"></a>NPU2_IRQ_Handler</STRONG> (Thumb, 2 bytes, Stack size 0 bytes, startup_asm.o(.text))
<BR><BR>[Calls]<UL><LI><a href="#[83]">&gt;&gt;</a>&nbsp;&nbsp;&nbsp;NPU2_IRQ_Handler
</UL>
<BR>[Called By]<UL><LI><a href="#[83]">&gt;&gt;</a>&nbsp;&nbsp;&nbsp;NPU2_IRQ_Handler
</UL>
<BR>[Address Reference Count : 1]<UL><LI> startup_asm.o(VECTOR_TABLE)
</UL>
<P><STRONG><a name="[84]"></a>NPU3_IRQ_Handler</STRONG> (Thumb, 2 bytes, Stack size 0 bytes, startup_asm.o(.text))
<BR><BR>[Calls]<UL><LI><a href="#[84]">&gt;&gt;</a>&nbsp;&nbsp;&nbsp;NPU3_IRQ_Handler
</UL>
<BR>[Called By]<UL><LI><a href="#[84]">&gt;&gt;</a>&nbsp;&nbsp;&nbsp;NPU3_IRQ_Handler
</UL>
<BR>[Address Reference Count : 1]<UL><LI> startup_asm.o(VECTOR_TABLE)
</UL>
<P><STRONG><a name="[85]"></a>NPU4_IRQ_Handler</STRONG> (Thumb, 2 bytes, Stack size 0 bytes, startup_asm.o(.text))
<BR><BR>[Calls]<UL><LI><a href="#[85]">&gt;&gt;</a>&nbsp;&nbsp;&nbsp;NPU4_IRQ_Handler
</UL>
<BR>[Called By]<UL><LI><a href="#[85]">&gt;&gt;</a>&nbsp;&nbsp;&nbsp;NPU4_IRQ_Handler
</UL>
<BR>[Address Reference Count : 1]<UL><LI> startup_asm.o(VECTOR_TABLE)
</UL>
<P><STRONG><a name="[86]"></a>NPU5_IRQ_Handler</STRONG> (Thumb, 2 bytes, Stack size 0 bytes, startup_asm.o(.text))
<BR><BR>[Calls]<UL><LI><a href="#[86]">&gt;&gt;</a>&nbsp;&nbsp;&nbsp;NPU5_IRQ_Handler
</UL>
<BR>[Called By]<UL><LI><a href="#[86]">&gt;&gt;</a>&nbsp;&nbsp;&nbsp;NPU5_IRQ_Handler
</UL>
<BR>[Address Reference Count : 1]<UL><LI> startup_asm.o(VECTOR_TABLE)
</UL>
<P><STRONG><a name="[87]"></a>NPU6_IRQ_Handler</STRONG> (Thumb, 2 bytes, Stack size 0 bytes, startup_asm.o(.text))
<BR><BR>[Calls]<UL><LI><a href="#[87]">&gt;&gt;</a>&nbsp;&nbsp;&nbsp;NPU6_IRQ_Handler
</UL>
<BR>[Called By]<UL><LI><a href="#[87]">&gt;&gt;</a>&nbsp;&nbsp;&nbsp;NPU6_IRQ_Handler
</UL>
<BR>[Address Reference Count : 1]<UL><LI> startup_asm.o(VECTOR_TABLE)
</UL>
<P><STRONG><a name="[88]"></a>NPU7_IRQ_Handler</STRONG> (Thumb, 2 bytes, Stack size 0 bytes, startup_asm.o(.text))
<BR><BR>[Calls]<UL><LI><a href="#[88]">&gt;&gt;</a>&nbsp;&nbsp;&nbsp;NPU7_IRQ_Handler
</UL>
<BR>[Called By]<UL><LI><a href="#[88]">&gt;&gt;</a>&nbsp;&nbsp;&nbsp;NPU7_IRQ_Handler
</UL>
<BR>[Address Reference Count : 1]<UL><LI> startup_asm.o(VECTOR_TABLE)
</UL>
<P><STRONG><a name="[d1]"></a>__aeabi_uldivmod</STRONG> (Thumb, 98 bytes, Stack size 40 bytes, uldiv.o(.text))
<BR><BR>[Stack]<UL><LI>Max Depth = 40<LI>Call Chain = __aeabi_uldivmod
</UL>
<BR>[Calls]<UL><LI><a href="#[d2]">&gt;&gt;</a>&nbsp;&nbsp;&nbsp;__aeabi_llsr
<LI><a href="#[d3]">&gt;&gt;</a>&nbsp;&nbsp;&nbsp;__aeabi_llsl
</UL>
<BR>[Called By]<UL><LI><a href="#[186]">&gt;&gt;</a>&nbsp;&nbsp;&nbsp;kdp2_cmd_handle_kp_command
<LI><a href="#[f4]">&gt;&gt;</a>&nbsp;&nbsp;&nbsp;_printf_core
<LI><a href="#[fc]">&gt;&gt;</a>&nbsp;&nbsp;&nbsp;_fp_digits
</UL>

<P><STRONG><a name="[2fd]"></a>___aeabi_memcpy8$move</STRONG> (Thumb, 0 bytes, Stack size 8 bytes, memmovea.o(.text), UNUSED)

<P><STRONG><a name="[15d]"></a>__aeabi_memcpy</STRONG> (Thumb, 64 bytes, Stack size 8 bytes, memmovea.o(.text))
<BR><BR>[Stack]<UL><LI>Max Depth = 8<LI>Call Chain = __aeabi_memcpy
</UL>
<BR>[Called By]<UL><LI><a href="#[19f]">&gt;&gt;</a>&nbsp;&nbsp;&nbsp;usbd_hal_initialize
<LI><a href="#[134]">&gt;&gt;</a>&nbsp;&nbsp;&nbsp;osMessageQueuePut
<LI><a href="#[132]">&gt;&gt;</a>&nbsp;&nbsp;&nbsp;osMessageQueueGet
<LI><a href="#[fa]">&gt;&gt;</a>&nbsp;&nbsp;&nbsp;kdp2_app_yolo_config_post_process_parameters
<LI><a href="#[11b]">&gt;&gt;</a>&nbsp;&nbsp;&nbsp;kdev_flash_readdata
<LI><a href="#[20d]">&gt;&gt;</a>&nbsp;&nbsp;&nbsp;kmdw_model_config_img
<LI><a href="#[15b]">&gt;&gt;</a>&nbsp;&nbsp;&nbsp;handle_standard_request
<LI><a href="#[1c2]">&gt;&gt;</a>&nbsp;&nbsp;&nbsp;kdrv_efuse_get_key
<LI><a href="#[1c1]">&gt;&gt;</a>&nbsp;&nbsp;&nbsp;kdrv_efuse_get_iv
<LI><a href="#[1c0]">&gt;&gt;</a>&nbsp;&nbsp;&nbsp;kdrv_efuse_get_auth
<LI><a href="#[ad]">&gt;&gt;</a>&nbsp;&nbsp;&nbsp;svcRtxMessageQueuePut
<LI><a href="#[ab]">&gt;&gt;</a>&nbsp;&nbsp;&nbsp;svcRtxMessageQueueGet
<LI><a href="#[be]">&gt;&gt;</a>&nbsp;&nbsp;&nbsp;osRtxMessageQueuePostProcess
</UL>

<P><STRONG><a name="[105]"></a>__aeabi_memcpy4</STRONG> (Thumb, 0 bytes, Stack size 8 bytes, memmovea.o(.text))
<BR><BR>[Stack]<UL><LI>Max Depth = 8<LI>Call Chain = __aeabi_memcpy4
</UL>
<BR>[Called By]<UL><LI><a href="#[186]">&gt;&gt;</a>&nbsp;&nbsp;&nbsp;kdp2_cmd_handle_kp_command
<LI><a href="#[226]">&gt;&gt;</a>&nbsp;&nbsp;&nbsp;kmdw_sbt_flash_fw_loader
<LI><a href="#[b]">&gt;&gt;</a>&nbsp;&nbsp;&nbsp;kmdw_cam_query_capability
<LI><a href="#[20c]">&gt;&gt;</a>&nbsp;&nbsp;&nbsp;kmdw_model_get_input_tensor_info
<LI><a href="#[103]">&gt;&gt;</a>&nbsp;&nbsp;&nbsp;_load_model_info
</UL>

<P><STRONG><a name="[2fe]"></a>__aeabi_memmove</STRONG> (Thumb, 0 bytes, Stack size 8 bytes, memmovea.o(.text), UNUSED)

<P><STRONG><a name="[2ff]"></a>__aeabi_memmove4</STRONG> (Thumb, 0 bytes, Stack size 8 bytes, memmovea.o(.text), UNUSED)

<P><STRONG><a name="[300]"></a>__aeabi_memmove8</STRONG> (Thumb, 0 bytes, Stack size 8 bytes, memmovea.o(.text), UNUSED)

<P><STRONG><a name="[d5]"></a>__aeabi_memset</STRONG> (Thumb, 14 bytes, Stack size 0 bytes, memseta.o(.text))
<BR><BR>[Called By]<UL><LI><a href="#[d6]">&gt;&gt;</a>&nbsp;&nbsp;&nbsp;_memset$wrapper
<LI><a href="#[d4]">&gt;&gt;</a>&nbsp;&nbsp;&nbsp;__aeabi_memclr
</UL>

<P><STRONG><a name="[301]"></a>__aeabi_memset4</STRONG> (Thumb, 0 bytes, Stack size 0 bytes, memseta.o(.text), UNUSED)

<P><STRONG><a name="[302]"></a>__aeabi_memset8</STRONG> (Thumb, 0 bytes, Stack size 0 bytes, memseta.o(.text), UNUSED)

<P><STRONG><a name="[d4]"></a>__aeabi_memclr</STRONG> (Thumb, 4 bytes, Stack size 0 bytes, memseta.o(.text))
<BR><BR>[Calls]<UL><LI><a href="#[d5]">&gt;&gt;</a>&nbsp;&nbsp;&nbsp;__aeabi_memset
</UL>
<BR>[Called By]<UL><LI><a href="#[194]">&gt;&gt;</a>&nbsp;&nbsp;&nbsp;kmdw_dfu_update_scpu
<LI><a href="#[195]">&gt;&gt;</a>&nbsp;&nbsp;&nbsp;kmdw_dfu_update_ncpu
<LI><a href="#[193]">&gt;&gt;</a>&nbsp;&nbsp;&nbsp;kdp2_cmd_handle_legend_kdp_command
<LI><a href="#[226]">&gt;&gt;</a>&nbsp;&nbsp;&nbsp;kmdw_sbt_flash_fw_loader
<LI><a href="#[ac]">&gt;&gt;</a>&nbsp;&nbsp;&nbsp;svcRtxMessageQueueNew
</UL>

<P><STRONG><a name="[104]"></a>__aeabi_memclr4</STRONG> (Thumb, 0 bytes, Stack size 0 bytes, memseta.o(.text))
<BR><BR>[Called By]<UL><LI><a href="#[193]">&gt;&gt;</a>&nbsp;&nbsp;&nbsp;kdp2_cmd_handle_legend_kdp_command
<LI><a href="#[186]">&gt;&gt;</a>&nbsp;&nbsp;&nbsp;kdp2_cmd_handle_kp_command
<LI><a href="#[f9]">&gt;&gt;</a>&nbsp;&nbsp;&nbsp;kdp2_app_yolo_inference
<LI><a href="#[212]">&gt;&gt;</a>&nbsp;&nbsp;&nbsp;kmdw_ipc_initialize
<LI><a href="#[226]">&gt;&gt;</a>&nbsp;&nbsp;&nbsp;kmdw_sbt_flash_fw_loader
<LI><a href="#[20d]">&gt;&gt;</a>&nbsp;&nbsp;&nbsp;kmdw_model_config_img
<LI><a href="#[103]">&gt;&gt;</a>&nbsp;&nbsp;&nbsp;_load_model_info
<LI><a href="#[174]">&gt;&gt;</a>&nbsp;&nbsp;&nbsp;kdev_flash_scan_all_BBM
<LI><a href="#[19e]">&gt;&gt;</a>&nbsp;&nbsp;&nbsp;kdp2_generic_raw_inference_bypass_pre_proc
<LI><a href="#[19b]">&gt;&gt;</a>&nbsp;&nbsp;&nbsp;kdp2_generic_raw_inference
<LI><a href="#[a8]">&gt;&gt;</a>&nbsp;&nbsp;&nbsp;svcRtxKernelInitialize
</UL>

<P><STRONG><a name="[303]"></a>__aeabi_memclr8</STRONG> (Thumb, 0 bytes, Stack size 0 bytes, memseta.o(.text), UNUSED)

<P><STRONG><a name="[d6]"></a>_memset$wrapper</STRONG> (Thumb, 18 bytes, Stack size 8 bytes, memseta.o(.text), UNUSED)
<BR><BR>[Calls]<UL><LI><a href="#[d5]">&gt;&gt;</a>&nbsp;&nbsp;&nbsp;__aeabi_memset
</UL>

<P><STRONG><a name="[219]"></a>strlen</STRONG> (Thumb, 14 bytes, Stack size 0 bytes, strlen.o(.text))
<BR><BR>[Called By]<UL><LI><a href="#[f7]">&gt;&gt;</a>&nbsp;&nbsp;&nbsp;kmdw_level_printf
<LI><a href="#[36]">&gt;&gt;</a>&nbsp;&nbsp;&nbsp;logger_thread
</UL>

<P><STRONG><a name="[11c]"></a>memcmp</STRONG> (Thumb, 26 bytes, Stack size 12 bytes, memcmp.o(.text))
<BR><BR>[Stack]<UL><LI>Max Depth = 12<LI>Call Chain = memcmp
</UL>
<BR>[Called By]<UL><LI><a href="#[194]">&gt;&gt;</a>&nbsp;&nbsp;&nbsp;kmdw_dfu_update_scpu
<LI><a href="#[195]">&gt;&gt;</a>&nbsp;&nbsp;&nbsp;kmdw_dfu_update_ncpu
<LI><a href="#[226]">&gt;&gt;</a>&nbsp;&nbsp;&nbsp;kmdw_sbt_flash_fw_loader
<LI><a href="#[11d]">&gt;&gt;</a>&nbsp;&nbsp;&nbsp;dfu_post_flash_verify_4kblock
<LI><a href="#[11a]">&gt;&gt;</a>&nbsp;&nbsp;&nbsp;dfu_mem_to_flash_small_block
</UL>

<P><STRONG><a name="[d7]"></a>calloc</STRONG> (Thumb, 28 bytes, Stack size 8 bytes, calloc.o(.text))
[...]
<BR><BR>[Stack]<UL><LI>Max Depth = 72<LI>Call Chain = svcRtxMutexAcquire &rArr; osRtxThreadWaitEnter &rArr; osRtxThreadStackCheck &rArr; osRtxErrorNotify &rArr; __2printf
</UL>
<BR>[Calls]<UL><LI><a href="#[2b2]">&gt;&gt;</a>&nbsp;&nbsp;&nbsp;osRtxThreadListPut
<LI><a href="#[298]">&gt;&gt;</a>&nbsp;&nbsp;&nbsp;osRtxThreadWaitEnter
<LI><a href="#[2bc]">&gt;&gt;</a>&nbsp;&nbsp;&nbsp;osRtxThreadListSort
<LI><a href="#[2be]">&gt;&gt;</a>&nbsp;&nbsp;&nbsp;EvrRtxMutexNotAcquired
<LI><a href="#[267]">&gt;&gt;</a>&nbsp;&nbsp;&nbsp;EvrRtxMutexError
<LI><a href="#[280]">&gt;&gt;</a>&nbsp;&nbsp;&nbsp;EvrRtxMutexAcquired
<LI><a href="#[289]">&gt;&gt;</a>&nbsp;&nbsp;&nbsp;EvrRtxMutexAcquireTimeout
<LI><a href="#[2bd]">&gt;&gt;</a>&nbsp;&nbsp;&nbsp;EvrRtxMutexAcquirePending
</UL>
<BR>[Address Reference Count : 1]<UL><LI> rtx_mutex.o(i.osMutexAcquire)
</UL>
<P><STRONG><a name="[af]"></a>svcRtxMutexNew</STRONG> (Thumb, 136 bytes, Stack size 16 bytes, rtx_mutex.o(i.svcRtxMutexNew))
<BR><BR>[Stack]<UL><LI>Max Depth = 32<LI>Call Chain = svcRtxMutexNew &rArr; osRtxMemoryPoolAlloc
</UL>
<BR>[Calls]<UL><LI><a href="#[263]">&gt;&gt;</a>&nbsp;&nbsp;&nbsp;osRtxMemoryPoolAlloc
<LI><a href="#[26d]">&gt;&gt;</a>&nbsp;&nbsp;&nbsp;osRtxMemoryAlloc
<LI><a href="#[267]">&gt;&gt;</a>&nbsp;&nbsp;&nbsp;EvrRtxMutexError
<LI><a href="#[2bf]">&gt;&gt;</a>&nbsp;&nbsp;&nbsp;EvrRtxMutexCreated
</UL>
<BR>[Address Reference Count : 1]<UL><LI> rtx_mutex.o(i.osMutexNew)
</UL>
<P><STRONG><a name="[b0]"></a>svcRtxMutexRelease</STRONG> (Thumb, 238 bytes, Stack size 16 bytes, rtx_mutex.o(i.svcRtxMutexRelease))
<BR><BR>[Stack]<UL><LI>Max Depth = 80<LI>Call Chain = svcRtxMutexRelease &rArr; osRtxThreadWaitExit &rArr; osRtxThreadDispatch &rArr; osRtxThreadStackCheck &rArr; osRtxErrorNotify &rArr; __2printf
</UL>
<BR>[Calls]<UL><LI><a href="#[26c]">&gt;&gt;</a>&nbsp;&nbsp;&nbsp;osRtxThreadWaitExit
<LI><a href="#[27b]">&gt;&gt;</a>&nbsp;&nbsp;&nbsp;osRtxThreadListGet
<LI><a href="#[283]">&gt;&gt;</a>&nbsp;&nbsp;&nbsp;osRtxThreadDispatch
<LI><a href="#[27f]">&gt;&gt;</a>&nbsp;&nbsp;&nbsp;EvrRtxMutexReleased
<LI><a href="#[267]">&gt;&gt;</a>&nbsp;&nbsp;&nbsp;EvrRtxMutexError
<LI><a href="#[280]">&gt;&gt;</a>&nbsp;&nbsp;&nbsp;EvrRtxMutexAcquired
</UL>
<BR>[Address Reference Count : 1]<UL><LI> rtx_mutex.o(i.osMutexRelease)
</UL>
<P><STRONG><a name="[29a]"></a>osRtxThreadDelayRemove</STRONG> (Thumb, 90 bytes, Stack size 4 bytes, rtx_thread.o(i.osRtxThreadDelayRemove))
<BR><BR>[Stack]<UL><LI>Max Depth = 4<LI>Call Chain = osRtxThreadDelayRemove
</UL>
<BR>[Called By]<UL><LI><a href="#[26c]">&gt;&gt;</a>&nbsp;&nbsp;&nbsp;osRtxThreadWaitExit
</UL>

<P><STRONG><a name="[292]"></a>osRtxThreadFree</STRONG> (Thumb, 84 bytes, Stack size 16 bytes, rtx_thread.o(i.osRtxThreadFree))
<BR><BR>[Stack]<UL><LI>Max Depth = 32<LI>Call Chain = osRtxThreadFree &rArr; osRtxMemoryPoolFree
</UL>
<BR>[Calls]<UL><LI><a href="#[276]">&gt;&gt;</a>&nbsp;&nbsp;&nbsp;osRtxMemoryPoolFree
<LI><a href="#[26f]">&gt;&gt;</a>&nbsp;&nbsp;&nbsp;osRtxMemoryFree
</UL>
<BR>[Called By]<UL><LI><a href="#[b4]">&gt;&gt;</a>&nbsp;&nbsp;&nbsp;svcRtxThreadExit
</UL>

<P><STRONG><a name="[c0]"></a>osRtxThreadPostProcess</STRONG> (Thumb, 106 bytes, Stack size 16 bytes, rtx_thread.o(i.osRtxThreadPostProcess))
<BR><BR>[Stack]<UL><LI>Max Depth = 80<LI>Call Chain = osRtxThreadPostProcess &rArr; osRtxThreadWaitExit &rArr; osRtxThreadDispatch &rArr; osRtxThreadStackCheck &rArr; osRtxErrorNotify &rArr; __2printf
</UL>
<BR>[Calls]<UL><LI><a href="#[26c]">&gt;&gt;</a>&nbsp;&nbsp;&nbsp;osRtxThreadWaitExit
<LI><a href="#[295]">&gt;&gt;</a>&nbsp;&nbsp;&nbsp;__asm___12_rtx_thread_c_add96be5__atomic_chk32_any
<LI><a href="#[294]">&gt;&gt;</a>&nbsp;&nbsp;&nbsp;__asm___12_rtx_thread_c_add96be5__atomic_chk32_all
<LI><a href="#[293]">&gt;&gt;</a>&nbsp;&nbsp;&nbsp;EvrRtxThreadFlagsWaitCompleted
</UL>
<BR>[Address Reference Count : 1]<UL><LI> rtx_thread.o(i.svcRtxThreadNew)
</UL>
<P><STRONG><a name="[b4]"></a>svcRtxThreadExit</STRONG> (Thumb, 144 bytes, Stack size 24 bytes, rtx_thread.o(i.svcRtxThreadExit))
<BR><BR>[Stack]<UL><LI>Max Depth = 112<LI>Call Chain = svcRtxThreadExit &rArr; osRtxMutexOwnerRelease &rArr; osRtxThreadWaitExit &rArr; osRtxThreadDispatch &rArr; osRtxThreadStackCheck &rArr; osRtxErrorNotify &rArr; __2printf
</UL>
<BR>[Calls]<UL><LI><a href="#[26c]">&gt;&gt;</a>&nbsp;&nbsp;&nbsp;osRtxThreadWaitExit
<LI><a href="#[290]">&gt;&gt;</a>&nbsp;&nbsp;&nbsp;osRtxThreadStackCheck
<LI><a href="#[292]">&gt;&gt;</a>&nbsp;&nbsp;&nbsp;osRtxThreadFree
<LI><a href="#[27e]">&gt;&gt;</a>&nbsp;&nbsp;&nbsp;osRtxMutexOwnerRelease
<LI><a href="#[291]">&gt;&gt;</a>&nbsp;&nbsp;&nbsp;EvrRtxThreadSwitched
<LI><a href="#[2c0]">&gt;&gt;</a>&nbsp;&nbsp;&nbsp;EvrRtxThreadJoined
<LI><a href="#[2c1]">&gt;&gt;</a>&nbsp;&nbsp;&nbsp;EvrRtxThreadDestroyed
</UL>
<BR>[Address Reference Count : 1]<UL><LI> rtx_thread.o(i.osThreadExit)
</UL>
<P><STRONG><a name="[b5]"></a>svcRtxThreadFlagsClear</STRONG> (Thumb, 62 bytes, Stack size 8 bytes, rtx_thread.o(i.svcRtxThreadFlagsClear))
<BR><BR>[Stack]<UL><LI>Max Depth = 8<LI>Call Chain = svcRtxThreadFlagsClear
</UL>
<BR>[Calls]<UL><LI><a href="#[2c2]">&gt;&gt;</a>&nbsp;&nbsp;&nbsp;__asm___12_rtx_thread_c_add96be5__atomic_clr32
<LI><a href="#[2a1]">&gt;&gt;</a>&nbsp;&nbsp;&nbsp;EvrRtxThreadFlagsError
<LI><a href="#[2c3]">&gt;&gt;</a>&nbsp;&nbsp;&nbsp;EvrRtxThreadFlagsClearDone
</UL>
<BR>[Address Reference Count : 1]<UL><LI> rtx_thread.o(i.osThreadFlagsClear)
</UL>
<P><STRONG><a name="[b6]"></a>svcRtxThreadFlagsSet</STRONG> (Thumb, 194 bytes, Stack size 16 bytes, rtx_thread.o(i.svcRtxThreadFlagsSet))
<BR><BR>[Stack]<UL><LI>Max Depth = 80<LI>Call Chain = svcRtxThreadFlagsSet &rArr; osRtxThreadWaitExit &rArr; osRtxThreadDispatch &rArr; osRtxThreadStackCheck &rArr; osRtxErrorNotify &rArr; __2printf
</UL>
<BR>[Calls]<UL><LI><a href="#[26c]">&gt;&gt;</a>&nbsp;&nbsp;&nbsp;osRtxThreadWaitExit
<LI><a href="#[295]">&gt;&gt;</a>&nbsp;&nbsp;&nbsp;__asm___12_rtx_thread_c_add96be5__atomic_chk32_any
<LI><a href="#[294]">&gt;&gt;</a>&nbsp;&nbsp;&nbsp;__asm___12_rtx_thread_c_add96be5__atomic_chk32_all
<LI><a href="#[2a3]">&gt;&gt;</a>&nbsp;&nbsp;&nbsp;__asm___12_rtx_thread_c_add96be5__atomic_set32
<LI><a href="#[293]">&gt;&gt;</a>&nbsp;&nbsp;&nbsp;EvrRtxThreadFlagsWaitCompleted
<LI><a href="#[2a4]">&gt;&gt;</a>&nbsp;&nbsp;&nbsp;EvrRtxThreadFlagsSetDone
<LI><a href="#[2a1]">&gt;&gt;</a>&nbsp;&nbsp;&nbsp;EvrRtxThreadFlagsError
</UL>
<BR>[Address Reference Count : 1]<UL><LI> rtx_thread.o(i.osThreadFlagsSet)
</UL>
<P><STRONG><a name="[b7]"></a>svcRtxThreadFlagsWait</STRONG> (Thumb, 198 bytes, Stack size 24 bytes, rtx_thread.o(i.svcRtxThreadFlagsWait))
<BR><BR>[Stack]<UL><LI>Max Depth = 80<LI>Call Chain = svcRtxThreadFlagsWait &rArr; osRtxThreadWaitEnter &rArr; osRtxThreadStackCheck &rArr; osRtxErrorNotify &rArr; __2printf
</UL>
<BR>[Calls]<UL><LI><a href="#[298]">&gt;&gt;</a>&nbsp;&nbsp;&nbsp;osRtxThreadWaitEnter
<LI><a href="#[295]">&gt;&gt;</a>&nbsp;&nbsp;&nbsp;__asm___12_rtx_thread_c_add96be5__atomic_chk32_any
<LI><a href="#[294]">&gt;&gt;</a>&nbsp;&nbsp;&nbsp;__asm___12_rtx_thread_c_add96be5__atomic_chk32_all
<LI><a href="#[287]">&gt;&gt;</a>&nbsp;&nbsp;&nbsp;EvrRtxThreadFlagsWaitTimeout
<LI><a href="#[2c4]">&gt;&gt;</a>&nbsp;&nbsp;&nbsp;EvrRtxThreadFlagsWaitPending
<LI><a href="#[2c5]">&gt;&gt;</a>&nbsp;&nbsp;&nbsp;EvrRtxThreadFlagsWaitNotCompleted
<LI><a href="#[293]">&gt;&gt;</a>&nbsp;&nbsp;&nbsp;EvrRtxThreadFlagsWaitCompleted
<LI><a href="#[2a1]">&gt;&gt;</a>&nbsp;&nbsp;&nbsp;EvrRtxThreadFlagsError
</UL>
<BR>[Address Reference Count : 1]<UL><LI> rtx_thread.o(i.osThreadFlagsWait)
</UL>
<P><STRONG><a name="[b8]"></a>svcRtxThreadGetId</STRONG> (Thumb, 16 bytes, Stack size 8 bytes, rtx_thread.o(i.svcRtxThreadGetId))
<BR><BR>[Stack]<UL><LI>Max Depth = 8<LI>Call Chain = svcRtxThreadGetId
</UL>
<BR>[Calls]<UL><LI><a href="#[2a6]">&gt;&gt;</a>&nbsp;&nbsp;&nbsp;EvrRtxThreadGetId
</UL>
<BR>[Address Reference Count : 1]<UL><LI> rtx_thread.o(i.osThreadGetId)
</UL>
<P><STRONG><a name="[b9]"></a>svcRtxThreadNew</STRONG> (Thumb, 538 bytes, Stack size 48 bytes, rtx_thread.o(i.svcRtxThreadNew))
<BR><BR>[Stack]<UL><LI>Max Depth = 96<LI>Call Chain = svcRtxThreadNew &rArr; osRtxThreadDispatch &rArr; osRtxThreadStackCheck &rArr; osRtxErrorNotify &rArr; __2printf
</UL>
<BR>[Calls]<UL><LI><a href="#[283]">&gt;&gt;</a>&nbsp;&nbsp;&nbsp;osRtxThreadDispatch
<LI><a href="#[276]">&gt;&gt;</a>&nbsp;&nbsp;&nbsp;osRtxMemoryPoolFree
<LI><a href="#[263]">&gt;&gt;</a>&nbsp;&nbsp;&nbsp;osRtxMemoryPoolAlloc
<LI><a href="#[26f]">&gt;&gt;</a>&nbsp;&nbsp;&nbsp;osRtxMemoryFree
<LI><a href="#[26d]">&gt;&gt;</a>&nbsp;&nbsp;&nbsp;osRtxMemoryAlloc
<LI><a href="#[29f]">&gt;&gt;</a>&nbsp;&nbsp;&nbsp;EvrRtxThreadError
<LI><a href="#[2c6]">&gt;&gt;</a>&nbsp;&nbsp;&nbsp;EvrRtxThreadCreated
</UL>
<BR>[Called By]<UL><LI><a href="#[296]">&gt;&gt;</a>&nbsp;&nbsp;&nbsp;osRtxThreadStartup
</UL>
<BR>[Address Reference Count : 1]<UL><LI> rtx_thread.o(i.osThreadNew)
</UL>
<P><STRONG><a name="[b3]"></a>osRtxTimerTick</STRONG> (Thumb, 136 bytes, Stack size 16 bytes, rtx_timer.o(i.osRtxTimerTick))
<BR><BR>[Stack]<UL><LI>Max Depth = 88<LI>Call Chain = osRtxTimerTick &rArr; osMessageQueuePut &rArr; osRtxPostProcess &rArr; osRtxErrorNotify &rArr; __2printf
</UL>
<BR>[Calls]<UL><LI><a href="#[134]">&gt;&gt;</a>&nbsp;&nbsp;&nbsp;osMessageQueuePut
<LI><a href="#[26a]">&gt;&gt;</a>&nbsp;&nbsp;&nbsp;osRtxErrorNotify
</UL>
<BR>[Address Reference Count : 1]<UL><LI> rtx_timer.o(i.osRtxTimerThread)
</UL>
<P><STRONG><a name="[ba]"></a>svcRtxTimerDelete</STRONG> (Thumb, 120 bytes, Stack size 8 bytes, rtx_timer.o(i.svcRtxTimerDelete))
<BR><BR>[Stack]<UL><LI>Max Depth = 24<LI>Call Chain = svcRtxTimerDelete &rArr; osRtxMemoryPoolFree
</UL>
<BR>[Calls]<UL><LI><a href="#[276]">&gt;&gt;</a>&nbsp;&nbsp;&nbsp;osRtxMemoryPoolFree
<LI><a href="#[26f]">&gt;&gt;</a>&nbsp;&nbsp;&nbsp;osRtxMemoryFree
<LI><a href="#[2ab]">&gt;&gt;</a>&nbsp;&nbsp;&nbsp;EvrRtxTimerError
<LI><a href="#[2c7]">&gt;&gt;</a>&nbsp;&nbsp;&nbsp;EvrRtxTimerDestroyed
</UL>
<BR>[Address Reference Count : 1]<UL><LI> rtx_timer.o(i.osTimerDelete)
</UL>
<P><STRONG><a name="[bb]"></a>svcRtxTimerNew</STRONG> (Thumb, 182 bytes, Stack size 24 bytes, rtx_timer.o(i.svcRtxTimerNew))
<BR><BR>[Stack]<UL><LI>Max Depth = 40<LI>Call Chain = svcRtxTimerNew &rArr; osRtxMemoryPoolAlloc
</UL>
<BR>[Calls]<UL><LI><a href="#[263]">&gt;&gt;</a>&nbsp;&nbsp;&nbsp;osRtxMemoryPoolAlloc
<LI><a href="#[26d]">&gt;&gt;</a>&nbsp;&nbsp;&nbsp;osRtxMemoryAlloc
<LI><a href="#[2ab]">&gt;&gt;</a>&nbsp;&nbsp;&nbsp;EvrRtxTimerError
<LI><a href="#[2c8]">&gt;&gt;</a>&nbsp;&nbsp;&nbsp;EvrRtxTimerCreated
</UL>
<BR>[Address Reference Count : 1]<UL><LI> rtx_timer.o(i.osTimerNew)
</UL>
<P><STRONG><a name="[bc]"></a>svcRtxTimerStart</STRONG> (Thumb, 154 bytes, Stack size 8 bytes, rtx_timer.o(i.svcRtxTimerStart))
<BR><BR>[Stack]<UL><LI>Max Depth = 8<LI>Call Chain = svcRtxTimerStart
</UL>
<BR>[Calls]<UL><LI><a href="#[2c9]">&gt;&gt;</a>&nbsp;&nbsp;&nbsp;EvrRtxTimerStarted
<LI><a href="#[2ab]">&gt;&gt;</a>&nbsp;&nbsp;&nbsp;EvrRtxTimerError
</UL>
<BR>[Address Reference Count : 1]<UL><LI> rtx_timer.o(i.osTimerStart)
</UL>
<P><STRONG><a name="[113]"></a>fuzzy_rule_setup</STRONG> (Thumb, 838 bytes, Stack size 112 bytes, dfs_fuzzy.o(i.fuzzy_rule_setup))
<BR><BR>[Stack]<UL><LI>Max Depth = 120<LI>Call Chain = fuzzy_rule_setup &rArr; fuzzy_set_init
</UL>
<BR>[Calls]<UL><LI><a href="#[14f]">&gt;&gt;</a>&nbsp;&nbsp;&nbsp;fuzzy_set_init
<LI><a href="#[159]">&gt;&gt;</a>&nbsp;&nbsp;&nbsp;fuzzy_rule_init
<LI><a href="#[157]">&gt;&gt;</a>&nbsp;&nbsp;&nbsp;fuzzy_rule_consequent_init
<LI><a href="#[158]">&gt;&gt;</a>&nbsp;&nbsp;&nbsp;fuzzy_rule_consequent_add_output
<LI><a href="#[156]">&gt;&gt;</a>&nbsp;&nbsp;&nbsp;fuzzy_rule_antecedent_join_and
<LI><a href="#[155]">&gt;&gt;</a>&nbsp;&nbsp;&nbsp;fuzzy_rule_antecedent_init
<LI><a href="#[145]">&gt;&gt;</a>&nbsp;&nbsp;&nbsp;fuzzy_output_init
<LI><a href="#[153]">&gt;&gt;</a>&nbsp;&nbsp;&nbsp;fuzzy_output_add_fuzzy_set
<LI><a href="#[150]">&gt;&gt;</a>&nbsp;&nbsp;&nbsp;fuzzy_input_init
<LI><a href="#[151]">&gt;&gt;</a>&nbsp;&nbsp;&nbsp;fuzzy_input_add_fuzzy_set
<LI><a href="#[14e]">&gt;&gt;</a>&nbsp;&nbsp;&nbsp;fuzzy_init
<LI><a href="#[15a]">&gt;&gt;</a>&nbsp;&nbsp;&nbsp;fuzzy_add_rule
<LI><a href="#[154]">&gt;&gt;</a>&nbsp;&nbsp;&nbsp;fuzzy_add_output
<LI><a href="#[152]">&gt;&gt;</a>&nbsp;&nbsp;&nbsp;fuzzy_add_input
</UL>
<BR>[Called By]<UL><LI><a href="#[19]">&gt;&gt;</a>&nbsp;&nbsp;&nbsp;dfs_fuzzy_init
</UL>

<P><STRONG><a name="[228]"></a>block_t_convert</STRONG> (Thumb, 8 bytes, Stack size 0 bytes, kmdw_sbt.o(i.block_t_convert))
<BR><BR>[Called By]<UL><LI><a href="#[226]">&gt;&gt;</a>&nbsp;&nbsp;&nbsp;kmdw_sbt_flash_fw_loader
<LI><a href="#[229]">&gt;&gt;</a>&nbsp;&nbsp;&nbsp;kmdw_sbt_flash_header_read
</UL>

<P><STRONG><a name="[148]"></a>abs_float</STRONG> (Thumb, 14 bytes, Stack size 0 bytes, fuzzy_io.o(i.abs_float))
<BR><BR>[Called By]<UL><LI><a href="#[147]">&gt;&gt;</a>&nbsp;&nbsp;&nbsp;fuzzy_output_rebuild
</UL>

<P><STRONG><a name="[147]"></a>fuzzy_output_rebuild</STRONG> (Thumb, 196 bytes, Stack size 40 bytes, fuzzy_io.o(i.fuzzy_output_rebuild))
<BR><BR>[Stack]<UL><LI>Max Depth = 40<LI>Call Chain = fuzzy_output_rebuild
</UL>
<BR>[Calls]<UL><LI><a href="#[148]">&gt;&gt;</a>&nbsp;&nbsp;&nbsp;abs_float
</UL>
<BR>[Called By]<UL><LI><a href="#[13f]">&gt;&gt;</a>&nbsp;&nbsp;&nbsp;fuzzy_output_truncate
</UL>

<P><STRONG><a name="[1ad]"></a>block_t_convert</STRONG> (Thumb, 8 bytes, Stack size 0 bytes, kdrv_aes.o(i.block_t_convert))
<BR><BR>[Called By]<UL><LI><a href="#[1ac]">&gt;&gt;</a>&nbsp;&nbsp;&nbsp;kdrv_aes_build_descr
</UL>

<P><STRONG><a name="[1ac]"></a>kdrv_aes_build_descr</STRONG> (Thumb, 442 bytes, Stack size 376 bytes, kdrv_aes.o(i.kdrv_aes_build_descr))
<BR><BR>[Stack]<UL><LI>Max Depth = 404<LI>Call Chain = kdrv_aes_build_descr &rArr; kdrv_write_desc_blk &rArr; kdrv_write_desc_always
</UL>
<BR>[Calls]<UL><LI><a href="#[1b1]">&gt;&gt;</a>&nbsp;&nbsp;&nbsp;kdrv_cryptodma_run_sg
<LI><a href="#[1b0]">&gt;&gt;</a>&nbsp;&nbsp;&nbsp;kdrv_crypto_set_last_desc
<LI><a href="#[1af]">&gt;&gt;</a>&nbsp;&nbsp;&nbsp;kdrv_write_desc_blk
<LI><a href="#[1ae]">&gt;&gt;</a>&nbsp;&nbsp;&nbsp;kdrv_set_hw_config_for_key
<LI><a href="#[1ad]">&gt;&gt;</a>&nbsp;&nbsp;&nbsp;block_t_convert
</UL>
<BR>[Called By]<UL><LI><a href="#[1b2]">&gt;&gt;</a>&nbsp;&nbsp;&nbsp;kdrv_aes_cbc
</UL>

<P><STRONG><a name="[1b2]"></a>kdrv_aes_cbc</STRONG> (Thumb, 104 bytes, Stack size 64 bytes, kdrv_aes.o(i.kdrv_aes_cbc))
<BR><BR>[Stack]<UL><LI>Max Depth = 468<LI>Call Chain = kdrv_aes_cbc &rArr; kdrv_aes_build_descr &rArr; kdrv_write_desc_blk &rArr; kdrv_write_desc_always
</UL>
<BR>[Calls]<UL><LI><a href="#[1ac]">&gt;&gt;</a>&nbsp;&nbsp;&nbsp;kdrv_aes_build_descr
</UL>
<BR>[Called By]<UL><LI><a href="#[1b3]">&gt;&gt;</a>&nbsp;&nbsp;&nbsp;kdrv_aes_cbc_decrypt
</UL>

<P><STRONG><a name="[1ae]"></a>kdrv_set_hw_config_for_key</STRONG> (Thumb, 96 bytes, Stack size 8 bytes, kdrv_aes.o(i.kdrv_set_hw_config_for_key))
<BR><BR>[Stack]<UL><LI>Max Depth = 8<LI>Call Chain = kdrv_set_hw_config_for_key
</UL>
<BR>[Called By]<UL><LI><a href="#[1ac]">&gt;&gt;</a>&nbsp;&nbsp;&nbsp;kdrv_aes_build_descr
</UL>

<P><STRONG><a name="[1af]"></a>kdrv_write_desc_blk</STRONG> (Thumb, 28 bytes, Stack size 16 bytes, kdrv_aes.o(i.kdrv_write_desc_blk))
<BR><BR>[Stack]<UL><LI>Max Depth = 28<LI>Call Chain = kdrv_write_desc_blk &rArr; kdrv_write_desc_always
</UL>
<BR>[Calls]<UL><LI><a href="#[1c9]">&gt;&gt;</a>&nbsp;&nbsp;&nbsp;kdrv_write_desc_always
</UL>
<BR>[Called By]<UL><LI><a href="#[1ac]">&gt;&gt;</a>&nbsp;&nbsp;&nbsp;kdrv_aes_build_descr
</UL>

<P><STRONG><a name="[1c4]"></a>kdrv_hash_internal</STRONG> (Thumb, 406 bytes, Stack size 264 bytes, kdrv_hash.o(i.kdrv_hash_internal))
<BR><BR>[Stack]<UL><LI>Max Depth = 292<LI>Call Chain = kdrv_hash_internal &rArr; kdrv_write_desc &rArr; kdrv_write_desc_always
</UL>
<BR>[Calls]<UL><LI><a href="#[1cb]">&gt;&gt;</a>&nbsp;&nbsp;&nbsp;kdrv_crypto_set_desc_invalid_bytes
<LI><a href="#[1c6]">&gt;&gt;</a>&nbsp;&nbsp;&nbsp;kdrv_hash_get_state_size
<LI><a href="#[1c7]">&gt;&gt;</a>&nbsp;&nbsp;&nbsp;kdrv_hash_get_digest_size
<LI><a href="#[1ca]">&gt;&gt;</a>&nbsp;&nbsp;&nbsp;kdrv_hash_get_block_size
<LI><a href="#[1c8]">&gt;&gt;</a>&nbsp;&nbsp;&nbsp;kdrv_write_desc
<LI><a href="#[1c9]">&gt;&gt;</a>&nbsp;&nbsp;&nbsp;kdrv_write_desc_always
<LI><a href="#[1b1]">&gt;&gt;</a>&nbsp;&nbsp;&nbsp;kdrv_cryptodma_run_sg
<LI><a href="#[1b0]">&gt;&gt;</a>&nbsp;&nbsp;&nbsp;kdrv_crypto_set_last_desc
</UL>
<BR>[Called By]<UL><LI><a href="#[1c3]">&gt;&gt;</a>&nbsp;&nbsp;&nbsp;kdrv_hash_array_blk
</UL>

<P><STRONG><a name="[1c8]"></a>kdrv_write_desc</STRONG> (Thumb, 16 bytes, Stack size 16 bytes, kdrv_hash.o(i.kdrv_write_desc))
<BR><BR>[Stack]<UL><LI>Max Depth = 28<LI>Call Chain = kdrv_write_desc &rArr; kdrv_write_desc_always
</UL>
<BR>[Calls]<UL><LI><a href="#[1c9]">&gt;&gt;</a>&nbsp;&nbsp;&nbsp;kdrv_write_desc_always
</UL>
<BR>[Called By]<UL><LI><a href="#[1c4]">&gt;&gt;</a>&nbsp;&nbsp;&nbsp;kdrv_hash_internal
</UL>

<P><STRONG><a name="[2ae]"></a>abs_float</STRONG> (Thumb, 14 bytes, Stack size 0 bytes, fuzzy_composition.o(i.abs_float))
<BR><BR>[Called By]<UL><LI><a href="#[141]">&gt;&gt;</a>&nbsp;&nbsp;&nbsp;rebuild
</UL>

<P><STRONG><a name="[141]"></a>rebuild</STRONG> (Thumb, 280 bytes, Stack size 48 bytes, fuzzy_composition.o(i.rebuild))
<BR><BR>[Stack]<UL><LI>Max Depth = 48<LI>Call Chain = rebuild
</UL>
<BR>[Calls]<UL><LI><a href="#[2ae]">&gt;&gt;</a>&nbsp;&nbsp;&nbsp;abs_float
</UL>
<BR>[Called By]<UL><LI><a href="#[140]">&gt;&gt;</a>&nbsp;&nbsp;&nbsp;fuzzy_composition_build
</UL>

<P><STRONG><a name="[fc]"></a>_fp_digits</STRONG> (Thumb, 366 bytes, Stack size 64 bytes, printfa.o(i._fp_digits), UNUSED)
<BR><BR>[Calls]<UL><LI><a href="#[db]">&gt;&gt;</a>&nbsp;&nbsp;&nbsp;__aeabi_ddiv
<LI><a href="#[d9]">&gt;&gt;</a>&nbsp;&nbsp;&nbsp;__aeabi_dmul
<LI><a href="#[e2]">&gt;&gt;</a>&nbsp;&nbsp;&nbsp;__aeabi_dadd
<LI><a href="#[e6]">&gt;&gt;</a>&nbsp;&nbsp;&nbsp;__aeabi_d2ulz
<LI><a href="#[fd]">&gt;&gt;</a>&nbsp;&nbsp;&nbsp;__aeabi_cdrcmple
<LI><a href="#[d1]">&gt;&gt;</a>&nbsp;&nbsp;&nbsp;__aeabi_uldivmod
</UL>
<BR>[Called By]<UL><LI><a href="#[f4]">&gt;&gt;</a>&nbsp;&nbsp;&nbsp;_printf_core
</UL>

<P><STRONG><a name="[f4]"></a>_printf_core</STRONG> (Thumb, 1704 bytes, Stack size 136 bytes, printfa.o(i._printf_core), UNUSED)
<BR><BR>[Calls]<UL><LI><a href="#[109]">&gt;&gt;</a>&nbsp;&nbsp;&nbsp;__aeabi_uidivmod
<LI><a href="#[107]">&gt;&gt;</a>&nbsp;&nbsp;&nbsp;_printf_pre_padding
<LI><a href="#[108]">&gt;&gt;</a>&nbsp;&nbsp;&nbsp;_printf_post_padding
<LI><a href="#[fc]">&gt;&gt;</a>&nbsp;&nbsp;&nbsp;_fp_digits
<LI><a href="#[d1]">&gt;&gt;</a>&nbsp;&nbsp;&nbsp;__aeabi_uldivmod
</UL>
<BR>[Called By]<UL><LI><a href="#[f6]">&gt;&gt;</a>&nbsp;&nbsp;&nbsp;__0vsnprintf
<LI><a href="#[f5]">&gt;&gt;</a>&nbsp;&nbsp;&nbsp;__0sprintf
<LI><a href="#[f3]">&gt;&gt;</a>&nbsp;&nbsp;&nbsp;__0printf
</UL>

<P><STRONG><a name="[108]"></a>_printf_post_padding</STRONG> (Thumb, 36 bytes, Stack size 24 bytes, printfa.o(i._printf_post_padding), UNUSED)
<BR><BR>[Called By]<UL><LI><a href="#[f4]">&gt;&gt;</a>&nbsp;&nbsp;&nbsp;_printf_core
</UL>

<P><STRONG><a name="[107]"></a>_printf_pre_padding</STRONG> (Thumb, 46 bytes, Stack size 24 bytes, printfa.o(i._printf_pre_padding), UNUSED)
<BR><BR>[Called By]<UL><LI><a href="#[f4]">&gt;&gt;</a>&nbsp;&nbsp;&nbsp;_printf_core
</UL>

<P><STRONG><a name="[8e]"></a>_snputc</STRONG> (Thumb, 22 bytes, Stack size 0 bytes, printfa.o(i._snputc))
<BR>[Address Reference Count : 1]<UL><LI> printfa.o(i.__0vsnprintf)
</UL>
<P><STRONG><a name="[8d]"></a>_sputc</STRONG> (Thumb, 10 bytes, Stack size 0 bytes, printfa.o(i._sputc))
<BR><BR>[Called By]<UL><LI><a href="#[f5]">&gt;&gt;</a>&nbsp;&nbsp;&nbsp;__0sprintf
</UL>
<BR>[Address Reference Count : 1]<UL><LI> printfa.o(i.__0sprintf)
</UL><P>
<H3>
Undefined Global Symbols
</H3><HR></body></html>
