<html>
<body>
<pre>
<h1>µVision Build Log</h1>
<h2>Tool Versions:</h2>
IDE-Version: ¦ÌVision V5.36.0.0
Copyright (C) 2021 ARM Ltd and ARM Germany GmbH. All rights reserved.
License Information: WQWQ WQ, WQ, LIC=MPPLD-8ESDD-RA2DM-XNLIM-QM63P-NP9ZP
 
Tool Versions:
Toolchain:       MDK-ARM Plus  Version: 5.36.0.0
Toolchain Path:  D:\Keil_v5\ARM\ARMCC\Bin
C Compiler:      Armcc.exe V5.06 update 7 (build 960)
Assembler:       Armasm.exe V5.06 update 7 (build 960)
Linker/Locator:  ArmLink.exe V5.06 update 7 (build 960)
Library Manager: ArmAr.exe V5.06 update 7 (build 960)
Hex Converter:   FromElf.exe V5.06 update 7 (build 960)
CPU DLL:         SARMCM3.DLL V5.36.0.0
Dialog DLL:      DCM.DLL V1.17.3.0
Target DLL:      Segger\JL2CM3.dll V2.99.40.0
Dialog DLL:      TCM.DLL V1.53.0.0
 
<h2>Project:</h2>
F:\ruhr\KL\KL720\KL720_SDK_2.1.0\KL720_SDK_2.1.0\KL720_SDK\firmware\build\example_kdrv\gpio\sn72096_9x9\scpu_keil\scpu.uvprojx
Project File Date:  03/28/2023

<h2>Output:</h2>
*** Using Compiler 'V5.06 update 7 (build 960)', folder: 'D:\Keil_v5\ARM\ARMCC\Bin'
Rebuild target 'template'
Before Build - User command #1: pre_build.bat
"Generate Git Version Header File"
fatal: not a git repository (or any of the parent directories): .git
Create git_info.h=0xFFFFFFFF done
compiling system_init.c...
compiling driver_init.c...
compiling kdrv_pinmux.c...
assembling startup_asm.s...
compiling kdrv_clock.c...
compiling ex_gpio_test.c...
compiling ex_gpio_main.c...
compiling kdrv_gpio.c...
assembling irq_cm4f.s...
compiling startup.c...
compiling kmdw_console.c...
compiling RTX_Config.c...
compiling kdrv_timer.c...
compiling os_systick.c...
compiling kdrv_uart.c...
compiling rtx_delay.c...
compiling rtx_lib.c...
compiling rtx_evflags.c...
compiling rtx_memory.c...
compiling rtx_kernel.c...
compiling rtx_evr.c...
compiling rtx_mempool.c...
compiling rtx_semaphore.c...
compiling rtx_mutex.c...
compiling rtx_system.c...
compiling rtx_msgqueue.c...
compiling rtx_timer.c...
compiling rtx_thread.c...
linking...
Program Size: Code=18734 RO-data=1182 RW-data=10840 ZI-data=8328  
".\Objects\fw_scpu.axf" - 0 Error(s), 0 Warning(s).

<h2>Software Packages used:</h2>

Package Vendor: ARM
                http://www.keil.com/pack/ARM.CMSIS.5.8.0.pack
                ARM.CMSIS.5.8.0
                CMSIS (Common Microcontroller Software Interface Standard)

<h2>Collection of Component include folders:</h2>
  D:\Users\admin\AppData\Local\Arm\Packs\ARM\CMSIS\5.8.0\Device\ARM\ARMCM4\Include

<h2>Collection of Component Files used:</h2>
Build Time Elapsed:  00:00:02
</pre>
</body>
</html>
