Component: ARM Compiler 5.06 update 7 (build 960) Tool: armlink [4d3601]

==============================================================================

Section Cross References

    ex_sdc_main.o(i.main) refers to system_init.o(i.sys_initialize) for sys_initialize
    ex_sdc_main.o(i.main) refers to driver_init.o(i.drv_initialize) for drv_initialize
    ex_sdc_main.o(i.main) refers to startup.o(i.SystemCoreClockUpdate) for SystemCoreClockUpdate
    ex_sdc_main.o(i.main) refers to rtx_kernel.o(i.osKernelInitialize) for osKernelInitialize
    ex_sdc_main.o(i.main) refers to ex_sdc_test.o(i.sdc_selftest) for sdc_selftest
    ex_sdc_main.o(i.main) refers to rtx_kernel.o(i.osKernelGetState) for osKernelGetState
    ex_sdc_main.o(i.main) refers to rtx_kernel.o(i.osKernelStart) for osKernelStart
    ex_sdc_test.o(i.dump_data) refers to kmdw_console.o(i.kmdw_level_printf) for kmdw_level_printf
    ex_sdc_test.o(i.kdrv_status_msg_show) refers to ex_sdc_test.o(.data) for kdrv_status_msg
    ex_sdc_test.o(i.sdc_abort_type_to_str) refers to ex_sdc_test.o(.data) for abort_type_table
    ex_sdc_test.o(i.sdc_ext_cid_display) refers to kmdw_console.o(i.kmdw_level_printf) for kmdw_level_printf
    ex_sdc_test.o(i.sdc_ext_csd_display) refers to kmdw_console.o(i.kmdw_level_printf) for kmdw_level_printf
    ex_sdc_test.o(i.sdc_rw_stress_test) refers to memseta.o(.text) for __aeabi_memclr
    ex_sdc_test.o(i.sdc_rw_stress_test) refers to rand.o(.text) for rand
    ex_sdc_test.o(i.sdc_rw_stress_test) refers to kdrv_timer.o(i.kdrv_timer_perf_get_instant) for kdrv_timer_perf_get_instant
    ex_sdc_test.o(i.sdc_rw_stress_test) refers to kdrv_sdc.o(i.kdrv_sdc_write) for kdrv_sdc_write
    ex_sdc_test.o(i.sdc_rw_stress_test) refers to kdrv_sdc.o(i.kdrv_sdc_read) for kdrv_sdc_read
    ex_sdc_test.o(i.sdc_rw_stress_test) refers to memcmp.o(.text) for memcmp
    ex_sdc_test.o(i.sdc_rw_stress_test) refers to kmdw_console.o(i.kmdw_level_printf) for kmdw_level_printf
    ex_sdc_test.o(i.sdc_rw_stress_test) refers to ex_sdc_test.o(.data) for read_buf
    ex_sdc_test.o(i.sdc_rw_stress_test) refers to kdrv_timer.o(.data) for perftimerid
    ex_sdc_test.o(i.sdc_scr_display) refers to kmdw_console.o(i.kmdw_level_printf) for kmdw_level_printf
    ex_sdc_test.o(i.sdc_sd_info_display) refers to kmdw_console.o(i.kmdw_level_printf) for kmdw_level_printf
    ex_sdc_test.o(i.sdc_sd_info_display) refers to ex_sdc_test.o(i.sdc_transfer_speed_to_str) for sdc_transfer_speed_to_str
    ex_sdc_test.o(i.sdc_sd_info_display) refers to ex_sdc_test.o(i.sdc_transfer_type_to_str) for sdc_transfer_type_to_str
    ex_sdc_test.o(i.sdc_sd_info_display) refers to ex_sdc_test.o(i.sdc_abort_type_to_str) for sdc_abort_type_to_str
    ex_sdc_test.o(i.sdc_selftest) refers to kmdw_console.o(i.kmdw_level_printf) for kmdw_level_printf
    ex_sdc_test.o(i.sdc_selftest) refers to kdrv_sdc.o(i.kdrv_sdc_initialize) for kdrv_sdc_initialize
    ex_sdc_test.o(i.sdc_selftest) refers to ex_sdc_test.o(i.kdrv_status_msg_show) for kdrv_status_msg_show
    ex_sdc_test.o(i.sdc_selftest) refers to memseta.o(.text) for __aeabi_memclr
    ex_sdc_test.o(i.sdc_selftest) refers to kdrv_sdc.o(i.kdrv_sdc_dev_scan) for kdrv_sdc_dev_scan
    ex_sdc_test.o(i.sdc_selftest) refers to kdrv_sdc.o(i.kdrv_sdc_get_dev) for kdrv_sdc_get_dev
    ex_sdc_test.o(i.sdc_selftest) refers to ex_sdc_test.o(i.sdc_ext_cid_display) for sdc_ext_cid_display
    ex_sdc_test.o(i.sdc_selftest) refers to ex_sdc_test.o(i.sdc_scr_display) for sdc_scr_display
    ex_sdc_test.o(i.sdc_selftest) refers to ex_sdc_test.o(i.sdc_ext_csd_display) for sdc_ext_csd_display
    ex_sdc_test.o(i.sdc_selftest) refers to ex_sdc_test.o(i.sdc_rw_stress_test) for sdc_rw_stress_test
    ex_sdc_test.o(i.sdc_selftest) refers to kdrv_sdc.o(i.kdrv_sdc_uninitialize) for kdrv_sdc_uninitialize
    ex_sdc_test.o(i.sdc_selftest) refers to ex_sdc_test.o(.data) for read_buf
    ex_sdc_test.o(i.sdc_transfer_speed_to_str) refers to ex_sdc_test.o(.data) for transfer_speed_table
    ex_sdc_test.o(i.sdc_transfer_type_to_str) refers to ex_sdc_test.o(.data) for transfer_type_table
    ex_sdc_test.o(.data) refers to ex_sdc_test.o(.conststring) for .conststring
    driver_init.o(i.drv_initialize) refers to kdrv_uart.o(i.kdrv_uart_initialize) for kdrv_uart_initialize
    driver_init.o(i.drv_initialize) refers to kdrv_uart.o(i.kdrv_uart_console_init) for kdrv_uart_console_init
    driver_init.o(i.drv_initialize) refers to kdrv_timer.o(i.kdrv_timer_perf_measure_start) for kdrv_timer_perf_measure_start
    driver_init.o(i.drv_initialize) refers to kdrv_ddr.o(i.kdrv_ddr_Initialize) for kdrv_ddr_Initialize
    system_init.o(i.sys_initialize) refers to kdrv_system.o(i.kdrv_system_initialize) for kdrv_system_initialize
    system_init.o(i.sys_initialize) refers to system_init.o(.data) for sysclk_opt
    kmdw_console.o(i.kmdw_console_echo_gets) refers to kdrv_uart.o(i.kdrv_uart_get_char) for kdrv_uart_get_char
[...]
    .data.os                                 0x1ffe2b90   Section      164  rtx_kernel.o(.data.os)
    .data.os.thread.mpi                      0x1ffe2c34   Section       24  rtx_lib.o(.data.os.thread.mpi)
    os_mpi_thread                            0x1ffe2c34   Data          24  rtx_lib.o(.data.os.thread.mpi)
    .bss                                     0x1ffe2c4c   Section       12  kmdw_console.o(.bss)
    .bss                                     0x1ffe2c58   Section       12  kdrv_uart.o(.bss)
    gDrvCtx                                  0x1ffe2c58   Data          12  kdrv_uart.o(.bss)
    .bss                                     0x1ffe2c64   Section      108  kdrv_timer.o(.bss)
    .bss                                     0x1ffe2cd0   Section       12  kdrv_system.o(.bss)
    .bss                                     0x1ffe2cdc   Section      512  kdrv_sdc.o(.bss)
    HEAP                                     0x1ffe2ee0   Section     4096  startup_asm.o(HEAP)
    STACK                                    0x1ffe3ee0   Section     4096  startup_asm.o(STACK)

    Global Symbols

    Symbol Name                              Value     Ov Type        Size  Object(Section)

    BuildAttributes$$THM_ISAv4$E$P$D$K$B$S$7EM$VFPi3$EXTD16$VFPS$VFMA$PE$A:L22UL41UL21$X:L11$S22US41US21$IEEE1$IW$USESV6$~STKCKD$USESV7$~SHL$OSPACE$ROPI$EBA8$MICROLIB$REQ8$PRES8$EABIv2 0x00000000   Number         0  anon$$obj.o ABSOLUTE
    __ARM_use_no_argv                        0x00000000   Number         0  ex_sdc_main.o ABSOLUTE
    _printf_a                                0x00000000   Number         0  stubs.o ABSOLUTE
    _printf_c                                0x00000000   Number         0  stubs.o ABSOLUTE
    _printf_charcount                        0x00000000   Number         0  stubs.o ABSOLUTE
    _printf_d                                0x00000000   Number         0  stubs.o ABSOLUTE
    _printf_e                                0x00000000   Number         0  stubs.o ABSOLUTE
    _printf_f                                0x00000000   Number         0  stubs.o ABSOLUTE
    _printf_flags                            0x00000000   Number         0  stubs.o ABSOLUTE
    _printf_fp_dec                           0x00000000   Number         0  stubs.o ABSOLUTE
    _printf_fp_hex                           0x00000000   Number         0  stubs.o ABSOLUTE
    _printf_g                                0x00000000   Number         0  stubs.o ABSOLUTE
    _printf_i                                0x00000000   Number         0  stubs.o ABSOLUTE
    _printf_int_dec                          0x00000000   Number         0  stubs.o ABSOLUTE
    _printf_l                                0x00000000   Number         0  stubs.o ABSOLUTE
    _printf_lc                               0x00000000   Number         0  stubs.o ABSOLUTE
    _printf_ll                               0x00000000   Number         0  stubs.o ABSOLUTE
    _printf_lld                              0x00000000   Number         0  stubs.o ABSOLUTE
    _printf_lli                              0x00000000   Number         0  stubs.o ABSOLUTE
    _printf_llo                              0x00000000   Number         0  stubs.o ABSOLUTE
    _printf_llu                              0x00000000   Number         0  stubs.o ABSOLUTE
    _printf_llx                              0x00000000   Number         0  stubs.o ABSOLUTE
    _printf_longlong_dec                     0x00000000   Number         0  stubs.o ABSOLUTE
    _printf_longlong_hex                     0x00000000   Number         0  stubs.o ABSOLUTE
    _printf_longlong_oct                     0x00000000   Number         0  stubs.o ABSOLUTE
    _printf_ls                               0x00000000   Number         0  stubs.o ABSOLUTE
    _printf_mbtowc                           0x00000000   Number         0  stubs.o ABSOLUTE
    _printf_n                                0x00000000   Number         0  stubs.o ABSOLUTE
    _printf_o                                0x00000000   Number         0  stubs.o ABSOLUTE
    _printf_p                                0x00000000   Number         0  stubs.o ABSOLUTE
    _printf_percent                          0x00000000   Number         0  stubs.o ABSOLUTE
    _printf_pre_padding                      0x00000000   Number         0  stubs.o ABSOLUTE
    _printf_return_value                     0x00000000   Number         0  stubs.o ABSOLUTE
    _printf_s                                0x00000000   Number         0  stubs.o ABSOLUTE
    _printf_sizespec                         0x00000000   Number         0  stubs.o ABSOLUTE
    _printf_str                              0x00000000   Number         0  stubs.o ABSOLUTE
    _printf_truncate_signed                  0x00000000   Number         0  stubs.o ABSOLUTE
    _printf_truncate_unsigned                0x00000000   Number         0  stubs.o ABSOLUTE
    _printf_u                                0x00000000   Number         0  stubs.o ABSOLUTE
    _printf_wc                               0x00000000   Number         0  stubs.o ABSOLUTE
    _printf_wctomb                           0x00000000   Number         0  stubs.o ABSOLUTE
    _printf_widthprec                        0x00000000   Number         0  stubs.o ABSOLUTE
    _printf_x                                0x00000000   Number         0  stubs.o ABSOLUTE
    .bss.os.evflags.cb$$Base                  - Undefined Weak Reference
    .bss.os.evflags.cb$$Limit                 - Undefined Weak Reference
    .bss.os.mempool.cb$$Base                  - Undefined Weak Reference
    .bss.os.mempool.cb$$Limit                 - Undefined Weak Reference
    .bss.os.mutex.cb$$Base                    - Undefined Weak Reference
    .bss.os.mutex.cb$$Limit                   - Undefined Weak Reference
    .bss.os.semaphore.cb$$Base                - Undefined Weak Reference
    .bss.os.semaphore.cb$$Limit               - Undefined Weak Reference
    .bss.os.timer.cb$$Base                    - Undefined Weak Reference
    .bss.os.timer.cb$$Limit                   - Undefined Weak Reference
    __arm_fini_                               - Undefined Weak Reference
    __cpp_initialize__aeabi_                  - Undefined Weak Reference
    __cxa_finalize                            - Undefined Weak Reference
    _clock_init                               - Undefined Weak Reference
    _microlib_exit                            - Undefined Weak Reference
    __Vectors_Size                           0x00000140   Number         0  startup_asm.o ABSOLUTE
    Load$$LR$$SCPU$$Length                   0x0000a388   Number         0  anon$$obj.o ABSOLUTE
    __Vectors                                0x1ffc0000   Data           4  startup_asm.o(VECTOR_TABLE)
    __Vectors_End                            0x1ffc0140   Data           0  startup_asm.o(VECTOR_TABLE)
    __main                                   0x1ffc015d   Thumb Code     0  entry.o(.ARM.Collect$$$$00000000)
    _main_stk                                0x1ffc015d   Thumb Code     0  entry2.o(.ARM.Collect$$$$00000001)
    _main_scatterload                        0x1ffc0161   Thumb Code     0  entry5.o(.ARM.Collect$$$$00000004)
    __main_after_scatterload                 0x1ffc0165   Thumb Code     0  entry5.o(.ARM.Collect$$$$00000004)
    _main_clock                              0x1ffc0165   Thumb Code     0  entry7b.o(.ARM.Collect$$$$00000008)
    _main_cpp_init                           0x1ffc0165   Thumb Code     0  entry8b.o(.ARM.Collect$$$$0000000A)
    _main_init                               0x1ffc0165   Thumb Code     0  entry9a.o(.ARM.Collect$$$$0000000B)
    __rt_lib_shutdown_fini                   0x1ffc016d   Thumb Code     0  entry12b.o(.ARM.Collect$$$$0000000E)
    __rt_final_cpp                           0x1ffc0171   Thumb Code     0  entry10a.o(.ARM.Collect$$$$0000000F)
    __rt_final_exit                          0x1ffc0171   Thumb Code     0  entry11a.o(.ARM.Collect$$$$00000011)
    __asm___13_rtx_mempool_c_7914b4c7__atomic_wr8 0x1ffc0175   Thumb Code    16  rtx_mempool.o(.emb_text)
    __asm___13_rtx_mempool_c_7914b4c7__atomic_set32 0x1ffc0185   Thumb Code    20  rtx_mempool.o(.emb_text)
    __asm___13_rtx_mempool_c_7914b4c7__atomic_clr32 0x1ffc0199   Thumb Code    22  rtx_mempool.o(.emb_text)
    __asm___13_rtx_mempool_c_7914b4c7__atomic_chk32_all 0x1ffc01af   Thumb Code    38  rtx_mempool.o(.emb_text)
    __asm___13_rtx_mempool_c_7914b4c7__atomic_chk32_any 0x1ffc01d5   Thumb Code    34  rtx_mempool.o(.emb_text)
    __asm___13_rtx_mempool_c_7914b4c7__atomic_inc32 0x1ffc01f7   Thumb Code    18  rtx_mempool.o(.emb_text)
    __asm___13_rtx_mempool_c_7914b4c7__atomic_inc16_lt 0x1ffc0209   Thumb Code    30  rtx_mempool.o(.emb_text)
    __asm___13_rtx_mempool_c_7914b4c7__atomic_inc16_lim 0x1ffc0227   Thumb Code    26  rtx_mempool.o(.emb_text)
    __asm___13_rtx_mempool_c_7914b4c7__atomic_dec32 0x1ffc0241   Thumb Code    18  rtx_mempool.o(.emb_text)
    __asm___13_rtx_mempool_c_7914b4c7__atomic_dec32_nz 0x1ffc0253   Thumb Code    26  rtx_mempool.o(.emb_text)
    __asm___13_rtx_mempool_c_7914b4c7__atomic_dec16_nz 0x1ffc026d   Thumb Code    26  rtx_mempool.o(.emb_text)
    __asm___13_rtx_mempool_c_7914b4c7__atomic_link_get 0x1ffc0287   Thumb Code    26  rtx_mempool.o(.emb_text)
    __asm___13_rtx_mempool_c_7914b4c7__atomic_link_put 0x1ffc02a1   Thumb Code    28  rtx_mempool.o(.emb_text)
    __asm___14_rtx_msgqueue_c_ba128ae8__atomic_wr8 0x1ffc02bd   Thumb Code    16  rtx_msgqueue.o(.emb_text)
    __asm___14_rtx_msgqueue_c_ba128ae8__atomic_set32 0x1ffc02cd   Thumb Code    20  rtx_msgqueue.o(.emb_text)
    __asm___14_rtx_msgqueue_c_ba128ae8__atomic_clr32 0x1ffc02e1   Thumb Code    22  rtx_msgqueue.o(.emb_text)
    __asm___14_rtx_msgqueue_c_ba128ae8__atomic_chk32_all 0x1ffc02f7   Thumb Code    38  rtx_msgqueue.o(.emb_text)
    __asm___14_rtx_msgqueue_c_ba128ae8__atomic_chk32_any 0x1ffc031d   Thumb Code    34  rtx_msgqueue.o(.emb_text)
    __asm___14_rtx_msgqueue_c_ba128ae8__atomic_inc32 0x1ffc033f   Thumb Code    18  rtx_msgqueue.o(.emb_text)
    __asm___14_rtx_msgqueue_c_ba128ae8__atomic_inc16_lt 0x1ffc0351   Thumb Code    30  rtx_msgqueue.o(.emb_text)
    __asm___14_rtx_msgqueue_c_ba128ae8__atomic_inc16_lim 0x1ffc036f   Thumb Code    26  rtx_msgqueue.o(.emb_text)
    __asm___14_rtx_msgqueue_c_ba128ae8__atomic_dec32 0x1ffc0389   Thumb Code    18  rtx_msgqueue.o(.emb_text)
    __asm___14_rtx_msgqueue_c_ba128ae8__atomic_dec32_nz 0x1ffc039b   Thumb Code    26  rtx_msgqueue.o(.emb_text)
    __asm___14_rtx_msgqueue_c_ba128ae8__atomic_dec16_nz 0x1ffc03b5   Thumb Code    26  rtx_msgqueue.o(.emb_text)
    __asm___14_rtx_msgqueue_c_ba128ae8__atomic_link_get 0x1ffc03cf   Thumb Code    26  rtx_msgqueue.o(.emb_text)
    __asm___14_rtx_msgqueue_c_ba128ae8__atomic_link_put 0x1ffc03e9   Thumb Code    28  rtx_msgqueue.o(.emb_text)
    __asm___12_rtx_system_c_024f2f18__atomic_wr8 0x1ffc0405   Thumb Code    16  rtx_system.o(.emb_text)
    __asm___12_rtx_system_c_024f2f18__atomic_set32 0x1ffc0415   Thumb Code    20  rtx_system.o(.emb_text)
    __asm___12_rtx_system_c_024f2f18__atomic_clr32 0x1ffc0429   Thumb Code    22  rtx_system.o(.emb_text)
    __asm___12_rtx_system_c_024f2f18__atomic_chk32_all 0x1ffc043f   Thumb Code    38  rtx_system.o(.emb_text)
    __asm___12_rtx_system_c_024f2f18__atomic_chk32_any 0x1ffc0465   Thumb Code    34  rtx_system.o(.emb_text)
    __asm___12_rtx_system_c_024f2f18__atomic_inc32 0x1ffc0487   Thumb Code    18  rtx_system.o(.emb_text)
    __asm___12_rtx_system_c_024f2f18__atomic_inc16_lt 0x1ffc0499   Thumb Code    30  rtx_system.o(.emb_text)
    __asm___12_rtx_system_c_024f2f18__atomic_inc16_lim 0x1ffc04b7   Thumb Code    26  rtx_system.o(.emb_text)
    __asm___12_rtx_system_c_024f2f18__atomic_dec32 0x1ffc04d1   Thumb Code    18  rtx_system.o(.emb_text)
    __asm___12_rtx_system_c_024f2f18__atomic_dec32_nz 0x1ffc04e3   Thumb Code    26  rtx_system.o(.emb_text)
    __asm___12_rtx_system_c_024f2f18__atomic_dec16_nz 0x1ffc04fd   Thumb Code    26  rtx_system.o(.emb_text)
    __asm___12_rtx_system_c_024f2f18__atomic_link_get 0x1ffc0517   Thumb Code    26  rtx_system.o(.emb_text)
    __asm___12_rtx_system_c_024f2f18__atomic_link_put 0x1ffc0531   Thumb Code    28  rtx_system.o(.emb_text)
    __asm___12_rtx_thread_c_add96be5__atomic_wr8 0x1ffc054d   Thumb Code    16  rtx_thread.o(.emb_text)
    __asm___12_rtx_thread_c_add96be5__atomic_set32 0x1ffc055d   Thumb Code    20  rtx_thread.o(.emb_text)
    __asm___12_rtx_thread_c_add96be5__atomic_clr32 0x1ffc0571   Thumb Code    22  rtx_thread.o(.emb_text)
    __asm___12_rtx_thread_c_add96be5__atomic_chk32_all 0x1ffc0587   Thumb Code    38  rtx_thread.o(.emb_text)
    __asm___12_rtx_thread_c_add96be5__atomic_chk32_any 0x1ffc05ad   Thumb Code    34  rtx_thread.o(.emb_text)
    __asm___12_rtx_thread_c_add96be5__atomic_inc32 0x1ffc05cf   Thumb Code    18  rtx_thread.o(.emb_text)
    __asm___12_rtx_thread_c_add96be5__atomic_inc16_lt 0x1ffc05e1   Thumb Code    30  rtx_thread.o(.emb_text)
    __asm___12_rtx_thread_c_add96be5__atomic_inc16_lim 0x1ffc05ff   Thumb Code    26  rtx_thread.o(.emb_text)
    __asm___12_rtx_thread_c_add96be5__atomic_dec32 0x1ffc0619   Thumb Code    18  rtx_thread.o(.emb_text)
    __asm___12_rtx_thread_c_add96be5__atomic_dec32_nz 0x1ffc062b   Thumb Code    26  rtx_thread.o(.emb_text)
    __asm___12_rtx_thread_c_add96be5__atomic_dec16_nz 0x1ffc0645   Thumb Code    26  rtx_thread.o(.emb_text)
    __asm___12_rtx_thread_c_add96be5__atomic_link_get 0x1ffc065f   Thumb Code    26  rtx_thread.o(.emb_text)
    __asm___12_rtx_thread_c_add96be5__atomic_link_put 0x1ffc0679   Thumb Code    28  rtx_thread.o(.emb_text)
    Reset_Handler                            0x1ffc0695   Thumb Code    12  startup_asm.o(.text)
    NMI_Handler                              0x1ffc06a1   Thumb Code     2  startup_asm.o(.text)
    HardFault_Handler                        0x1ffc06a3   Thumb Code     2  startup_asm.o(.text)
    MemManage_Handler                        0x1ffc06a5   Thumb Code     2  startup_asm.o(.text)
    BusFault_Handler                         0x1ffc06a7   Thumb Code     2  startup_asm.o(.text)
    UsageFault_Handler                       0x1ffc06a9   Thumb Code     2  startup_asm.o(.text)
    DebugMon_Handler                         0x1ffc06ad   Thumb Code     2  startup_asm.o(.text)
    HW_TIMER3_IRQ_Handler                    0x1ffc06bb   Thumb Code     2  startup_asm.o(.text)
    PWM0_IRQ_Handler                         0x1ffc06bd   Thumb Code     2  startup_asm.o(.text)
    PWM1_IRQ_Handler                         0x1ffc06bf   Thumb Code     2  startup_asm.o(.text)
    PWM2_IRQ_Handler                         0x1ffc06c1   Thumb Code     2  startup_asm.o(.text)
    WDT_IRQ_Handler                          0x1ffc06c3   Thumb Code     2  startup_asm.o(.text)
    SWI0_IRQ_Handler                         0x1ffc06c5   Thumb Code     2  startup_asm.o(.text)
    TDC_IRQ_Handler                          0x1ffc06c7   Thumb Code     2  startup_asm.o(.text)
    GPIO_IRQ_Handler                         0x1ffc06c9   Thumb Code     2  startup_asm.o(.text)
    DMA020_IRQ_Handler                       0x1ffc06cb   Thumb Code     2  startup_asm.o(.text)
    DMA020_TC_IRQ_Handler                    0x1ffc06cd   Thumb Code     2  startup_asm.o(.text)
    DMA020_ERR_IRQ_Handler                   0x1ffc06cf   Thumb Code     2  startup_asm.o(.text)
    I2C0_IRQ_Handler                         0x1ffc06d1   Thumb Code     2  startup_asm.o(.text)
    I2C1_IRQ_Handler                         0x1ffc06d3   Thumb Code     2  startup_asm.o(.text)
    I2C2_IRQ_Handler                         0x1ffc06d5   Thumb Code     2  startup_asm.o(.text)
    UART0_IRQ_Handler                        0x1ffc06d7   Thumb Code     2  startup_asm.o(.text)
    UART1_IRQ_Handler                        0x1ffc06d9   Thumb Code     2  startup_asm.o(.text)
    SSP0_IRQ_Handler                         0x1ffc06db   Thumb Code     2  startup_asm.o(.text)
    SSP1_IRQ_Handler                         0x1ffc06dd   Thumb Code     2  startup_asm.o(.text)
    SPIF_IRQ_Handler                         0x1ffc06df   Thumb Code     2  startup_asm.o(.text)
    SWI1_IRQ_Handler                         0x1ffc06e1   Thumb Code     2  startup_asm.o(.text)
    SWI2_IRQ_Handler                         0x1ffc06e3   Thumb Code     2  startup_asm.o(.text)
    SWI3_IRQ_Handler                         0x1ffc06e5   Thumb Code     2  startup_asm.o(.text)
    DMA030_IRQ_Handler                       0x1ffc06e7   Thumb Code     2  startup_asm.o(.text)
    DMA030_TC_IRQ_Handler                    0x1ffc06e9   Thumb Code     2  startup_asm.o(.text)
    DMA030_ERR_IRQ_Handler                   0x1ffc06eb   Thumb Code     2  startup_asm.o(.text)
    CSI_RX0_IRQ_Handler                      0x1ffc06ed   Thumb Code     2  startup_asm.o(.text)
    D2A0_IRQ_Handler                         0x1ffc06ef   Thumb Code     2  startup_asm.o(.text)
    CSI_RX1_IRQ_Handler                      0x1ffc06f1   Thumb Code     2  startup_asm.o(.text)
    D2A1_IRQ_Handler                         0x1ffc06f3   Thumb Code     2  startup_asm.o(.text)
    SGI_IRQ_Handler                          0x1ffc06f5   Thumb Code     2  startup_asm.o(.text)
    SWI4_IRQ_Handler                         0x1ffc06f7   Thumb Code     2  startup_asm.o(.text)
    SWI5_IRQ_Handler                         0x1ffc06f9   Thumb Code     2  startup_asm.o(.text)
    SWI6_IRQ_Handler                         0x1ffc06fb   Thumb Code     2  startup_asm.o(.text)
    SWI7_IRQ_Handler                         0x1ffc06fd   Thumb Code     2  startup_asm.o(.text)
    SWI8_IRQ_Handler                         0x1ffc06ff   Thumb Code     2  startup_asm.o(.text)
    SWI9_IRQ_Handler                         0x1ffc0701   Thumb Code     2  startup_asm.o(.text)
    SWI10_IRQ_Handler                        0x1ffc0703   Thumb Code     2  startup_asm.o(.text)
    DDR_IRQ_Handler                          0x1ffc0705   Thumb Code     2  startup_asm.o(.text)
    AXIIC_IRQ_Handler                        0x1ffc0707   Thumb Code     2  startup_asm.o(.text)
    H2X0_IRQ_Handler                         0x1ffc0709   Thumb Code     2  startup_asm.o(.text)
    H2X1_IRQ_Handler                         0x1ffc070b   Thumb Code     2  startup_asm.o(.text)
    H2X2_IRQ_Handler                         0x1ffc070d   Thumb Code     2  startup_asm.o(.text)
    USB2_IRQ_Handler                         0x1ffc070f   Thumb Code     2  startup_asm.o(.text)
    USB3_IRQ_Handler                         0x1ffc0711   Thumb Code     2  startup_asm.o(.text)
    SDC0_IRQ_Handler                         0x1ffc0713   Thumb Code     2  startup_asm.o(.text)
    SDC1_IRQ_Handler                         0x1ffc0715   Thumb Code     2  startup_asm.o(.text)
    LCDC_IRQ_Handler                         0x1ffc0717   Thumb Code     2  startup_asm.o(.text)
    LCDC_MERR_IRQ_Handler                    0x1ffc0719   Thumb Code     2  startup_asm.o(.text)
    LCDC_FIFO_IRQ_Handler                    0x1ffc071b   Thumb Code     2  startup_asm.o(.text)
    LCDC_BAUPD_IRQ_Handler                   0x1ffc071d   Thumb Code     2  startup_asm.o(.text)
    LCDC_VSTATUS_IRQ_Handler                 0x1ffc071f   Thumb Code     2  startup_asm.o(.text)
    CRYPTO_IRQ_Handler                       0x1ffc0721   Thumb Code     2  startup_asm.o(.text)
    NPU0_IRQ_Handler                         0x1ffc0723   Thumb Code     2  startup_asm.o(.text)
    NPU1_IRQ_Handler                         0x1ffc0725   Thumb Code     2  startup_asm.o(.text)
    NPU2_IRQ_Handler                         0x1ffc0727   Thumb Code     2  startup_asm.o(.text)
    NPU3_IRQ_Handler                         0x1ffc0729   Thumb Code     2  startup_asm.o(.text)
    NPU4_IRQ_Handler                         0x1ffc072b   Thumb Code     2  startup_asm.o(.text)
    NPU5_IRQ_Handler                         0x1ffc072d   Thumb Code     2  startup_asm.o(.text)
    NPU6_IRQ_Handler                         0x1ffc072f   Thumb Code     2  startup_asm.o(.text)
    NPU7_IRQ_Handler                         0x1ffc0731   Thumb Code     2  startup_asm.o(.text)
    SVC_Handler                              0x1ffc0741   Thumb Code   152  irq_cm4f.o(.text)
    PendSV_Handler                           0x1ffc07d9   Thumb Code    16  irq_cm4f.o(.text)
    SysTick_Handler                          0x1ffc07e9   Thumb Code    16  irq_cm4f.o(.text)
    rand                                     0x1ffc0805   Thumb Code    20  rand.o(.text)
    srand                                    0x1ffc0819   Thumb Code     6  rand.o(.text)
    __aeabi_memcpy                           0x1ffc0829   Thumb Code    36  memcpya.o(.text)
    __aeabi_memcpy4                          0x1ffc0829   Thumb Code     0  memcpya.o(.text)
    __aeabi_memcpy8                          0x1ffc0829   Thumb Code     0  memcpya.o(.text)
    __aeabi_memset                           0x1ffc084d   Thumb Code    14  memseta.o(.text)
    __aeabi_memset4                          0x1ffc084d   Thumb Code     0  memseta.o(.text)
    __aeabi_memset8                          0x1ffc084d   Thumb Code     0  memseta.o(.text)
    __aeabi_memclr                           0x1ffc085b   Thumb Code     4  memseta.o(.text)
    __aeabi_memclr4                          0x1ffc085b   Thumb Code     0  memseta.o(.text)
    __aeabi_memclr8                          0x1ffc085b   Thumb Code     0  memseta.o(.text)
    _memset$wrapper                          0x1ffc085f   Thumb Code    18  memseta.o(.text)
    strlen                                   0x1ffc0871   Thumb Code    14  strlen.o(.text)
    memcmp                                   0x1ffc087f   Thumb Code    26  memcmp.o(.text)
    __aeabi_f2d                              0x1ffc0899   Thumb Code    38  f2d.o(.text)
    __aeabi_uidiv                            0x1ffc08bf   Thumb Code     0  uidiv.o(.text)
    __aeabi_uidivmod                         0x1ffc08bf   Thumb Code    44  uidiv.o(.text)
    __aeabi_uldivmod                         0x1ffc08eb   Thumb Code    98  uldiv.o(.text)
    __I$use$fp                               0x1ffc094d   Thumb Code     0  iusefp.o(.text)
    __aeabi_dadd                             0x1ffc094d   Thumb Code   322  dadd.o(.text)
    __aeabi_dsub                             0x1ffc0a8f   Thumb Code     6  dadd.o(.text)
    __aeabi_drsub                            0x1ffc0a95   Thumb Code     6  dadd.o(.text)
    __aeabi_dmul                             0x1ffc0a9b   Thumb Code   228  dmul.o(.text)
    __aeabi_ddiv                             0x1ffc0b7f   Thumb Code   222  ddiv.o(.text)
    __aeabi_d2ulz                            0x1ffc0c5d   Thumb Code    48  dfixul.o(.text)
    __aeabi_cdrcmple                         0x1ffc0c8d   Thumb Code    48  cdrcmple.o(.text)
    __scatterload                            0x1ffc0cbd   Thumb Code    28  init.o(.text)
    __scatterload_rt2                        0x1ffc0cbd   Thumb Code     0  init.o(.text)
    __aeabi_llsl                             0x1ffc0ce1   Thumb Code    30  llshl.o(.text)
    _ll_shift_l                              0x1ffc0ce1   Thumb Code     0  llshl.o(.text)
    __aeabi_llsr                             0x1ffc0cff   Thumb Code    32  llushr.o(.text)
    _ll_ushift_r                             0x1ffc0cff   Thumb Code     0  llushr.o(.text)
    __aeabi_lasr                             0x1ffc0d1f   Thumb Code    36  llsshr.o(.text)
    _ll_sshift_r                             0x1ffc0d1f   Thumb Code     0  llsshr.o(.text)
    _double_round                            0x1ffc0d43   Thumb Code    30  depilogue.o(.text)
    _double_epilogue                         0x1ffc0d61   Thumb Code   156  depilogue.o(.text)
    __decompress                             0x1ffc0dfd   Thumb Code     0  __dczerorl2.o(.text)
    __decompress1                            0x1ffc0dfd   Thumb Code    86  __dczerorl2.o(.text)
    EvrRtxDelayCompleted                     0x1ffc0e6b   Thumb Code     2  rtx_evr.o(i.EvrRtxDelayCompleted)
    EvrRtxEventFlagsWaitTimeout              0x1ffc0e6d   Thumb Code     2  rtx_evr.o(i.EvrRtxEventFlagsWaitTimeout)
    EvrRtxKernelError                        0x1ffc0e6f   Thumb Code     2  rtx_evr.o(i.EvrRtxKernelError)
    EvrRtxKernelGetState                     0x1ffc0e71   Thumb Code     2  rtx_evr.o(i.EvrRtxKernelGetState)
    EvrRtxKernelGetTickCount                 0x1ffc0e73   Thumb Code     2  rtx_evr.o(i.EvrRtxKernelGetTickCount)
    EvrRtxKernelGetTickFreq                  0x1ffc0e75   Thumb Code     2  rtx_evr.o(i.EvrRtxKernelGetTickFreq)
    EvrRtxKernelInitialize                   0x1ffc0e77   Thumb Code     2  rtx_evr.o(i.EvrRtxKernelInitialize)
    EvrRtxKernelInitialized                  0x1ffc0e79   Thumb Code     2  rtx_evr.o(i.EvrRtxKernelInitialized)
    EvrRtxKernelStart                        0x1ffc0e7b   Thumb Code     2  rtx_evr.o(i.EvrRtxKernelStart)
    EvrRtxKernelStarted                      0x1ffc0e7d   Thumb Code     2  rtx_evr.o(i.EvrRtxKernelStarted)
    EvrRtxMemoryAlloc                        0x1ffc0e7f   Thumb Code     2  rtx_evr.o(i.EvrRtxMemoryAlloc)
    EvrRtxMemoryBlockAlloc                   0x1ffc0e81   Thumb Code     2  rtx_evr.o(i.EvrRtxMemoryBlockAlloc)
    EvrRtxMemoryBlockFree                    0x1ffc0e83   Thumb Code     2  rtx_evr.o(i.EvrRtxMemoryBlockFree)
    EvrRtxMemoryBlockInit                    0x1ffc0e85   Thumb Code     2  rtx_evr.o(i.EvrRtxMemoryBlockInit)
    EvrRtxMemoryFree                         0x1ffc0e87   Thumb Code     2  rtx_evr.o(i.EvrRtxMemoryFree)
    EvrRtxMemoryInit                         0x1ffc0e89   Thumb Code     2  rtx_evr.o(i.EvrRtxMemoryInit)
    EvrRtxMemoryPoolAllocTimeout             0x1ffc0e8b   Thumb Code     2  rtx_evr.o(i.EvrRtxMemoryPoolAllocTimeout)
    EvrRtxMessageQueueCreated                0x1ffc0e8d   Thumb Code     2  rtx_evr.o(i.EvrRtxMessageQueueCreated)
    EvrRtxMessageQueueError                  0x1ffc0e8f   Thumb Code     2  rtx_evr.o(i.EvrRtxMessageQueueError)
    EvrRtxMessageQueueGet                    0x1ffc0e91   Thumb Code     2  rtx_evr.o(i.EvrRtxMessageQueueGet)
    EvrRtxMessageQueueGetPending             0x1ffc0e93   Thumb Code     2  rtx_evr.o(i.EvrRtxMessageQueueGetPending)
    EvrRtxMessageQueueGetTimeout             0x1ffc0e95   Thumb Code     2  rtx_evr.o(i.EvrRtxMessageQueueGetTimeout)
    EvrRtxMessageQueueInsertPending          0x1ffc0e97   Thumb Code     2  rtx_evr.o(i.EvrRtxMessageQueueInsertPending)
    EvrRtxMessageQueueInserted               0x1ffc0e99   Thumb Code     2  rtx_evr.o(i.EvrRtxMessageQueueInserted)
    EvrRtxMessageQueueNew                    0x1ffc0e9b   Thumb Code     2  rtx_evr.o(i.EvrRtxMessageQueueNew)
    EvrRtxMessageQueueNotInserted            0x1ffc0e9d   Thumb Code     2  rtx_evr.o(i.EvrRtxMessageQueueNotInserted)
    EvrRtxMessageQueueNotRetrieved           0x1ffc0e9f   Thumb Code     2  rtx_evr.o(i.EvrRtxMessageQueueNotRetrieved)
    EvrRtxMessageQueuePut                    0x1ffc0ea1   Thumb Code     2  rtx_evr.o(i.EvrRtxMessageQueuePut)
    EvrRtxMessageQueuePutPending             0x1ffc0ea3   Thumb Code     2  rtx_evr.o(i.EvrRtxMessageQueuePutPending)
    EvrRtxMessageQueuePutTimeout             0x1ffc0ea5   Thumb Code     2  rtx_evr.o(i.EvrRtxMessageQueuePutTimeout)
    EvrRtxMessageQueueRetrieved              0x1ffc0ea7   Thumb Code     2  rtx_evr.o(i.EvrRtxMessageQueueRetrieved)
    EvrRtxMutexAcquire                       0x1ffc0ea9   Thumb Code     2  rtx_evr.o(i.EvrRtxMutexAcquire)
    EvrRtxMutexAcquirePending                0x1ffc0eab   Thumb Code     2  rtx_evr.o(i.EvrRtxMutexAcquirePending)
    EvrRtxMutexAcquireTimeout                0x1ffc0ead   Thumb Code     2  rtx_evr.o(i.EvrRtxMutexAcquireTimeout)
    EvrRtxMutexAcquired                      0x1ffc0eaf   Thumb Code     2  rtx_evr.o(i.EvrRtxMutexAcquired)
    EvrRtxMutexError                         0x1ffc0eb1   Thumb Code     2  rtx_evr.o(i.EvrRtxMutexError)
    EvrRtxMutexNotAcquired                   0x1ffc0eb3   Thumb Code     2  rtx_evr.o(i.EvrRtxMutexNotAcquired)
    EvrRtxMutexRelease                       0x1ffc0eb5   Thumb Code     2  rtx_evr.o(i.EvrRtxMutexRelease)
    EvrRtxMutexReleased                      0x1ffc0eb7   Thumb Code     2  rtx_evr.o(i.EvrRtxMutexReleased)
    EvrRtxSemaphoreAcquireTimeout            0x1ffc0eb9   Thumb Code     2  rtx_evr.o(i.EvrRtxSemaphoreAcquireTimeout)
    EvrRtxThreadBlocked                      0x1ffc0ebb   Thumb Code     2  rtx_evr.o(i.EvrRtxThreadBlocked)
    EvrRtxThreadCreated                      0x1ffc0ebd   Thumb Code     2  rtx_evr.o(i.EvrRtxThreadCreated)
    EvrRtxThreadDestroyed                    0x1ffc0ebf   Thumb Code     2  rtx_evr.o(i.EvrRtxThreadDestroyed)
    EvrRtxThreadError                        0x1ffc0ec1   Thumb Code     2  rtx_evr.o(i.EvrRtxThreadError)
    EvrRtxThreadExit                         0x1ffc0ec3   Thumb Code     2  rtx_evr.o(i.EvrRtxThreadExit)
    EvrRtxThreadFlagsError                   0x1ffc0ec5   Thumb Code     2  rtx_evr.o(i.EvrRtxThreadFlagsError)
    EvrRtxThreadFlagsSet                     0x1ffc0ec7   Thumb Code     2  rtx_evr.o(i.EvrRtxThreadFlagsSet)
    EvrRtxThreadFlagsSetDone                 0x1ffc0ec9   Thumb Code     2  rtx_evr.o(i.EvrRtxThreadFlagsSetDone)
    EvrRtxThreadFlagsWaitCompleted           0x1ffc0ecb   Thumb Code     2  rtx_evr.o(i.EvrRtxThreadFlagsWaitCompleted)
    EvrRtxThreadFlagsWaitTimeout             0x1ffc0ecd   Thumb Code     2  rtx_evr.o(i.EvrRtxThreadFlagsWaitTimeout)
    EvrRtxThreadJoined                       0x1ffc0ecf   Thumb Code     2  rtx_evr.o(i.EvrRtxThreadJoined)
    EvrRtxThreadPreempted                    0x1ffc0ed1   Thumb Code     2  rtx_evr.o(i.EvrRtxThreadPreempted)
    EvrRtxThreadSwitched                     0x1ffc0ed3   Thumb Code     2  rtx_evr.o(i.EvrRtxThreadSwitched)
    EvrRtxThreadUnblocked                    0x1ffc0ed5   Thumb Code     2  rtx_evr.o(i.EvrRtxThreadUnblocked)
    EvrRtxTimerCallback                      0x1ffc0ed7   Thumb Code     2  rtx_evr.o(i.EvrRtxTimerCallback)
    HW_TIMER0_IRQ_Handler                    0x1ffc0ed9   Thumb Code    10  kdrv_timer.o(i.HW_TIMER0_IRQ_Handler)
    HW_TIMER1_IRQ_Handler                    0x1ffc0ee3   Thumb Code    10  kdrv_timer.o(i.HW_TIMER1_IRQ_Handler)
    HW_TIMER2_IRQ_Handler                    0x1ffc0eed   Thumb Code    12  kdrv_timer.o(i.HW_TIMER2_IRQ_Handler)
    OS_Tick_AcknowledgeIRQ                   0x1ffc1055   Thumb Code     8  os_systick.o(i.OS_Tick_AcknowledgeIRQ)
    OS_Tick_Enable                           0x1ffc105d   Thumb Code    38  os_systick.o(i.OS_Tick_Enable)
    OS_Tick_GetIRQn                          0x1ffc108d   Thumb Code     6  os_systick.o(i.OS_Tick_GetIRQn)
    OS_Tick_Setup                            0x1ffc1095   Thumb Code    66  os_systick.o(i.OS_Tick_Setup)
    SYS_IRQ_Handler                          0x1ffc10e5   Thumb Code    72  kdrv_system.o(i.SYS_IRQ_Handler)
    StartupInit                              0x1ffc1135   Thumb Code    30  startup.o(i.StartupInit)
    SystemCoreClockUpdate                    0x1ffc1165   Thumb Code     8  startup.o(i.SystemCoreClockUpdate)
    UART0_ISR                                0x1ffc1239   Thumb Code    10  kdrv_uart.o(i.UART0_ISR)
    UART1_ISR                                0x1ffc1243   Thumb Code    10  kdrv_uart.o(i.UART1_ISR)
    UART_ISR                                 0x1ffc124d   Thumb Code   214  kdrv_uart.o(i.UART_ISR)
    __0printf                                0x1ffc14fd   Thumb Code    22  printfa.o(i.__0printf)
    __1printf                                0x1ffc14fd   Thumb Code     0  printfa.o(i.__0printf)
    __2printf                                0x1ffc14fd   Thumb Code     0  printfa.o(i.__0printf)
    __c89printf                              0x1ffc14fd   Thumb Code     0  printfa.o(i.__0printf)
    printf                                   0x1ffc14fd   Thumb Code     0  printfa.o(i.__0printf)
    __0sprintf                               0x1ffc151d   Thumb Code    34  printfa.o(i.__0sprintf)
    __1sprintf                               0x1ffc151d   Thumb Code     0  printfa.o(i.__0sprintf)
    __2sprintf                               0x1ffc151d   Thumb Code     0  printfa.o(i.__0sprintf)
    __c89sprintf                             0x1ffc151d   Thumb Code     0  printfa.o(i.__0sprintf)
    sprintf                                  0x1ffc151d   Thumb Code     0  printfa.o(i.__0sprintf)
    __0vsnprintf                             0x1ffc1545   Thumb Code    46  printfa.o(i.__0vsnprintf)
    __1vsnprintf                             0x1ffc1545   Thumb Code     0  printfa.o(i.__0vsnprintf)
    __2vsnprintf                             0x1ffc1545   Thumb Code     0  printfa.o(i.__0vsnprintf)
    __c89vsnprintf                           0x1ffc1545   Thumb Code     0  printfa.o(i.__0vsnprintf)
    vsnprintf                                0x1ffc1545   Thumb Code     0  printfa.o(i.__0vsnprintf)
    __scatterload_copy                       0x1ffc165d   Thumb Code    14  handlers.o(i.__scatterload_copy)
    __scatterload_null                       0x1ffc166b   Thumb Code     2  handlers.o(i.__scatterload_null)
    __scatterload_zeroinit                   0x1ffc166d   Thumb Code    14  handlers.o(i.__scatterload_zeroinit)
    add_delay                                0x1ffc1f4b   Thumb Code    16  kdrv_ddr.o(i.add_delay)
    drv_initialize                           0x1ffc1f5b   Thumb Code    26  driver_init.o(i.drv_initialize)
    fputc                                    0x1ffc1f75   Thumb Code    48  kdrv_uart.o(i.fputc)
    free                                     0x1ffc1fa9   Thumb Code    76  malloc.o(i.free)
    kdrv_clock_ado_clock_set                 0x1ffc21d5   Thumb Code    96  kdrv_clock.o(i.kdrv_clock_ado_clock_set)
    kdrv_clock_axiddr_clock_set              0x1ffc2239   Thumb Code    56  kdrv_clock.o(i.kdrv_clock_axiddr_clock_set)
    kdrv_clock_dsp_clock_set                 0x1ffc2275   Thumb Code   132  kdrv_clock.o(i.kdrv_clock_dsp_clock_set)
    kdrv_clock_inititialize                  0x1ffc22fd   Thumb Code   102  kdrv_clock.o(i.kdrv_clock_inititialize)
    kdrv_clock_npu_clock_set                 0x1ffc237d   Thumb Code   132  kdrv_clock.o(i.kdrv_clock_npu_clock_set)
    kdrv_ddr_Initialize                      0x1ffc2405   Thumb Code  1430  kdrv_ddr.o(i.kdrv_ddr_Initialize)
    kdrv_ddr_read_delayline_info             0x1ffc29b9   Thumb Code     2  kdrv_ddr.o(i.kdrv_ddr_read_delayline_info)
    kdrv_delay_us                            0x1ffc29bd   Thumb Code    34  kdrv_clock.o(i.kdrv_delay_us)
    kdrv_power_ops                           0x1ffc29e9   Thumb Code    34  kdrv_power.o(i.kdrv_power_ops)
    kdrv_power_set_domain                    0x1ffc2a0d   Thumb Code    74  kdrv_power.o(i.kdrv_power_set_domain)
    kdrv_power_set_powermode                 0x1ffc2a5d   Thumb Code   186  kdrv_power.o(i.kdrv_power_set_powermode)
    kdrv_power_set_wakeup_src                0x1ffc2b21   Thumb Code    10  kdrv_power.o(i.kdrv_power_set_wakeup_src)
    kdrv_sdc_dev_scan                        0x1ffc2d1d   Thumb Code    86  kdrv_sdc.o(i.kdrv_sdc_dev_scan)
    kdrv_sdc_get_dev                         0x1ffc31c9   Thumb Code    18  kdrv_sdc.o(i.kdrv_sdc_get_dev)
    kdrv_sdc_initialize                      0x1ffc3441   Thumb Code   178  kdrv_sdc.o(i.kdrv_sdc_initialize)
    kdrv_sdc_read                            0x1ffc43fd   Thumb Code    54  kdrv_sdc.o(i.kdrv_sdc_read)
    kdrv_sdc_uninitialize                    0x1ffc5bf9   Thumb Code    98  kdrv_sdc.o(i.kdrv_sdc_uninitialize)
    kdrv_sdc_write                           0x1ffc5d4d   Thumb Code    54  kdrv_sdc.o(i.kdrv_sdc_write)
    kdrv_status_msg_show                     0x1ffc5f49   Thumb Code    10  ex_sdc_test.o(i.kdrv_status_msg_show)
    kdrv_system_initialize                   0x1ffc5f59   Thumb Code   168  kdrv_system.o(i.kdrv_system_initialize)
    kdrv_timer_get_bit                       0x1ffc6145   Thumb Code    24  kdrv_timer.o(i.kdrv_timer_get_bit)
    kdrv_timer_initialize                    0x1ffc615d   Thumb Code   100  kdrv_timer.o(i.kdrv_timer_initialize)
    kdrv_timer_irqhandler                    0x1ffc61f5   Thumb Code   226  kdrv_timer.o(i.kdrv_timer_irqhandler)
    kdrv_timer_perf_get_instant              0x1ffc62e1   Thumb Code   208  kdrv_timer.o(i.kdrv_timer_perf_get_instant)
    kdrv_timer_perf_measure_start            0x1ffc63b9   Thumb Code    26  kdrv_timer.o(i.kdrv_timer_perf_measure_start)
    kdrv_timer_perf_open                     0x1ffc63d9   Thumb Code   102  kdrv_timer.o(i.kdrv_timer_perf_open)
    kdrv_timer_perf_reset                    0x1ffc6445   Thumb Code   102  kdrv_timer.o(i.kdrv_timer_perf_reset)
    kdrv_timer_perf_set                      0x1ffc64b1   Thumb Code   528  kdrv_timer.o(i.kdrv_timer_perf_set)
    kdrv_timer_register                      0x1ffc66c5   Thumb Code    90  kdrv_timer.o(i.kdrv_timer_register)
    kdrv_uart_configure                      0x1ffc677d   Thumb Code   912  kdrv_uart.o(i.kdrv_uart_configure)
    kdrv_uart_console_init                   0x1ffc6b11   Thumb Code    90  kdrv_uart.o(i.kdrv_uart_console_init)
    kdrv_uart_initialize                     0x1ffc6b75   Thumb Code    26  kdrv_uart.o(i.kdrv_uart_initialize)
    kdrv_uart_open                           0x1ffc6b99   Thumb Code   262  kdrv_uart.o(i.kdrv_uart_open)
    kdrv_uart_write                          0x1ffc6cb5   Thumb Code   190  kdrv_uart.o(i.kdrv_uart_write)
    kmdw_console_get_log_level_scpu          0x1ffc6d79   Thumb Code     6  kmdw_console.o(i.kmdw_console_get_log_level_scpu)
    kmdw_level_printf                        0x1ffc6d85   Thumb Code   398  kmdw_console.o(i.kmdw_level_printf)
    main                                     0x1ffc6f31   Thumb Code    36  ex_sdc_main.o(i.main)
    malloc                                   0x1ffc6f55   Thumb Code    92  malloc.o(i.malloc)
    osKernelGetState                         0x1ffc6fc1   Thumb Code    44  rtx_kernel.o(i.osKernelGetState)
    osKernelGetTickCount                     0x1ffc6ff1   Thumb Code    38  rtx_kernel.o(i.osKernelGetTickCount)
    osKernelGetTickFreq                      0x1ffc701d   Thumb Code    38  rtx_kernel.o(i.osKernelGetTickFreq)
    osKernelInitialize                       0x1ffc7049   Thumb Code    52  rtx_kernel.o(i.osKernelInitialize)
    osKernelStart                            0x1ffc7081   Thumb Code    48  rtx_kernel.o(i.osKernelStart)
    osMessageQueueGet                        0x1ffc70b5   Thumb Code    78  rtx_msgqueue.o(i.osMessageQueueGet)
    osMessageQueueNew                        0x1ffc7109   Thumb Code    70  rtx_msgqueue.o(i.osMessageQueueNew)
    osMessageQueuePut                        0x1ffc7155   Thumb Code    78  rtx_msgqueue.o(i.osMessageQueuePut)
    osMutexAcquire                           0x1ffc71a9   Thumb Code    62  rtx_mutex.o(i.osMutexAcquire)
    osMutexRelease                           0x1ffc71ed   Thumb Code    56  rtx_mutex.o(i.osMutexRelease)
    osRtxErrorNotify                         0x1ffc7229   Thumb Code    54  rtx_config.o(i.osRtxErrorNotify)
    osRtxIdleThread                          0x1ffc72b5   Thumb Code     4  rtx_config.o(i.osRtxIdleThread)
    osRtxKernelPreInit                       0x1ffc72c5   Thumb Code     2  rtx_kernel.o(i.osRtxKernelPreInit)
    osRtxMemoryAlloc                         0x1ffc72c7   Thumb Code   238  rtx_memory.o(i.osRtxMemoryAlloc)
    osRtxMemoryFree                          0x1ffc73b5   Thumb Code   124  rtx_memory.o(i.osRtxMemoryFree)
    osRtxMemoryInit                          0x1ffc7431   Thumb Code   106  rtx_memory.o(i.osRtxMemoryInit)
    osRtxMemoryPoolAlloc                     0x1ffc749b   Thumb Code    48  rtx_mempool.o(i.osRtxMemoryPoolAlloc)
    osRtxMemoryPoolFree                      0x1ffc74cb   Thumb Code    68  rtx_mempool.o(i.osRtxMemoryPoolFree)
    osRtxMemoryPoolInit                      0x1ffc750f   Thumb Code    88  rtx_mempool.o(i.osRtxMemoryPoolInit)
    osRtxMutexOwnerRelease                   0x1ffc766f   Thumb Code   102  rtx_mutex.o(i.osRtxMutexOwnerRelease)
    osRtxPendSV_Handler                      0x1ffc76d5   Thumb Code   130  rtx_system.o(i.osRtxPendSV_Handler)
    osRtxPostProcess                         0x1ffc775d   Thumb Code    50  rtx_system.o(i.osRtxPostProcess)
    osRtxThreadDelayTick                     0x1ffc789d   Thumb Code   220  rtx_thread.o(i.osRtxThreadDelayTick)
    osRtxThreadDispatch                      0x1ffc797d   Thumb Code   102  rtx_thread.o(i.osRtxThreadDispatch)
    osRtxThreadListGet                       0x1ffc7a59   Thumb Code    26  rtx_thread.o(i.osRtxThreadListGet)
    osRtxThreadListPut                       0x1ffc7a73   Thumb Code    44  rtx_thread.o(i.osRtxThreadListPut)
    osRtxThreadListRemove                    0x1ffc7a9f   Thumb Code    26  rtx_thread.o(i.osRtxThreadListRemove)
    osRtxThreadListSort                      0x1ffc7ac9   Thumb Code    42  rtx_thread.o(i.osRtxThreadListSort)
    osRtxThreadReadyPut                      0x1ffc7b29   Thumb Code    18  rtx_thread.o(i.osRtxThreadReadyPut)
    osRtxThreadRegPtr                        0x1ffc7b41   Thumb Code    24  rtx_thread.o(i.osRtxThreadRegPtr)
    osRtxThreadStackCheck                    0x1ffc7b65   Thumb Code    38  rtx_thread.o(i.osRtxThreadStackCheck)
    osRtxThreadStartup                       0x1ffc7b91   Thumb Code    60  rtx_thread.o(i.osRtxThreadStartup)
    osRtxThreadSwitch                        0x1ffc7bdd   Thumb Code    24  rtx_thread.o(i.osRtxThreadSwitch)
    osRtxThreadWaitEnter                     0x1ffc7bf9   Thumb Code    72  rtx_thread.o(i.osRtxThreadWaitEnter)
    osRtxThreadWaitExit                      0x1ffc7c45   Thumb Code    54  rtx_thread.o(i.osRtxThreadWaitExit)
    osRtxTick_Handler                        0x1ffc7c7d   Thumb Code   154  rtx_system.o(i.osRtxTick_Handler)
    osRtxTimerThread                         0x1ffc7d1d   Thumb Code    66  rtx_timer.o(i.osRtxTimerThread)
    osThreadExit                             0x1ffc7dc9   Thumb Code    28  rtx_thread.o(i.osThreadExit)
    osThreadFlagsSet                         0x1ffc7de9   Thumb Code    58  rtx_thread.o(i.osThreadFlagsSet)
    release_axi_rst                          0x1ffc7e29   Thumb Code    24  kdrv_ddr.o(i.release_axi_rst)
    sdc_ext_cid_display                      0x1ffc7e59   Thumb Code   392  ex_sdc_test.o(i.sdc_ext_cid_display)
    sdc_ext_csd_display                      0x1ffc80c5   Thumb Code   238  ex_sdc_test.o(i.sdc_ext_csd_display)
    sdc_rw_stress_test                       0x1ffc83d1   Thumb Code   196  ex_sdc_test.o(i.sdc_rw_stress_test)
    sdc_scr_display                          0x1ffc8519   Thumb Code   122  ex_sdc_test.o(i.sdc_scr_display)
    sdc_selftest                             0x1ffc86bd   Thumb Code   198  ex_sdc_test.o(i.sdc_selftest)
    sys_initialize                           0x1ffc9549   Thumb Code    16  system_init.o(i.sys_initialize)
    scpu_clk_tbl                             0x1ffc9624   Data          12  kdrv_clock.o(.constdata)
    axi_ddr_clk_tbl                          0x1ffc9630   Data         100  kdrv_clock.o(.constdata)
    mrx1_clk_tbl                             0x1ffc9694   Data          20  kdrv_clock.o(.constdata)
    mrx0_clk_tbl                             0x1ffc96a8   Data          40  kdrv_clock.o(.constdata)
    npu_clk_tbl                              0x1ffc96d0   Data         180  kdrv_clock.o(.constdata)
    dsp_clk_tbl                              0x1ffc9784   Data          80  kdrv_clock.o(.constdata)
    ado_clk_tbl                              0x1ffc97d4   Data          20  kdrv_clock.o(.constdata)
    osRtxUserSVC                             0x1ffc9878   Data           4  rtx_lib.o(.constdata)
    osRtxConfig                              0x1ffc9fa4   Data         104  rtx_lib.o(.rodata)
    os_cb_sections                           0x1ffca00c   Data          56  rtx_lib.o(.rodata)
    Region$$Table$$Base                      0x1ffca044   Number         0  anon$$obj.o(Region$$Table)
    Region$$Table$$Limit                     0x1ffca064   Number         0  anon$$obj.o(Region$$Table)
    .bss.os.msgqueue.cb$$Base                0x1ffe2040   Number         0  rtx_lib.o(.bss.os.msgqueue.cb)
    .bss.os.msgqueue.cb$$Limit               0x1ffe2074   Number         0  rtx_lib.o(.bss.os.msgqueue.cb)
    .bss.os.thread.cb$$Base                  0x1ffe20c4   Number         0  rtx_lib.o(.bss.os.thread.cb)
    .bss.os.thread.cb$$Limit                 0x1ffe2548   Number         0  rtx_lib.o(.bss.os.thread.cb)
    abort_type_table                         0x1ffe2750   Data          12  ex_sdc_test.o(.data)
    transfer_speed_table                     0x1ffe275c   Data          24  ex_sdc_test.o(.data)
    transfer_type_table                      0x1ffe2774   Data          20  ex_sdc_test.o(.data)
    kdrv_status_msg                          0x1ffe2788   Data         152  ex_sdc_test.o(.data)
    sysclk_opt                               0x1ffe2820   Data          24  system_init.o(.data)
    scpu_debug_flags                         0x1ffe2838   Data           4  kmdw_console.o(.data)
    logger_tid                               0x1ffe283c   Data           4  kmdw_console.o(.data)
    logger_mutex_id                          0x1ffe2840   Data           4  kmdw_console.o(.data)
    _print_callback                          0x1ffe2848   Data           4  kmdw_console.o(.data)
    gUartIRQTbl                              0x1ffe2850   Data           2  kdrv_uart.o(.data)
    gUartISRs                                0x1ffe2854   Data           8  kdrv_uart.o(.data)
    gUartClk                                 0x1ffe285c   Data           8  kdrv_uart.o(.data)
    uart_baud_rate_map                       0x1ffe2870   Data          44  kdrv_uart.o(.data)
    timer_used_mask                          0x1ffe289c   Data           4  kdrv_timer.o(.data)
    timer_wakeup                             0x1ffe28a0   Data           4  kdrv_timer.o(.data)
    perftimerid                              0x1ffe28a4   Data           4  kdrv_timer.o(.data)
    timer_inited                             0x1ffe28a8   Data           4  kdrv_timer.o(.data)
    bootup_status                            0x1ffe28b0   Data           4  kdrv_system.o(.data)
    warm_boot                                0x1ffe28b4   Data           4  kdrv_system.o(.data)
    __sys_int_flag                           0x1ffe28b8   Data           4  kdrv_system.o(.data)
    current_power_mode                       0x1ffe28bc   Data           4  kdrv_power.o(.data)
    power_status                             0x1ffe28c0   Data          68  kdrv_power.o(.data)
    ddr_clk_dynamic_reg                      0x1ffe2908   Data         520  kdrv_ddr.o(.data)
    sdc0_res                                 0x1ffe2b10   Data          40  kdrv_sdc.o(.data)
    sdc1_res                                 0x1ffe2b38   Data          40  kdrv_sdc.o(.data)
    sdma_bound_mask                          0x1ffe2b68   Data           4  kdrv_sdc.o(.data)
    err_recover                              0x1ffe2b6c   Data           1  kdrv_sdc.o(.data)
    rd_bl_len                                0x1ffe2b70   Data           4  kdrv_sdc.o(.data)
    wr_bl_len                                0x1ffe2b74   Data           4  kdrv_sdc.o(.data)
    SystemCoreClock                          0x1ffe2b78   Data           4  startup.o(.data)
    __stdout                                 0x1ffe2b84   Data           4  stdout.o(.data)
    __microlib_freelist                      0x1ffe2b88   Data           4  mvars.o(.data)
    __microlib_freelist_initialised          0x1ffe2b8c   Data           4  mvars.o(.data)
    osRtxInfo                                0x1ffe2b90   Data         164  rtx_kernel.o(.data.os)
    logger_mgt                               0x1ffe2c4c   Data          12  kmdw_console.o(.bss)
    timer                                    0x1ffe2c64   Data         108  kdrv_timer.o(.bss)
    isrcnt                                   0x1ffe2cd0   Data          12  kdrv_system.o(.bss)
    sdc_adma2_desc_table                     0x1ffe2cdc   Data         512  kdrv_sdc.o(.bss)
    __heap_base                              0x1ffe2ee0   Data           0  startup_asm.o(HEAP)
    __heap_limit                             0x1ffe3ee0   Data           0  startup_asm.o(HEAP)
    __stack_limit                            0x1ffe3ee0   Data           0  startup_asm.o(STACK)
    __initial_sp                             0x1ffe4ee0   Data           0  startup_asm.o(STACK)



==============================================================================

Memory Map of the image

  Image Entry point : 0x1ffc015d

  Load Region SCPU (Base: 0x1ffc0000, Size: 0x0000ccb0, Max: 0x0001fffc, ABSOLUTE, COMPRESSED[0x0000a388])

    Execution Region SCPU_STARTUP (Exec base: 0x1ffc0000, Load base: 0x1ffc0000, Size: 0x00000140, Max: 0xffffffff, ABSOLUTE)

    Exec Addr    Load Addr    Size         Type   Attr      Idx    E Section Name        Object

    0x1ffc0000   0x1ffc0000   0x00000140   Data   RO         1538    VECTOR_TABLE        startup_asm.o


    Execution Region SCPU_HEADER (Exec base: 0x1ffc0140, Load base: 0x1ffc0140, Size: 0x0000001c, Max: 0xffffffff, ABSOLUTE, FIXED)

    Exec Addr    Load Addr    Size         Type   Attr      Idx    E Section Name        Object

    0x1ffc0140   0x1ffc0140   0x0000001c   Data   RO         1539    IMAGE_HEADER        startup_asm.o


    Execution Region SCPU_RO (Exec base: 0x1ffc015c, Load base: 0x1ffc015c, Size: 0x00009f08, Max: 0xffffffff, ABSOLUTE)

    Exec Addr    Load Addr    Size         Type   Attr      Idx    E Section Name        Object

    0x1ffc015c   0x1ffc015c   0x00000000   Code   RO         4399  * .ARM.Collect$$$$00000000  mc_w.l(entry.o)
    0x1ffc015c   0x1ffc015c   0x00000004   Code   RO         4706    .ARM.Collect$$$$00000001  mc_w.l(entry2.o)
    0x1ffc0160   0x1ffc0160   0x00000004   Code   RO         4709    .ARM.Collect$$$$00000004  mc_w.l(entry5.o)
    0x1ffc0164   0x1ffc0164   0x00000000   Code   RO         4711    .ARM.Collect$$$$00000008  mc_w.l(entry7b.o)
    0x1ffc0164   0x1ffc0164   0x00000000   Code   RO         4713    .ARM.Collect$$$$0000000A  mc_w.l(entry8b.o)
    0x1ffc0164   0x1ffc0164   0x00000008   Code   RO         4714    .ARM.Collect$$$$0000000B  mc_w.l(entry9a.o)
    0x1ffc016c   0x1ffc016c   0x00000004   Code   RO         4721    .ARM.Collect$$$$0000000E  mc_w.l(entry12b.o)
    0x1ffc0170   0x1ffc0170   0x00000000   Code   RO         4716    .ARM.Collect$$$$0000000F  mc_w.l(entry10a.o)
    0x1ffc0170   0x1ffc0170   0x00000000   Code   RO         4718    .ARM.Collect$$$$00000011  mc_w.l(entry11a.o)
    0x1ffc0170   0x1ffc0170   0x00000004   Code   RO         4707    .ARM.Collect$$$$00002712  mc_w.l(entry2.o)
    0x1ffc0174   0x1ffc0174   0x00000148   Code   RO         3234    .emb_text           rtx_mempool.o
    0x1ffc02bc   0x1ffc02bc   0x00000148   Code   RO         3396    .emb_text           rtx_msgqueue.o
    0x1ffc0404   0x1ffc0404   0x00000148   Code   RO         3802    .emb_text           rtx_system.o
    0x1ffc054c   0x1ffc054c   0x00000148   Code   RO         3858    .emb_text           rtx_thread.o
    0x1ffc0694   0x1ffc0694   0x000000ac   Code   RO         1540    .text               startup_asm.o
    0x1ffc0740   0x1ffc0740   0x000000c4   Code   RO         1545    .text               irq_cm4f.o
    0x1ffc0804   0x1ffc0804   0x00000024   Code   RO         4402    .text               mc_w.l(rand.o)
    0x1ffc0828   0x1ffc0828   0x00000024   Code   RO         4405    .text               mc_w.l(memcpya.o)
    0x1ffc084c   0x1ffc084c   0x00000024   Code   RO         4407    .text               mc_w.l(memseta.o)
    0x1ffc0870   0x1ffc0870   0x0000000e   Code   RO         4409    .text               mc_w.l(strlen.o)
    0x1ffc087e   0x1ffc087e   0x0000001a   Code   RO         4411    .text               mc_w.l(memcmp.o)
    0x1ffc0898   0x1ffc0898   0x00000026   Code   RO         4704    .text               mf_w.l(f2d.o)
    0x1ffc08be   0x1ffc08be   0x0000002c   Code   RO         4723    .text               mc_w.l(uidiv.o)
    0x1ffc08ea   0x1ffc08ea   0x00000062   Code   RO         4725    .text               mc_w.l(uldiv.o)
    0x1ffc094c   0x1ffc094c   0x00000000   Code   RO         4729    .text               mc_w.l(iusefp.o)
    0x1ffc094c   0x1ffc094c   0x0000014e   Code   RO         4730    .text               mf_w.l(dadd.o)
    0x1ffc0a9a   0x1ffc0a9a   0x000000e4   Code   RO         4732    .text               mf_w.l(dmul.o)
    0x1ffc0b7e   0x1ffc0b7e   0x000000de   Code   RO         4734    .text               mf_w.l(ddiv.o)
    0x1ffc0c5c   0x1ffc0c5c   0x00000030   Code   RO         4736    .text               mf_w.l(dfixul.o)
    0x1ffc0c8c   0x1ffc0c8c   0x00000030   Code   RO         4738    .text               mf_w.l(cdrcmple.o)
    0x1ffc0cbc   0x1ffc0cbc   0x00000024   Code   RO         4740    .text               mc_w.l(init.o)
    0x1ffc0ce0   0x1ffc0ce0   0x0000001e   Code   RO         4742    .text               mc_w.l(llshl.o)
    0x1ffc0cfe   0x1ffc0cfe   0x00000020   Code   RO         4744    .text               mc_w.l(llushr.o)
    0x1ffc0d1e   0x1ffc0d1e   0x00000024   Code   RO         4746    .text               mc_w.l(llsshr.o)
    0x1ffc0d42   0x1ffc0d42   0x000000ba   Code   RO         4748    .text               mf_w.l(depilogue.o)
    0x1ffc0dfc   0x1ffc0dfc   0x00000056   Code   RO         4758    .text               mc_w.l(__dczerorl2.o)
    0x1ffc0e52   0x1ffc0e52   0x00000018   Code   RO          432    i.CheckTxStatus     kdrv_uart.o
    0x1ffc0e6a   0x1ffc0e6a   0x00000002   Code   RO         1883    i.EvrRtxDelayCompleted  rtx_evr.o
    0x1ffc0e6c   0x1ffc0e6c   0x00000002   Code   RO         1903    i.EvrRtxEventFlagsWaitTimeout  rtx_evr.o
    0x1ffc0e6e   0x1ffc0e6e   0x00000002   Code   RO         1904    i.EvrRtxKernelError  rtx_evr.o
    0x1ffc0e70   0x1ffc0e70   0x00000002   Code   RO         1906    i.EvrRtxKernelGetState  rtx_evr.o
    0x1ffc0e72   0x1ffc0e72   0x00000002   Code   RO         1909    i.EvrRtxKernelGetTickCount  rtx_evr.o
    0x1ffc0e74   0x1ffc0e74   0x00000002   Code   RO         1910    i.EvrRtxKernelGetTickFreq  rtx_evr.o
    0x1ffc0e76   0x1ffc0e76   0x00000002   Code   RO         1912    i.EvrRtxKernelInitialize  rtx_evr.o
    0x1ffc0e78   0x1ffc0e78   0x00000002   Code   RO         1913    i.EvrRtxKernelInitialized  rtx_evr.o
    0x1ffc0e7a   0x1ffc0e7a   0x00000002   Code   RO         1920    i.EvrRtxKernelStart  rtx_evr.o
    0x1ffc0e7c   0x1ffc0e7c   0x00000002   Code   RO         1921    i.EvrRtxKernelStarted  rtx_evr.o
    0x1ffc0e7e   0x1ffc0e7e   0x00000002   Code   RO         1926    i.EvrRtxMemoryAlloc  rtx_evr.o
    0x1ffc0e80   0x1ffc0e80   0x00000002   Code   RO         1927    i.EvrRtxMemoryBlockAlloc  rtx_evr.o
    0x1ffc0e82   0x1ffc0e82   0x00000002   Code   RO         1928    i.EvrRtxMemoryBlockFree  rtx_evr.o
    0x1ffc0e84   0x1ffc0e84   0x00000002   Code   RO         1929    i.EvrRtxMemoryBlockInit  rtx_evr.o
    0x1ffc0e86   0x1ffc0e86   0x00000002   Code   RO         1930    i.EvrRtxMemoryFree  rtx_evr.o
    0x1ffc0e88   0x1ffc0e88   0x00000002   Code   RO         1931    i.EvrRtxMemoryInit  rtx_evr.o
    0x1ffc0e8a   0x1ffc0e8a   0x00000002   Code   RO         1935    i.EvrRtxMemoryPoolAllocTimeout  rtx_evr.o
    0x1ffc0e8c   0x1ffc0e8c   0x00000002   Code   RO         1950    i.EvrRtxMessageQueueCreated  rtx_evr.o
    0x1ffc0e8e   0x1ffc0e8e   0x00000002   Code   RO         1953    i.EvrRtxMessageQueueError  rtx_evr.o
    0x1ffc0e90   0x1ffc0e90   0x00000002   Code   RO         1954    i.EvrRtxMessageQueueGet  rtx_evr.o
    0x1ffc0e92   0x1ffc0e92   0x00000002   Code   RO         1959    i.EvrRtxMessageQueueGetPending  rtx_evr.o
    0x1ffc0e94   0x1ffc0e94   0x00000002   Code   RO         1961    i.EvrRtxMessageQueueGetTimeout  rtx_evr.o
    0x1ffc0e96   0x1ffc0e96   0x00000002   Code   RO         1962    i.EvrRtxMessageQueueInsertPending  rtx_evr.o
    0x1ffc0e98   0x1ffc0e98   0x00000002   Code   RO         1963    i.EvrRtxMessageQueueInserted  rtx_evr.o
    0x1ffc0e9a   0x1ffc0e9a   0x00000002   Code   RO         1964    i.EvrRtxMessageQueueNew  rtx_evr.o
    0x1ffc0e9c   0x1ffc0e9c   0x00000002   Code   RO         1965    i.EvrRtxMessageQueueNotInserted  rtx_evr.o
    0x1ffc0e9e   0x1ffc0e9e   0x00000002   Code   RO         1966    i.EvrRtxMessageQueueNotRetrieved  rtx_evr.o
    0x1ffc0ea0   0x1ffc0ea0   0x00000002   Code   RO         1967    i.EvrRtxMessageQueuePut  rtx_evr.o
    0x1ffc0ea2   0x1ffc0ea2   0x00000002   Code   RO         1968    i.EvrRtxMessageQueuePutPending  rtx_evr.o
    0x1ffc0ea4   0x1ffc0ea4   0x00000002   Code   RO         1969    i.EvrRtxMessageQueuePutTimeout  rtx_evr.o
    0x1ffc0ea6   0x1ffc0ea6   0x00000002   Code   RO         1972    i.EvrRtxMessageQueueRetrieved  rtx_evr.o
    0x1ffc0ea8   0x1ffc0ea8   0x00000002   Code   RO         1973    i.EvrRtxMutexAcquire  rtx_evr.o
    0x1ffc0eaa   0x1ffc0eaa   0x00000002   Code   RO         1974    i.EvrRtxMutexAcquirePending  rtx_evr.o
    0x1ffc0eac   0x1ffc0eac   0x00000002   Code   RO         1975    i.EvrRtxMutexAcquireTimeout  rtx_evr.o
    0x1ffc0eae   0x1ffc0eae   0x00000002   Code   RO         1976    i.EvrRtxMutexAcquired  rtx_evr.o
    0x1ffc0eb0   0x1ffc0eb0   0x00000002   Code   RO         1980    i.EvrRtxMutexError  rtx_evr.o
    0x1ffc0eb2   0x1ffc0eb2   0x00000002   Code   RO         1984    i.EvrRtxMutexNotAcquired  rtx_evr.o
    0x1ffc0eb4   0x1ffc0eb4   0x00000002   Code   RO         1985    i.EvrRtxMutexRelease  rtx_evr.o
    0x1ffc0eb6   0x1ffc0eb6   0x00000002   Code   RO         1986    i.EvrRtxMutexReleased  rtx_evr.o
    0x1ffc0eb8   0x1ffc0eb8   0x00000002   Code   RO         1989    i.EvrRtxSemaphoreAcquireTimeout  rtx_evr.o
    0x1ffc0eba   0x1ffc0eba   0x00000002   Code   RO         2001    i.EvrRtxThreadBlocked  rtx_evr.o
    0x1ffc0ebc   0x1ffc0ebc   0x00000002   Code   RO         2002    i.EvrRtxThreadCreated  rtx_evr.o
    0x1ffc0ebe   0x1ffc0ebe   0x00000002   Code   RO         2003    i.EvrRtxThreadDestroyed  rtx_evr.o
    0x1ffc0ec0   0x1ffc0ec0   0x00000002   Code   RO         2007    i.EvrRtxThreadError  rtx_evr.o
    0x1ffc0ec2   0x1ffc0ec2   0x00000002   Code   RO         2008    i.EvrRtxThreadExit  rtx_evr.o
    0x1ffc0ec4   0x1ffc0ec4   0x00000002   Code   RO         2011    i.EvrRtxThreadFlagsError  rtx_evr.o
    0x1ffc0ec6   0x1ffc0ec6   0x00000002   Code   RO         2013    i.EvrRtxThreadFlagsSet  rtx_evr.o
    0x1ffc0ec8   0x1ffc0ec8   0x00000002   Code   RO         2014    i.EvrRtxThreadFlagsSetDone  rtx_evr.o
    0x1ffc0eca   0x1ffc0eca   0x00000002   Code   RO         2016    i.EvrRtxThreadFlagsWaitCompleted  rtx_evr.o
    0x1ffc0ecc   0x1ffc0ecc   0x00000002   Code   RO         2019    i.EvrRtxThreadFlagsWaitTimeout  rtx_evr.o
    0x1ffc0ece   0x1ffc0ece   0x00000002   Code   RO         2029    i.EvrRtxThreadJoined  rtx_evr.o
    0x1ffc0ed0   0x1ffc0ed0   0x00000002   Code   RO         2031    i.EvrRtxThreadPreempted  rtx_evr.o
    0x1ffc0ed2   0x1ffc0ed2   0x00000002   Code   RO         2038    i.EvrRtxThreadSwitched  rtx_evr.o
    0x1ffc0ed4   0x1ffc0ed4   0x00000002   Code   RO         2040    i.EvrRtxThreadUnblocked  rtx_evr.o
    0x1ffc0ed6   0x1ffc0ed6   0x00000002   Code   RO         2042    i.EvrRtxTimerCallback  rtx_evr.o
    0x1ffc0ed8   0x1ffc0ed8   0x0000000a   Code   RO          687    i.HW_TIMER0_IRQ_Handler  kdrv_timer.o
    0x1ffc0ee2   0x1ffc0ee2   0x0000000a   Code   RO          688    i.HW_TIMER1_IRQ_Handler  kdrv_timer.o
    0x1ffc0eec   0x1ffc0eec   0x0000000c   Code   RO          689    i.HW_TIMER2_IRQ_Handler  kdrv_timer.o
    0x1ffc0ef8   0x1ffc0ef8   0x00000018   Code   RO         2933    i.IsIrqMasked       rtx_kernel.o
    0x1ffc0f10   0x1ffc0f10   0x00000018   Code   RO         3397    i.IsIrqMasked       rtx_msgqueue.o
    0x1ffc0f28   0x1ffc0f28   0x00000018   Code   RO         3575    i.IsIrqMasked       rtx_mutex.o
    0x1ffc0f40   0x1ffc0f40   0x00000018   Code   RO         3859    i.IsIrqMasked       rtx_thread.o
    0x1ffc0f58   0x1ffc0f58   0x00000010   Code   RO         2934    i.IsIrqMode         rtx_kernel.o
    0x1ffc0f68   0x1ffc0f68   0x00000010   Code   RO         3398    i.IsIrqMode         rtx_msgqueue.o
    0x1ffc0f78   0x1ffc0f78   0x00000010   Code   RO         3576    i.IsIrqMode         rtx_mutex.o
    0x1ffc0f88   0x1ffc0f88   0x00000010   Code   RO         3860    i.IsIrqMode         rtx_thread.o
    0x1ffc0f98   0x1ffc0f98   0x00000010   Code   RO         2935    i.IsPrivileged      rtx_kernel.o
    0x1ffc0fa8   0x1ffc0fa8   0x0000000a   Code   RO         3184    i.MemBlockPtr       rtx_memory.o
    0x1ffc0fb2   0x1ffc0fb2   0x00000034   Code   RO         3399    i.MessageQueueGet   rtx_msgqueue.o
    0x1ffc0fe6   0x1ffc0fe6   0x0000004c   Code   RO         3400    i.MessageQueuePut   rtx_msgqueue.o
    0x1ffc1032   0x1ffc1032   0x00000022   Code   RO         3401    i.MessageQueueRemove  rtx_msgqueue.o
    0x1ffc1054   0x1ffc1054   0x00000008   Code   RO         1552    i.OS_Tick_AcknowledgeIRQ  os_systick.o
    0x1ffc105c   0x1ffc105c   0x00000030   Code   RO         1554    i.OS_Tick_Enable    os_systick.o
    0x1ffc108c   0x1ffc108c   0x00000006   Code   RO         1557    i.OS_Tick_GetIRQn   os_systick.o
    0x1ffc1092   0x1ffc1092   0x00000002   PAD
    0x1ffc1094   0x1ffc1094   0x00000050   Code   RO         1560    i.OS_Tick_Setup     os_systick.o
    0x1ffc10e4   0x1ffc10e4   0x00000050   Code   RO         1031    i.SYS_IRQ_Handler   kdrv_system.o
    0x1ffc1134   0x1ffc1134   0x00000030   Code   RO         1502    i.StartupInit       startup.o
    0x1ffc1164   0x1ffc1164   0x00000010   Code   RO         1503    i.SystemCoreClockUpdate  startup.o
    0x1ffc1174   0x1ffc1174   0x00000056   Code   RO         3861    i.ThreadFlagsCheck  rtx_thread.o
    0x1ffc11ca   0x1ffc11ca   0x00000016   Code   RO         3863    i.ThreadFlagsSet    rtx_thread.o
    0x1ffc11e0   0x1ffc11e0   0x00000040   Code   RO         4278    i.TimerInsert       rtx_timer.o
    0x1ffc1220   0x1ffc1220   0x00000018   Code   RO         4280    i.TimerUnlink       rtx_timer.o
    0x1ffc1238   0x1ffc1238   0x0000000a   Code   RO          433    i.UART0_ISR         kdrv_uart.o
    0x1ffc1242   0x1ffc1242   0x0000000a   Code   RO          434    i.UART1_ISR         kdrv_uart.o
    0x1ffc124c   0x1ffc124c   0x000000d6   Code   RO          435    i.UART_ISR          kdrv_uart.o
    0x1ffc1322   0x1ffc1322   0x00000002   PAD
    0x1ffc1324   0x1ffc1324   0x000000dc   Code   RO          436    i.UART_RX_ISR       kdrv_uart.o
    0x1ffc1400   0x1ffc1400   0x000000fc   Code   RO          437    i.UART_TX_ISR       kdrv_uart.o
    0x1ffc14fc   0x1ffc14fc   0x00000020   Code   RO         4648    i.__0printf         mc_w.l(printfa.o)
    0x1ffc151c   0x1ffc151c   0x00000028   Code   RO         4650    i.__0sprintf        mc_w.l(printfa.o)
    0x1ffc1544   0x1ffc1544   0x00000034   Code   RO         4653    i.__0vsnprintf      mc_w.l(printfa.o)
    0x1ffc1578   0x1ffc1578   0x0000001c   Code   RO          438    i.__NVIC_ClearPendingIRQ  kdrv_uart.o
    0x1ffc1594   0x1ffc1594   0x0000001c   Code   RO          690    i.__NVIC_ClearPendingIRQ  kdrv_timer.o
    0x1ffc15b0   0x1ffc15b0   0x0000001c   Code   RO         1032    i.__NVIC_ClearPendingIRQ  kdrv_system.o
    0x1ffc15cc   0x1ffc15cc   0x00000022   Code   RO          439    i.__NVIC_EnableIRQ  kdrv_uart.o
    0x1ffc15ee   0x1ffc15ee   0x00000022   Code   RO          692    i.__NVIC_EnableIRQ  kdrv_timer.o
    0x1ffc1610   0x1ffc1610   0x00000022   Code   RO         1213    i.__NVIC_EnableIRQ  kdrv_sdc.o
    0x1ffc1632   0x1ffc1632   0x00000002   PAD
    0x1ffc1634   0x1ffc1634   0x00000014   Code   RO          440    i.__NVIC_SetVector  kdrv_uart.o
    0x1ffc1648   0x1ffc1648   0x00000014   Code   RO         1214    i.__NVIC_SetVector  kdrv_sdc.o
    0x1ffc165c   0x1ffc165c   0x0000000e   Code   RO         4752    i.__scatterload_copy  mc_w.l(handlers.o)
    0x1ffc166a   0x1ffc166a   0x00000002   Code   RO         4753    i.__scatterload_null  mc_w.l(handlers.o)
    0x1ffc166c   0x1ffc166c   0x0000000e   Code   RO         4754    i.__scatterload_zeroinit  mc_w.l(handlers.o)
    0x1ffc167a   0x1ffc167a   0x00000002   PAD
    0x1ffc167c   0x1ffc167c   0x00000184   Code   RO         4655    i._fp_digits        mc_w.l(printfa.o)
    0x1ffc1800   0x1ffc1800   0x00000010   Code   RO         1086    i._power_mgr_ops_busspped  kdrv_power.o
    0x1ffc1810   0x1ffc1810   0x00000014   Code   RO         1087    i._power_mgr_ops_fcs  kdrv_power.o
    0x1ffc1824   0x1ffc1824   0x000006b4   Code   RO         4656    i._printf_core      mc_w.l(printfa.o)
    0x1ffc1ed8   0x1ffc1ed8   0x00000024   Code   RO         4657    i._printf_post_padding  mc_w.l(printfa.o)
    0x1ffc1efc   0x1ffc1efc   0x0000002e   Code   RO         4658    i._printf_pre_padding  mc_w.l(printfa.o)
    0x1ffc1f2a   0x1ffc1f2a   0x00000016   Code   RO         4659    i._snputc           mc_w.l(printfa.o)
    0x1ffc1f40   0x1ffc1f40   0x0000000a   Code   RO         4660    i._sputc            mc_w.l(printfa.o)
    0x1ffc1f4a   0x1ffc1f4a   0x00000010   Code   RO         1159    i.add_delay         kdrv_ddr.o
    0x1ffc1f5a   0x1ffc1f5a   0x0000001a   Code   RO          223    i.drv_initialize    driver_init.o
    0x1ffc1f74   0x1ffc1f74   0x00000034   Code   RO          442    i.fputc             kdrv_uart.o
    0x1ffc1fa8   0x1ffc1fa8   0x00000050   Code   RO         4676    i.free              mc_w.l(malloc.o)
    0x1ffc1ff8   0x1ffc1ff8   0x00000082   Code   RO         3402    i.isrRtxMessageQueueGet  rtx_msgqueue.o
    0x1ffc207a   0x1ffc207a   0x00000086   Code   RO         3403    i.isrRtxMessageQueuePut  rtx_msgqueue.o
    0x1ffc2100   0x1ffc2100   0x00000064   Code   RO         3864    i.isrRtxThreadFlagsSet  rtx_thread.o
    0x1ffc2164   0x1ffc2164   0x00000034   Code   RO         3803    i.isr_queue_get     rtx_system.o
    0x1ffc2198   0x1ffc2198   0x0000003c   Code   RO         3804    i.isr_queue_put     rtx_system.o
    0x1ffc21d4   0x1ffc21d4   0x00000064   Code   RO          870    i.kdrv_clock_ado_clock_set  kdrv_clock.o
    0x1ffc2238   0x1ffc2238   0x0000003c   Code   RO          871    i.kdrv_clock_axiddr_clock_set  kdrv_clock.o
    0x1ffc2274   0x1ffc2274   0x00000088   Code   RO          877    i.kdrv_clock_dsp_clock_set  kdrv_clock.o
    0x1ffc22fc   0x1ffc22fc   0x00000080   Code   RO          882    i.kdrv_clock_inititialize  kdrv_clock.o
    0x1ffc237c   0x1ffc237c   0x00000088   Code   RO          886    i.kdrv_clock_npu_clock_set  kdrv_clock.o
    0x1ffc2404   0x1ffc2404   0x000005b4   Code   RO         1160    i.kdrv_ddr_Initialize  kdrv_ddr.o
    0x1ffc29b8   0x1ffc29b8   0x00000002   Code   RO         1164    i.kdrv_ddr_read_delayline_info  kdrv_ddr.o
    0x1ffc29ba   0x1ffc29ba   0x00000002   PAD
    0x1ffc29bc   0x1ffc29bc   0x0000002c   Code   RO          890    i.kdrv_delay_us     kdrv_clock.o
    0x1ffc29e8   0x1ffc29e8   0x00000022   Code   RO         1088    i.kdrv_power_ops    kdrv_power.o
    0x1ffc2a0a   0x1ffc2a0a   0x00000002   PAD
    0x1ffc2a0c   0x1ffc2a0c   0x00000050   Code   RO         1089    i.kdrv_power_set_domain  kdrv_power.o
    0x1ffc2a5c   0x1ffc2a5c   0x000000c4   Code   RO         1090    i.kdrv_power_set_powermode  kdrv_power.o
    0x1ffc2b20   0x1ffc2b20   0x00000010   Code   RO         1091    i.kdrv_power_set_wakeup_src  kdrv_power.o
    0x1ffc2b30   0x1ffc2b30   0x000000aa   Code   RO         1215    i.kdrv_sdc_auto_cmd_error_recovery  kdrv_sdc.o
    0x1ffc2bda   0x1ffc2bda   0x00000002   PAD
    0x1ffc2bdc   0x1ffc2bdc   0x00000090   Code   RO         1216    i.kdrv_sdc_card_read  kdrv_sdc.o
    0x1ffc2c6c   0x1ffc2c6c   0x000000a4   Code   RO         1217    i.kdrv_sdc_card_write  kdrv_sdc.o
    0x1ffc2d10   0x1ffc2d10   0x0000000c   Code   RO         1218    i.kdrv_sdc_check_card_insert  kdrv_sdc.o
    0x1ffc2d1c   0x1ffc2d1c   0x00000056   Code   RO         1219    i.kdrv_sdc_dev_scan  kdrv_sdc.o
    0x1ffc2d72   0x1ffc2d72   0x00000002   PAD
    0x1ffc2d74   0x1ffc2d74   0x00000060   Code   RO         1220    i.kdrv_sdc_error_recovery  kdrv_sdc.o
    0x1ffc2dd4   0x1ffc2dd4   0x00000244   Code   RO         1221    i.kdrv_sdc_execute_tuning  kdrv_sdc.o
    0x1ffc3018   0x1ffc3018   0x000001b0   Code   RO         1222    i.kdrv_sdc_fill_adma_desc_table  kdrv_sdc.o
    0x1ffc31c8   0x1ffc31c8   0x0000001c   Code   RO         1223    i.kdrv_sdc_get_dev  kdrv_sdc.o
    0x1ffc31e4   0x1ffc31e4   0x0000025c   Code   RO         1224    i.kdrv_sdc_hw_attr_init  kdrv_sdc.o
    0x1ffc3440   0x1ffc3440   0x000000c0   Code   RO         1225    i.kdrv_sdc_initialize  kdrv_sdc.o
    0x1ffc3500   0x1ffc3500   0x00000038   Code   RO         1226    i.kdrv_sdc_ops_all_send_cid  kdrv_sdc.o
    0x1ffc3538   0x1ffc3538   0x0000006a   Code   RO         1227    i.kdrv_sdc_ops_app_send_scr  kdrv_sdc.o
    0x1ffc35a2   0x1ffc35a2   0x0000004c   Code   RO         1228    i.kdrv_sdc_ops_app_set_bus_width  kdrv_sdc.o
    0x1ffc35ee   0x1ffc35ee   0x00000028   Code   RO         1229    i.kdrv_sdc_ops_go_idle_state  kdrv_sdc.o
    0x1ffc3616   0x1ffc3616   0x0000004a   Code   RO         1230    i.kdrv_sdc_ops_mmc_switch  kdrv_sdc.o
    0x1ffc3660   0x1ffc3660   0x000000b4   Code   RO         1231    i.kdrv_sdc_ops_sd_switch  kdrv_sdc.o
    0x1ffc3714   0x1ffc3714   0x00000022   Code   RO         1232    i.kdrv_sdc_ops_select_card  kdrv_sdc.o
    0x1ffc3736   0x1ffc3736   0x00000002   PAD
    0x1ffc3738   0x1ffc3738   0x00000090   Code   RO         1233    i.kdrv_sdc_ops_send_app_op_cond  kdrv_sdc.o
    0x1ffc37c8   0x1ffc37c8   0x0000002c   Code   RO         1234    i.kdrv_sdc_ops_send_card_status  kdrv_sdc.o
    0x1ffc37f4   0x1ffc37f4   0x00000936   Code   RO         1235    i.kdrv_sdc_ops_send_csd  kdrv_sdc.o
    0x1ffc412a   0x1ffc412a   0x0000007c   Code   RO         1236    i.kdrv_sdc_ops_send_ext_csd  kdrv_sdc.o
    0x1ffc41a6   0x1ffc41a6   0x00000046   Code   RO         1237    i.kdrv_sdc_ops_send_if_cond  kdrv_sdc.o
    0x1ffc41ec   0x1ffc41ec   0x00000074   Code   RO         1238    i.kdrv_sdc_ops_send_op_cond  kdrv_sdc.o
    0x1ffc4260   0x1ffc4260   0x00000070   Code   RO         1239    i.kdrv_sdc_ops_send_rca  kdrv_sdc.o
    0x1ffc42d0   0x1ffc42d0   0x00000054   Code   RO         1240    i.kdrv_sdc_ops_send_tune_block  kdrv_sdc.o
    0x1ffc4324   0x1ffc4324   0x000000d8   Code   RO         1241    i.kdrv_sdc_prepare_data  kdrv_sdc.o
    0x1ffc43fc   0x1ffc43fc   0x0000003c   Code   RO         1242    i.kdrv_sdc_read     kdrv_sdc.o
    0x1ffc4438   0x1ffc4438   0x00000214   Code   RO         1243    i.kdrv_sdc_read_ext_csd  kdrv_sdc.o
    0x1ffc464c   0x1ffc464c   0x00000028   Code   RO         1244    i.kdrv_sdc_read_scr  kdrv_sdc.o
    0x1ffc4674   0x1ffc4674   0x000005cc   Code   RO         1245    i.kdrv_sdc_scan_cards  kdrv_sdc.o
    0x1ffc4c40   0x1ffc4c40   0x0000008c   Code   RO         1246    i.kdrv_sdc_send_abort_command  kdrv_sdc.o
    0x1ffc4ccc   0x1ffc4ccc   0x0000019c   Code   RO         1247    i.kdrv_sdc_send_command  kdrv_sdc.o
    0x1ffc4e68   0x1ffc4e68   0x0000018c   Code   RO         1248    i.kdrv_sdc_send_data_command  kdrv_sdc.o
    0x1ffc4ff4   0x1ffc4ff4   0x00000014   Code   RO         1249    i.kdrv_sdc_set_base_clock  kdrv_sdc.o
    0x1ffc5008   0x1ffc5008   0x00000354   Code   RO         1250    i.kdrv_sdc_set_bus_speed_mode  kdrv_sdc.o
    0x1ffc535c   0x1ffc535c   0x000001a0   Code   RO         1251    i.kdrv_sdc_set_bus_width  kdrv_sdc.o
    0x1ffc54fc   0x1ffc54fc   0x000000d4   Code   RO         1252    i.kdrv_sdc_set_power  kdrv_sdc.o
    0x1ffc55d0   0x1ffc55d0   0x00000270   Code   RO         1253    i.kdrv_sdc_set_sd_clock  kdrv_sdc.o
    0x1ffc5840   0x1ffc5840   0x0000005c   Code   RO         1254    i.kdrv_sdc_set_transfer_mode  kdrv_sdc.o
    0x1ffc589c   0x1ffc589c   0x00000084   Code   RO         1255    i.kdrv_sdc_set_transfer_type  kdrv_sdc.o
    0x1ffc5920   0x1ffc5920   0x000002d8   Code   RO         1256    i.kdrv_sdc_transfer_data  kdrv_sdc.o
    0x1ffc5bf8   0x1ffc5bf8   0x00000068   Code   RO         1257    i.kdrv_sdc_uninitialize  kdrv_sdc.o
    0x1ffc5c60   0x1ffc5c60   0x000000ec   Code   RO         1258    i.kdrv_sdc_wait_for_state  kdrv_sdc.o
    0x1ffc5d4c   0x1ffc5d4c   0x0000003c   Code   RO         1259    i.kdrv_sdc_write    kdrv_sdc.o
    0x1ffc5d88   0x1ffc5d88   0x000001c0   Code   RO         1260    i.kdrv_sdcx_isr_handle  kdrv_sdc.o
    0x1ffc5f48   0x1ffc5f48   0x00000010   Code   RO          125    i.kdrv_status_msg_show  ex_sdc_test.o
    0x1ffc5f58   0x1ffc5f58   0x000000b4   Code   RO         1034    i.kdrv_system_initialize  kdrv_system.o
    0x1ffc600c   0x1ffc600c   0x00000138   Code   RO          694    i.kdrv_timer_closelight  kdrv_timer.o
    0x1ffc6144   0x1ffc6144   0x00000018   Code   RO          698    i.kdrv_timer_get_bit  kdrv_timer.o
    0x1ffc615c   0x1ffc615c   0x00000070   Code   RO          699    i.kdrv_timer_initialize  kdrv_timer.o
    0x1ffc61cc   0x1ffc61cc   0x00000026   Code   RO          701    i.kdrv_timer_ip_init  kdrv_timer.o
    0x1ffc61f2   0x1ffc61f2   0x00000002   PAD
    0x1ffc61f4   0x1ffc61f4   0x000000ec   Code   RO          702    i.kdrv_timer_irqhandler  kdrv_timer.o
    0x1ffc62e0   0x1ffc62e0   0x000000d8   Code   RO          704    i.kdrv_timer_perf_get_instant  kdrv_timer.o
    0x1ffc63b8   0x1ffc63b8   0x00000020   Code   RO          706    i.kdrv_timer_perf_measure_start  kdrv_timer.o
    0x1ffc63d8   0x1ffc63d8   0x0000006c   Code   RO          707    i.kdrv_timer_perf_open  kdrv_timer.o
    0x1ffc6444   0x1ffc6444   0x0000006c   Code   RO          708    i.kdrv_timer_perf_reset  kdrv_timer.o
    0x1ffc64b0   0x1ffc64b0   0x00000214   Code   RO          709    i.kdrv_timer_perf_set  kdrv_timer.o
    0x1ffc66c4   0x1ffc66c4   0x00000060   Code   RO          710    i.kdrv_timer_register  kdrv_timer.o
    0x1ffc6724   0x1ffc6724   0x00000058   Code   RO          449    i.kdrv_uart_calculate_fifo_cfg  kdrv_uart.o
    0x1ffc677c   0x1ffc677c   0x00000394   Code   RO          452    i.kdrv_uart_configure  kdrv_uart.o
    0x1ffc6b10   0x1ffc6b10   0x00000064   Code   RO          453    i.kdrv_uart_console_init  kdrv_uart.o
    0x1ffc6b74   0x1ffc6b74   0x00000024   Code   RO          458    i.kdrv_uart_initialize  kdrv_uart.o
    0x1ffc6b98   0x1ffc6b98   0x0000011c   Code   RO          459    i.kdrv_uart_open    kdrv_uart.o
    0x1ffc6cb4   0x1ffc6cb4   0x000000c4   Code   RO          463    i.kdrv_uart_write   kdrv_uart.o
    0x1ffc6d78   0x1ffc6d78   0x0000000c   Code   RO          286    i.kmdw_console_get_log_level_scpu  kmdw_console.o
    0x1ffc6d84   0x1ffc6d84   0x000001ac   Code   RO          296    i.kmdw_level_printf  kmdw_console.o
    0x1ffc6f30   0x1ffc6f30   0x00000024   Code   RO            4    i.main              ex_sdc_main.o
    0x1ffc6f54   0x1ffc6f54   0x0000006c   Code   RO         4677    i.malloc            mc_w.l(malloc.o)
    0x1ffc6fc0   0x1ffc6fc0   0x00000030   Code   RO         2939    i.osKernelGetState  rtx_kernel.o
    0x1ffc6ff0   0x1ffc6ff0   0x0000002c   Code   RO         2942    i.osKernelGetTickCount  rtx_kernel.o
    0x1ffc701c   0x1ffc701c   0x0000002c   Code   RO         2943    i.osKernelGetTickFreq  rtx_kernel.o
    0x1ffc7048   0x1ffc7048   0x00000038   Code   RO         2944    i.osKernelInitialize  rtx_kernel.o
    0x1ffc7080   0x1ffc7080   0x00000034   Code   RO         2948    i.osKernelStart     rtx_kernel.o
    0x1ffc70b4   0x1ffc70b4   0x00000054   Code   RO         3405    i.osMessageQueueGet  rtx_msgqueue.o
    0x1ffc7108   0x1ffc7108   0x0000004c   Code   RO         3411    i.osMessageQueueNew  rtx_msgqueue.o
    0x1ffc7154   0x1ffc7154   0x00000054   Code   RO         3412    i.osMessageQueuePut  rtx_msgqueue.o
    0x1ffc71a8   0x1ffc71a8   0x00000044   Code   RO         3577    i.osMutexAcquire    rtx_mutex.o
    0x1ffc71ec   0x1ffc71ec   0x0000003c   Code   RO         3582    i.osMutexRelease    rtx_mutex.o
    0x1ffc7228   0x1ffc7228   0x0000008c   Code   RO         1629    i.osRtxErrorNotify  rtx_config.o
    0x1ffc72b4   0x1ffc72b4   0x00000004   Code   RO         1630    i.osRtxIdleThread   rtx_config.o
    0x1ffc72b8   0x1ffc72b8   0x0000000c   Code   RO         3865    i.osRtxKernelGetState  rtx_thread.o
    0x1ffc72c4   0x1ffc72c4   0x00000002   Code   RO         2951    i.osRtxKernelPreInit  rtx_kernel.o
    0x1ffc72c6   0x1ffc72c6   0x000000ee   Code   RO         3185    i.osRtxMemoryAlloc  rtx_memory.o
    0x1ffc73b4   0x1ffc73b4   0x0000007c   Code   RO         3186    i.osRtxMemoryFree   rtx_memory.o
    0x1ffc7430   0x1ffc7430   0x0000006a   Code   RO         3187    i.osRtxMemoryInit   rtx_memory.o
    0x1ffc749a   0x1ffc749a   0x00000030   Code   RO         3247    i.osRtxMemoryPoolAlloc  rtx_mempool.o
    0x1ffc74ca   0x1ffc74ca   0x00000044   Code   RO         3248    i.osRtxMemoryPoolFree  rtx_mempool.o
    0x1ffc750e   0x1ffc750e   0x00000058   Code   RO         3249    i.osRtxMemoryPoolInit  rtx_mempool.o
    0x1ffc7566   0x1ffc7566   0x00000108   Code   RO         3414    i.osRtxMessageQueuePostProcess  rtx_msgqueue.o
    0x1ffc766e   0x1ffc766e   0x00000066   Code   RO         3583    i.osRtxMutexOwnerRelease  rtx_mutex.o
    0x1ffc76d4   0x1ffc76d4   0x00000088   Code   RO         3805    i.osRtxPendSV_Handler  rtx_system.o
    0x1ffc775c   0x1ffc775c   0x0000003c   Code   RO         3806    i.osRtxPostProcess  rtx_system.o
    0x1ffc7798   0x1ffc7798   0x00000040   Code   RO         3866    i.osRtxThreadBlock  rtx_thread.o
    0x1ffc77d8   0x1ffc77d8   0x00000068   Code   RO         3867    i.osRtxThreadDelayInsert  rtx_thread.o
    0x1ffc7840   0x1ffc7840   0x0000005c   Code   RO         3868    i.osRtxThreadDelayRemove  rtx_thread.o
    0x1ffc789c   0x1ffc789c   0x000000e0   Code   RO         3869    i.osRtxThreadDelayTick  rtx_thread.o
    0x1ffc797c   0x1ffc797c   0x0000006c   Code   RO         3870    i.osRtxThreadDispatch  rtx_thread.o
    0x1ffc79e8   0x1ffc79e8   0x00000064   Code   RO         3871    i.osRtxThreadFree   rtx_thread.o
    0x1ffc7a4c   0x1ffc7a4c   0x0000000c   Code   RO         3872    i.osRtxThreadGetRunning  rtx_thread.o
    0x1ffc7a58   0x1ffc7a58   0x0000001a   Code   RO         3873    i.osRtxThreadListGet  rtx_thread.o
    0x1ffc7a72   0x1ffc7a72   0x0000002c   Code   RO         3874    i.osRtxThreadListPut  rtx_thread.o
    0x1ffc7a9e   0x1ffc7a9e   0x0000001a   Code   RO         3875    i.osRtxThreadListRemove  rtx_thread.o
    0x1ffc7ab8   0x1ffc7ab8   0x00000010   Code   RO         3876    i.osRtxThreadListRoot  rtx_thread.o
    0x1ffc7ac8   0x1ffc7ac8   0x0000002a   Code   RO         3877    i.osRtxThreadListSort  rtx_thread.o
    0x1ffc7af2   0x1ffc7af2   0x00000034   Code   RO         3879    i.osRtxThreadPostProcess  rtx_thread.o
    0x1ffc7b26   0x1ffc7b26   0x00000002   PAD
    0x1ffc7b28   0x1ffc7b28   0x00000018   Code   RO         3880    i.osRtxThreadReadyPut  rtx_thread.o
    0x1ffc7b40   0x1ffc7b40   0x00000018   Code   RO         3881    i.osRtxThreadRegPtr  rtx_thread.o
    0x1ffc7b58   0x1ffc7b58   0x0000000c   Code   RO         3882    i.osRtxThreadSetRunning  rtx_thread.o
    0x1ffc7b64   0x1ffc7b64   0x0000002c   Code   RO         3883    i.osRtxThreadStackCheck  rtx_thread.o
    0x1ffc7b90   0x1ffc7b90   0x0000004c   Code   RO         3884    i.osRtxThreadStartup  rtx_thread.o
    0x1ffc7bdc   0x1ffc7bdc   0x0000001c   Code   RO         3885    i.osRtxThreadSwitch  rtx_thread.o
    0x1ffc7bf8   0x1ffc7bf8   0x0000004c   Code   RO         3886    i.osRtxThreadWaitEnter  rtx_thread.o
    0x1ffc7c44   0x1ffc7c44   0x00000036   Code   RO         3887    i.osRtxThreadWaitExit  rtx_thread.o
    0x1ffc7c7a   0x1ffc7c7a   0x00000002   PAD
    0x1ffc7c7c   0x1ffc7c7c   0x000000a0   Code   RO         3807    i.osRtxTick_Handler  rtx_system.o
    0x1ffc7d1c   0x1ffc7d1c   0x00000050   Code   RO         4281    i.osRtxTimerThread  rtx_timer.o
    0x1ffc7d6c   0x1ffc7d6c   0x0000005c   Code   RO         4282    i.osRtxTimerTick    rtx_timer.o
    0x1ffc7dc8   0x1ffc7dc8   0x00000020   Code   RO         3890    i.osThreadExit      rtx_thread.o
    0x1ffc7de8   0x1ffc7de8   0x00000040   Code   RO         3893    i.osThreadFlagsSet  rtx_thread.o
    0x1ffc7e28   0x1ffc7e28   0x0000001c   Code   RO         1165    i.release_axi_rst   kdrv_ddr.o
    0x1ffc7e44   0x1ffc7e44   0x0000000a   Code   RO         1261    i.sdc0_isr          kdrv_sdc.o
    0x1ffc7e4e   0x1ffc7e4e   0x0000000a   Code   RO         1262    i.sdc1_isr          kdrv_sdc.o
    0x1ffc7e58   0x1ffc7e58   0x0000026c   Code   RO          127    i.sdc_ext_cid_display  ex_sdc_test.o
    0x1ffc80c4   0x1ffc80c4   0x0000030c   Code   RO          128    i.sdc_ext_csd_display  ex_sdc_test.o
    0x1ffc83d0   0x1ffc83d0   0x00000148   Code   RO          129    i.sdc_rw_stress_test  ex_sdc_test.o
    0x1ffc8518   0x1ffc8518   0x000001a4   Code   RO          130    i.sdc_scr_display   ex_sdc_test.o
    0x1ffc86bc   0x1ffc86bc   0x000001a0   Code   RO          132    i.sdc_selftest      ex_sdc_test.o
    0x1ffc885c   0x1ffc885c   0x00000018   Code   RO         2953    i.svcRtxKernelGetState  rtx_kernel.o
    0x1ffc8874   0x1ffc8874   0x00000014   Code   RO         2956    i.svcRtxKernelGetTickCount  rtx_kernel.o
    0x1ffc8888   0x1ffc8888   0x00000014   Code   RO         2957    i.svcRtxKernelGetTickFreq  rtx_kernel.o
    0x1ffc889c   0x1ffc889c   0x00000224   Code   RO         2958    i.svcRtxKernelInitialize  rtx_kernel.o
    0x1ffc8ac0   0x1ffc8ac0   0x000000d8   Code   RO         2962    i.svcRtxKernelStart  rtx_kernel.o
    0x1ffc8b98   0x1ffc8b98   0x00000138   Code   RO         3416    i.svcRtxMessageQueueGet  rtx_msgqueue.o
    0x1ffc8cd0   0x1ffc8cd0   0x00000194   Code   RO         3422    i.svcRtxMessageQueueNew  rtx_msgqueue.o
    0x1ffc8e64   0x1ffc8e64   0x00000128   Code   RO         3423    i.svcRtxMessageQueuePut  rtx_msgqueue.o
    0x1ffc8f8c   0x1ffc8f8c   0x0000010c   Code   RO         3584    i.svcRtxMutexAcquire  rtx_mutex.o
    0x1ffc9098   0x1ffc9098   0x00000110   Code   RO         3589    i.svcRtxMutexRelease  rtx_mutex.o
    0x1ffc91a8   0x1ffc91a8   0x0000008c   Code   RO         3911    i.svcRtxThreadExit  rtx_thread.o
    0x1ffc9234   0x1ffc9234   0x0000009a   Code   RO         3914    i.svcRtxThreadFlagsSet  rtx_thread.o
    0x1ffc92ce   0x1ffc92ce   0x00000002   PAD
    0x1ffc92d0   0x1ffc92d0   0x00000278   Code   RO         3924    i.svcRtxThreadNew   rtx_thread.o
    0x1ffc9548   0x1ffc9548   0x00000014   Code   RO          253    i.sys_initialize    system_init.o
    0x1ffc955c   0x1ffc955c   0x00000010   Code   RO          465    i.uart_get_drv_hdl  kdrv_uart.o
    0x1ffc956c   0x1ffc956c   0x0000000e   Code   RO          467    i.uart_get_status   kdrv_uart.o
    0x1ffc957a   0x1ffc957a   0x000000aa   Code   RO          468    i.uart_serial_init  kdrv_uart.o
    0x1ffc9624   0x1ffc9624   0x000001c4   Data   RO          891    .constdata          kdrv_clock.o
    0x1ffc97e8   0x1ffc97e8   0x00000030   Data   RO         1264    .constdata          kdrv_sdc.o
    0x1ffc9818   0x1ffc9818   0x00000064   Data   RO         3154    .constdata          rtx_lib.o
    0x1ffc987c   0x1ffc987c   0x00000562   Data   RO          135    .conststring        ex_sdc_test.o
    0x1ffc9dde   0x1ffc9dde   0x00000002   PAD
    0x1ffc9de0   0x1ffc9de0   0x000001b6   Data   RO         1265    .conststring        kdrv_sdc.o
    0x1ffc9f96   0x1ffc9f96   0x00000002   PAD
    0x1ffc9f98   0x1ffc9f98   0x0000000b   Data   RO         2965    .conststrlit        rtx_kernel.o
    0x1ffc9fa3   0x1ffc9fa3   0x00000001   PAD
    0x1ffc9fa4   0x1ffc9fa4   0x000000a0   Data   RO         3157    .rodata             rtx_lib.o
    0x1ffca044   0x1ffca044   0x00000020   Data   RO         4750    Region$$Table       anon$$obj.o


    Execution Region SCPU_RW (Exec base: 0x1ffe0000, Load base: 0x1ffca064, Size: 0x00002c4c, Max: 0x00020000, ABSOLUTE, COMPRESSED[0x00000324])

    Exec Addr    Load Addr    Size         Type   Attr      Idx    E Section Name        Object

    0x1ffe0000   COMPRESSED   0x00002040   Data   RW         3149    .bss.os             rtx_lib.o
    0x1ffe2040   COMPRESSED   0x00000034   Data   RW         3150    .bss.os.msgqueue.cb  rtx_lib.o
    0x1ffe2074   COMPRESSED   0x00000050   Data   RW         3151    .bss.os.msgqueue.mem  rtx_lib.o
    0x1ffe20c4   COMPRESSED   0x00000484   Data   RW         3152    .bss.os.thread.cb   rtx_lib.o
    0x1ffe2548   COMPRESSED   0x00000200   Data   RW         3153    .bss.os.thread.stack  rtx_lib.o
    0x1ffe2748   COMPRESSED   0x000000d8   Data   RW          136    .data               ex_sdc_test.o
    0x1ffe2820   COMPRESSED   0x00000018   Data   RW          254    .data               system_init.o
    0x1ffe2838   COMPRESSED   0x00000014   Data   RW          299    .data               kmdw_console.o
    0x1ffe284c   COMPRESSED   0x00000050   Data   RW          470    .data               kdrv_uart.o
    0x1ffe289c   COMPRESSED   0x00000010   Data   RW          715    .data               kdrv_timer.o
    0x1ffe28ac   COMPRESSED   0x00000004   Data   RW          892    .data               kdrv_clock.o
    0x1ffe28b0   COMPRESSED   0x0000000c   Data   RW         1037    .data               kdrv_system.o
    0x1ffe28bc   COMPRESSED   0x0000004c   Data   RW         1095    .data               kdrv_power.o
    0x1ffe2908   COMPRESSED   0x00000208   Data   RW         1166    .data               kdrv_ddr.o
    0x1ffe2b10   COMPRESSED   0x00000068   Data   RW         1266    .data               kdrv_sdc.o
    0x1ffe2b78   COMPRESSED   0x00000004   Data   RW         1504    .data               startup.o
    0x1ffe2b7c   COMPRESSED   0x00000001   Data   RW         1561    .data               os_systick.o
    0x1ffe2b7d   COMPRESSED   0x00000003   PAD
    0x1ffe2b80   COMPRESSED   0x00000004   Data   RW         4403    .data               mc_w.l(rand.o)
    0x1ffe2b84   COMPRESSED   0x00000004   Data   RW         4722    .data               mc_w.l(stdout.o)
    0x1ffe2b88   COMPRESSED   0x00000004   Data   RW         4727    .data               mc_w.l(mvars.o)
    0x1ffe2b8c   COMPRESSED   0x00000004   Data   RW         4728    .data               mc_w.l(mvars.o)
    0x1ffe2b90   COMPRESSED   0x000000a4   Data   RW         2966    .data.os            rtx_kernel.o
    0x1ffe2c34   COMPRESSED   0x00000018   Data   RW         3156    .data.os.thread.mpi  rtx_lib.o


    Execution Region SCPU_ZI (Exec base: 0x1ffe2c4c, Load base: 0x1ffca388, Size: 0x00002294, Max: 0xffffffff, ABSOLUTE)

    Exec Addr    Load Addr    Size         Type   Attr      Idx    E Section Name        Object

    0x1ffe2c4c        -       0x0000000c   Zero   RW          298    .bss                kmdw_console.o
    0x1ffe2c58        -       0x0000000c   Zero   RW          469    .bss                kdrv_uart.o
    0x1ffe2c64        -       0x0000006c   Zero   RW          714    .bss                kdrv_timer.o
    0x1ffe2cd0        -       0x0000000c   Zero   RW         1036    .bss                kdrv_system.o
    0x1ffe2cdc        -       0x00000200   Zero   RW         1263    .bss                kdrv_sdc.o
    0x1ffe2edc   0x1ffca388   0x00000004   PAD
    0x1ffe2ee0        -       0x00001000   Zero   RW         1536    HEAP                startup_asm.o
    0x1ffe3ee0        -       0x00001000   Zero   RW         1537    STACK               startup_asm.o


==============================================================================

Image component sizes


      Code (inc. data)   RO Data    RW Data    ZI Data      Debug   Object Name

        26          0          0          0          0       9097   driver_init.o
        36          0          0          0          0      47091   ex_sdc_main.o
      2580       1424       1378        216          0      40263   ex_sdc_test.o
       196         12          0          0          0        676   irq_cm4f.o
       604         52        452          4          0       6176   kdrv_clock.o
      1506        238          0        520          0       8669   kdrv_ddr.o
       362         28          0         76          0       5686   kdrv_power.o
     13404       2612        486        104        512      79424   kdrv_sdc.o
       288         26          0         12         12      33686   kdrv_system.o
      1908         68          0         16        108      45623   kdrv_timer.o
      2684         96          0         80         12      51355   kdrv_uart.o
       440         36          0         20         12      20431   kmdw_console.o
       142         24          0          1          0       3444   os_systick.o
       144         92          0          0          0      12396   rtx_config.o
         0          0          0          0          0       7728   rtx_delay.o
       110          0          0          0          0      37734   rtx_evr.o
      1130         62         11        164          0      29171   rtx_kernel.o
         0          0        260      10080          0       9286   rtx_lib.o
       478          0          0          0          0       4691   rtx_memory.o
       532          0          0          0          0       4291   rtx_mempool.o
      2314         34          0          0          0      25568   rtx_msgqueue.o
       810         18          0          0          0       9631   rtx_mutex.o
       796         42          0          0          0      10753   rtx_system.o
      2858        124          0          0          0      33775   rtx_thread.o
       260         30          0          0          0       3879   rtx_timer.o
        64         26          0          4          0       1512   startup.o
       172         14        348          0       8192       3676   startup_asm.o
        20          4          0         24          0       1894   system_init.o

    ----------------------------------------------------------------------
     33888       5062       2972      11324       8852     547606   Object Totals
         0          0         32          0          0          0   (incl. Generated)
        24          0          5          3          4          0   (incl. Padding)

    ----------------------------------------------------------------------

      Code (inc. data)   RO Data    RW Data    ZI Data      Debug   Library Member Name

        86          0          0          0          0          0   __dczerorl2.o
         0          0          0          0          0          0   entry.o
         0          0          0          0          0          0   entry10a.o
         0          0          0          0          0          0   entry11a.o
         4          0          0          0          0          0   entry12b.o
         8          4          0          0          0          0   entry2.o
         4          0          0          0          0          0   entry5.o
         0          0          0          0          0          0   entry7b.o
         0          0          0          0          0          0   entry8b.o
         8          4          0          0          0          0   entry9a.o
        30          0          0          0          0          0   handlers.o
        36          8          0          0          0         68   init.o
         0          0          0          0          0          0   iusefp.o
        30          0          0          0          0         68   llshl.o
        36          0          0          0          0         68   llsshr.o
        32          0          0          0          0         68   llushr.o
       188         20          0          0          0        160   malloc.o
        26          0          0          0          0         80   memcmp.o
        36          0          0          0          0         68   memcpya.o
        36          0          0          0          0        108   memseta.o
         0          0          0          8          0          0   mvars.o
      2342        102          0          0          0        764   printfa.o
        36         10          0          4          0        136   rand.o
         0          0          0          4          0          0   stdout.o
        14          0          0          0          0         68   strlen.o
        44          0          0          0          0         80   uidiv.o
        98          0          0          0          0         92   uldiv.o
        48          0          0          0          0         68   cdrcmple.o
       334          0          0          0          0        148   dadd.o
       222          0          0          0          0        100   ddiv.o
       186          0          0          0          0        176   depilogue.o
        48          0          0          0          0         68   dfixul.o
       228          0          0          0          0         96   dmul.o
        38          0          0          0          0         68   f2d.o

    ----------------------------------------------------------------------
      4200        148          0         16          0       2552   Library Totals
         2          0          0          0          0          0   (incl. Padding)

    ----------------------------------------------------------------------

      Code (inc. data)   RO Data    RW Data    ZI Data      Debug   Library Name

      3094        148          0         16          0       1828   mc_w.l
      1104          0          0          0          0        724   mf_w.l

    ----------------------------------------------------------------------
      4200        148          0         16          0       2552   Library Totals

    ----------------------------------------------------------------------

==============================================================================


      Code (inc. data)   RO Data    RW Data    ZI Data      Debug   

     38088       5210       2972      11340       8852     523190   Grand Totals
     38088       5210       2972        804       8852     523190   ELF Image Totals (compressed)
     38088       5210       2972        804          0          0   ROM Totals

==============================================================================

    Total RO  Size (Code + RO Data)                41060 (  40.10kB)
    Total RW  Size (RW Data + ZI Data)             20192 (  19.72kB)
    Total ROM Size (Code + RO Data + RW Data)      41864 (  40.88kB)

==============================================================================

