Component: ARM Compiler 5.06 update 7 (build 960) Tool: armlink [4d3601]

==============================================================================

Section Cross References

    main.o(i.main) refers to system_init.o(i.sys_initialize) for sys_initialize
    main.o(i.main) refers to driver_init.o(i.drv_initialize) for drv_initialize
    main.o(i.main) refers to device_init.o(i.dev_initialize) for dev_initialize
    main.o(i.main) refers to middleware_init.o(i.mdw_initialize) for mdw_initialize
    main.o(i.main) refers to rtx_kernel.o(i.osKernelInitialize) for osKernelInitialize
    main.o(i.main) refers to printfa.o(i.__0printf) for __2printf
    main.o(i.main) refers to application_init.o(i.app_initialize) for app_initialize
    main.o(i.main) refers to task_handler.o(i.task_initialize) for task_initialize
    main.o(i.main) refers to rtx_kernel.o(i.osKernelGetState) for osKernelGetState
    main.o(i.main) refers to rtx_kernel.o(i.osKernelStart) for osKernelStart
    driver_init.o(i.drv_initialize) refers to kdrv_uart.o(i.kdrv_uart_initialize) for kdrv_uart_initialize
    driver_init.o(i.drv_initialize) refers to kdrv_uart.o(i.kdrv_uart_console_init) for kdrv_uart_console_init
    driver_init.o(i.drv_initialize) refers to kdrv_pinmux.o(i.kdrv_pinmux_initialize) for kdrv_pinmux_initialize
    driver_init.o(i.drv_initialize) refers to kdrv_ddr.o(i.kdrv_ddr_Initialize) for kdrv_ddr_Initialize
    driver_init.o(i.drv_initialize) refers to kdrv_gdma3.o(i.kdrv_gdma_initialize) for kdrv_gdma_initialize
    driver_init.o(i.drv_initialize) refers to kdrv_i2c.o(i.kdrv_i2c_initialize) for kdrv_i2c_initialize
    driver_init.o(i.drv_initialize) refers to kdrv_gpio.o(i.kdrv_gpio_initialize) for kdrv_gpio_initialize
    driver_init.o(i.drv_initialize) refers to kdrv_timer.o(i.kdrv_timer_initialize) for kdrv_timer_initialize
    driver_init.o(i.drv_initialize) refers to kdrv_timer.o(i.kdrv_timer_perf_measure_start) for kdrv_timer_perf_measure_start
    driver_init.o(i.drv_initialize) refers to kdrv_mipicsirx.o(i.kdrv_csirx_initialize) for kdrv_csirx_initialize
    driver_init.o(i.drv_initialize) refers to kdrv_dpi2ahb.o(i.kdrv_dpi2ahb_initialize) for kdrv_dpi2ahb_initialize
    driver_init.o(i.drv_initialize) refers to driver_init.o(.data) for .data
    driver_init.o(i.drv_initialize) refers to kmdw_camera_kl720.o(.data) for cam_ctx
    system_init.o(i.sys_initialize) refers to kdrv_system.o(i.kdrv_system_initialize) for kdrv_system_initialize
    system_init.o(i.sys_initialize) refers to system_init.o(.data) for .data
    device_init.o(i.dev_initialize) refers to kdev_flash_winbond_nand.o(i.kdev_flash_initialize) for kdev_flash_initialize
    application_init.o(i._app_func) refers to kmdw_console.o(i.kmdw_level_printf) for kmdw_level_printf
    application_init.o(i._app_func) refers to kmdw_inference_720.o(i.kmdw_inference_app_send_status_code) for kmdw_inference_app_send_status_code
    application_init.o(i._app_func) refers to kdp2_inf_app_yolo.o(i.kdp2_app_yolo_inference) for kdp2_app_yolo_inference
    application_init.o(i._app_func) refers to kdp2_inf_app_yolo.o(i.kdp2_app_yolo_config_post_process_parameters) for kdp2_app_yolo_config_post_process_parameters
    application_init.o(i.app_initialize) refers to kmdw_console.o(i.kmdw_level_printf) for kmdw_level_printf
    application_init.o(i.app_initialize) refers to kmdw_inference_720.o(i.kmdw_inference_app_init) for kmdw_inference_app_init
    application_init.o(i.app_initialize) refers to kdp2_hico_mipi.o(i.kdp2_hico_mipi_init) for kdp2_hico_mipi_init
    application_init.o(i.app_initialize) refers to application_init.o(i._app_func) for _app_func
    middleware_init.o(i.mdw_initialize) refers to kmdw_memory.o(i.kmdw_ddr_init) for kmdw_ddr_init
    middleware_init.o(i.mdw_initialize) refers to kmdw_model.o(i.kmdw_model_init) for kmdw_model_init
    middleware_init.o(i.mdw_initialize) refers to kmdw_system.o(i.load_ncpu_fw) for load_ncpu_fw
    middleware_init.o(i.mdw_initialize) refers to kmdw_camera.o(i.kmdw_camera_init) for kmdw_camera_init
    kdp2_inf_app_yolo.o(i.get_model_post_proc_param) refers to kdp2_inf_app_yolo.o(.bss) for .bss
    kdp2_inf_app_yolo.o(i.get_model_post_proc_param) refers to kdp2_inf_app_yolo.o(.data) for .data
    kdp2_inf_app_yolo.o(i.kdp2_app_yolo_config_post_process_parameters) refers to kmdw_inference_720.o(i.kmdw_inference_app_send_status_code) for kmdw_inference_app_send_status_code
    kdp2_inf_app_yolo.o(i.kdp2_app_yolo_config_post_process_parameters) refers to kmdw_fifoq_manager.o(i.kmdw_fifoq_manager_result_get_free_buffer) for kmdw_fifoq_manager_result_get_free_buffer
    kdp2_inf_app_yolo.o(i.kdp2_app_yolo_config_post_process_parameters) refers to kdp2_inf_app_yolo.o(i.get_model_post_proc_param) for get_model_post_proc_param
    kdp2_inf_app_yolo.o(i.kdp2_app_yolo_config_post_process_parameters) refers to memmovea.o(.text) for __aeabi_memcpy
[...]
    0x1ffc1090   0x1ffc1090   0x00000006   Code   RO         4744    i.D2A1_IRQ_Handler  kdrv_dpi2ahb.o
    0x1ffc1096   0x1ffc1096   0x00000002   Code   RO         5377    i.EvrRtxDelay       rtx_evr.o
    0x1ffc1098   0x1ffc1098   0x00000002   Code   RO         5378    i.EvrRtxDelayCompleted  rtx_evr.o
    0x1ffc109a   0x1ffc109a   0x00000002   Code   RO         5379    i.EvrRtxDelayError  rtx_evr.o
    0x1ffc109c   0x1ffc109c   0x00000002   Code   RO         5380    i.EvrRtxDelayStarted  rtx_evr.o
    0x1ffc109e   0x1ffc109e   0x00000002   Code   RO         5383    i.EvrRtxEventFlagsClear  rtx_evr.o
    0x1ffc10a0   0x1ffc10a0   0x00000002   Code   RO         5384    i.EvrRtxEventFlagsClearDone  rtx_evr.o
    0x1ffc10a2   0x1ffc10a2   0x00000002   Code   RO         5385    i.EvrRtxEventFlagsCreated  rtx_evr.o
    0x1ffc10a4   0x1ffc10a4   0x00000002   Code   RO         5388    i.EvrRtxEventFlagsError  rtx_evr.o
    0x1ffc10a6   0x1ffc10a6   0x00000002   Code   RO         5391    i.EvrRtxEventFlagsNew  rtx_evr.o
    0x1ffc10a8   0x1ffc10a8   0x00000002   Code   RO         5392    i.EvrRtxEventFlagsSet  rtx_evr.o
    0x1ffc10aa   0x1ffc10aa   0x00000002   Code   RO         5393    i.EvrRtxEventFlagsSetDone  rtx_evr.o
    0x1ffc10ac   0x1ffc10ac   0x00000002   Code   RO         5394    i.EvrRtxEventFlagsWait  rtx_evr.o
    0x1ffc10ae   0x1ffc10ae   0x00000002   Code   RO         5395    i.EvrRtxEventFlagsWaitCompleted  rtx_evr.o
    0x1ffc10b0   0x1ffc10b0   0x00000002   Code   RO         5396    i.EvrRtxEventFlagsWaitNotCompleted  rtx_evr.o
    0x1ffc10b2   0x1ffc10b2   0x00000002   Code   RO         5397    i.EvrRtxEventFlagsWaitPending  rtx_evr.o
    0x1ffc10b4   0x1ffc10b4   0x00000002   Code   RO         5398    i.EvrRtxEventFlagsWaitTimeout  rtx_evr.o
    0x1ffc10b6   0x1ffc10b6   0x00000002   Code   RO         5399    i.EvrRtxKernelError  rtx_evr.o
    0x1ffc10b8   0x1ffc10b8   0x00000002   Code   RO         5401    i.EvrRtxKernelGetState  rtx_evr.o
    0x1ffc10ba   0x1ffc10ba   0x00000002   Code   RO         5402    i.EvrRtxKernelGetSysTimerCount  rtx_evr.o
    0x1ffc10bc   0x1ffc10bc   0x00000002   Code   RO         5404    i.EvrRtxKernelGetTickCount  rtx_evr.o
    0x1ffc10be   0x1ffc10be   0x00000002   Code   RO         5405    i.EvrRtxKernelGetTickFreq  rtx_evr.o
    0x1ffc10c0   0x1ffc10c0   0x00000002   Code   RO         5407    i.EvrRtxKernelInitialize  rtx_evr.o
    0x1ffc10c2   0x1ffc10c2   0x00000002   Code   RO         5408    i.EvrRtxKernelInitialized  rtx_evr.o
    0x1ffc10c4   0x1ffc10c4   0x00000002   Code   RO         5415    i.EvrRtxKernelStart  rtx_evr.o
    0x1ffc10c6   0x1ffc10c6   0x00000002   Code   RO         5416    i.EvrRtxKernelStarted  rtx_evr.o
    0x1ffc10c8   0x1ffc10c8   0x00000002   Code   RO         5421    i.EvrRtxMemoryAlloc  rtx_evr.o
    0x1ffc10ca   0x1ffc10ca   0x00000002   Code   RO         5422    i.EvrRtxMemoryBlockAlloc  rtx_evr.o
    0x1ffc10cc   0x1ffc10cc   0x00000002   Code   RO         5423    i.EvrRtxMemoryBlockFree  rtx_evr.o
    0x1ffc10ce   0x1ffc10ce   0x00000002   Code   RO         5424    i.EvrRtxMemoryBlockInit  rtx_evr.o
    0x1ffc10d0   0x1ffc10d0   0x00000002   Code   RO         5425    i.EvrRtxMemoryFree  rtx_evr.o
    0x1ffc10d2   0x1ffc10d2   0x00000002   Code   RO         5426    i.EvrRtxMemoryInit  rtx_evr.o
    0x1ffc10d4   0x1ffc10d4   0x00000002   Code   RO         5430    i.EvrRtxMemoryPoolAllocTimeout  rtx_evr.o
    0x1ffc10d6   0x1ffc10d6   0x00000002   Code   RO         5445    i.EvrRtxMessageQueueCreated  rtx_evr.o
    0x1ffc10d8   0x1ffc10d8   0x00000002   Code   RO         5446    i.EvrRtxMessageQueueDelete  rtx_evr.o
    0x1ffc10da   0x1ffc10da   0x00000002   Code   RO         5447    i.EvrRtxMessageQueueDestroyed  rtx_evr.o
    0x1ffc10dc   0x1ffc10dc   0x00000002   Code   RO         5448    i.EvrRtxMessageQueueError  rtx_evr.o
    0x1ffc10de   0x1ffc10de   0x00000002   Code   RO         5449    i.EvrRtxMessageQueueGet  rtx_evr.o
    0x1ffc10e0   0x1ffc10e0   0x00000002   Code   RO         5454    i.EvrRtxMessageQueueGetPending  rtx_evr.o
    0x1ffc10e2   0x1ffc10e2   0x00000002   Code   RO         5456    i.EvrRtxMessageQueueGetTimeout  rtx_evr.o
    0x1ffc10e4   0x1ffc10e4   0x00000002   Code   RO         5457    i.EvrRtxMessageQueueInsertPending  rtx_evr.o
    0x1ffc10e6   0x1ffc10e6   0x00000002   Code   RO         5458    i.EvrRtxMessageQueueInserted  rtx_evr.o
    0x1ffc10e8   0x1ffc10e8   0x00000002   Code   RO         5459    i.EvrRtxMessageQueueNew  rtx_evr.o
    0x1ffc10ea   0x1ffc10ea   0x00000002   Code   RO         5460    i.EvrRtxMessageQueueNotInserted  rtx_evr.o
    0x1ffc10ec   0x1ffc10ec   0x00000002   Code   RO         5461    i.EvrRtxMessageQueueNotRetrieved  rtx_evr.o
    0x1ffc10ee   0x1ffc10ee   0x00000002   Code   RO         5462    i.EvrRtxMessageQueuePut  rtx_evr.o
    0x1ffc10f0   0x1ffc10f0   0x00000002   Code   RO         5463    i.EvrRtxMessageQueuePutPending  rtx_evr.o
    0x1ffc10f2   0x1ffc10f2   0x00000002   Code   RO         5464    i.EvrRtxMessageQueuePutTimeout  rtx_evr.o
    0x1ffc10f4   0x1ffc10f4   0x00000002   Code   RO         5467    i.EvrRtxMessageQueueRetrieved  rtx_evr.o
    0x1ffc10f6   0x1ffc10f6   0x00000002   Code   RO         5468    i.EvrRtxMutexAcquire  rtx_evr.o
    0x1ffc10f8   0x1ffc10f8   0x00000002   Code   RO         5469    i.EvrRtxMutexAcquirePending  rtx_evr.o
    0x1ffc10fa   0x1ffc10fa   0x00000002   Code   RO         5470    i.EvrRtxMutexAcquireTimeout  rtx_evr.o
    0x1ffc10fc   0x1ffc10fc   0x00000002   Code   RO         5471    i.EvrRtxMutexAcquired  rtx_evr.o
    0x1ffc10fe   0x1ffc10fe   0x00000002   Code   RO         5472    i.EvrRtxMutexCreated  rtx_evr.o
    0x1ffc1100   0x1ffc1100   0x00000002   Code   RO         5475    i.EvrRtxMutexError  rtx_evr.o
    0x1ffc1102   0x1ffc1102   0x00000002   Code   RO         5478    i.EvrRtxMutexNew    rtx_evr.o
    0x1ffc1104   0x1ffc1104   0x00000002   Code   RO         5479    i.EvrRtxMutexNotAcquired  rtx_evr.o
    0x1ffc1106   0x1ffc1106   0x00000002   Code   RO         5480    i.EvrRtxMutexRelease  rtx_evr.o
    0x1ffc1108   0x1ffc1108   0x00000002   Code   RO         5481    i.EvrRtxMutexReleased  rtx_evr.o
    0x1ffc110a   0x1ffc110a   0x00000002   Code   RO         5484    i.EvrRtxSemaphoreAcquireTimeout  rtx_evr.o
    0x1ffc110c   0x1ffc110c   0x00000002   Code   RO         5496    i.EvrRtxThreadBlocked  rtx_evr.o
    0x1ffc110e   0x1ffc110e   0x00000002   Code   RO         5497    i.EvrRtxThreadCreated  rtx_evr.o
    0x1ffc1110   0x1ffc1110   0x00000002   Code   RO         5498    i.EvrRtxThreadDestroyed  rtx_evr.o
    0x1ffc1112   0x1ffc1112   0x00000002   Code   RO         5502    i.EvrRtxThreadError  rtx_evr.o
    0x1ffc1114   0x1ffc1114   0x00000002   Code   RO         5503    i.EvrRtxThreadExit  rtx_evr.o
    0x1ffc1116   0x1ffc1116   0x00000002   Code   RO         5504    i.EvrRtxThreadFlagsClear  rtx_evr.o
    0x1ffc1118   0x1ffc1118   0x00000002   Code   RO         5505    i.EvrRtxThreadFlagsClearDone  rtx_evr.o
    0x1ffc111a   0x1ffc111a   0x00000002   Code   RO         5506    i.EvrRtxThreadFlagsError  rtx_evr.o
    0x1ffc111c   0x1ffc111c   0x00000002   Code   RO         5508    i.EvrRtxThreadFlagsSet  rtx_evr.o
    0x1ffc111e   0x1ffc111e   0x00000002   Code   RO         5509    i.EvrRtxThreadFlagsSetDone  rtx_evr.o
    0x1ffc1120   0x1ffc1120   0x00000002   Code   RO         5510    i.EvrRtxThreadFlagsWait  rtx_evr.o
    0x1ffc1122   0x1ffc1122   0x00000002   Code   RO         5511    i.EvrRtxThreadFlagsWaitCompleted  rtx_evr.o
    0x1ffc1124   0x1ffc1124   0x00000002   Code   RO         5512    i.EvrRtxThreadFlagsWaitNotCompleted  rtx_evr.o
    0x1ffc1126   0x1ffc1126   0x00000002   Code   RO         5513    i.EvrRtxThreadFlagsWaitPending  rtx_evr.o
    0x1ffc1128   0x1ffc1128   0x00000002   Code   RO         5514    i.EvrRtxThreadFlagsWaitTimeout  rtx_evr.o
    0x1ffc112a   0x1ffc112a   0x00000002   Code   RO         5516    i.EvrRtxThreadGetId  rtx_evr.o
    0x1ffc112c   0x1ffc112c   0x00000002   Code   RO         5524    i.EvrRtxThreadJoined  rtx_evr.o
    0x1ffc112e   0x1ffc112e   0x00000002   Code   RO         5525    i.EvrRtxThreadNew   rtx_evr.o
    0x1ffc1130   0x1ffc1130   0x00000002   Code   RO         5526    i.EvrRtxThreadPreempted  rtx_evr.o
    0x1ffc1132   0x1ffc1132   0x00000002   Code   RO         5533    i.EvrRtxThreadSwitched  rtx_evr.o
    0x1ffc1134   0x1ffc1134   0x00000002   Code   RO         5535    i.EvrRtxThreadUnblocked  rtx_evr.o
    0x1ffc1136   0x1ffc1136   0x00000002   Code   RO         5537    i.EvrRtxTimerCallback  rtx_evr.o
    0x1ffc1138   0x1ffc1138   0x00000002   Code   RO         5538    i.EvrRtxTimerCreated  rtx_evr.o
    0x1ffc113a   0x1ffc113a   0x00000002   Code   RO         5539    i.EvrRtxTimerDelete  rtx_evr.o
    0x1ffc113c   0x1ffc113c   0x00000002   Code   RO         5540    i.EvrRtxTimerDestroyed  rtx_evr.o
    0x1ffc113e   0x1ffc113e   0x00000002   Code   RO         5541    i.EvrRtxTimerError  rtx_evr.o
    0x1ffc1140   0x1ffc1140   0x00000002   Code   RO         5544    i.EvrRtxTimerNew    rtx_evr.o
    0x1ffc1142   0x1ffc1142   0x00000002   Code   RO         5545    i.EvrRtxTimerStart  rtx_evr.o
    0x1ffc1144   0x1ffc1144   0x00000002   Code   RO         5546    i.EvrRtxTimerStarted  rtx_evr.o
    0x1ffc1146   0x1ffc1146   0x00000002   PAD
    0x1ffc1148   0x1ffc1148   0x00000040   Code   RO         3229    i.GPIO_IRQ_Handler  kdrv_gpio.o
    0x1ffc1188   0x1ffc1188   0x00000006   Code   RO         4931    i.HW_TIMER0_IRQ_Handler  kdrv_timer.o
    0x1ffc118e   0x1ffc118e   0x00000006   Code   RO         4932    i.HW_TIMER1_IRQ_Handler  kdrv_timer.o
    0x1ffc1194   0x1ffc1194   0x00000008   Code   RO         4933    i.HW_TIMER2_IRQ_Handler  kdrv_timer.o
    0x1ffc119c   0x1ffc119c   0x00000006   Code   RO         4819    i.I2C0_IRQ_Handler  kdrv_i2c.o
    0x1ffc11a2   0x1ffc11a2   0x00000006   Code   RO         4820    i.I2C1_IRQ_Handler  kdrv_i2c.o
    0x1ffc11a8   0x1ffc11a8   0x00000006   Code   RO         4821    i.I2C2_IRQ_Handler  kdrv_i2c.o
    0x1ffc11ae   0x1ffc11ae   0x00000046   Code   RO         6858    i.MessageQueuePut   rtx_msgqueue.o
    0x1ffc11f4   0x1ffc11f4   0x000000ec   Code   RO         1322    i.NCPU_IRQHandler   kmdw_ipc.o
    0x1ffc12e0   0x1ffc12e0   0x00000008   Code   RO         5085    i.OS_Tick_AcknowledgeIRQ  os_systick.o
    0x1ffc12e8   0x1ffc12e8   0x00000028   Code   RO         5087    i.OS_Tick_Enable    os_systick.o
    0x1ffc1310   0x1ffc1310   0x0000000c   Code   RO         5089    i.OS_Tick_GetCount  os_systick.o
    0x1ffc131c   0x1ffc131c   0x00000006   Code   RO         5090    i.OS_Tick_GetIRQn   os_systick.o
    0x1ffc1322   0x1ffc1322   0x0000000a   Code   RO         5091    i.OS_Tick_GetInterval  os_systick.o
    0x1ffc132c   0x1ffc132c   0x0000000c   Code   RO         5092    i.OS_Tick_GetOverflow  os_systick.o
    0x1ffc1338   0x1ffc1338   0x00000040   Code   RO         5093    i.OS_Tick_Setup     os_systick.o
    0x1ffc1378   0x1ffc1378   0x00000048   Code   RO         4251    i.SYS_IRQ_Handler   kdrv_system.o
    0x1ffc13c0   0x1ffc13c0   0x0000002c   Code   RO         7707    i.StartupInit       startup.o
    0x1ffc13ec   0x1ffc13ec   0x00000006   Code   RO         3448    i.UART0_ISR         kdrv_uart.o
    0x1ffc13f2   0x1ffc13f2   0x00000006   Code   RO         3449    i.UART1_ISR         kdrv_uart.o
    0x1ffc13f8   0x1ffc13f8   0x000000dc   Code   RO         3450    i.UART_ISR          kdrv_uart.o
    0x1ffc14d4   0x1ffc14d4   0x000000d4   Code   RO         3451    i.UART_RX_ISR       kdrv_uart.o
    0x1ffc15a8   0x1ffc15a8   0x000000d4   Code   RO         3452    i.UART_TX_ISR       kdrv_uart.o
    0x1ffc167c   0x1ffc167c   0x00000020   Code   RO         8867    i.__0printf         mc_w.l(printfa.o)
    0x1ffc169c   0x1ffc169c   0x00000028   Code   RO         8869    i.__0sprintf        mc_w.l(printfa.o)
    0x1ffc16c4   0x1ffc16c4   0x00000034   Code   RO         8872    i.__0vsnprintf      mc_w.l(printfa.o)
    0x1ffc16f8   0x1ffc16f8   0x0000000e   Code   RO         8981    i.__scatterload_copy  mc_w.l(handlers.o)
    0x1ffc1706   0x1ffc1706   0x00000002   Code   RO         8982    i.__scatterload_null  mc_w.l(handlers.o)
    0x1ffc1708   0x1ffc1708   0x0000000e   Code   RO         8983    i.__scatterload_zeroinit  mc_w.l(handlers.o)
    0x1ffc1716   0x1ffc1716   0x00000002   PAD
    0x1ffc1718   0x1ffc1718   0x00000058   Code   RO          227    i._app_func         application_init.o
    0x1ffc1770   0x1ffc1770   0x00000002   Code   RO         3715    i._default_status_isr_callback  kdrv_usbd3.o
    0x1ffc1772   0x1ffc1772   0x00000004   Code   RO         3716    i._default_usr_cx_isr_callback  kdrv_usbd3.o
    0x1ffc1776   0x1ffc1776   0x0000001c   Code   RO          447    i._flash_read_callback  kdp2_cmd_handler_720.o
    0x1ffc1792   0x1ffc1792   0x00000002   PAD
    0x1ffc1794   0x1ffc1794   0x00000184   Code   RO         8874    i._fp_digits        mc_w.l(printfa.o)
    0x1ffc1918   0x1ffc1918   0x0000006c   Code   RO         1584    i._get_model_info_array_index_by_model_type  kmdw_model.o
    0x1ffc1984   0x1ffc1984   0x000000e8   Code   RO         1585    i._ipc_handler      kmdw_model.o
    0x1ffc1a6c   0x1ffc1a6c   0x00000068   Code   RO         1586    i._load_model       kmdw_model.o
    0x1ffc1ad4   0x1ffc1ad4   0x00000400   Code   RO         1587    i._load_model_info  kmdw_model.o
    0x1ffc1ed4   0x1ffc1ed4   0x000006b4   Code   RO         8875    i._printf_core      mc_w.l(printfa.o)
    0x1ffc2588   0x1ffc2588   0x00000024   Code   RO         8876    i._printf_post_padding  mc_w.l(printfa.o)
    0x1ffc25ac   0x1ffc25ac   0x0000002e   Code   RO         8877    i._printf_pre_padding  mc_w.l(printfa.o)
    0x1ffc25da   0x1ffc25da   0x00000016   Code   RO         8878    i._snputc           mc_w.l(printfa.o)
    0x1ffc25f0   0x1ffc25f0   0x0000000a   Code   RO         8879    i._sputc            mc_w.l(printfa.o)
    0x1ffc25fa   0x1ffc25fa   0x0000000e   Code   RO         8078    i.abs_float         kmdw_dfs_fuzzy_720.lib(fuzzy_io.o)
    0x1ffc2608   0x1ffc2608   0x0000000e   Code   RO         8460    i.abs_float         kmdw_dfs_fuzzy_720.lib(fuzzy_composition.o)
    0x1ffc2616   0x1ffc2616   0x00000012   Code   RO         4137    i.add_delay         kdrv_ddr.o
    0x1ffc2628   0x1ffc2628   0x00000060   Code   RO          228    i.app_initialize    application_init.o
    0x1ffc2688   0x1ffc2688   0x00000008   Code   RO         7925    i.block_t_convert   system_720.lib(kmdw_sbt.o)
    0x1ffc2690   0x1ffc2690   0x00000008   Code   RO         8297    i.block_t_convert   system_720.lib(kdrv_aes.o)
    0x1ffc2698   0x1ffc2698   0x0000009c   Code   RO         3718    i.cx_txfer_data_send  kdrv_usbd3.o
    0x1ffc2734   0x1ffc2734   0x00000034   Code   RO         8020    i.defuzzify         kmdw_dfs_fuzzy_720.lib(fuzzy.o)
    0x1ffc2768   0x1ffc2768   0x00000004   Code   RO          196    i.dev_initialize    device_init.o
    0x1ffc276c   0x1ffc276c   0x00000070   Code   RO         7749    i.dfs_fuzzy_execution  kmdw_dfs_fuzzy_720.lib(dfs_fuzzy.o)
    0x1ffc27dc   0x1ffc27dc   0x00000004   Code   RO         7750    i.dfs_fuzzy_init    kmdw_dfs_fuzzy_720.lib(dfs_fuzzy.o)
    0x1ffc27e0   0x1ffc27e0   0x000001a0   Code   RO         1058    i.dfu_init_partition_boot_cfg  kmdw_dfu.o
    0x1ffc2980   0x1ffc2980   0x00000118   Code   RO         1059    i.dfu_mem_to_flash_4k_blocks  kmdw_dfu.o
    0x1ffc2a98   0x1ffc2a98   0x000001b4   Code   RO         1060    i.dfu_mem_to_flash_small_block  kmdw_dfu.o
    0x1ffc2c4c   0x1ffc2c4c   0x00000104   Code   RO         1061    i.dfu_post_flash_verify_4kblock  kmdw_dfu.o
    0x1ffc2d50   0x1ffc2d50   0x0000003c   Code   RO         1062    i.dfu_pre_update    kmdw_dfu.o
    0x1ffc2d8c   0x1ffc2d8c   0x0000002c   Code   RO         1063    i.dfu_update_abort  kmdw_dfu.o
    0x1ffc2db8   0x1ffc2db8   0x0000008c   Code   RO         1064    i.dfu_update_deep_sleep  kmdw_dfu.o
    0x1ffc2e44   0x1ffc2e44   0x00000084   Code   RO         1065    i.dfu_update_sleep  kmdw_dfu.o
    0x1ffc2ec8   0x1ffc2ec8   0x0000008c   Code   RO           55    i.drv_initialize    driver_init.o
    0x1ffc2f54   0x1ffc2f54   0x00000046   Code   RO         2359    i.dual_fifo2_create  dual_fifo2.o
    0x1ffc2f9a   0x1ffc2f9a   0x0000000a   Code   RO         2360    i.dual_fifo2_dequeue_data  dual_fifo2.o
    0x1ffc2fa4   0x1ffc2fa4   0x00000016   Code   RO         2362    i.dual_fifo2_enqueue_data  dual_fifo2.o
    0x1ffc2fba   0x1ffc2fba   0x00000034   Code   RO         2363    i.dual_fifo2_get_free_buffer  dual_fifo2.o
    0x1ffc2fee   0x1ffc2fee   0x00000016   Code   RO         2366    i.dual_fifo2_put_free_buffer  dual_fifo2.o
    0x1ffc3004   0x1ffc3004   0x00000078   Code   RO         1508    i.errand_thread     kmdw_errandserv.o
    0x1ffc307c   0x1ffc307c   0x00000034   Code   RO         3454    i.fputc             kdrv_uart.o
    0x1ffc30b0   0x1ffc30b0   0x00000050   Code   RO         8895    i.free              mc_w.l(malloc.o)
    0x1ffc3100   0x1ffc3100   0x0000007c   Code   RO         8021    i.fuzzify           kmdw_dfs_fuzzy_720.lib(fuzzy.o)
    0x1ffc317c   0x1ffc317c   0x00000014   Code   RO         8022    i.fuzzy_add_input   kmdw_dfs_fuzzy_720.lib(fuzzy.o)
    0x1ffc3190   0x1ffc3190   0x00000014   Code   RO         8023    i.fuzzy_add_output  kmdw_dfs_fuzzy_720.lib(fuzzy.o)
    0x1ffc31a4   0x1ffc31a4   0x00000018   Code   RO         8024    i.fuzzy_add_rule    kmdw_dfs_fuzzy_720.lib(fuzzy.o)
    0x1ffc31bc   0x1ffc31bc   0x00000020   Code   RO         8461    i.fuzzy_composition_add_point  kmdw_dfs_fuzzy_720.lib(fuzzy_composition.o)
    0x1ffc31dc   0x1ffc31dc   0x00000058   Code   RO         8462    i.fuzzy_composition_build  kmdw_dfs_fuzzy_720.lib(fuzzy_composition.o)
    0x1ffc3234   0x1ffc3234   0x00000148   Code   RO         8463    i.fuzzy_composition_calculate  kmdw_dfs_fuzzy_720.lib(fuzzy_composition.o)
    0x1ffc337c   0x1ffc337c   0x00000006   Code   RO         8466    i.fuzzy_composition_empty  kmdw_dfs_fuzzy_720.lib(fuzzy_composition.o)
    0x1ffc3382   0x1ffc3382   0x00000006   Code   RO         8467    i.fuzzy_composition_init  kmdw_dfs_fuzzy_720.lib(fuzzy_composition.o)
    0x1ffc3388   0x1ffc3388   0x0000000c   Code   RO         8025    i.fuzzy_init        kmdw_dfs_fuzzy_720.lib(fuzzy.o)
    0x1ffc3394   0x1ffc3394   0x00000014   Code   RO         8079    i.fuzzy_input_add_fuzzy_set  kmdw_dfs_fuzzy_720.lib(fuzzy_io.o)
    0x1ffc33a8   0x1ffc33a8   0x00000020   Code   RO         8080    i.fuzzy_input_calculate_fuzzy_set_pertinences  kmdw_dfs_fuzzy_720.lib(fuzzy_io.o)
    0x1ffc33c8   0x1ffc33c8   0x00000024   Code   RO         8081    i.fuzzy_input_init  kmdw_dfs_fuzzy_720.lib(fuzzy_io.o)
    0x1ffc33ec   0x1ffc33ec   0x0000001c   Code   RO         8082    i.fuzzy_input_reset_fuzzy_sets  kmdw_dfs_fuzzy_720.lib(fuzzy_io.o)
    0x1ffc3408   0x1ffc3408   0x00000014   Code   RO         8084    i.fuzzy_output_add_fuzzy_set  kmdw_dfs_fuzzy_720.lib(fuzzy_io.o)
    0x1ffc341c   0x1ffc341c   0x00000006   Code   RO         8085    i.fuzzy_output_get_crisp_output  kmdw_dfs_fuzzy_720.lib(fuzzy_io.o)
    0x1ffc3422   0x1ffc3422   0x0000000c   Code   RO         8087    i.fuzzy_output_init  kmdw_dfs_fuzzy_720.lib(fuzzy_io.o)
    0x1ffc342e   0x1ffc342e   0x00000002   PAD
    0x1ffc3430   0x1ffc3430   0x000000c8   Code   RO         8088    i.fuzzy_output_rebuild  kmdw_dfs_fuzzy_720.lib(fuzzy_io.o)
    0x1ffc34f8   0x1ffc34f8   0x0000001c   Code   RO         8089    i.fuzzy_output_reset_fuzzy_sets  kmdw_dfs_fuzzy_720.lib(fuzzy_io.o)
    0x1ffc3514   0x1ffc3514   0x000001c4   Code   RO         8091    i.fuzzy_output_truncate  kmdw_dfs_fuzzy_720.lib(fuzzy_io.o)
    0x1ffc36d8   0x1ffc36d8   0x0000008c   Code   RO         8195    i.fuzzy_rule_antecedent_evaluate  kmdw_dfs_fuzzy_720.lib(fuzzy_rule_antecedent.o)
    0x1ffc3764   0x1ffc3764   0x0000000c   Code   RO         8196    i.fuzzy_rule_antecedent_init  kmdw_dfs_fuzzy_720.lib(fuzzy_rule_antecedent.o)
    0x1ffc3770   0x1ffc3770   0x0000001a   Code   RO         8197    i.fuzzy_rule_antecedent_join_and  kmdw_dfs_fuzzy_720.lib(fuzzy_rule_antecedent.o)
    0x1ffc378a   0x1ffc378a   0x00000014   Code   RO         8235    i.fuzzy_rule_consequent_add_output  kmdw_dfs_fuzzy_720.lib(fuzzy_rule_consequent.o)
    0x1ffc379e   0x1ffc379e   0x0000002c   Code   RO         8236    i.fuzzy_rule_consequent_evaluate  kmdw_dfs_fuzzy_720.lib(fuzzy_rule_consequent.o)
    0x1ffc37ca   0x1ffc37ca   0x00000006   Code   RO         8237    i.fuzzy_rule_consequent_init  kmdw_dfs_fuzzy_720.lib(fuzzy_rule_consequent.o)
    0x1ffc37d0   0x1ffc37d0   0x0000002c   Code   RO         8173    i.fuzzy_rule_evaluate_expression  kmdw_dfs_fuzzy_720.lib(fuzzy_rule.o)
    0x1ffc37fc   0x1ffc37fc   0x0000000e   Code   RO         8174    i.fuzzy_rule_init   kmdw_dfs_fuzzy_720.lib(fuzzy_rule.o)
    0x1ffc380a   0x1ffc380a   0x00000002   PAD
    0x1ffc380c   0x1ffc380c   0x00000354   Code   RO         7751    i.fuzzy_rule_setup  kmdw_dfs_fuzzy_720.lib(dfs_fuzzy.o)
    0x1ffc3b60   0x1ffc3b60   0x00000108   Code   RO         8263    i.fuzzy_set_calculation_pertinence  kmdw_dfs_fuzzy_720.lib(fuzzy_set.o)
    0x1ffc3c68   0x1ffc3c68   0x00000018   Code   RO         8264    i.fuzzy_set_init    kmdw_dfs_fuzzy_720.lib(fuzzy_set.o)
    0x1ffc3c80   0x1ffc3c80   0x0000002c   Code   RO         8027    i.fuzzy_set_input   kmdw_dfs_fuzzy_720.lib(fuzzy.o)
    0x1ffc3cac   0x1ffc3cac   0x00000010   Code   RO         8265    i.fuzzy_set_reset   kmdw_dfs_fuzzy_720.lib(fuzzy_set.o)
    0x1ffc3cbc   0x1ffc3cbc   0x00000014   Code   RO         8266    i.fuzzy_set_set_pertinence  kmdw_dfs_fuzzy_720.lib(fuzzy_set.o)
    0x1ffc3cd0   0x1ffc3cd0   0x000000b0   Code   RO         4581    i.gdma_isr          kdrv_gdma3.o
    0x1ffc3d80   0x1ffc3d80   0x000000b8   Code   RO          315    i.get_model_post_proc_param  kdp2_inf_app_yolo.o
    0x1ffc3e38   0x1ffc3e38   0x000005b4   Code   RO         3719    i.handle_standard_request  kdrv_usbd3.o
    0x1ffc43ec   0x1ffc43ec   0x00000002   Code   RO         1323    i.hook_ncpu_start   kmdw_ipc.o
    0x1ffc43ee   0x1ffc43ee   0x00000002   Code   RO         1324    i.hook_ncpu_stop    kmdw_ipc.o
    0x1ffc43f0   0x1ffc43f0   0x0000020c   Code   RO         4822    i.i2c_tx_rx         kdrv_i2c.o
    0x1ffc45fc   0x1ffc45fc   0x00000090   Code   RO          366    i.image_coming_callback  kdp2_hico_mipi.o
    0x1ffc468c   0x1ffc468c   0x0000000c   Code   RO         3175    i.kdev_cam_sensor_get_drv_ops  kdev_sensor.o
    0x1ffc4698   0x1ffc4698   0x00000010   Code   RO         3176    i.kdev_cam_sensor_register  kdev_sensor.o
    0x1ffc46a8   0x1ffc46a8   0x0000000c   Code   RO         3000    i.kdev_cam_sensor_register_0  kdev_sensor_gc2145.o
    0x1ffc46b4   0x1ffc46b4   0x0000000c   Code   RO         3079    i.kdev_cam_sensor_register_1  kdev_sensor_sc132gs.o
    0x1ffc46c0   0x1ffc46c0   0x00000018   Code   RO         3177    i.kdev_cam_sensor_set_drv_ops  kdev_sensor.o
    0x1ffc46d8   0x1ffc46d8   0x0000004c   Code   RO         2742    i.kdev_flash_128kErase  kdev_flash_winbond_nand.o
    0x1ffc4724   0x1ffc4724   0x000001d4   Code   RO         2745    i.kdev_flash_block_backup  kdev_flash_winbond_nand.o
    0x1ffc48f8   0x1ffc48f8   0x00000070   Code   RO         2746    i.kdev_flash_check_cumulativeECCstauts  kdev_flash_winbond_nand.o
    0x1ffc4968   0x1ffc4968   0x0000000a   Code   RO         2751    i.kdev_flash_erase_sector  kdev_flash_winbond_nand.o
    0x1ffc4972   0x1ffc4972   0x00000002   PAD
    0x1ffc4974   0x1ffc4974   0x00000024   Code   RO         2756    i.kdev_flash_get_status  kdev_flash_winbond_nand.o
    0x1ffc4998   0x1ffc4998   0x00000084   Code   RO         2757    i.kdev_flash_initialize  kdev_flash_winbond_nand.o
    0x1ffc4a1c   0x1ffc4a1c   0x000000a4   Code   RO         2758    i.kdev_flash_pagecopy  kdev_flash_winbond_nand.o
    0x1ffc4ac0   0x1ffc4ac0   0x000000cc   Code   RO         2762    i.kdev_flash_programdata  kdev_flash_winbond_nand.o
    0x1ffc4b8c   0x1ffc4b8c   0x00000088   Code   RO         2763    i.kdev_flash_programdata_memxfer  kdev_flash_winbond_nand.o
    0x1ffc4c14   0x1ffc4c14   0x0000006c   Code   RO         2768    i.kdev_flash_read_BBM  kdev_flash_winbond_nand.o
    0x1ffc4c80   0x1ffc4c80   0x000000d0   Code   RO         2770    i.kdev_flash_read_SFDP  kdev_flash_winbond_nand.o
    0x1ffc4d50   0x1ffc4d50   0x000000b4   Code   RO         2772    i.kdev_flash_read_flash_id  kdev_flash_winbond_nand.o
    0x1ffc4e04   0x1ffc4e04   0x00000128   Code   RO         2773    i.kdev_flash_read_status  kdev_flash_winbond_nand.o
    0x1ffc4f2c   0x1ffc4f2c   0x00000174   Code   RO         2774    i.kdev_flash_readdata  kdev_flash_winbond_nand.o
    0x1ffc50a0   0x1ffc50a0   0x00000140   Code   RO         2775    i.kdev_flash_running_error_handler  kdev_flash_winbond_nand.o
    0x1ffc51e0   0x1ffc51e0   0x000001ac   Code   RO         2776    i.kdev_flash_scan_all_BBM  kdev_flash_winbond_nand.o
    0x1ffc538c   0x1ffc538c   0x00000018   Code   RO         3001    i.kdev_sensor_enum_fmt  kdev_sensor_gc2145.o
    0x1ffc53a4   0x1ffc53a4   0x00000018   Code   RO         3080    i.kdev_sensor_enum_fmt  kdev_sensor_sc132gs.o
    0x1ffc53bc   0x1ffc53bc   0x00000054   Code   RO         3002    i.kdev_sensor_get_dev_id  kdev_sensor_gc2145.o
    0x1ffc5410   0x1ffc5410   0x00000058   Code   RO         3081    i.kdev_sensor_get_dev_id  kdev_sensor_sc132gs.o
    0x1ffc5468   0x1ffc5468   0x00000004   Code   RO         3003    i.kdev_sensor_get_fmt  kdev_sensor_gc2145.o
    0x1ffc546c   0x1ffc546c   0x00000004   Code   RO         3082    i.kdev_sensor_get_fmt  kdev_sensor_sc132gs.o
    0x1ffc5470   0x1ffc5470   0x000000f0   Code   RO         3004    i.kdev_sensor_get_lux  kdev_sensor_gc2145.o
    0x1ffc5560   0x1ffc5560   0x000000a4   Code   RO         3005    i.kdev_sensor_init  kdev_sensor_gc2145.o
    0x1ffc5604   0x1ffc5604   0x000000a8   Code   RO         3083    i.kdev_sensor_init  kdev_sensor_sc132gs.o
    0x1ffc56ac   0x1ffc56ac   0x0000004c   Code   RO         3084    i.kdev_sensor_led_switch  kdev_sensor_sc132gs.o
    0x1ffc56f8   0x1ffc56f8   0x00000004   Code   RO         3006    i.kdev_sensor_power  kdev_sensor_gc2145.o
    0x1ffc56fc   0x1ffc56fc   0x00000004   Code   RO         3085    i.kdev_sensor_power  kdev_sensor_sc132gs.o
    0x1ffc5700   0x1ffc5700   0x00000004   Code   RO         3007    i.kdev_sensor_reset  kdev_sensor_gc2145.o
    0x1ffc5704   0x1ffc5704   0x00000004   Code   RO         3086    i.kdev_sensor_reset  kdev_sensor_sc132gs.o
    0x1ffc5708   0x1ffc5708   0x000000c8   Code   RO         3008    i.kdev_sensor_set_aec  kdev_sensor_gc2145.o
    0x1ffc57d0   0x1ffc57d0   0x00000010   Code   RO         3009    i.kdev_sensor_set_devaddress  kdev_sensor_gc2145.o
    0x1ffc57e0   0x1ffc57e0   0x00000010   Code   RO         3087    i.kdev_sensor_set_devaddress  kdev_sensor_sc132gs.o
    0x1ffc57f0   0x1ffc57f0   0x00000050   Code   RO         3088    i.kdev_sensor_set_exp_time  kdev_sensor_sc132gs.o
    0x1ffc5840   0x1ffc5840   0x000000b0   Code   RO         3089    i.kdev_sensor_set_flip  kdev_sensor_sc132gs.o
    0x1ffc58f0   0x1ffc58f0   0x00000004   Code   RO         3010    i.kdev_sensor_set_fmt  kdev_sensor_gc2145.o
    0x1ffc58f4   0x1ffc58f4   0x00000004   Code   RO         3090    i.kdev_sensor_set_fmt  kdev_sensor_sc132gs.o
    0x1ffc58f8   0x1ffc58f8   0x00000048   Code   RO         3091    i.kdev_sensor_set_gain  kdev_sensor_sc132gs.o
    0x1ffc5940   0x1ffc5940   0x00000064   Code   RO         3092    i.kdev_sensor_set_mirror  kdev_sensor_sc132gs.o
    0x1ffc59a4   0x1ffc59a4   0x00000004   Code   RO         3011    i.kdev_sensor_stream  kdev_sensor_gc2145.o
    0x1ffc59a8   0x1ffc59a8   0x00000004   Code   RO         3093    i.kdev_sensor_stream  kdev_sensor_sc132gs.o
    0x1ffc59ac   0x1ffc59ac   0x0000013c   Code   RO          316    i.kdp2_app_yolo_config_post_process_parameters  kdp2_inf_app_yolo.o
    0x1ffc5ae8   0x1ffc5ae8   0x000000e0   Code   RO          317    i.kdp2_app_yolo_inference  kdp2_inf_app_yolo.o
    0x1ffc5bc8   0x1ffc5bc8   0x00000088   Code   RO          318    i.kdp2_app_yolo_result_callback  kdp2_inf_app_yolo.o
    0x1ffc5c50   0x1ffc5c50   0x000005dc   Code   RO          448    i.kdp2_cmd_handle_kp_command  kdp2_cmd_handler_720.o
    0x1ffc622c   0x1ffc622c   0x00000130   Code   RO          449    i.kdp2_cmd_handle_legend_kdp_command  kdp2_cmd_handler_720.o
    0x1ffc635c   0x1ffc635c   0x00000018   Code   RO          450    i.kdp2_cmd_handler_initialize  kdp2_cmd_handler_720.o
    0x1ffc6374   0x1ffc6374   0x000000d0   Code   RO         2581    i.kdp2_fifoq_manager_enqueue_image_thread  kmdw_fifoq_manager.o
    0x1ffc6444   0x1ffc6444   0x00000314   Code   RO         2417    i.kdp2_generic_raw_inference  kdp2_inf_generic_raw.o
    0x1ffc6758   0x1ffc6758   0x000000b4   Code   RO         2418    i.kdp2_generic_raw_inference_bypass_pre_proc  kdp2_inf_generic_raw.o
    0x1ffc680c   0x1ffc680c   0x000001e8   Code   RO          367    i.kdp2_hico_mipi_init  kdp2_hico_mipi.o
    0x1ffc69f4   0x1ffc69f4   0x00000228   Code   RO          368    i.kdp2_hico_mipi_usb_cmd_thread  kdp2_hico_mipi.o
    0x1ffc6c1c   0x1ffc6c1c   0x000000d8   Code   RO          369    i.kdp2_hico_mipi_usb_img_send_back_thread  kdp2_hico_mipi.o
    0x1ffc6cf4   0x1ffc6cf4   0x00000034   Code   RO          370    i.kdp2_hico_mipi_usb_result_thread  kdp2_hico_mipi.o
    0x1ffc6d28   0x1ffc6d28   0x0000000a   Code   RO          618    i.kdp_memxfer_ddr_to_flash  kmdw_memxfer.o
    0x1ffc6d32   0x1ffc6d32   0x00000004   Code   RO          619    i.kdp_memxfer_flash_sector_erase64k  kmdw_memxfer.o
    0x1ffc6d36   0x1ffc6d36   0x00000002   PAD
    0x1ffc6d38   0x1ffc6d38   0x00000046   Code   RO          620    i.kdp_memxfer_flash_to_ddr  kmdw_memxfer.o
    0x1ffc6d7e   0x1ffc6d7e   0x00000002   PAD
    0x1ffc6d80   0x1ffc6d80   0x0000000c   Code   RO          621    i.kdp_memxfer_get_flash_device_id  kmdw_memxfer.o
    0x1ffc6d8c   0x1ffc6d8c   0x00000018   Code   RO          622    i.kdp_memxfer_init  kmdw_memxfer.o
    0x1ffc6da4   0x1ffc6da4   0x000001ba   Code   RO         8298    i.kdrv_aes_build_descr  system_720.lib(kdrv_aes.o)
    0x1ffc6f5e   0x1ffc6f5e   0x00000002   PAD
    0x1ffc6f60   0x1ffc6f60   0x00000070   Code   RO         8299    i.kdrv_aes_cbc      system_720.lib(kdrv_aes.o)
    0x1ffc6fd0   0x1ffc6fd0   0x00000016   Code   RO         8300    i.kdrv_aes_cbc_decrypt  system_720.lib(kdrv_aes.o)
    0x1ffc6fe6   0x1ffc6fe6   0x00000002   PAD
    0x1ffc6fe8   0x1ffc6fe8   0x0000004c   Code   RO         8303    i.kdrv_aes_initialize  system_720.lib(kdrv_aes.o)
    0x1ffc7034   0x1ffc7034   0x00000064   Code   RO         3887    i.kdrv_clock_dsp_clock_set  kdrv_clock.o
    0x1ffc7098   0x1ffc7098   0x000000d0   Code   RO         3892    i.kdrv_clock_inititialize  kdrv_clock.o
    0x1ffc7168   0x1ffc7168   0x00000014   Code   RO         3895    i.kdrv_clock_npu_clock_change  kdrv_clock.o
    0x1ffc717c   0x1ffc717c   0x00000064   Code   RO         3896    i.kdrv_clock_npu_clock_set  kdrv_clock.o
    0x1ffc71e0   0x1ffc71e0   0x00000170   Code   RO         3898    i.kdrv_clock_set_csiclk  kdrv_clock.o
    0x1ffc7350   0x1ffc7350   0x00000022   Code   RO         8522    i.kdrv_crypto_set_desc_invalid_bytes  system_720.lib(kdrv_crypto.o)
    0x1ffc7372   0x1ffc7372   0x00000016   Code   RO         8523    i.kdrv_crypto_set_last_desc  system_720.lib(kdrv_crypto.o)
    0x1ffc7388   0x1ffc7388   0x00000014   Code   RO         8524    i.kdrv_cryptodma_check_bus_error  system_720.lib(kdrv_crypto.o)
    0x1ffc739c   0x1ffc739c   0x00000014   Code   RO         8525    i.kdrv_cryptodma_check_status  system_720.lib(kdrv_crypto.o)
    0x1ffc73b0   0x1ffc73b0   0x00000014   Code   RO         8527    i.kdrv_cryptodma_config_sg  system_720.lib(kdrv_crypto.o)
    0x1ffc73c4   0x1ffc73c4   0x00000016   Code   RO         8529    i.kdrv_cryptodma_run_sg  system_720.lib(kdrv_crypto.o)
    0x1ffc73da   0x1ffc73da   0x00000002   PAD
    0x1ffc73dc   0x1ffc73dc   0x00000018   Code   RO         8530    i.kdrv_cryptodma_start  system_720.lib(kdrv_crypto.o)
    0x1ffc73f4   0x1ffc73f4   0x00000010   Code   RO         8531    i.kdrv_cryptodma_wait  system_720.lib(kdrv_crypto.o)
    0x1ffc7404   0x1ffc7404   0x0000007c   Code   RO         4682    i.kdrv_csirx_initialize  kdrv_mipicsirx.o
    0x1ffc7480   0x1ffc7480   0x0000002c   Code   RO         4683    i.kdrv_csirx_set_enable  kdrv_mipicsirx.o
    0x1ffc74ac   0x1ffc74ac   0x000000f0   Code   RO         4684    i.kdrv_csirx_set_para  kdrv_mipicsirx.o
    0x1ffc759c   0x1ffc759c   0x00000060   Code   RO         4687    i.kdrv_csirx_start  kdrv_mipicsirx.o
    0x1ffc75fc   0x1ffc75fc   0x0000001c   Code   RO         4688    i.kdrv_csirx_stop   kdrv_mipicsirx.o
    0x1ffc7618   0x1ffc7618   0x00000610   Code   RO         4138    i.kdrv_ddr_Initialize  kdrv_ddr.o
    0x1ffc7c28   0x1ffc7c28   0x00000048   Code   RO         3900    i.kdrv_delay_us     kdrv_clock.o
    0x1ffc7c70   0x1ffc7c70   0x00000018   Code   RO         4745    i.kdrv_dpi2ahb_buf_init  kdrv_dpi2ahb.o
    0x1ffc7c88   0x1ffc7c88   0x0000002c   Code   RO         4746    i.kdrv_dpi2ahb_initialize  kdrv_dpi2ahb.o
    0x1ffc7cb4   0x1ffc7cb4   0x00000098   Code   RO         4747    i.kdrv_dpi2ahb_irqhandler  kdrv_dpi2ahb.o
    0x1ffc7d4c   0x1ffc7d4c   0x000000e0   Code   RO         4748    i.kdrv_dpi2ahb_set_para  kdrv_dpi2ahb.o
    0x1ffc7e2c   0x1ffc7e2c   0x0000002c   Code   RO         4749    i.kdrv_dpi2ahb_src_config  kdrv_dpi2ahb.o
    0x1ffc7e58   0x1ffc7e58   0x0000005c   Code   RO         4750    i.kdrv_dpi2ahb_start  kdrv_dpi2ahb.o
    0x1ffc7eb4   0x1ffc7eb4   0x00000038   Code   RO         4751    i.kdrv_dpi2ahb_stop  kdrv_dpi2ahb.o
    0x1ffc7eec   0x1ffc7eec   0x0000000c   Code   RO         7811    i.kdrv_efuse_get_auth  system_720.lib(kdrv_efuse.o)
    0x1ffc7ef8   0x1ffc7ef8   0x00000010   Code   RO         7812    i.kdrv_efuse_get_enc_boot_flag  system_720.lib(kdrv_efuse.o)
    0x1ffc7f08   0x1ffc7f08   0x0000000c   Code   RO         7813    i.kdrv_efuse_get_iv  system_720.lib(kdrv_efuse.o)
    0x1ffc7f14   0x1ffc7f14   0x0000000c   Code   RO         7814    i.kdrv_efuse_get_key  system_720.lib(kdrv_efuse.o)
    0x1ffc7f20   0x1ffc7f20   0x00000034   Code   RO         7816    i.kdrv_efuse_get_kn_number  system_720.lib(kdrv_efuse.o)
    0x1ffc7f54   0x1ffc7f54   0x00000010   Code   RO         7817    i.kdrv_efuse_get_tdc_trim_code  system_720.lib(kdrv_efuse.o)
    0x1ffc7f64   0x1ffc7f64   0x0000007c   Code   RO         7819    i.kdrv_efuse_program_key  system_720.lib(kdrv_efuse.o)
    0x1ffc7fe0   0x1ffc7fe0   0x0000008c   Code   RO         7820    i.kdrv_efuse_program_sbt_key  system_720.lib(kdrv_efuse.o)
    0x1ffc806c   0x1ffc806c   0x000000b0   Code   RO         4584    i.kdrv_gdma_initialize  kdrv_gdma3.o
    0x1ffc811c   0x1ffc811c   0x000000c8   Code   RO         3230    i.kdrv_gpio_initialize  kdrv_gpio.o
    0x1ffc81e4   0x1ffc81e4   0x00000018   Code   RO         3237    i.kdrv_gpio_write_pin  kdrv_gpio.o
    0x1ffc81fc   0x1ffc81fc   0x00000028   Code   RO         8363    i.kdrv_hash_array_blk  system_720.lib(kdrv_hash.o)
    0x1ffc8224   0x1ffc8224   0x0000001a   Code   RO         8364    i.kdrv_hash_blk     system_720.lib(kdrv_hash.o)
    0x1ffc823e   0x1ffc823e   0x0000001c   Code   RO         8367    i.kdrv_hash_get_block_size  system_720.lib(kdrv_hash.o)
    0x1ffc825a   0x1ffc825a   0x0000002c   Code   RO         8368    i.kdrv_hash_get_digest_size  system_720.lib(kdrv_hash.o)
    0x1ffc8286   0x1ffc8286   0x00000024   Code   RO         8369    i.kdrv_hash_get_state_size  system_720.lib(kdrv_hash.o)
    0x1ffc82aa   0x1ffc82aa   0x00000002   PAD
    0x1ffc82ac   0x1ffc82ac   0x00000050   Code   RO         8372    i.kdrv_hash_initialize  system_720.lib(kdrv_hash.o)
    0x1ffc82fc   0x1ffc82fc   0x0000019c   Code   RO         8373    i.kdrv_hash_internal  system_720.lib(kdrv_hash.o)
    0x1ffc8498   0x1ffc8498   0x000000c4   Code   RO         4823    i.kdrv_i2c_initialize  kdrv_i2c.o
    0x1ffc855c   0x1ffc855c   0x00000188   Code   RO         4824    i.kdrv_i2c_irqhandler  kdrv_i2c.o
    0x1ffc86e4   0x1ffc86e4   0x0000005a   Code   RO         4825    i.kdrv_i2c_read_register  kdrv_i2c.o
    0x1ffc873e   0x1ffc873e   0x00000002   PAD
    0x1ffc8740   0x1ffc8740   0x000000d8   Code   RO         4826    i.kdrv_i2c_set_attribute  kdrv_i2c.o
    0x1ffc8818   0x1ffc8818   0x0000003a   Code   RO         4832    i.kdrv_i2c_write_register  kdrv_i2c.o
    0x1ffc8852   0x1ffc8852   0x00000002   PAD
    0x1ffc8854   0x1ffc8854   0x00000010   Code   RO         3652    i.kdrv_ipc_clear_from_ncpu_int  kdrv_ipc.o
    0x1ffc8864   0x1ffc8864   0x00000010   Code   RO         3653    i.kdrv_ipc_enable_to_ncpu_int  kdrv_ipc.o
    0x1ffc8874   0x1ffc8874   0x00000010   Code   RO         3654    i.kdrv_ipc_trigger_to_ncpu_int  kdrv_ipc.o
    0x1ffc8884   0x1ffc8884   0x00000058   Code   RO         4098    i.kdrv_mpu_niram_disable  kdrv_mpu.o
    0x1ffc88dc   0x1ffc88dc   0x00000058   Code   RO         4099    i.kdrv_mpu_niram_enable  kdrv_mpu.o
    0x1ffc8934   0x1ffc8934   0x00000028   Code   RO         3680    i.kdrv_ncpu_boot_initialize  kdrv_ncpu.o
    0x1ffc895c   0x1ffc895c   0x00000014   Code   RO         3681    i.kdrv_ncpu_reset   kdrv_ncpu.o
    0x1ffc8970   0x1ffc8970   0x00000014   Code   RO         1325    i.kdrv_ncpu_set_ncpu_debug_lvl  kmdw_ipc.o
    0x1ffc8984   0x1ffc8984   0x00000014   Code   RO         1326    i.kdrv_ncpu_set_scpu_debug_lvl  kmdw_ipc.o
    0x1ffc8998   0x1ffc8998   0x0000000c   Code   RO         3682    i.kdrv_ncpu_set_stall  kdrv_ncpu.o
    0x1ffc89a4   0x1ffc89a4   0x00000050   Code   RO         3209    i.kdrv_pinmux_initialize  kdrv_pinmux.o
    0x1ffc89f4   0x1ffc89f4   0x00000024   Code   RO         4188    i.kdrv_power_ops    kdrv_power.o
    0x1ffc8a18   0x1ffc8a18   0x00000038   Code   RO         4189    i.kdrv_power_set_domain  kdrv_power.o
    0x1ffc8a50   0x1ffc8a50   0x00000090   Code   RO         4190    i.kdrv_power_set_powermode  kdrv_power.o
    0x1ffc8ae0   0x1ffc8ae0   0x0000000c   Code   RO         4191    i.kdrv_power_set_wakeup_src  kdrv_power.o
    0x1ffc8aec   0x1ffc8aec   0x00000020   Code   RO         4194    i.kdrv_power_sw_reset  kdrv_power.o
    0x1ffc8b0c   0x1ffc8b0c   0x00000068   Code   RO         8304    i.kdrv_set_hw_config_for_key  system_720.lib(kdrv_aes.o)
    0x1ffc8b74   0x1ffc8b74   0x0000003c   Code   RO         3308    i.kdrv_spif_check_status_till_ready  kdrv_spif_nand.o
    0x1ffc8bb0   0x1ffc8bb0   0x0000006c   Code   RO         3310    i.kdrv_spif_get_flash_status  kdrv_spif_nand.o
    0x1ffc8c1c   0x1ffc8c1c   0x00000080   Code   RO         3311    i.kdrv_spif_initialize  kdrv_spif_nand.o
    0x1ffc8c9c   0x1ffc8c9c   0x000000c4   Code   RO         3312    i.kdrv_spif_mark_badblock_flag  kdrv_spif_nand.o
    0x1ffc8d60   0x1ffc8d60   0x00000042   Code   RO         3315    i.kdrv_spif_read_Rx_FIFO  kdrv_spif_nand.o
    0x1ffc8da2   0x1ffc8da2   0x00000042   Code   RO         3316    i.kdrv_spif_read_data  kdrv_spif_nand.o
    0x1ffc8de4   0x1ffc8de4   0x0000001c   Code   RO         3317    i.kdrv_spif_reset_device  kdrv_spif_nand.o
    0x1ffc8e00   0x1ffc8e00   0x0000000e   Code   RO         3319    i.kdrv_spif_rxfifo_depth  kdrv_spif_nand.o
    0x1ffc8e0e   0x1ffc8e0e   0x00000002   PAD
    0x1ffc8e10   0x1ffc8e10   0x00000050   Code   RO         3320    i.kdrv_spif_set_commands  kdrv_spif_nand.o
    0x1ffc8e60   0x1ffc8e60   0x00000020   Code   RO         3322    i.kdrv_spif_switch_org  kdrv_spif_nand.o
    0x1ffc8e80   0x1ffc8e80   0x00000016   Code   RO         3324    i.kdrv_spif_wait_command_complete  kdrv_spif_nand.o
    0x1ffc8e96   0x1ffc8e96   0x0000000e   Code   RO         3325    i.kdrv_spif_wait_rx_full  kdrv_spif_nand.o
    0x1ffc8ea4   0x1ffc8ea4   0x00000062   Code   RO         3327    i.kdrv_spif_write_data  kdrv_spif_nand.o
    0x1ffc8f06   0x1ffc8f06   0x00000002   PAD
    0x1ffc8f08   0x1ffc8f08   0x00000148   Code   RO         3328    i.kdrv_spif_write_data_nand  kdrv_spif_nand.o
    0x1ffc9050   0x1ffc9050   0x00000074   Code   RO         4253    i.kdrv_system_initialize  kdrv_system.o
    0x1ffc90c4   0x1ffc90c4   0x00000060   Code   RO         4303    i.kdrv_tdc_enable   kdrv_tdc.o
    0x1ffc9124   0x1ffc9124   0x00000010   Code   RO         4307    i.kdrv_tdc_get_temp_fixed_point  kdrv_tdc.o
    0x1ffc9134   0x1ffc9134   0x00000064   Code   RO         4308    i.kdrv_tdc_initialize  kdrv_tdc.o
    0x1ffc9198   0x1ffc9198   0x00000010   Code   RO         4310    i.kdrv_tdc_int_status_read  kdrv_tdc.o
    0x1ffc91a8   0x1ffc91a8   0x000000bc   Code   RO         4311    i.kdrv_tdc_isr      kdrv_tdc.o
    0x1ffc9264   0x1ffc9264   0x00000010   Code   RO         4312    i.kdrv_tdc_register_callback  kdrv_tdc.o
    0x1ffc9274   0x1ffc9274   0x000000a4   Code   RO         4314    i.kdrv_tdc_set_thrd  kdrv_tdc.o
    0x1ffc9318   0x1ffc9318   0x00000024   Code   RO         4315    i.kdrv_tdc_set_thrd_enflag  kdrv_tdc.o
    0x1ffc933c   0x1ffc933c   0x00000024   Code   RO         4316    i.kdrv_tdc_set_thrd_int_enable  kdrv_tdc.o
    0x1ffc9360   0x1ffc9360   0x00000070   Code   RO         4318    i.kdrv_tdc_update   kdrv_tdc.o
    0x1ffc93d0   0x1ffc93d0   0x00000078   Code   RO         4939    i.kdrv_timer_initialize  kdrv_timer.o
    0x1ffc9448   0x1ffc9448   0x00000238   Code   RO         4941    i.kdrv_timer_irqhandler  kdrv_timer.o
    0x1ffc9680   0x1ffc9680   0x00000060   Code   RO         4945    i.kdrv_timer_perf_measure_start  kdrv_timer.o
    0x1ffc96e0   0x1ffc96e0   0x000000c4   Code   RO         4946    i.kdrv_timer_perf_open  kdrv_timer.o
    0x1ffc97a4   0x1ffc97a4   0x00000144   Code   RO         4948    i.kdrv_timer_perf_set  kdrv_timer.o
    0x1ffc98e8   0x1ffc98e8   0x0000021c   Code   RO         3463    i.kdrv_uart_configure  kdrv_uart.o
    0x1ffc9b04   0x1ffc9b04   0x00000064   Code   RO         3464    i.kdrv_uart_console_init  kdrv_uart.o
    0x1ffc9b68   0x1ffc9b68   0x00000020   Code   RO         3469    i.kdrv_uart_initialize  kdrv_uart.o
    0x1ffc9b88   0x1ffc9b88   0x0000011c   Code   RO         3470    i.kdrv_uart_open    kdrv_uart.o
    0x1ffc9ca4   0x1ffc9ca4   0x00000114   Code   RO         3474    i.kdrv_uart_write   kdrv_uart.o
    0x1ffc9db8   0x1ffc9db8   0x00000158   Code   RO         3720    i.kdrv_usbd3_bulk_receive  kdrv_usbd3.o
    0x1ffc9f10   0x1ffc9f10   0x00000204   Code   RO         3722    i.kdrv_usbd3_bulk_send  kdrv_usbd3.o
    0x1ffca114   0x1ffca114   0x000001b0   Code   RO         3728    i.kdrv_usbd3_initialize  kdrv_usbd3.o
    0x1ffca2c4   0x1ffca2c4   0x00000024   Code   RO         3736    i.kdrv_usbd3_set_enable  kdrv_usbd3.o
    0x1ffca2e8   0x1ffca2e8   0x00000010   Code   RO         8376    i.kdrv_write_desc   system_720.lib(kdrv_hash.o)
    0x1ffca2f8   0x1ffca2f8   0x0000002c   Code   RO         8534    i.kdrv_write_desc_always  system_720.lib(kdrv_crypto.o)
    0x1ffca324   0x1ffca324   0x0000001c   Code   RO         8305    i.kdrv_write_desc_blk  system_720.lib(kdrv_aes.o)
    0x1ffca340   0x1ffca340   0x00000028   Code   RO         2026    i.kmdw_cam_buffer_capture  kmdw_camera_kl720.o
    0x1ffca368   0x1ffca368   0x0000004c   Code   RO         2027    i.kmdw_cam_buffer_init  kmdw_camera_kl720.o
    0x1ffca3b4   0x1ffca3b4   0x00000028   Code   RO         2028    i.kmdw_cam_buffer_prepare  kmdw_camera_kl720.o
    0x1ffca3dc   0x1ffca3dc   0x00000044   Code   RO         2029    i.kmdw_cam_close    kmdw_camera_kl720.o
    0x1ffca420   0x1ffca420   0x00000034   Code   RO         2030    i.kmdw_cam_get_device_id  kmdw_camera_kl720.o
    0x1ffca454   0x1ffca454   0x00000034   Code   RO         2031    i.kmdw_cam_get_expo  kmdw_camera_kl720.o
    0x1ffca488   0x1ffca488   0x0000003c   Code   RO         2032    i.kmdw_cam_get_format  kmdw_camera_kl720.o
    0x1ffca4c4   0x1ffca4c4   0x00000048   Code   RO         2033    i.kmdw_cam_get_lux  kmdw_camera_kl720.o
    0x1ffca50c   0x1ffca50c   0x00000034   Code   RO         2034    i.kmdw_cam_led_switch  kmdw_camera_kl720.o
    0x1ffca540   0x1ffca540   0x0000003c   Code   RO         2035    i.kmdw_cam_open     kmdw_camera_kl720.o
    0x1ffca57c   0x1ffca57c   0x00000068   Code   RO         2036    i.kmdw_cam_query_capability  kmdw_camera_kl720.o
    0x1ffca5e4   0x1ffca5e4   0x00000034   Code   RO         2037    i.kmdw_cam_set_aec  kmdw_camera_kl720.o
    0x1ffca618   0x1ffca618   0x0000000c   Code   RO         2038    i.kmdw_cam_set_cam_port  kmdw_camera_kl720.o
    0x1ffca624   0x1ffca624   0x00000004   Code   RO         2039    i.kmdw_cam_set_clock  kmdw_camera_kl720.o
    0x1ffca628   0x1ffca628   0x0000003c   Code   RO         2040    i.kmdw_cam_set_devaddress  kmdw_camera_kl720.o
    0x1ffca664   0x1ffca664   0x00000040   Code   RO         2041    i.kmdw_cam_set_exp_time  kmdw_camera_kl720.o
    0x1ffca6a4   0x1ffca6a4   0x00000038   Code   RO         2042    i.kmdw_cam_set_flip  kmdw_camera_kl720.o
    0x1ffca6dc   0x1ffca6dc   0x000000e4   Code   RO         2043    i.kmdw_cam_set_format  kmdw_camera_kl720.o
    0x1ffca7c0   0x1ffca7c0   0x00000054   Code   RO         2044    i.kmdw_cam_set_gain  kmdw_camera_kl720.o
    0x1ffca814   0x1ffca814   0x00000038   Code   RO         2045    i.kmdw_cam_set_inc  kmdw_camera_kl720.o
    0x1ffca84c   0x1ffca84c   0x00000038   Code   RO         2046    i.kmdw_cam_set_mirror  kmdw_camera_kl720.o
    0x1ffca884   0x1ffca884   0x0000004c   Code   RO         2047    i.kmdw_cam_start_capture  kmdw_camera_kl720.o
    0x1ffca8d0   0x1ffca8d0   0x0000004c   Code   RO         2048    i.kmdw_cam_stop_capture  kmdw_camera_kl720.o
    0x1ffca91c   0x1ffca91c   0x00000028   Code   RO         2049    i.kmdw_cam_stream_off  kmdw_camera_kl720.o
    0x1ffca944   0x1ffca944   0x00000028   Code   RO         2050    i.kmdw_cam_stream_on  kmdw_camera_kl720.o
    0x1ffca96c   0x1ffca96c   0x0000001c   Code   RO         1826    i.kmdw_camera_buffer_init  kmdw_camera.o
    0x1ffca988   0x1ffca988   0x0000001c   Code   RO         1832    i.kmdw_camera_get_device_info  kmdw_camera.o
    0x1ffca9a4   0x1ffca9a4   0x0000001c   Code   RO         1834    i.kmdw_camera_get_frame_format  kmdw_camera.o
    0x1ffca9c0   0x1ffca9c0   0x00000048   Code   RO         1836    i.kmdw_camera_init  kmdw_camera.o
    0x1ffcaa08   0x1ffcaa08   0x0000001c   Code   RO         1839    i.kmdw_camera_open  kmdw_camera.o
    0x1ffcaa24   0x1ffcaa24   0x0000001c   Code   RO         1844    i.kmdw_camera_set_frame_format  kmdw_camera.o
    0x1ffcaa40   0x1ffcaa40   0x0000001c   Code   RO         1849    i.kmdw_camera_start  kmdw_camera.o
    0x1ffcaa5c   0x1ffcaa5c   0x00000058   Code   RO          709    i.kmdw_console_puts  kmdw_console.o
    0x1ffcaab4   0x1ffcaab4   0x00000008   Code   RO          711    i.kmdw_console_set_log_level_ncpu  kmdw_console.o
    0x1ffcaabc   0x1ffcaabc   0x00000018   Code   RO          712    i.kmdw_console_set_log_level_scpu  kmdw_console.o
    0x1ffcaad4   0x1ffcaad4   0x0000000c   Code   RO          840    i.kmdw_ddr_get_heap_tail  kmdw_memory.o
    0x1ffcaae0   0x1ffcaae0   0x0000000c   Code   RO          842    i.kmdw_ddr_init     kmdw_memory.o
    0x1ffcaaec   0x1ffcaaec   0x0000007c   Code   RO          843    i.kmdw_ddr_reserve  kmdw_memory.o
    0x1ffcab68   0x1ffcab68   0x00000024   Code   RO         2525    i.kmdw_dfs_algorithm_execution  kmdw_dfs.o
    0x1ffcab8c   0x1ffcab8c   0x00000070   Code   RO         2527    i.kmdw_dfs_initialize  kmdw_dfs.o
    0x1ffcabfc   0x1ffcabfc   0x0000000c   Code   RO         2528    i.kmdw_dfs_is_algorithm_running  kmdw_dfs.o
    0x1ffcac08   0x1ffcac08   0x000000ac   Code   RO         2530    i.kmdw_dfs_set_npu_frequency  kmdw_dfs.o
    0x1ffcacb4   0x1ffcacb4   0x00000090   Code   RO         2531    i.kmdw_dfs_tdc_callback  kmdw_dfs.o
    0x1ffcad44   0x1ffcad44   0x00000224   Code   RO         1066    i.kmdw_dfu_cfg_sts_check  kmdw_dfu.o
    0x1ffcaf68   0x1ffcaf68   0x000000f4   Code   RO         1067    i.kmdw_dfu_get_active_ncpu_partition  kmdw_dfu.o
    0x1ffcb05c   0x1ffcb05c   0x000000f4   Code   RO         1068    i.kmdw_dfu_get_active_scpu_partition  kmdw_dfu.o
    0x1ffcb150   0x1ffcb150   0x0000003c   Code   RO         1069    i.kmdw_dfu_init     kmdw_dfu.o
    0x1ffcb18c   0x1ffcb18c   0x000003a4   Code   RO         1071    i.kmdw_dfu_update_model  kmdw_dfu.o
    0x1ffcb530   0x1ffcb530   0x00000294   Code   RO         1072    i.kmdw_dfu_update_ncpu  kmdw_dfu.o
    0x1ffcb7c4   0x1ffcb7c4   0x00000260   Code   RO         1073    i.kmdw_dfu_update_scpu  kmdw_dfu.o
    0x1ffcba24   0x1ffcba24   0x0000000c   Code   RO         2583    i.kmdw_fifoq_manager_get_fifoq_allocated  kmdw_fifoq_manager.o
    0x1ffcba30   0x1ffcba30   0x00000028   Code   RO         2584    i.kmdw_fifoq_manager_get_fifoq_config  kmdw_fifoq_manager.o
    0x1ffcba58   0x1ffcba58   0x00000010   Code   RO         2585    i.kmdw_fifoq_manager_image_dequeue  kmdw_fifoq_manager.o
    0x1ffcba68   0x1ffcba68   0x00000038   Code   RO         2586    i.kmdw_fifoq_manager_image_enqueue  kmdw_fifoq_manager.o
    0x1ffcbaa0   0x1ffcbaa0   0x0000006c   Code   RO         2587    i.kmdw_fifoq_manager_image_get_free_buffer  kmdw_fifoq_manager.o
    0x1ffcbb0c   0x1ffcbb0c   0x0000002c   Code   RO         2588    i.kmdw_fifoq_manager_image_put_free_buffer  kmdw_fifoq_manager.o
    0x1ffcbb38   0x1ffcbb38   0x000000f0   Code   RO         2589    i.kmdw_fifoq_manager_init  kmdw_fifoq_manager.o
    0x1ffcbc28   0x1ffcbc28   0x0000006c   Code   RO         2590    i.kmdw_fifoq_manager_result_dequeue  kmdw_fifoq_manager.o
    0x1ffcbc94   0x1ffcbc94   0x00000030   Code   RO         2591    i.kmdw_fifoq_manager_result_enqueue  kmdw_fifoq_manager.o
    0x1ffcbcc4   0x1ffcbcc4   0x00000068   Code   RO         2592    i.kmdw_fifoq_manager_result_get_free_buffer  kmdw_fifoq_manager.o
    0x1ffcbd2c   0x1ffcbd2c   0x0000002c   Code   RO         2593    i.kmdw_fifoq_manager_result_put_free_buffer  kmdw_fifoq_manager.o
    0x1ffcbd58   0x1ffcbd58   0x00000018   Code   RO         2594    i.kmdw_fifoq_manager_store_fifoq_config  kmdw_fifoq_manager.o
    0x1ffcbd70   0x1ffcbd70   0x000004b0   Code   RO         2448    i.kmdw_inference_app_execute  kmdw_inference_720.o
    0x1ffcc220   0x1ffcc220   0x00000032   Code   RO         2449    i.kmdw_inference_app_get_model_raw_output_size  kmdw_inference_720.o
    0x1ffcc252   0x1ffcc252   0x00000002   PAD
    0x1ffcc254   0x1ffcc254   0x00000058   Code   RO         2450    i.kmdw_inference_app_init  kmdw_inference_720.o
    0x1ffcc2ac   0x1ffcc2ac   0x00000028   Code   RO         2451    i.kmdw_inference_app_send_status_code  kmdw_inference_720.o
    0x1ffcc2d4   0x1ffcc2d4   0x00000194   Code   RO         2452    i.kmdw_inference_get_model_input_image_size  kmdw_inference_720.o
    0x1ffcc468   0x1ffcc468   0x00000060   Code   RO         2454    i.kmdw_inference_image_dispatcher_thread  kmdw_inference_720.o
    0x1ffcc4c8   0x1ffcc4c8   0x00000104   Code   RO         2455    i.kmdw_inference_result_handler_callback_thread  kmdw_inference_720.o
    0x1ffcc5cc   0x1ffcc5cc   0x0000000c   Code   RO         1327    i.kmdw_ipc_get_input  kmdw_ipc.o
    0x1ffcc5d8   0x1ffcc5d8   0x0000000c   Code   RO         1328    i.kmdw_ipc_get_output  kmdw_ipc.o
    0x1ffcc5e4   0x1ffcc5e4   0x000001c4   Code   RO         1329    i.kmdw_ipc_initialize  kmdw_ipc.o
    0x1ffcc7a8   0x1ffcc7a8   0x0000001c   Code   RO         1330    i.kmdw_ipc_set_image_active  kmdw_ipc.o
    0x1ffcc7c4   0x1ffcc7c4   0x000000d8   Code   RO         1331    i.kmdw_ipc_set_model  kmdw_ipc.o
    0x1ffcc89c   0x1ffcc89c   0x00000010   Code   RO         1332    i.kmdw_ipc_set_model_active  kmdw_ipc.o
    0x1ffcc8ac   0x1ffcc8ac   0x00000074   Code   RO         1333    i.kmdw_ipc_trigger_int  kmdw_ipc.o
    0x1ffcc920   0x1ffcc920   0x00000170   Code   RO          715    i.kmdw_level_printf  kmdw_console.o
    0x1ffcca90   0x1ffcca90   0x000000d8   Code   RO         1590    i.kmdw_model_config_img  kmdw_model.o
    0x1ffccb68   0x1ffccb68   0x00000020   Code   RO         1591    i.kmdw_model_config_result  kmdw_model.o
    0x1ffccb88   0x1ffccb88   0x0000011c   Code   RO         1592    i.kmdw_model_get_all_model_info  kmdw_model.o
    0x1ffccca4   0x1ffccca4   0x00000034   Code   RO         1594    i.kmdw_model_get_fw_info  kmdw_model.o
    0x1ffcccd8   0x1ffcccd8   0x00000624   Code   RO         1595    i.kmdw_model_get_input_tensor_info  kmdw_model.o
    0x1ffcd2fc   0x1ffcd2fc   0x0000010c   Code   RO         1596    i.kmdw_model_get_input_tensor_num  kmdw_model.o
    0x1ffcd408   0x1ffcd408   0x00000078   Code   RO         1597    i.kmdw_model_get_model_end_addr  kmdw_model.o
    0x1ffcd480   0x1ffcd480   0x00000020   Code   RO         1598    i.kmdw_model_get_model_info  kmdw_model.o
    0x1ffcd4a0   0x1ffcd4a0   0x00000016   Code   RO         1601    i.kmdw_model_get_raw_img  kmdw_model.o
    0x1ffcd4b6   0x1ffcd4b6   0x00000002   PAD
    0x1ffcd4b8   0x1ffcd4b8   0x0000008c   Code   RO         1603    i.kmdw_model_init   kmdw_model.o
    0x1ffcd544   0x1ffcd544   0x0000000e   Code   RO         1604    i.kmdw_model_is_model_loaded  kmdw_model.o
    0x1ffcd552   0x1ffcd552   0x00000002   PAD
    0x1ffcd554   0x1ffcd554   0x000000f0   Code   RO         1605    i.kmdw_model_load_model  kmdw_model.o
    0x1ffcd644   0x1ffcd644   0x000000dc   Code   RO         1606    i.kmdw_model_refresh_models  kmdw_model.o
    0x1ffcd720   0x1ffcd720   0x00000006   Code   RO         1607    i.kmdw_model_reload_model_info  kmdw_model.o
    0x1ffcd726   0x1ffcd726   0x00000002   PAD
    0x1ffcd728   0x1ffcd728   0x000006bc   Code   RO         1608    i.kmdw_model_run    kmdw_model.o
    0x1ffcdde4   0x1ffcdde4   0x00000060   Code   RO          902    i.kmdw_power_manager_register  kmdw_power_manager.o
    0x1ffcde44   0x1ffcde44   0x00000014   Code   RO          904    i.kmdw_power_manager_shutdown  kmdw_power_manager.o
    0x1ffcde58   0x1ffcde58   0x00000274   Code   RO         7926    i.kmdw_sbt_flash_fw_loader  system_720.lib(kmdw_sbt.o)
    0x1ffce0cc   0x1ffce0cc   0x000000c4   Code   RO         7927    i.kmdw_sbt_flash_header_read  system_720.lib(kmdw_sbt.o)
    0x1ffce190   0x1ffce190   0x00000004   Code   RO         7928    i.kmdw_sbt_get_boot_flag  system_720.lib(kmdw_sbt.o)
    0x1ffce194   0x1ffce194   0x0000001c   Code   RO         2211    i.kmdw_sensor_get_dev_id  kmdw_sensor.o
    0x1ffce1b0   0x1ffce1b0   0x0000001c   Code   RO         2212    i.kmdw_sensor_get_expo  kmdw_sensor.o
    0x1ffce1cc   0x1ffce1cc   0x0000003c   Code   RO         2214    i.kmdw_sensor_get_lux  kmdw_sensor.o
    0x1ffce208   0x1ffce208   0x00000024   Code   RO         2216    i.kmdw_sensor_init  kmdw_sensor.o
    0x1ffce22c   0x1ffce22c   0x0000001c   Code   RO         2217    i.kmdw_sensor_led_switch  kmdw_sensor.o
    0x1ffce248   0x1ffce248   0x00000048   Code   RO         2218    i.kmdw_sensor_register  kmdw_sensor.o
    0x1ffce290   0x1ffce290   0x0000001c   Code   RO         2221    i.kmdw_sensor_s_stream  kmdw_sensor.o
    0x1ffce2ac   0x1ffce2ac   0x0000001c   Code   RO         2222    i.kmdw_sensor_set_aec  kmdw_sensor.o
    0x1ffce2c8   0x1ffce2c8   0x00000020   Code   RO         2223    i.kmdw_sensor_set_devaddress  kmdw_sensor.o
    0x1ffce2e8   0x1ffce2e8   0x0000001c   Code   RO         2224    i.kmdw_sensor_set_exp_time  kmdw_sensor.o
    0x1ffce304   0x1ffce304   0x0000001c   Code   RO         2225    i.kmdw_sensor_set_flip  kmdw_sensor.o
    0x1ffce320   0x1ffce320   0x00000020   Code   RO         2227    i.kmdw_sensor_set_gain  kmdw_sensor.o
    0x1ffce340   0x1ffce340   0x0000001c   Code   RO         2228    i.kmdw_sensor_set_inc  kmdw_sensor.o
    0x1ffce35c   0x1ffce35c   0x0000001c   Code   RO         2229    i.kmdw_sensor_set_mirror  kmdw_sensor.o
    0x1ffce378   0x1ffce378   0x000001ec   Code   RO         1443    i.kmdw_tdc_monitor_thread  kmdw_tdc.o
    0x1ffce564   0x1ffce564   0x00000074   Code   RO         1234    i.kmdw_utils_crc_gen_sum32  kmdw_utils_crc.o
    0x1ffce5d8   0x1ffce5d8   0x000001c8   Code   RO         1290    i.load_ncpu_fw      kmdw_system.o
    0x1ffce7a0   0x1ffce7a0   0x0000011c   Code   RO          716    i.logger_thread     kmdw_console.o
    0x1ffce8bc   0x1ffce8bc   0x00000094   Code   RO            1    i.main              main.o
    0x1ffce950   0x1ffce950   0x0000006c   Code   RO         8896    i.malloc            mc_w.l(malloc.o)
    0x1ffce9bc   0x1ffce9bc   0x00000024   Code   RO          297    i.mdw_initialize    middleware_init.o
    0x1ffce9e0   0x1ffce9e0   0x00000038   Code   RO         5204    i.osDelay           rtx_delay.o
    0x1ffcea18   0x1ffcea18   0x00000064   Code   RO         5274    i.osEventFlagsClear  rtx_evflags.o
    0x1ffcea7c   0x1ffcea7c   0x00000038   Code   RO         5278    i.osEventFlagsNew   rtx_evflags.o
    0x1ffceab4   0x1ffceab4   0x00000068   Code   RO         5279    i.osEventFlagsSet   rtx_evflags.o
    0x1ffceb1c   0x1ffceb1c   0x000000bc   Code   RO         5280    i.osEventFlagsWait  rtx_evflags.o
    0x1ffcebd8   0x1ffcebd8   0x0000003c   Code   RO         6435    i.osKernelGetState  rtx_kernel.o
    0x1ffcec14   0x1ffcec14   0x00000050   Code   RO         6436    i.osKernelGetSysTimerCount  rtx_kernel.o
    0x1ffcec64   0x1ffcec64   0x00000030   Code   RO         6438    i.osKernelGetTickCount  rtx_kernel.o
    0x1ffcec94   0x1ffcec94   0x00000030   Code   RO         6439    i.osKernelGetTickFreq  rtx_kernel.o
    0x1ffcecc4   0x1ffcecc4   0x00000038   Code   RO         6440    i.osKernelInitialize  rtx_kernel.o
    0x1ffcecfc   0x1ffcecfc   0x00000034   Code   RO         6444    i.osKernelStart     rtx_kernel.o
    0x1ffced30   0x1ffced30   0x00000038   Code   RO         6859    i.osMessageQueueDelete  rtx_msgqueue.o
    0x1ffced68   0x1ffced68   0x000000c0   Code   RO         6860    i.osMessageQueueGet  rtx_msgqueue.o
    0x1ffcee28   0x1ffcee28   0x00000040   Code   RO         6866    i.osMessageQueueNew  rtx_msgqueue.o
    0x1ffcee68   0x1ffcee68   0x000000a8   Code   RO         6867    i.osMessageQueuePut  rtx_msgqueue.o
    0x1ffcef10   0x1ffcef10   0x0000003c   Code   RO         7003    i.osMutexAcquire    rtx_mutex.o
    0x1ffcef4c   0x1ffcef4c   0x00000038   Code   RO         7007    i.osMutexNew        rtx_mutex.o
    0x1ffcef84   0x1ffcef84   0x00000038   Code   RO         7008    i.osMutexRelease    rtx_mutex.o
    0x1ffcefbc   0x1ffcefbc   0x00000070   Code   RO         5162    i.osRtxErrorNotify  rtx_config.o
    0x1ffcf02c   0x1ffcf02c   0x00000078   Code   RO         5281    i.osRtxEventFlagsPostProcess  rtx_evflags.o
    0x1ffcf0a4   0x1ffcf0a4   0x00000002   Code   RO         5163    i.osRtxIdleThread   rtx_config.o
    0x1ffcf0a6   0x1ffcf0a6   0x00000002   Code   RO         6447    i.osRtxKernelPreInit  rtx_kernel.o
    0x1ffcf0a8   0x1ffcf0a8   0x0000008c   Code   RO         6670    i.osRtxMemoryAlloc  rtx_memory.o
    0x1ffcf134   0x1ffcf134   0x00000056   Code   RO         6671    i.osRtxMemoryFree   rtx_memory.o
    0x1ffcf18a   0x1ffcf18a   0x00000044   Code   RO         6672    i.osRtxMemoryInit   rtx_memory.o
    0x1ffcf1ce   0x1ffcf1ce   0x00000030   Code   RO         6725    i.osRtxMemoryPoolAlloc  rtx_mempool.o
    0x1ffcf1fe   0x1ffcf1fe   0x00000040   Code   RO         6726    i.osRtxMemoryPoolFree  rtx_mempool.o
    0x1ffcf23e   0x1ffcf23e   0x0000006e   Code   RO         6727    i.osRtxMemoryPoolInit  rtx_mempool.o
    0x1ffcf2ac   0x1ffcf2ac   0x00000102   Code   RO         6869    i.osRtxMessageQueuePostProcess  rtx_msgqueue.o
    0x1ffcf3ae   0x1ffcf3ae   0x00000060   Code   RO         7009    i.osRtxMutexOwnerRelease  rtx_mutex.o
    0x1ffcf40e   0x1ffcf40e   0x00000002   PAD
    0x1ffcf410   0x1ffcf410   0x00000064   Code   RO         7190    i.osRtxPendSV_Handler  rtx_system.o
    0x1ffcf474   0x1ffcf474   0x00000054   Code   RO         7191    i.osRtxPostProcess  rtx_system.o
    0x1ffcf4c8   0x1ffcf4c8   0x00000060   Code   RO         7230    i.osRtxThreadDelayRemove  rtx_thread.o
    0x1ffcf528   0x1ffcf528   0x00000144   Code   RO         7231    i.osRtxThreadDelayTick  rtx_thread.o
    0x1ffcf66c   0x1ffcf66c   0x000000e8   Code   RO         7232    i.osRtxThreadDispatch  rtx_thread.o
    0x1ffcf754   0x1ffcf754   0x00000058   Code   RO         7233    i.osRtxThreadFree   rtx_thread.o
    0x1ffcf7ac   0x1ffcf7ac   0x00000016   Code   RO         7234    i.osRtxThreadListGet  rtx_thread.o
    0x1ffcf7c2   0x1ffcf7c2   0x00000022   Code   RO         7235    i.osRtxThreadListPut  rtx_thread.o
    0x1ffcf7e4   0x1ffcf7e4   0x0000001c   Code   RO         7236    i.osRtxThreadListRemove  rtx_thread.o
    0x1ffcf800   0x1ffcf800   0x0000004a   Code   RO         7237    i.osRtxThreadListSort  rtx_thread.o
    0x1ffcf84a   0x1ffcf84a   0x0000006a   Code   RO         7238    i.osRtxThreadPostProcess  rtx_thread.o
    0x1ffcf8b4   0x1ffcf8b4   0x0000002c   Code   RO         7239    i.osRtxThreadReadyPut  rtx_thread.o
    0x1ffcf8e0   0x1ffcf8e0   0x00000014   Code   RO         7240    i.osRtxThreadRegPtr  rtx_thread.o
    0x1ffcf8f4   0x1ffcf8f4   0x0000002c   Code   RO         7241    i.osRtxThreadStackCheck  rtx_thread.o
    0x1ffcf920   0x1ffcf920   0x00000040   Code   RO         7242    i.osRtxThreadStartup  rtx_thread.o
    0x1ffcf960   0x1ffcf960   0x00000020   Code   RO         7243    i.osRtxThreadSwitch  rtx_thread.o
    0x1ffcf980   0x1ffcf980   0x000000ac   Code   RO         7244    i.osRtxThreadWaitEnter  rtx_thread.o
    0x1ffcfa2c   0x1ffcfa2c   0x00000060   Code   RO         7245    i.osRtxThreadWaitExit  rtx_thread.o
    0x1ffcfa8c   0x1ffcfa8c   0x00000084   Code   RO         7192    i.osRtxTick_Handler  rtx_system.o
    0x1ffcfb10   0x1ffcfb10   0x00000048   Code   RO         7574    i.osRtxTimerThread  rtx_timer.o
    0x1ffcfb58   0x1ffcfb58   0x0000008c   Code   RO         7575    i.osRtxTimerTick    rtx_timer.o
    0x1ffcfbe4   0x1ffcfbe4   0x0000001c   Code   RO         7248    i.osThreadExit      rtx_thread.o
    0x1ffcfc00   0x1ffcfc00   0x00000038   Code   RO         7249    i.osThreadFlagsClear  rtx_thread.o
    0x1ffcfc38   0x1ffcfc38   0x00000080   Code   RO         7251    i.osThreadFlagsSet  rtx_thread.o
    0x1ffcfcb8   0x1ffcfcb8   0x00000040   Code   RO         7252    i.osThreadFlagsWait  rtx_thread.o
    0x1ffcfcf8   0x1ffcfcf8   0x00000034   Code   RO         7254    i.osThreadGetId     rtx_thread.o
    0x1ffcfd2c   0x1ffcfd2c   0x00000040   Code   RO         7261    i.osThreadNew       rtx_thread.o
    0x1ffcfd6c   0x1ffcfd6c   0x00000038   Code   RO         7576    i.osTimerDelete     rtx_timer.o
    0x1ffcfda4   0x1ffcfda4   0x00000054   Code   RO         7579    i.osTimerNew        rtx_timer.o
    0x1ffcfdf8   0x1ffcfdf8   0x0000003c   Code   RO         7580    i.osTimerStart      rtx_timer.o
    0x1ffcfe34   0x1ffcfe34   0x0000011c   Code   RO         8468    i.rebuild           kmdw_dfs_fuzzy_720.lib(fuzzy_composition.o)
    0x1ffcff50   0x1ffcff50   0x00000004   Code   RO         3738    i.set_sel           kdrv_usbd3.o
    0x1ffcff54   0x1ffcff54   0x00000028   Code   RO         5206    i.svcRtxDelay       rtx_delay.o
    0x1ffcff7c   0x1ffcff7c   0x00000038   Code   RO         5282    i.svcRtxEventFlagsClear  rtx_evflags.o
    0x1ffcffb4   0x1ffcffb4   0x00000088   Code   RO         5286    i.svcRtxEventFlagsNew  rtx_evflags.o
    0x1ffd003c   0x1ffd003c   0x000000c4   Code   RO         5287    i.svcRtxEventFlagsSet  rtx_evflags.o
    0x1ffd0100   0x1ffd0100   0x000000cc   Code   RO         5288    i.svcRtxEventFlagsWait  rtx_evflags.o
    0x1ffd01cc   0x1ffd01cc   0x00000014   Code   RO         6449    i.svcRtxKernelGetState  rtx_kernel.o
    0x1ffd01e0   0x1ffd01e0   0x00000030   Code   RO         6450    i.svcRtxKernelGetSysTimerCount  rtx_kernel.o
    0x1ffd0210   0x1ffd0210   0x00000014   Code   RO         6452    i.svcRtxKernelGetTickCount  rtx_kernel.o
    0x1ffd0224   0x1ffd0224   0x00000014   Code   RO         6453    i.svcRtxKernelGetTickFreq  rtx_kernel.o
    0x1ffd0238   0x1ffd0238   0x00000140   Code   RO         6454    i.svcRtxKernelInitialize  rtx_kernel.o
    0x1ffd0378   0x1ffd0378   0x000000b0   Code   RO         6458    i.svcRtxKernelStart  rtx_kernel.o
    0x1ffd0428   0x1ffd0428   0x0000007c   Code   RO         6870    i.svcRtxMessageQueueDelete  rtx_msgqueue.o
    0x1ffd04a4   0x1ffd04a4   0x00000144   Code   RO         6871    i.svcRtxMessageQueueGet  rtx_msgqueue.o
    0x1ffd05e8   0x1ffd05e8   0x00000154   Code   RO         6877    i.svcRtxMessageQueueNew  rtx_msgqueue.o
    0x1ffd073c   0x1ffd073c   0x000000f8   Code   RO         6878    i.svcRtxMessageQueuePut  rtx_msgqueue.o
    0x1ffd0834   0x1ffd0834   0x000000e0   Code   RO         7010    i.svcRtxMutexAcquire  rtx_mutex.o
    0x1ffd0914   0x1ffd0914   0x0000008c   Code   RO         7014    i.svcRtxMutexNew    rtx_mutex.o
    0x1ffd09a0   0x1ffd09a0   0x000000f4   Code   RO         7015    i.svcRtxMutexRelease  rtx_mutex.o
    0x1ffd0a94   0x1ffd0a94   0x00000094   Code   RO         7269    i.svcRtxThreadExit  rtx_thread.o
    0x1ffd0b28   0x1ffd0b28   0x00000044   Code   RO         7270    i.svcRtxThreadFlagsClear  rtx_thread.o
    0x1ffd0b6c   0x1ffd0b6c   0x000000c2   Code   RO         7272    i.svcRtxThreadFlagsSet  rtx_thread.o
    0x1ffd0c2e   0x1ffd0c2e   0x00000002   PAD
    0x1ffd0c30   0x1ffd0c30   0x000000cc   Code   RO         7273    i.svcRtxThreadFlagsWait  rtx_thread.o
    0x1ffd0cfc   0x1ffd0cfc   0x00000014   Code   RO         7275    i.svcRtxThreadGetId  rtx_thread.o
    0x1ffd0d10   0x1ffd0d10   0x00000230   Code   RO         7282    i.svcRtxThreadNew   rtx_thread.o
    0x1ffd0f40   0x1ffd0f40   0x0000007c   Code   RO         7582    i.svcRtxTimerDelete  rtx_timer.o
    0x1ffd0fbc   0x1ffd0fbc   0x000000bc   Code   RO         7585    i.svcRtxTimerNew    rtx_timer.o
    0x1ffd1078   0x1ffd1078   0x000000a0   Code   RO         7586    i.svcRtxTimerStart  rtx_timer.o
    0x1ffd1118   0x1ffd1118   0x00000010   Code   RO          151    i.sys_initialize    system_init.o
    0x1ffd1128   0x1ffd1128   0x000000fc   Code   RO         7669    i.task_initialize   task_handler.o
    0x1ffd1224   0x1ffd1224   0x0000001a   Code   RO         1512    i.timer_oneshot_callback  kmdw_errandserv.o
    0x1ffd123e   0x1ffd123e   0x00000024   Code   RO          371    i.usb_user_control_callback  kdp2_hico_mipi.o
    0x1ffd1262   0x1ffd1262   0x00000002   PAD
    0x1ffd1264   0x1ffd1264   0x0000005c   Code   RO          372    i.usb_user_link_status_callback  kdp2_hico_mipi.o
    0x1ffd12c0   0x1ffd12c0   0x000005d0   Code   RO         3739    i.usbd3_isr         kdrv_usbd3.o
    0x1ffd1890   0x1ffd1890   0x00000038   Code   RO          526    i.usbd_hal_bulk_receive  usbd_hal_720.o
    0x1ffd18c8   0x1ffd18c8   0x00000038   Code   RO          527    i.usbd_hal_bulk_send  usbd_hal_720.o
    0x1ffd1900   0x1ffd1900   0x00000050   Code   RO          529    i.usbd_hal_initialize  usbd_hal_720.o
    0x1ffd1950   0x1ffd1950   0x00000006   Code   RO          533    i.usbd_hal_set_enable  usbd_hal_720.o
    0x1ffd1956   0x1ffd1956   0x00000002   PAD
    0x1ffd1958   0x1ffd1958   0x00000020   Data   RO          452    .constdata          kdp2_cmd_handler_720.o
    0x1ffd1978   0x1ffd1978   0x00000014   Data   RO          623    .constdata          kmdw_memxfer.o
    0x1ffd198c   0x1ffd198c   0x00000020   Data   RO         1076    .constdata          kmdw_dfu.o
    0x1ffd19ac   0x1ffd19ac   0x00000013   Data   RO         1334    .constdata          kmdw_ipc.o
    0x1ffd19bf   0x1ffd19bf   0x00000001   PAD
    0x1ffd19c0   0x1ffd19c0   0x00000112   Data   RO         1610    .constdata          kmdw_model.o
    0x1ffd1ad2   0x1ffd1ad2   0x000001c0   Data   RO         2051    .constdata          kmdw_camera_kl720.o
    0x1ffd1c92   0x1ffd1c92   0x00000002   PAD
    0x1ffd1c94   0x1ffd1c94   0x00000004   Data   RO         2457    .constdata          kmdw_inference_720.o
    0x1ffd1c98   0x1ffd1c98   0x00000010   Data   RO         3012    .constdata          kdev_sensor_gc2145.o
    0x1ffd1ca8   0x1ffd1ca8   0x00000008   Data   RO         3095    .constdata          kdev_sensor_sc132gs.o
    0x1ffd1cb0   0x1ffd1cb0   0x000001b8   Data   RO         3902    .constdata          kdrv_clock.o
    0x1ffd1e68   0x1ffd1e68   0x00000024   Data   RO         6634    .constdata          rtx_lib.o
    0x1ffd1e8c   0x1ffd1e8c   0x00000024   Data   RO         6635    .constdata          rtx_lib.o
    0x1ffd1eb0   0x1ffd1eb0   0x00000018   Data   RO         6636    .constdata          rtx_lib.o
    0x1ffd1ec8   0x1ffd1ec8   0x00000004   Data   RO         6637    .constdata          rtx_lib.o
    0x1ffd1ecc   0x1ffd1ecc   0x0000000c   Data   RO         7931    .constdata          system_720.lib(kmdw_sbt.o)
    0x1ffd1ed8   0x1ffd1ed8   0x0000000c   Data   RO         8535    .constdata          system_720.lib(kdrv_crypto.o)
    0x1ffd1ee4   0x1ffd1ee4   0x0000008d   Data   RO         1077    .conststring        kmdw_dfu.o
    0x1ffd1f71   0x1ffd1f71   0x00000003   PAD
    0x1ffd1f74   0x1ffd1f74   0x0000010f   Data   RO         1335    .conststring        kmdw_ipc.o
    0x1ffd2083   0x1ffd2083   0x00000001   PAD
    0x1ffd2084   0x1ffd2084   0x00000112   Data   RO         1611    .conststring        kmdw_model.o
    0x1ffd2196   0x1ffd2196   0x00000002   PAD
    0x1ffd2198   0x1ffd2198   0x000002fd   Data   RO         2782    .conststring        kdev_flash_winbond_nand.o
    0x1ffd2495   0x1ffd2495   0x00000003   PAD
    0x1ffd2498   0x1ffd2498   0x00000047   Data   RO         7670    .conststring        task_handler.o
    0x1ffd24df   0x1ffd24df   0x00000001   PAD
    0x1ffd24e0   0x1ffd24e0   0x0000000b   Data   RO         6461    .conststrlit        rtx_kernel.o
    0x1ffd24eb   0x1ffd24eb   0x00000001   PAD
    0x1ffd24ec   0x1ffd24ec   0x000000a0   Data   RO         6640    .rodata             rtx_lib.o
    0x1ffd258c   0x1ffd258c   0x00000020   Data   RO         8979    Region$$Table       anon$$obj.o


    Execution Region SCPU_RW (Exec base: 0x1ffe0000, Load base: 0x1ffd25ac, Size: 0x0000a2d8, Max: 0x00020000, ABSOLUTE, COMPRESSED[0x00000eec])

    Exec Addr    Load Addr    Size         Type   Attr      Idx    E Section Name        Object

    0x1ffe0000   COMPRESSED   0x00008000   Data   RW         6625    .bss.os             rtx_lib.o
    0x1ffe8000   COMPRESSED   0x00000040   Data   RW         6626    .bss.os             rtx_lib.o
    0x1ffe8040   COMPRESSED   0x00000034   Data   RW         6627    .bss.os.msgqueue.cb  rtx_lib.o
    0x1ffe8074   COMPRESSED   0x00000050   Data   RW         6628    .bss.os.msgqueue.mem  rtx_lib.o
    0x1ffe80c4   COMPRESSED   0x000003fc   Data   RW         6629    .bss.os.thread.cb   rtx_lib.o
    0x1ffe84c0   COMPRESSED   0x00000044   Data   RW         6630    .bss.os.thread.cb   rtx_lib.o
    0x1ffe8504   COMPRESSED   0x00000044   Data   RW         6631    .bss.os.thread.cb   rtx_lib.o
    0x1ffe8548   COMPRESSED   0x00000100   Data   RW         6632    .bss.os.thread.stack  rtx_lib.o
    0x1ffe8648   COMPRESSED   0x00000100   Data   RW         6633    .bss.os.thread.stack  rtx_lib.o
    0x1ffe8748   COMPRESSED   0x000001a8   Data   RW           57    .data               driver_init.o
    0x1ffe88f0   COMPRESSED   0x00000018   Data   RW          152    .data               system_init.o
    0x1ffe8908   COMPRESSED   0x000002d0   Data   RW          320    .data               kdp2_inf_app_yolo.o
    0x1ffe8bd8   COMPRESSED   0x00000014   Data   RW          374    .data               kdp2_hico_mipi.o
    0x1ffe8bec   COMPRESSED   0x00000010   Data   RW          453    .data               kdp2_cmd_handler_720.o
    0x1ffe8bfc   COMPRESSED   0x000000aa   Data   RW          536    .data               usbd_hal_720.o
    0x1ffe8ca6   COMPRESSED   0x00000009   Data   RW          537    .data               usbd_hal_720.o
    0x1ffe8caf   COMPRESSED   0x00000009   Data   RW          538    .data               usbd_hal_720.o
    0x1ffe8cb8   COMPRESSED   0x00000007   Data   RW          539    .data               usbd_hal_720.o
    0x1ffe8cbf   COMPRESSED   0x00000007   Data   RW          540    .data               usbd_hal_720.o
    0x1ffe8cc6   COMPRESSED   0x00000007   Data   RW          541    .data               usbd_hal_720.o
    0x1ffe8ccd   COMPRESSED   0x00000009   Data   RW          542    .data               usbd_hal_720.o
    0x1ffe8cd6   COMPRESSED   0x00000009   Data   RW          543    .data               usbd_hal_720.o
    0x1ffe8cdf   COMPRESSED   0x00000007   Data   RW          544    .data               usbd_hal_720.o
    0x1ffe8ce6   COMPRESSED   0x00000007   Data   RW          545    .data               usbd_hal_720.o
    0x1ffe8ced   COMPRESSED   0x00000007   Data   RW          546    .data               usbd_hal_720.o
    0x1ffe8cf4   COMPRESSED   0x00000006   Data   RW          547    .data               usbd_hal_720.o
    0x1ffe8cfa   COMPRESSED   0x00000006   Data   RW          548    .data               usbd_hal_720.o
    0x1ffe8d00   COMPRESSED   0x00000022   Data   RW          549    .data               usbd_hal_720.o
    0x1ffe8d22   COMPRESSED   0x00000022   Data   RW          550    .data               usbd_hal_720.o
    0x1ffe8d44   COMPRESSED   0x00000008   Data   RW          624    .data               kmdw_memxfer.o
    0x1ffe8d4c   COMPRESSED   0x00000014   Data   RW          718    .data               kmdw_console.o
    0x1ffe8d60   COMPRESSED   0x00000010   Data   RW          846    .data               kmdw_memory.o
    0x1ffe8d70   COMPRESSED   0x00000030   Data   RW          910    .data               kmdw_power_manager.o
    0x1ffe8da0   COMPRESSED   0x0000000c   Data   RW         1078    .data               kmdw_dfu.o
    0x1ffe8dac   COMPRESSED   0x00000010   Data   RW         1336    .data               kmdw_ipc.o
    0x1ffe8dbc   COMPRESSED   0x00000018   Data   RW         1448    .data               kmdw_tdc.o
    0x1ffe8dd4   COMPRESSED   0x00000008   Data   RW         1513    .data               kmdw_errandserv.o
    0x1ffe8ddc   COMPRESSED   0x00000018   Data   RW         1612    .data               kmdw_model.o
    0x1ffe8df4   COMPRESSED   0x00000100   Data   RW         2052    .data               kmdw_camera_kl720.o
    0x1ffe8ef4   COMPRESSED   0x00000068   Data   RW         2053    .data               kmdw_camera_kl720.o
    0x1ffe8f5c   COMPRESSED   0x00000014   Data   RW         2458    .data               kmdw_inference_720.o
    0x1ffe8f70   COMPRESSED   0x00000028   Data   RW         2532    .data               kmdw_dfs.o
    0x1ffe8f98   COMPRESSED   0x00000020   Data   RW         2595    .data               kmdw_fifoq_manager.o
    0x1ffe8fb8   COMPRESSED   0x00000014   Data   RW         2783    .data               kdev_flash_winbond_nand.o
    0x1ffe8fcc   COMPRESSED   0x00000ac4   Data   RW         3013    .data               kdev_sensor_gc2145.o
    0x1ffe9a90   COMPRESSED   0x00000244   Data   RW         3096    .data               kdev_sensor_sc132gs.o
    0x1ffe9cd4   COMPRESSED   0x00000008   Data   RW         3178    .data               kdev_sensor.o
    0x1ffe9cdc   COMPRESSED   0x00000008   Data   RW         3238    .data               kdrv_gpio.o
    0x1ffe9ce4   COMPRESSED   0x00000004   Data   RW         3330    .data               kdrv_spif_nand.o
    0x1ffe9ce8   COMPRESSED   0x0000004c   Data   RW         3478    .data               kdrv_uart.o
    0x1ffe9d34   COMPRESSED   0x00000004   Data   RW         3655    .data               kdrv_ipc.o
    0x1ffe9d38   COMPRESSED   0x00000004   Data   RW         3683    .data               kdrv_ncpu.o
    0x1ffe9d3c   COMPRESSED   0x00000016   Data   RW         3741    .data               kdrv_usbd3.o
    0x1ffe9d52   COMPRESSED   0x00000002   PAD
    0x1ffe9d54   COMPRESSED   0x00000014   Data   RW         3742    .data               kdrv_usbd3.o
    0x1ffe9d68   COMPRESSED   0x00000004   Data   RW         3903    .data               kdrv_clock.o
    0x1ffe9d6c   COMPRESSED   0x00000208   Data   RW         4144    .data               kdrv_ddr.o
    0x1ffe9f74   COMPRESSED   0x0000004c   Data   RW         4195    .data               kdrv_power.o
    0x1ffe9fc0   COMPRESSED   0x00000008   Data   RW         4256    .data               kdrv_system.o
    0x1ffe9fc8   COMPRESSED   0x0000001c   Data   RW         4319    .data               kdrv_tdc.o
    0x1ffe9fe4   COMPRESSED   0x00000001   Data   RW         4590    .data               kdrv_gdma3.o
    0x1ffe9fe5   COMPRESSED   0x00000003   PAD
    0x1ffe9fe8   COMPRESSED   0x00000018   Data   RW         4689    .data               kdrv_mipicsirx.o
    0x1ffea000   COMPRESSED   0x0000003c   Data   RW         4753    .data               kdrv_dpi2ahb.o
    0x1ffea03c   COMPRESSED   0x0000001c   Data   RW         4834    .data               kdrv_i2c.o
    0x1ffea058   COMPRESSED   0x00000010   Data   RW         4954    .data               kdrv_timer.o
    0x1ffea068   COMPRESSED   0x00000001   Data   RW         5094    .data               os_systick.o
    0x1ffea069   COMPRESSED   0x00000003   PAD
    0x1ffea06c   COMPRESSED   0x00000168   Data   RW         7671    .data               task_handler.o
    0x1ffea1d4   COMPRESSED   0x00000004   Data   RW         7672    .data               task_handler.o
    0x1ffea1d8   COMPRESSED   0x00000004   Data   RW         7673    .data               task_handler.o
    0x1ffea1dc   COMPRESSED   0x00000004   Data   RW         7674    .data               task_handler.o
    0x1ffea1e0   COMPRESSED   0x00000004   Data   RW         7675    .data               task_handler.o
    0x1ffea1e4   COMPRESSED   0x00000004   Data   RW         7676    .data               task_handler.o
    0x1ffea1e8   COMPRESSED   0x00000004   Data   RW         7677    .data               task_handler.o
    0x1ffea1ec   COMPRESSED   0x00000004   Data   RW         7678    .data               task_handler.o
    0x1ffea1f0   COMPRESSED   0x00000004   Data   RW         7679    .data               task_handler.o
    0x1ffea1f4   COMPRESSED   0x00000004   Data   RW         7680    .data               task_handler.o
    0x1ffea1f8   COMPRESSED   0x00000004   Data   RW         7681    .data               task_handler.o
    0x1ffea1fc   COMPRESSED   0x00000004   Data   RW         7682    .data               task_handler.o
    0x1ffea200   COMPRESSED   0x00000004   Data   RW         7683    .data               task_handler.o
    0x1ffea204   COMPRESSED   0x00000004   Data   RW         7709    .data               startup.o
    0x1ffea208   COMPRESSED   0x00000002   Data   RW         8307    .data               system_720.lib(kdrv_aes.o)
    0x1ffea20a   COMPRESSED   0x00000002   PAD
    0x1ffea20c   COMPRESSED   0x00000004   Data   RW         8536    .data               system_720.lib(kdrv_crypto.o)
    0x1ffea210   COMPRESSED   0x00000004   Data   RW         8955    .data               mc_w.l(stdout.o)
    0x1ffea214   COMPRESSED   0x00000004   Data   RW         8962    .data               mc_w.l(mvars.o)
    0x1ffea218   COMPRESSED   0x00000004   Data   RW         8963    .data               mc_w.l(mvars.o)
    0x1ffea21c   COMPRESSED   0x000000a4   Data   RW         6462    .data.os            rtx_kernel.o
    0x1ffea2c0   COMPRESSED   0x00000018   Data   RW         6639    .data.os.thread.mpi  rtx_lib.o


    Execution Region SCPU_ZI (Exec base: 0x1ffea2d8, Load base: 0x1ffd3498, Size: 0x0000aa40, Max: 0xffffffff, ABSOLUTE)

    Exec Addr    Load Addr    Size         Type   Attr      Idx    E Section Name        Object

    0x1ffea2d8        -       0x00000030   Zero   RW          319    .bss                kdp2_inf_app_yolo.o
    0x1ffea308        -       0x00000038   Zero   RW          373    .bss                kdp2_hico_mipi.o
    0x1ffea340        -       0x00001000   Zero   RW          451    .bss                kdp2_cmd_handler_720.o
    0x1ffeb340        -       0x0000000c   Zero   RW          717    .bss                kmdw_console.o
    0x1ffeb34c        -       0x00000208   Zero   RW          908    .bss                kmdw_power_manager.o
    0x1ffeb554        -       0x00000030   Zero   RW         1075    .bss                kmdw_dfu.o
    0x1ffeb584        -       0x00000448   Zero   RW         1609    .bss                kmdw_model.o
    0x1ffeb9cc        -       0x00000010   Zero   RW         1853    .bss                kmdw_camera.o
    0x1ffeb9dc        -       0x00000020   Zero   RW         2231    .bss                kmdw_sensor.o
    0x1ffeb9fc        -       0x00000060   Zero   RW         2456    .bss                kmdw_inference_720.o
    0x1ffeba5c        -       0x00000064   Zero   RW         2685    .bss                kmdw_jpeg.o
    0x1ffebac0        -       0x00000830   Zero   RW         2781    .bss                kdev_flash_winbond_nand.o
    0x1ffec2f0        -       0x0000000c   Zero   RW         3477    .bss                kdrv_uart.o
    0x1ffec2fc        -       0x00000094   Zero   RW         3740    .bss                kdrv_usbd3.o
    0x1ffec390        -       0x0000000c   Zero   RW         4255    .bss                kdrv_system.o
    0x1ffec39c        -       0x00000160   Zero   RW         4589    .bss                kdrv_gdma3.o
    0x1ffec4fc        -       0x00000418   Zero   RW         4833    .bss                kdrv_i2c.o
    0x1ffec914        -       0x0000006c   Zero   RW         4953    .bss                kdrv_timer.o
    0x1ffec980        -       0x00000300   Zero   RW         7752    .bss                kmdw_dfs_fuzzy_720.lib(dfs_fuzzy.o)
    0x1ffecc80        -       0x00000074   Zero   RW         7930    .bss                system_720.lib(kmdw_sbt.o)
    0x1ffeccf4        -       0x00000014   Zero   RW         8306    .bss                system_720.lib(kdrv_aes.o)
    0x1ffecd08        -       0x0000000b   Zero   RW         8377    .bss                system_720.lib(kdrv_hash.o)
    0x1ffecd13   0x1ffd3498   0x00000005   PAD
    0x1ffecd18        -       0x00006000   Zero   RW         7741    HEAP                startup_asm.o
    0x1fff2d18        -       0x00002000   Zero   RW         7742    STACK               startup_asm.o


    Execution Region SCPU_DDR (Exec base: 0x85e00000, Load base: 0x1ffd3498, Size: 0x00000000, Max: 0x00000000, ABSOLUTE)

    **** No section assigned to this execution region ****


==============================================================================

Image component sizes


      Code (inc. data)   RO Data    RW Data    ZI Data      Debug   Object Name

       184        106          0          0          0      35905   application_init.o
         4          0          0          0          0       1137   device_init.o
       140         24          0        424          0      74867   driver_init.o
       176          0          0          0          0       4890   dual_fifo2.o
       196         12          0          0          0        676   irq_cm4f.o
      3250        290        765         20       2096      21966   kdev_flash_winbond_nand.o
        52         10          0          8          0       4719   kdev_sensor.o
       760         38         16       2756          0      12518   kdev_sensor_gc2145.o
       832         52          8        580          0      13308   kdev_sensor_sc132gs.o
      1856         88         32         16       4096      18960   kdp2_cmd_handler_720.o
      1580        230          0         20         56      13003   kdp2_hico_mipi.o
       860        154          0        720         48       8145   kdp2_inf_app_yolo.o
       968          8          0          0          0       6410   kdp2_inf_generic_raw.o
       868         72        440          4          0       7054   kdrv_clock.o
      1570        374          0        520          0       8141   kdrv_ddr.o
       648         74          0         60          0      11446   kdrv_dpi2ahb.o
       352         30          0          1        352       6435   kdrv_gdma3.o
       288         18          0          8          0      34585   kdrv_gpio.o
      1494         50          0         28       1048      46135   kdrv_i2c.o
        48         18          0          4          0       3118   kdrv_ipc.o
       532         36          0         24          0      16068   kdrv_mipicsirx.o
       176         28          0          0          0       5537   kdrv_mpu.o
        72         20          0          4          0       3219   kdrv_ncpu.o
        80          8          0          0          0       1589   kdrv_pinmux.o
       280         28          0         76          0       5288   kdrv_power.o
      1240         98          0          4          0      13832   kdrv_spif_nand.o
       188         20          0          8         12      33300   kdrv_system.o
       780         92          0         28          0      11200   kdrv_tdc.o
      1324         52          0         16        108      11718   kdrv_timer.o
      1940         82          0         76         12      48476   kdrv_uart.o
      4442        296          0         42        148      33090   kdrv_usbd3.o
       240         48          0          0         16      16064   kmdw_camera.o
      1580        606        448        360          0      19849   kmdw_camera_kl720.o
       772        114          0         20         12      23957   kmdw_console.o
       476         34          0         40          0       4882   kmdw_dfs.o
      5064       2020        173         12         48      70333   kmdw_dfu.o
       146         12          0          8          0       3106   kmdw_errandserv.o
      1052        204          0         32          0      13917   kmdw_fifoq_manager.o
      2138        388          4         20         96     356329   kmdw_inference_720.o
      1132        374        290         16          0      45659   kmdw_ipc.o
         0          0          0          0        100       1082   kmdw_jpeg.o
       148         78          0         16          0       2424   kmdw_memory.o
       120         10         20          8          0      28536   kmdw_memxfer.o
      6410       2400        548         24       1096     384427   kmdw_model.o
       116          8          0         48        520      38134   kmdw_power_manager.o
       484         66          0          0         32      11386   kmdw_sensor.o
       456        206          0          0          0       2415   kmdw_system.o
       492        310          0         24          0       2302   kmdw_tdc.o
       116          0          0          0          0       2734   kmdw_utils_crc.o
       148         82          0          0          0       8971   main.o
        36          6          0          0          0       2093   middleware_init.o
       152         22          0          1          0       5311   os_systick.o
       114         86          0          0          0       1369   rtx_config.o
        96         10          0          0          0      20725   rtx_delay.o
      1488         36          0          0          0      14535   rtx_evflags.o
       176          0          0          0          0      56229   rtx_evr.o
       950        100         11        164          0      28646   rtx_kernel.o
         0          0        260      34656          0      13090   rtx_lib.o
       294          0          0          0          0       4267   rtx_memory.o
       550          0          0          0          0       6119   rtx_mempool.o
      2172         44          0          0          0      22179   rtx_msgqueue.o
       876         28          0          0          0       8324   rtx_mutex.o
       644         30          0          0          0       4933   rtx_system.o
      3390        144          0          0          0      35950   rtx_thread.o
       884         46          0          0          0       9515   rtx_timer.o
        44         20          0          4          0        920   startup.o
       172         14        348          0      32768       3676   startup_asm.o
        16          4          0         24          0      12022   system_init.o
       252         88         71        408          0       2735   task_handler.o
       198         18          0        328          0      11905   usbd_hal_720.o

    ----------------------------------------------------------------------
     60808      10064       3480      41668      42664    1817785   Object Totals
         0          0         32          0          0          0   (incl. Generated)
        34          0         14          8          0          0   (incl. Padding)

    ----------------------------------------------------------------------

      Code (inc. data)   RO Data    RW Data    ZI Data      Debug   Library Member Name

       968         20          0          0        768      11615   dfs_fuzzy.o
       296          6          0          0          0       5451   fuzzy.o
       758          8          0          0          0       6977   fuzzy_composition.o
       848         14          0          0          0      10153   fuzzy_io.o
        58          0          0          0          0       2055   fuzzy_rule.o
       178          6          0          0          0       2795   fuzzy_rule_antecedent.o
        70          0          0          0          0       2785   fuzzy_rule_consequent.o
       324         18          0          0          0       3493   fuzzy_set.o
        86          0          0          0          0          0   __dczerorl2.o
        28          0          0          0          0         76   calloc.o
         0          0          0          0          0          0   entry.o
         0          0          0          0          0          0   entry10a.o
         0          0          0          0          0          0   entry11a.o
         4          0          0          0          0          0   entry12b.o
         8          4          0          0          0          0   entry2.o
         4          0          0          0          0          0   entry5.o
         0          0          0          0          0          0   entry7b.o
         0          0          0          0          0          0   entry8b.o
         8          4          0          0          0          0   entry9a.o
        30          0          0          0          0          0   handlers.o
        36          8          0          0          0         68   init.o
         0          0          0          0          0          0   iusefp.o
        30          0          0          0          0         68   llshl.o
        36          0          0          0          0         68   llsshr.o
        32          0          0          0          0         68   llushr.o
       188         20          0          0          0        160   malloc.o
        26          0          0          0          0         80   memcmp.o
        64          0          0          0          0         76   memmovea.o
        36          0          0          0          0        108   memseta.o
         0          0          0          8          0          0   mvars.o
      2342        102          0          0          0        764   printfa.o
         0          0          0          4          0          0   stdout.o
        14          0          0          0          0         68   strlen.o
        44          0          0          0          0         80   uidiv.o
        98          0          0          0          0         92   uldiv.o
        48          0          0          0          0         68   cdrcmple.o
        56          0          0          0          0         88   d2f.o
       334          0          0          0          0        148   dadd.o
       222          0          0          0          0        100   ddiv.o
       186          0          0          0          0        176   depilogue.o
        48          0          0          0          0         68   dfixul.o
        24          0          0          0          0         76   dfltul.o
       228          0          0          0          0         96   dmul.o
        38          0          0          0          0         68   f2d.o
       110          0          0          0          0        168   fepilogue.o
        28          0          0          0          0         84   ffltul.o
       792         26          0          2         20      15427   kdrv_aes.o
       222         26         12          4          0      12132   kdrv_crypto.o
       384         46          0          0          0       8598   kdrv_efuse.o
       682         48          0          0         11      13864   kdrv_hash.o
       836        268         12          0        116      13280   kmdw_sbt.o

    ----------------------------------------------------------------------
     10868        624         24         20        920     111541   Library Totals
        16          0          0          2          5          0   (incl. Padding)

    ----------------------------------------------------------------------

      Code (inc. data)   RO Data    RW Data    ZI Data      Debug   Library Name

      3500         72          0          0        768      45324   kmdw_dfs_fuzzy_720.lib
      3114        138          0         12          0       1776   mc_w.l
      1322          0          0          0          0       1140   mf_w.l
      2916        414         24          6        147      63301   system_720.lib

    ----------------------------------------------------------------------
     10868        624         24         20        920     111541   Library Totals

    ----------------------------------------------------------------------

==============================================================================


      Code (inc. data)   RO Data    RW Data    ZI Data      Debug   

     71676      10688       3504      41688      43584    1870850   Grand Totals
     71676      10688       3504       3820      43584    1870850   ELF Image Totals (compressed)
     71676      10688       3504       3820          0          0   ROM Totals

==============================================================================

    Total RO  Size (Code + RO Data)                75180 (  73.42kB)
    Total RW  Size (RW Data + ZI Data)             85272 (  83.27kB)
    Total ROM Size (Code + RO Data + RW Data)      79000 (  77.15kB)

==============================================================================

