Component: ARM Compiler 5.06 update 7 (build 960) Tool: armlink [4d3601]

==============================================================================

Section Cross References

    driver_init.o(i.drv_initialize) refers to kdrv_gpio.o(i.kdrv_gpio_initialize) for kdrv_gpio_initialize
    driver_init.o(i.drv_initialize) refers to kdrv_pinmux.o(i.kdrv_pinmux_initialize) for kdrv_pinmux_initialize
    driver_init.o(i.drv_initialize) refers to kdrv_uart.o(i.kdrv_uart_initialize) for kdrv_uart_initialize
    driver_init.o(i.drv_initialize) refers to kdrv_uart.o(i.kdrv_uart_console_init) for kdrv_uart_console_init
    driver_init.o(i.drv_initialize) refers to driver_init.o(.data) for .data
    ex_gpio_main.o(i.main) refers to startup.o(i.SystemCoreClockUpdate) for SystemCoreClockUpdate
    ex_gpio_main.o(i.main) refers to rtx_kernel.o(i.osKernelInitialize) for osKernelInitialize
    ex_gpio_main.o(i.main) refers to system_init.o(i.sys_initialize) for sys_initialize
    ex_gpio_main.o(i.main) refers to driver_init.o(i.drv_initialize) for drv_initialize
    ex_gpio_main.o(i.main) refers to kmdw_console.o(i.kmdw_console_set_log_level_scpu) for kmdw_console_set_log_level_scpu
    ex_gpio_main.o(i.main) refers to ex_gpio_test.o(i.gpio_selftest) for gpio_selftest
    ex_gpio_main.o(i.main) refers to rtx_kernel.o(i.osKernelGetState) for osKernelGetState
    ex_gpio_main.o(i.main) refers to rtx_kernel.o(i.osKernelStart) for osKernelStart
    ex_gpio_test.o(i.gpio_callback) refers to kdrv_gpio.o(i.kdrv_gpio_read_pin) for kdrv_gpio_read_pin
    ex_gpio_test.o(i.gpio_callback) refers to kdrv_gpio.o(i.kdrv_gpio_write_pin) for kdrv_gpio_write_pin
    ex_gpio_test.o(i.gpio_callback) refers to ex_gpio_test.o(.data) for .data
    ex_gpio_test.o(i.gpio_selftest) refers to ex_gpio_test.o(i.gpio_selftest_execute) for gpio_selftest_execute
    ex_gpio_test.o(i.gpio_selftest_execute) refers to ex_gpio_test.o(i.gpio_selftest_init) for gpio_selftest_init
    ex_gpio_test.o(i.gpio_selftest_execute) refers to kmdw_console.o(i.kmdw_level_printf) for kmdw_level_printf
    ex_gpio_test.o(i.gpio_selftest_execute) refers to kdrv_gpio.o(i.kdrv_gpio_set_interrupt) for kdrv_gpio_set_interrupt
    ex_gpio_test.o(i.gpio_selftest_execute) refers to kdrv_gpio.o(i.kdrv_gpio_write_pin) for kdrv_gpio_write_pin
    ex_gpio_test.o(i.gpio_selftest_execute) refers to kdrv_gpio.o(i.kdrv_gpio_set_attribute) for kdrv_gpio_set_attribute
    ex_gpio_test.o(i.gpio_selftest_execute) refers to kdrv_clock.o(i.kdrv_delay_us) for kdrv_delay_us
    ex_gpio_test.o(i.gpio_selftest_execute) refers to kdrv_gpio.o(i.kdrv_gpio_read_pin) for kdrv_gpio_read_pin
    ex_gpio_test.o(i.gpio_selftest_execute) refers to ex_gpio_test.o(.constdata) for .constdata
    ex_gpio_test.o(i.gpio_selftest_execute) refers to ex_gpio_test.o(.data) for .data
    ex_gpio_test.o(i.gpio_selftest_execute) refers to ex_gpio_test.o(.conststring) for .conststring
    ex_gpio_test.o(i.gpio_selftest_execute) refers to driver_init.o(.data) for gpio_attr_ctx
    ex_gpio_test.o(i.gpio_selftest_init) refers to kdrv_pinmux.o(i.kdrv_pinmux_config) for kdrv_pinmux_config
    ex_gpio_test.o(i.gpio_selftest_init) refers to kmdw_console.o(i.kmdw_level_printf) for kmdw_level_printf
    ex_gpio_test.o(i.gpio_selftest_init) refers to kdrv_gpio.o(i.kdrv_gpio_set_attribute) for kdrv_gpio_set_attribute
    ex_gpio_test.o(i.gpio_selftest_init) refers to kdrv_gpio.o(i.kdrv_gpio_write_pin) for kdrv_gpio_write_pin
    ex_gpio_test.o(i.gpio_selftest_init) refers to kdrv_gpio.o(i.kdrv_gpio_set_interrupt) for kdrv_gpio_set_interrupt
    ex_gpio_test.o(i.gpio_selftest_init) refers to kdrv_gpio.o(i.kdrv_gpio_set_debounce) for kdrv_gpio_set_debounce
    ex_gpio_test.o(i.gpio_selftest_init) refers to kdrv_gpio.o(i.kdrv_gpio_register_callback) for kdrv_gpio_register_callback
    ex_gpio_test.o(i.gpio_selftest_init) refers to ex_gpio_test.o(.constdata) for .constdata
    ex_gpio_test.o(i.gpio_selftest_init) refers to ex_gpio_test.o(i.gpio_callback) for gpio_callback
    ex_gpio_test.o(i.gpio_selftest_thread) refers to ex_gpio_test.o(i.gpio_selftest_execute) for gpio_selftest_execute
    ex_gpio_test.o(i.gpio_selftest_thread) refers to kmdw_console.o(i.kmdw_level_printf) for kmdw_level_printf
    ex_gpio_test.o(i.gpio_selftest_thread) refers to ex_gpio_test.o(.constdata) for .constdata
    kmdw_console.o(i.kmdw_console_echo_gets) refers to kdrv_uart.o(i.kdrv_uart_get_char) for kdrv_uart_get_char
    kmdw_console.o(i.kmdw_console_echo_gets) refers to kdrv_uart.o(i.kdrv_uart_write) for kdrv_uart_write
    kmdw_console.o(i.kmdw_console_echo_gets) refers to kmdw_console.o(.data) for .data
    kmdw_console.o(i.kmdw_console_get_log_level_scpu) refers to kmdw_console.o(.data) for .data
    kmdw_console.o(i.kmdw_console_getc) refers to kdrv_uart.o(i.kdrv_uart_read) for kdrv_uart_read
    kmdw_console.o(i.kmdw_console_getc) refers to kmdw_console.o(.data) for .data
[...]
    _printf_pre_padding                      0x1ffc1b5d   Thumb Code    46  printfa.o(i._printf_pre_padding)
    i._snputc                                0x1ffc1b8a   Section        0  printfa.o(i._snputc)
    _snputc                                  0x1ffc1b8b   Thumb Code    22  printfa.o(i._snputc)
    i._sputc                                 0x1ffc1ba0   Section        0  printfa.o(i._sputc)
    _sputc                                   0x1ffc1ba1   Thumb Code    10  printfa.o(i._sputc)
    i.drv_initialize                         0x1ffc1bac   Section        0  driver_init.o(i.drv_initialize)
    i.fputc                                  0x1ffc1bd8   Section        0  kdrv_uart.o(i.fputc)
    i.gpio_callback                          0x1ffc1c0c   Section        0  ex_gpio_test.o(i.gpio_callback)
    gpio_callback                            0x1ffc1c0d   Thumb Code    84  ex_gpio_test.o(i.gpio_callback)
    i.gpio_selftest                          0x1ffc1c64   Section        0  ex_gpio_test.o(i.gpio_selftest)
    i.gpio_selftest_execute                  0x1ffc1c68   Section        0  ex_gpio_test.o(i.gpio_selftest_execute)
    i.gpio_selftest_init                     0x1ffc2284   Section        0  ex_gpio_test.o(i.gpio_selftest_init)
    i.kdrv_delay_us                          0x1ffc240c   Section        0  kdrv_clock.o(i.kdrv_delay_us)
    i.kdrv_gpio_initialize                   0x1ffc2454   Section        0  kdrv_gpio.o(i.kdrv_gpio_initialize)
    i.kdrv_gpio_read_pin                     0x1ffc251c   Section        0  kdrv_gpio.o(i.kdrv_gpio_read_pin)
    i.kdrv_gpio_register_callback            0x1ffc2538   Section        0  kdrv_gpio.o(i.kdrv_gpio_register_callback)
    i.kdrv_gpio_set_attribute                0x1ffc2548   Section        0  kdrv_gpio.o(i.kdrv_gpio_set_attribute)
    i.kdrv_gpio_set_debounce                 0x1ffc25d4   Section        0  kdrv_gpio.o(i.kdrv_gpio_set_debounce)
    i.kdrv_gpio_set_interrupt                0x1ffc2600   Section        0  kdrv_gpio.o(i.kdrv_gpio_set_interrupt)
    i.kdrv_gpio_write_pin                    0x1ffc2630   Section        0  kdrv_gpio.o(i.kdrv_gpio_write_pin)
    i.kdrv_ncpu_set_scpu_debug_lvl           0x1ffc2648   Section        0  kmdw_console.o(i.kdrv_ncpu_set_scpu_debug_lvl)
    i.kdrv_pinmux_config                     0x1ffc264c   Section        0  kdrv_pinmux.o(i.kdrv_pinmux_config)
    i.kdrv_pinmux_initialize                 0x1ffc268c   Section        0  kdrv_pinmux.o(i.kdrv_pinmux_initialize)
    i.kdrv_timer_irqhandler                  0x1ffc26dc   Section        0  kdrv_timer.o(i.kdrv_timer_irqhandler)
    i.kdrv_uart_configure                    0x1ffc2914   Section        0  kdrv_uart.o(i.kdrv_uart_configure)
    i.kdrv_uart_console_init                 0x1ffc2b30   Section        0  kdrv_uart.o(i.kdrv_uart_console_init)
    i.kdrv_uart_initialize                   0x1ffc2b94   Section        0  kdrv_uart.o(i.kdrv_uart_initialize)
    i.kdrv_uart_open                         0x1ffc2bb4   Section        0  kdrv_uart.o(i.kdrv_uart_open)
    i.kdrv_uart_write                        0x1ffc2cd0   Section        0  kdrv_uart.o(i.kdrv_uart_write)
    i.kmdw_console_set_log_level_scpu        0x1ffc2de4   Section        0  kmdw_console.o(i.kmdw_console_set_log_level_scpu)
    i.kmdw_level_printf                      0x1ffc2dfc   Section        0  kmdw_console.o(i.kmdw_level_printf)
    i.main                                   0x1ffc2f6c   Section        0  ex_gpio_main.o(i.main)
    i.malloc                                 0x1ffc2f94   Section        0  malloc.o(i.malloc)
    i.osKernelGetState                       0x1ffc3000   Section        0  rtx_kernel.o(i.osKernelGetState)
    i.osKernelGetTickCount                   0x1ffc303c   Section        0  rtx_kernel.o(i.osKernelGetTickCount)
    i.osKernelGetTickFreq                    0x1ffc306c   Section        0  rtx_kernel.o(i.osKernelGetTickFreq)
    i.osKernelInitialize                     0x1ffc309c   Section        0  rtx_kernel.o(i.osKernelInitialize)
    i.osKernelStart                          0x1ffc30d4   Section        0  rtx_kernel.o(i.osKernelStart)
    i.osMessageQueueGet                      0x1ffc3108   Section        0  rtx_msgqueue.o(i.osMessageQueueGet)
    i.osMessageQueueNew                      0x1ffc31c8   Section        0  rtx_msgqueue.o(i.osMessageQueueNew)
    i.osMessageQueuePut                      0x1ffc3208   Section        0  rtx_msgqueue.o(i.osMessageQueuePut)
    i.osMutexAcquire                         0x1ffc32b0   Section        0  rtx_mutex.o(i.osMutexAcquire)
    i.osMutexRelease                         0x1ffc32ec   Section        0  rtx_mutex.o(i.osMutexRelease)
    i.osRtxErrorNotify                       0x1ffc3324   Section        0  rtx_config.o(i.osRtxErrorNotify)
    i.osRtxIdleThread                        0x1ffc3394   Section        0  rtx_config.o(i.osRtxIdleThread)
    i.osRtxKernelPreInit                     0x1ffc3396   Section        0  rtx_kernel.o(i.osRtxKernelPreInit)
    i.osRtxMemoryAlloc                       0x1ffc3398   Section        0  rtx_memory.o(i.osRtxMemoryAlloc)
    i.osRtxMemoryFree                        0x1ffc3424   Section        0  rtx_memory.o(i.osRtxMemoryFree)
    i.osRtxMemoryInit                        0x1ffc347a   Section        0  rtx_memory.o(i.osRtxMemoryInit)
    i.osRtxMemoryPoolAlloc                   0x1ffc34be   Section        0  rtx_mempool.o(i.osRtxMemoryPoolAlloc)
    i.osRtxMemoryPoolFree                    0x1ffc34ee   Section        0  rtx_mempool.o(i.osRtxMemoryPoolFree)
    i.osRtxMemoryPoolInit                    0x1ffc352e   Section        0  rtx_mempool.o(i.osRtxMemoryPoolInit)
    i.osRtxMessageQueuePostProcess           0x1ffc359c   Section        0  rtx_msgqueue.o(i.osRtxMessageQueuePostProcess)
    osRtxMessageQueuePostProcess             0x1ffc359d   Thumb Code   258  rtx_msgqueue.o(i.osRtxMessageQueuePostProcess)
    i.osRtxMutexOwnerRelease                 0x1ffc369e   Section        0  rtx_mutex.o(i.osRtxMutexOwnerRelease)
    i.osRtxPendSV_Handler                    0x1ffc3700   Section        0  rtx_system.o(i.osRtxPendSV_Handler)
    i.osRtxPostProcess                       0x1ffc3764   Section        0  rtx_system.o(i.osRtxPostProcess)
    i.osRtxThreadDelayRemove                 0x1ffc37b8   Section        0  rtx_thread.o(i.osRtxThreadDelayRemove)
    osRtxThreadDelayRemove                   0x1ffc37b9   Thumb Code    90  rtx_thread.o(i.osRtxThreadDelayRemove)
    i.osRtxThreadDelayTick                   0x1ffc3818   Section        0  rtx_thread.o(i.osRtxThreadDelayTick)
    i.osRtxThreadDispatch                    0x1ffc395c   Section        0  rtx_thread.o(i.osRtxThreadDispatch)
    i.osRtxThreadFree                        0x1ffc3a44   Section        0  rtx_thread.o(i.osRtxThreadFree)
    osRtxThreadFree                          0x1ffc3a45   Thumb Code    84  rtx_thread.o(i.osRtxThreadFree)
    i.osRtxThreadListGet                     0x1ffc3a9c   Section        0  rtx_thread.o(i.osRtxThreadListGet)
    i.osRtxThreadListPut                     0x1ffc3ab2   Section        0  rtx_thread.o(i.osRtxThreadListPut)
    i.osRtxThreadListRemove                  0x1ffc3ad4   Section        0  rtx_thread.o(i.osRtxThreadListRemove)
    i.osRtxThreadListSort                    0x1ffc3af0   Section        0  rtx_thread.o(i.osRtxThreadListSort)
    i.osRtxThreadPostProcess                 0x1ffc3b3a   Section        0  rtx_thread.o(i.osRtxThreadPostProcess)
    osRtxThreadPostProcess                   0x1ffc3b3b   Thumb Code   106  rtx_thread.o(i.osRtxThreadPostProcess)
    i.osRtxThreadReadyPut                    0x1ffc3ba4   Section        0  rtx_thread.o(i.osRtxThreadReadyPut)
    i.osRtxThreadRegPtr                      0x1ffc3bd0   Section        0  rtx_thread.o(i.osRtxThreadRegPtr)
    i.osRtxThreadStackCheck                  0x1ffc3be4   Section        0  rtx_thread.o(i.osRtxThreadStackCheck)
    i.osRtxThreadStartup                     0x1ffc3c10   Section        0  rtx_thread.o(i.osRtxThreadStartup)
    i.osRtxThreadSwitch                      0x1ffc3c50   Section        0  rtx_thread.o(i.osRtxThreadSwitch)
    i.osRtxThreadWaitEnter                   0x1ffc3c70   Section        0  rtx_thread.o(i.osRtxThreadWaitEnter)
    i.osRtxThreadWaitExit                    0x1ffc3d1c   Section        0  rtx_thread.o(i.osRtxThreadWaitExit)
    i.osRtxTick_Handler                      0x1ffc3d7c   Section        0  rtx_system.o(i.osRtxTick_Handler)
    i.osRtxTimerThread                       0x1ffc3e00   Section        0  rtx_timer.o(i.osRtxTimerThread)
    i.osRtxTimerTick                         0x1ffc3e48   Section        0  rtx_timer.o(i.osRtxTimerTick)
    osRtxTimerTick                           0x1ffc3e49   Thumb Code   136  rtx_timer.o(i.osRtxTimerTick)
    i.osThreadExit                           0x1ffc3ed4   Section        0  rtx_thread.o(i.osThreadExit)
    i.osThreadFlagsSet                       0x1ffc3ef0   Section        0  rtx_thread.o(i.osThreadFlagsSet)
    i.svcRtxKernelGetState                   0x1ffc3f70   Section        0  rtx_kernel.o(i.svcRtxKernelGetState)
    svcRtxKernelGetState                     0x1ffc3f71   Thumb Code    16  rtx_kernel.o(i.svcRtxKernelGetState)
    i.svcRtxKernelGetTickCount               0x1ffc3f84   Section        0  rtx_kernel.o(i.svcRtxKernelGetTickCount)
    svcRtxKernelGetTickCount                 0x1ffc3f85   Thumb Code    14  rtx_kernel.o(i.svcRtxKernelGetTickCount)
    i.svcRtxKernelGetTickFreq                0x1ffc3f98   Section        0  rtx_kernel.o(i.svcRtxKernelGetTickFreq)
    svcRtxKernelGetTickFreq                  0x1ffc3f99   Thumb Code    14  rtx_kernel.o(i.svcRtxKernelGetTickFreq)
    i.svcRtxKernelInitialize                 0x1ffc3fac   Section        0  rtx_kernel.o(i.svcRtxKernelInitialize)
    svcRtxKernelInitialize                   0x1ffc3fad   Thumb Code   310  rtx_kernel.o(i.svcRtxKernelInitialize)
    i.svcRtxKernelStart                      0x1ffc40ec   Section        0  rtx_kernel.o(i.svcRtxKernelStart)
    svcRtxKernelStart                        0x1ffc40ed   Thumb Code   152  rtx_kernel.o(i.svcRtxKernelStart)
    i.svcRtxMessageQueueGet                  0x1ffc419c   Section        0  rtx_msgqueue.o(i.svcRtxMessageQueueGet)
    svcRtxMessageQueueGet                    0x1ffc419d   Thumb Code   318  rtx_msgqueue.o(i.svcRtxMessageQueueGet)
    i.svcRtxMessageQueueNew                  0x1ffc42e0   Section        0  rtx_msgqueue.o(i.svcRtxMessageQueueNew)
    svcRtxMessageQueueNew                    0x1ffc42e1   Thumb Code   332  rtx_msgqueue.o(i.svcRtxMessageQueueNew)
    i.svcRtxMessageQueuePut                  0x1ffc4434   Section        0  rtx_msgqueue.o(i.svcRtxMessageQueuePut)
    svcRtxMessageQueuePut                    0x1ffc4435   Thumb Code   244  rtx_msgqueue.o(i.svcRtxMessageQueuePut)
    i.svcRtxMutexAcquire                     0x1ffc452c   Section        0  rtx_mutex.o(i.svcRtxMutexAcquire)
    svcRtxMutexAcquire                       0x1ffc452d   Thumb Code   220  rtx_mutex.o(i.svcRtxMutexAcquire)
    i.svcRtxMutexRelease                     0x1ffc460c   Section        0  rtx_mutex.o(i.svcRtxMutexRelease)
    svcRtxMutexRelease                       0x1ffc460d   Thumb Code   238  rtx_mutex.o(i.svcRtxMutexRelease)
    i.svcRtxThreadExit                       0x1ffc4700   Section        0  rtx_thread.o(i.svcRtxThreadExit)
    svcRtxThreadExit                         0x1ffc4701   Thumb Code   144  rtx_thread.o(i.svcRtxThreadExit)
    i.svcRtxThreadFlagsSet                   0x1ffc4794   Section        0  rtx_thread.o(i.svcRtxThreadFlagsSet)
    svcRtxThreadFlagsSet                     0x1ffc4795   Thumb Code   194  rtx_thread.o(i.svcRtxThreadFlagsSet)
    i.svcRtxThreadNew                        0x1ffc4858   Section        0  rtx_thread.o(i.svcRtxThreadNew)
    svcRtxThreadNew                          0x1ffc4859   Thumb Code   538  rtx_thread.o(i.svcRtxThreadNew)
    i.sys_initialize                         0x1ffc4a88   Section        0  system_init.o(i.sys_initialize)
    .constdata                               0x1ffc4a8a   Section       62  ex_gpio_test.o(.constdata)
    __func__                                 0x1ffc4a8a   Data          19  ex_gpio_test.o(.constdata)
    __func__                                 0x1ffc4a9d   Data          22  ex_gpio_test.o(.constdata)
    __func__                                 0x1ffc4ab3   Data          21  ex_gpio_test.o(.constdata)
    .constdata                               0x1ffc4ac8   Section       36  rtx_lib.o(.constdata)
    os_idle_thread_attr                      0x1ffc4ac8   Data          36  rtx_lib.o(.constdata)
    .constdata                               0x1ffc4aec   Section       36  rtx_lib.o(.constdata)
    os_timer_thread_attr                     0x1ffc4aec   Data          36  rtx_lib.o(.constdata)
    .constdata                               0x1ffc4b10   Section       24  rtx_lib.o(.constdata)
    os_timer_mq_attr                         0x1ffc4b10   Data          24  rtx_lib.o(.constdata)
    .constdata                               0x1ffc4b28   Section        4  rtx_lib.o(.constdata)
    .conststring                             0x1ffc4b2c   Section      465  ex_gpio_test.o(.conststring)
    .conststrlit                             0x1ffc4d00   Section       11  rtx_kernel.o(.conststrlit)
    .rodata                                  0x1ffc4d0c   Section      160  rtx_lib.o(.rodata)
    __tagsym$$used                           0x1ffc4d0c   Number         0  rtx_lib.o(.rodata)
    __tagsym$$used                           0x1ffc4d74   Number         0  rtx_lib.o(.rodata)
    .bss.os                                  0x1ffe0000   Section     8192  rtx_lib.o(.bss.os)
    os_mem                                   0x1ffe0000   Data        8192  rtx_lib.o(.bss.os)
    .bss.os                                  0x1ffe2000   Section       64  rtx_lib.o(.bss.os)
    os_isr_queue                             0x1ffe2000   Data          64  rtx_lib.o(.bss.os)
    .bss.os.msgqueue.cb                      0x1ffe2040   Section       52  rtx_lib.o(.bss.os.msgqueue.cb)
    os_timer_mq_cb                           0x1ffe2040   Data          52  rtx_lib.o(.bss.os.msgqueue.cb)
    .bss.os.msgqueue.mem                     0x1ffe2074   Section       80  rtx_lib.o(.bss.os.msgqueue.mem)
    os_timer_mq_data                         0x1ffe2074   Data          80  rtx_lib.o(.bss.os.msgqueue.mem)
    .bss.os.thread.cb                        0x1ffe20c4   Section     1020  rtx_lib.o(.bss.os.thread.cb)
    os_thread_cb                             0x1ffe20c4   Data        1020  rtx_lib.o(.bss.os.thread.cb)
    .bss.os.thread.cb                        0x1ffe24c0   Section       68  rtx_lib.o(.bss.os.thread.cb)
    os_idle_thread_cb                        0x1ffe24c0   Data          68  rtx_lib.o(.bss.os.thread.cb)
    .bss.os.thread.cb                        0x1ffe2504   Section       68  rtx_lib.o(.bss.os.thread.cb)
    os_timer_thread_cb                       0x1ffe2504   Data          68  rtx_lib.o(.bss.os.thread.cb)
    .bss.os.thread.stack                     0x1ffe2548   Section      256  rtx_lib.o(.bss.os.thread.stack)
    os_idle_thread_stack                     0x1ffe2548   Data         256  rtx_lib.o(.bss.os.thread.stack)
    .bss.os.thread.stack                     0x1ffe2648   Section      256  rtx_lib.o(.bss.os.thread.stack)
    os_timer_thread_stack                    0x1ffe2648   Data         256  rtx_lib.o(.bss.os.thread.stack)
    .data                                    0x1ffe2748   Section      448  driver_init.o(.data)
    pinmux_array                             0x1ffe2748   Data         368  driver_init.o(.data)
    .data                                    0x1ffe2908   Section        8  ex_gpio_test.o(.data)
    .data                                    0x1ffe2910   Section       20  kmdw_console.o(.data)
    handle0                                  0x1ffe291c   Data           4  kmdw_console.o(.data)
    .data                                    0x1ffe2924   Section       76  kdrv_uart.o(.data)
    gDriverInitialized                       0x1ffe2924   Data           1  kdrv_uart.o(.data)
    handle0                                  0x1ffe2928   Data           4  kdrv_uart.o(.data)
    UART_PORT                                0x1ffe293c   Data           8  kdrv_uart.o(.data)
    .data                                    0x1ffe2970   Section       16  kdrv_timer.o(.data)
    .data                                    0x1ffe2980   Section        8  kdrv_gpio.o(.data)
    _usr_isr_cb                              0x1ffe2980   Data           4  kdrv_gpio.o(.data)
    _usr_arg                                 0x1ffe2984   Data           4  kdrv_gpio.o(.data)
    .data                                    0x1ffe2988   Section        4  startup.o(.data)
    .data                                    0x1ffe298c   Section        1  os_systick.o(.data)
    PendST                                   0x1ffe298c   Data           1  os_systick.o(.data)
    .data                                    0x1ffe2990   Section        4  stdout.o(.data)
    .data                                    0x1ffe2994   Section        4  mvars.o(.data)
    .data                                    0x1ffe2998   Section        4  mvars.o(.data)
    .data.os                                 0x1ffe299c   Section      164  rtx_kernel.o(.data.os)
    .data.os.thread.mpi                      0x1ffe2a40   Section       24  rtx_lib.o(.data.os.thread.mpi)
    os_mpi_thread                            0x1ffe2a40   Data          24  rtx_lib.o(.data.os.thread.mpi)
    .bss                                     0x1ffe2a58   Section       12  kmdw_console.o(.bss)
    .bss                                     0x1ffe2a64   Section       12  kdrv_uart.o(.bss)
    gDrvCtx                                  0x1ffe2a64   Data          12  kdrv_uart.o(.bss)
    .bss                                     0x1ffe2a70   Section      108  kdrv_timer.o(.bss)
    HEAP                                     0x1ffe2ae0   Section     4096  startup_asm.o(HEAP)
    STACK                                    0x1ffe3ae0   Section     4096  startup_asm.o(STACK)

    Global Symbols

    Symbol Name                              Value     Ov Type        Size  Object(Section)

    BuildAttributes$$THM_ISAv4$E$P$D$K$B$S$7EM$VFPi3$EXTD16$VFPS$VFMA$PE$A:L22UL41UL21$X:L11$S22US41US21$IEEE1$IW$USESV6$~STKCKD$USESV7$~SHL$OTIME$ROPI$EBA8$MICROLIB$REQ8$PRES8$EABIv2 0x00000000   Number         0  anon$$obj.o ABSOLUTE
    __ARM_use_no_argv                        0x00000000   Number         0  ex_gpio_main.o ABSOLUTE
    _printf_a                                0x00000000   Number         0  stubs.o ABSOLUTE
    _printf_c                                0x00000000   Number         0  stubs.o ABSOLUTE
    _printf_charcount                        0x00000000   Number         0  stubs.o ABSOLUTE
    _printf_d                                0x00000000   Number         0  stubs.o ABSOLUTE
    _printf_e                                0x00000000   Number         0  stubs.o ABSOLUTE
    _printf_f                                0x00000000   Number         0  stubs.o ABSOLUTE
    _printf_flags                            0x00000000   Number         0  stubs.o ABSOLUTE
    _printf_fp_dec                           0x00000000   Number         0  stubs.o ABSOLUTE
    _printf_fp_hex                           0x00000000   Number         0  stubs.o ABSOLUTE
    _printf_g                                0x00000000   Number         0  stubs.o ABSOLUTE
    _printf_i                                0x00000000   Number         0  stubs.o ABSOLUTE
    _printf_int_dec                          0x00000000   Number         0  stubs.o ABSOLUTE
    _printf_l                                0x00000000   Number         0  stubs.o ABSOLUTE
    _printf_lc                               0x00000000   Number         0  stubs.o ABSOLUTE
    _printf_ll                               0x00000000   Number         0  stubs.o ABSOLUTE
    _printf_lld                              0x00000000   Number         0  stubs.o ABSOLUTE
    _printf_lli                              0x00000000   Number         0  stubs.o ABSOLUTE
    _printf_llo                              0x00000000   Number         0  stubs.o ABSOLUTE
    _printf_llu                              0x00000000   Number         0  stubs.o ABSOLUTE
    _printf_llx                              0x00000000   Number         0  stubs.o ABSOLUTE
    _printf_longlong_dec                     0x00000000   Number         0  stubs.o ABSOLUTE
    _printf_longlong_hex                     0x00000000   Number         0  stubs.o ABSOLUTE
    _printf_longlong_oct                     0x00000000   Number         0  stubs.o ABSOLUTE
    _printf_ls                               0x00000000   Number         0  stubs.o ABSOLUTE
    _printf_mbtowc                           0x00000000   Number         0  stubs.o ABSOLUTE
    _printf_n                                0x00000000   Number         0  stubs.o ABSOLUTE
    _printf_o                                0x00000000   Number         0  stubs.o ABSOLUTE
    _printf_p                                0x00000000   Number         0  stubs.o ABSOLUTE
    _printf_percent                          0x00000000   Number         0  stubs.o ABSOLUTE
    _printf_pre_padding                      0x00000000   Number         0  stubs.o ABSOLUTE
    _printf_return_value                     0x00000000   Number         0  stubs.o ABSOLUTE
    _printf_s                                0x00000000   Number         0  stubs.o ABSOLUTE
    _printf_sizespec                         0x00000000   Number         0  stubs.o ABSOLUTE
    _printf_str                              0x00000000   Number         0  stubs.o ABSOLUTE
    _printf_truncate_signed                  0x00000000   Number         0  stubs.o ABSOLUTE
    _printf_truncate_unsigned                0x00000000   Number         0  stubs.o ABSOLUTE
    _printf_u                                0x00000000   Number         0  stubs.o ABSOLUTE
    _printf_wc                               0x00000000   Number         0  stubs.o ABSOLUTE
    _printf_wctomb                           0x00000000   Number         0  stubs.o ABSOLUTE
    _printf_widthprec                        0x00000000   Number         0  stubs.o ABSOLUTE
    _printf_x                                0x00000000   Number         0  stubs.o ABSOLUTE
    .bss.os.evflags.cb$$Base                  - Undefined Weak Reference
    .bss.os.evflags.cb$$Limit                 - Undefined Weak Reference
    .bss.os.mempool.cb$$Base                  - Undefined Weak Reference
    .bss.os.mempool.cb$$Limit                 - Undefined Weak Reference
    .bss.os.mutex.cb$$Base                    - Undefined Weak Reference
    .bss.os.mutex.cb$$Limit                   - Undefined Weak Reference
    .bss.os.semaphore.cb$$Base                - Undefined Weak Reference
    .bss.os.semaphore.cb$$Limit               - Undefined Weak Reference
    .bss.os.timer.cb$$Base                    - Undefined Weak Reference
    .bss.os.timer.cb$$Limit                   - Undefined Weak Reference
    __arm_fini_                               - Undefined Weak Reference
    __cpp_initialize__aeabi_                  - Undefined Weak Reference
    __cxa_finalize                            - Undefined Weak Reference
    _clock_init                               - Undefined Weak Reference
    _microlib_exit                            - Undefined Weak Reference
    __Vectors_Size                           0x00000140   Number         0  startup_asm.o ABSOLUTE
    Load$$LR$$SCPU$$Length                   0x00004eac   Number         0  anon$$obj.o ABSOLUTE
    __Vectors                                0x1ffc0000   Data           4  startup_asm.o(VECTOR_TABLE)
    __Vectors_End                            0x1ffc0140   Data           0  startup_asm.o(VECTOR_TABLE)
    __main                                   0x1ffc015d   Thumb Code     0  entry.o(.ARM.Collect$$$$00000000)
    _main_stk                                0x1ffc015d   Thumb Code     0  entry2.o(.ARM.Collect$$$$00000001)
    _main_scatterload                        0x1ffc0161   Thumb Code     0  entry5.o(.ARM.Collect$$$$00000004)
    __main_after_scatterload                 0x1ffc0165   Thumb Code     0  entry5.o(.ARM.Collect$$$$00000004)
    _main_clock                              0x1ffc0165   Thumb Code     0  entry7b.o(.ARM.Collect$$$$00000008)
    _main_cpp_init                           0x1ffc0165   Thumb Code     0  entry8b.o(.ARM.Collect$$$$0000000A)
    _main_init                               0x1ffc0165   Thumb Code     0  entry9a.o(.ARM.Collect$$$$0000000B)
    __rt_lib_shutdown_fini                   0x1ffc016d   Thumb Code     0  entry12b.o(.ARM.Collect$$$$0000000E)
    __rt_final_cpp                           0x1ffc0171   Thumb Code     0  entry10a.o(.ARM.Collect$$$$0000000F)
    __rt_final_exit                          0x1ffc0171   Thumb Code     0  entry11a.o(.ARM.Collect$$$$00000011)
    __asm___13_rtx_mempool_c_7914b4c7__atomic_wr8 0x1ffc0175   Thumb Code    16  rtx_mempool.o(.emb_text)
    __asm___13_rtx_mempool_c_7914b4c7__atomic_set32 0x1ffc0185   Thumb Code    20  rtx_mempool.o(.emb_text)
    __asm___13_rtx_mempool_c_7914b4c7__atomic_clr32 0x1ffc0199   Thumb Code    22  rtx_mempool.o(.emb_text)
    __asm___13_rtx_mempool_c_7914b4c7__atomic_chk32_all 0x1ffc01af   Thumb Code    38  rtx_mempool.o(.emb_text)
    __asm___13_rtx_mempool_c_7914b4c7__atomic_chk32_any 0x1ffc01d5   Thumb Code    34  rtx_mempool.o(.emb_text)
    __asm___13_rtx_mempool_c_7914b4c7__atomic_inc32 0x1ffc01f7   Thumb Code    18  rtx_mempool.o(.emb_text)
    __asm___13_rtx_mempool_c_7914b4c7__atomic_inc16_lt 0x1ffc0209   Thumb Code    30  rtx_mempool.o(.emb_text)
    __asm___13_rtx_mempool_c_7914b4c7__atomic_inc16_lim 0x1ffc0227   Thumb Code    26  rtx_mempool.o(.emb_text)
    __asm___13_rtx_mempool_c_7914b4c7__atomic_dec32 0x1ffc0241   Thumb Code    18  rtx_mempool.o(.emb_text)
    __asm___13_rtx_mempool_c_7914b4c7__atomic_dec32_nz 0x1ffc0253   Thumb Code    26  rtx_mempool.o(.emb_text)
    __asm___13_rtx_mempool_c_7914b4c7__atomic_dec16_nz 0x1ffc026d   Thumb Code    26  rtx_mempool.o(.emb_text)
    __asm___13_rtx_mempool_c_7914b4c7__atomic_link_get 0x1ffc0287   Thumb Code    26  rtx_mempool.o(.emb_text)
    __asm___13_rtx_mempool_c_7914b4c7__atomic_link_put 0x1ffc02a1   Thumb Code    28  rtx_mempool.o(.emb_text)
    __asm___14_rtx_msgqueue_c_ba128ae8__atomic_wr8 0x1ffc02bd   Thumb Code    16  rtx_msgqueue.o(.emb_text)
    __asm___14_rtx_msgqueue_c_ba128ae8__atomic_set32 0x1ffc02cd   Thumb Code    20  rtx_msgqueue.o(.emb_text)
    __asm___14_rtx_msgqueue_c_ba128ae8__atomic_clr32 0x1ffc02e1   Thumb Code    22  rtx_msgqueue.o(.emb_text)
    __asm___14_rtx_msgqueue_c_ba128ae8__atomic_chk32_all 0x1ffc02f7   Thumb Code    38  rtx_msgqueue.o(.emb_text)
    __asm___14_rtx_msgqueue_c_ba128ae8__atomic_chk32_any 0x1ffc031d   Thumb Code    34  rtx_msgqueue.o(.emb_text)
    __asm___14_rtx_msgqueue_c_ba128ae8__atomic_inc32 0x1ffc033f   Thumb Code    18  rtx_msgqueue.o(.emb_text)
    __asm___14_rtx_msgqueue_c_ba128ae8__atomic_inc16_lt 0x1ffc0351   Thumb Code    30  rtx_msgqueue.o(.emb_text)
    __asm___14_rtx_msgqueue_c_ba128ae8__atomic_inc16_lim 0x1ffc036f   Thumb Code    26  rtx_msgqueue.o(.emb_text)
    __asm___14_rtx_msgqueue_c_ba128ae8__atomic_dec32 0x1ffc0389   Thumb Code    18  rtx_msgqueue.o(.emb_text)
    __asm___14_rtx_msgqueue_c_ba128ae8__atomic_dec32_nz 0x1ffc039b   Thumb Code    26  rtx_msgqueue.o(.emb_text)
    __asm___14_rtx_msgqueue_c_ba128ae8__atomic_dec16_nz 0x1ffc03b5   Thumb Code    26  rtx_msgqueue.o(.emb_text)
    __asm___14_rtx_msgqueue_c_ba128ae8__atomic_link_get 0x1ffc03cf   Thumb Code    26  rtx_msgqueue.o(.emb_text)
    __asm___14_rtx_msgqueue_c_ba128ae8__atomic_link_put 0x1ffc03e9   Thumb Code    28  rtx_msgqueue.o(.emb_text)
    __asm___12_rtx_system_c_024f2f18__atomic_wr8 0x1ffc0405   Thumb Code    16  rtx_system.o(.emb_text)
    __asm___12_rtx_system_c_024f2f18__atomic_set32 0x1ffc0415   Thumb Code    20  rtx_system.o(.emb_text)
    __asm___12_rtx_system_c_024f2f18__atomic_clr32 0x1ffc0429   Thumb Code    22  rtx_system.o(.emb_text)
    __asm___12_rtx_system_c_024f2f18__atomic_chk32_all 0x1ffc043f   Thumb Code    38  rtx_system.o(.emb_text)
    __asm___12_rtx_system_c_024f2f18__atomic_chk32_any 0x1ffc0465   Thumb Code    34  rtx_system.o(.emb_text)
    __asm___12_rtx_system_c_024f2f18__atomic_inc32 0x1ffc0487   Thumb Code    18  rtx_system.o(.emb_text)
    __asm___12_rtx_system_c_024f2f18__atomic_inc16_lt 0x1ffc0499   Thumb Code    30  rtx_system.o(.emb_text)
    __asm___12_rtx_system_c_024f2f18__atomic_inc16_lim 0x1ffc04b7   Thumb Code    26  rtx_system.o(.emb_text)
    __asm___12_rtx_system_c_024f2f18__atomic_dec32 0x1ffc04d1   Thumb Code    18  rtx_system.o(.emb_text)
    __asm___12_rtx_system_c_024f2f18__atomic_dec32_nz 0x1ffc04e3   Thumb Code    26  rtx_system.o(.emb_text)
    __asm___12_rtx_system_c_024f2f18__atomic_dec16_nz 0x1ffc04fd   Thumb Code    26  rtx_system.o(.emb_text)
    __asm___12_rtx_system_c_024f2f18__atomic_link_get 0x1ffc0517   Thumb Code    26  rtx_system.o(.emb_text)
    __asm___12_rtx_system_c_024f2f18__atomic_link_put 0x1ffc0531   Thumb Code    28  rtx_system.o(.emb_text)
    __asm___12_rtx_thread_c_add96be5__atomic_wr8 0x1ffc054d   Thumb Code    16  rtx_thread.o(.emb_text)
    __asm___12_rtx_thread_c_add96be5__atomic_set32 0x1ffc055d   Thumb Code    20  rtx_thread.o(.emb_text)
    __asm___12_rtx_thread_c_add96be5__atomic_clr32 0x1ffc0571   Thumb Code    22  rtx_thread.o(.emb_text)
    __asm___12_rtx_thread_c_add96be5__atomic_chk32_all 0x1ffc0587   Thumb Code    38  rtx_thread.o(.emb_text)
    __asm___12_rtx_thread_c_add96be5__atomic_chk32_any 0x1ffc05ad   Thumb Code    34  rtx_thread.o(.emb_text)
    __asm___12_rtx_thread_c_add96be5__atomic_inc32 0x1ffc05cf   Thumb Code    18  rtx_thread.o(.emb_text)
    __asm___12_rtx_thread_c_add96be5__atomic_inc16_lt 0x1ffc05e1   Thumb Code    30  rtx_thread.o(.emb_text)
    __asm___12_rtx_thread_c_add96be5__atomic_inc16_lim 0x1ffc05ff   Thumb Code    26  rtx_thread.o(.emb_text)
    __asm___12_rtx_thread_c_add96be5__atomic_dec32 0x1ffc0619   Thumb Code    18  rtx_thread.o(.emb_text)
    __asm___12_rtx_thread_c_add96be5__atomic_dec32_nz 0x1ffc062b   Thumb Code    26  rtx_thread.o(.emb_text)
    __asm___12_rtx_thread_c_add96be5__atomic_dec16_nz 0x1ffc0645   Thumb Code    26  rtx_thread.o(.emb_text)
    __asm___12_rtx_thread_c_add96be5__atomic_link_get 0x1ffc065f   Thumb Code    26  rtx_thread.o(.emb_text)
    __asm___12_rtx_thread_c_add96be5__atomic_link_put 0x1ffc0679   Thumb Code    28  rtx_thread.o(.emb_text)
    Reset_Handler                            0x1ffc0695   Thumb Code    12  startup_asm.o(.text)
    NMI_Handler                              0x1ffc06a1   Thumb Code     2  startup_asm.o(.text)
    HardFault_Handler                        0x1ffc06a3   Thumb Code     2  startup_asm.o(.text)
    MemManage_Handler                        0x1ffc06a5   Thumb Code     2  startup_asm.o(.text)
    BusFault_Handler                         0x1ffc06a7   Thumb Code     2  startup_asm.o(.text)
    UsageFault_Handler                       0x1ffc06a9   Thumb Code     2  startup_asm.o(.text)
    DebugMon_Handler                         0x1ffc06ad   Thumb Code     2  startup_asm.o(.text)
    SYS_IRQ_Handler                          0x1ffc06b3   Thumb Code     2  startup_asm.o(.text)
    HW_TIMER3_IRQ_Handler                    0x1ffc06bb   Thumb Code     2  startup_asm.o(.text)
    PWM0_IRQ_Handler                         0x1ffc06bd   Thumb Code     2  startup_asm.o(.text)
    PWM1_IRQ_Handler                         0x1ffc06bf   Thumb Code     2  startup_asm.o(.text)
    PWM2_IRQ_Handler                         0x1ffc06c1   Thumb Code     2  startup_asm.o(.text)
    WDT_IRQ_Handler                          0x1ffc06c3   Thumb Code     2  startup_asm.o(.text)
    SWI0_IRQ_Handler                         0x1ffc06c5   Thumb Code     2  startup_asm.o(.text)
    TDC_IRQ_Handler                          0x1ffc06c7   Thumb Code     2  startup_asm.o(.text)
    DMA020_IRQ_Handler                       0x1ffc06cb   Thumb Code     2  startup_asm.o(.text)
    DMA020_TC_IRQ_Handler                    0x1ffc06cd   Thumb Code     2  startup_asm.o(.text)
    DMA020_ERR_IRQ_Handler                   0x1ffc06cf   Thumb Code     2  startup_asm.o(.text)
    I2C0_IRQ_Handler                         0x1ffc06d1   Thumb Code     2  startup_asm.o(.text)
    I2C1_IRQ_Handler                         0x1ffc06d3   Thumb Code     2  startup_asm.o(.text)
    I2C2_IRQ_Handler                         0x1ffc06d5   Thumb Code     2  startup_asm.o(.text)
    UART0_IRQ_Handler                        0x1ffc06d7   Thumb Code     2  startup_asm.o(.text)
    UART1_IRQ_Handler                        0x1ffc06d9   Thumb Code     2  startup_asm.o(.text)
    SSP0_IRQ_Handler                         0x1ffc06db   Thumb Code     2  startup_asm.o(.text)
    SSP1_IRQ_Handler                         0x1ffc06dd   Thumb Code     2  startup_asm.o(.text)
    SPIF_IRQ_Handler                         0x1ffc06df   Thumb Code     2  startup_asm.o(.text)
    SWI1_IRQ_Handler                         0x1ffc06e1   Thumb Code     2  startup_asm.o(.text)
    SWI2_IRQ_Handler                         0x1ffc06e3   Thumb Code     2  startup_asm.o(.text)
    SWI3_IRQ_Handler                         0x1ffc06e5   Thumb Code     2  startup_asm.o(.text)
    DMA030_IRQ_Handler                       0x1ffc06e7   Thumb Code     2  startup_asm.o(.text)
    DMA030_TC_IRQ_Handler                    0x1ffc06e9   Thumb Code     2  startup_asm.o(.text)
    DMA030_ERR_IRQ_Handler                   0x1ffc06eb   Thumb Code     2  startup_asm.o(.text)
    CSI_RX0_IRQ_Handler                      0x1ffc06ed   Thumb Code     2  startup_asm.o(.text)
    D2A0_IRQ_Handler                         0x1ffc06ef   Thumb Code     2  startup_asm.o(.text)
    CSI_RX1_IRQ_Handler                      0x1ffc06f1   Thumb Code     2  startup_asm.o(.text)
    D2A1_IRQ_Handler                         0x1ffc06f3   Thumb Code     2  startup_asm.o(.text)
    SGI_IRQ_Handler                          0x1ffc06f5   Thumb Code     2  startup_asm.o(.text)
    SWI4_IRQ_Handler                         0x1ffc06f7   Thumb Code     2  startup_asm.o(.text)
    SWI5_IRQ_Handler                         0x1ffc06f9   Thumb Code     2  startup_asm.o(.text)
    SWI6_IRQ_Handler                         0x1ffc06fb   Thumb Code     2  startup_asm.o(.text)
    SWI7_IRQ_Handler                         0x1ffc06fd   Thumb Code     2  startup_asm.o(.text)
    SWI8_IRQ_Handler                         0x1ffc06ff   Thumb Code     2  startup_asm.o(.text)
    SWI9_IRQ_Handler                         0x1ffc0701   Thumb Code     2  startup_asm.o(.text)
    SWI10_IRQ_Handler                        0x1ffc0703   Thumb Code     2  startup_asm.o(.text)
    DDR_IRQ_Handler                          0x1ffc0705   Thumb Code     2  startup_asm.o(.text)
    AXIIC_IRQ_Handler                        0x1ffc0707   Thumb Code     2  startup_asm.o(.text)
    H2X0_IRQ_Handler                         0x1ffc0709   Thumb Code     2  startup_asm.o(.text)
    H2X1_IRQ_Handler                         0x1ffc070b   Thumb Code     2  startup_asm.o(.text)
    H2X2_IRQ_Handler                         0x1ffc070d   Thumb Code     2  startup_asm.o(.text)
    USB2_IRQ_Handler                         0x1ffc070f   Thumb Code     2  startup_asm.o(.text)
    USB3_IRQ_Handler                         0x1ffc0711   Thumb Code     2  startup_asm.o(.text)
    SDC0_IRQ_Handler                         0x1ffc0713   Thumb Code     2  startup_asm.o(.text)
    SDC1_IRQ_Handler                         0x1ffc0715   Thumb Code     2  startup_asm.o(.text)
    LCDC_IRQ_Handler                         0x1ffc0717   Thumb Code     2  startup_asm.o(.text)
    LCDC_MERR_IRQ_Handler                    0x1ffc0719   Thumb Code     2  startup_asm.o(.text)
    LCDC_FIFO_IRQ_Handler                    0x1ffc071b   Thumb Code     2  startup_asm.o(.text)
    LCDC_BAUPD_IRQ_Handler                   0x1ffc071d   Thumb Code     2  startup_asm.o(.text)
    LCDC_VSTATUS_IRQ_Handler                 0x1ffc071f   Thumb Code     2  startup_asm.o(.text)
    CRYPTO_IRQ_Handler                       0x1ffc0721   Thumb Code     2  startup_asm.o(.text)
    NPU0_IRQ_Handler                         0x1ffc0723   Thumb Code     2  startup_asm.o(.text)
    NPU1_IRQ_Handler                         0x1ffc0725   Thumb Code     2  startup_asm.o(.text)
    NPU2_IRQ_Handler                         0x1ffc0727   Thumb Code     2  startup_asm.o(.text)
    NPU3_IRQ_Handler                         0x1ffc0729   Thumb Code     2  startup_asm.o(.text)
    NPU4_IRQ_Handler                         0x1ffc072b   Thumb Code     2  startup_asm.o(.text)
    NPU5_IRQ_Handler                         0x1ffc072d   Thumb Code     2  startup_asm.o(.text)
    NPU6_IRQ_Handler                         0x1ffc072f   Thumb Code     2  startup_asm.o(.text)
    NPU7_IRQ_Handler                         0x1ffc0731   Thumb Code     2  startup_asm.o(.text)
    SVC_Handler                              0x1ffc0741   Thumb Code   152  irq_cm4f.o(.text)
    PendSV_Handler                           0x1ffc07d9   Thumb Code    16  irq_cm4f.o(.text)
    SysTick_Handler                          0x1ffc07e9   Thumb Code    16  irq_cm4f.o(.text)
    __aeabi_memcpy                           0x1ffc0805   Thumb Code    36  memcpya.o(.text)
    __aeabi_memcpy4                          0x1ffc0805   Thumb Code     0  memcpya.o(.text)
    __aeabi_memcpy8                          0x1ffc0805   Thumb Code     0  memcpya.o(.text)
    __aeabi_memset                           0x1ffc0829   Thumb Code    14  memseta.o(.text)
    __aeabi_memset4                          0x1ffc0829   Thumb Code     0  memseta.o(.text)
    __aeabi_memset8                          0x1ffc0829   Thumb Code     0  memseta.o(.text)
    __aeabi_memclr                           0x1ffc0837   Thumb Code     4  memseta.o(.text)
    __aeabi_memclr4                          0x1ffc0837   Thumb Code     0  memseta.o(.text)
    __aeabi_memclr8                          0x1ffc0837   Thumb Code     0  memseta.o(.text)
    _memset$wrapper                          0x1ffc083b   Thumb Code    18  memseta.o(.text)
    strlen                                   0x1ffc084d   Thumb Code    14  strlen.o(.text)
    __aeabi_f2d                              0x1ffc085b   Thumb Code    38  f2d.o(.text)
    __aeabi_uidiv                            0x1ffc0881   Thumb Code     0  uidiv.o(.text)
    __aeabi_uidivmod                         0x1ffc0881   Thumb Code    44  uidiv.o(.text)
    __aeabi_uldivmod                         0x1ffc08ad   Thumb Code    98  uldiv.o(.text)
    __I$use$fp                               0x1ffc090f   Thumb Code     0  iusefp.o(.text)
    __aeabi_dadd                             0x1ffc090f   Thumb Code   322  dadd.o(.text)
    __aeabi_dsub                             0x1ffc0a51   Thumb Code     6  dadd.o(.text)
    __aeabi_drsub                            0x1ffc0a57   Thumb Code     6  dadd.o(.text)
    __aeabi_dmul                             0x1ffc0a5d   Thumb Code   228  dmul.o(.text)
    __aeabi_ddiv                             0x1ffc0b41   Thumb Code   222  ddiv.o(.text)
    __aeabi_d2ulz                            0x1ffc0c1f   Thumb Code    48  dfixul.o(.text)
    __aeabi_cdrcmple                         0x1ffc0c51   Thumb Code    48  cdrcmple.o(.text)
    __scatterload                            0x1ffc0c81   Thumb Code    28  init.o(.text)
    __scatterload_rt2                        0x1ffc0c81   Thumb Code     0  init.o(.text)
    __aeabi_llsl                             0x1ffc0ca5   Thumb Code    30  llshl.o(.text)
    _ll_shift_l                              0x1ffc0ca5   Thumb Code     0  llshl.o(.text)
    __aeabi_llsr                             0x1ffc0cc3   Thumb Code    32  llushr.o(.text)
    _ll_ushift_r                             0x1ffc0cc3   Thumb Code     0  llushr.o(.text)
    __aeabi_lasr                             0x1ffc0ce3   Thumb Code    36  llsshr.o(.text)
    _ll_sshift_r                             0x1ffc0ce3   Thumb Code     0  llsshr.o(.text)
    _double_round                            0x1ffc0d07   Thumb Code    30  depilogue.o(.text)
    _double_epilogue                         0x1ffc0d25   Thumb Code   156  depilogue.o(.text)
    __decompress                             0x1ffc0dc1   Thumb Code     0  __dczerorl2.o(.text)
    __decompress1                            0x1ffc0dc1   Thumb Code    86  __dczerorl2.o(.text)
    EvrRtxDelayCompleted                     0x1ffc0e17   Thumb Code     2  rtx_evr.o(i.EvrRtxDelayCompleted)
    EvrRtxEventFlagsWaitTimeout              0x1ffc0e19   Thumb Code     2  rtx_evr.o(i.EvrRtxEventFlagsWaitTimeout)
    EvrRtxKernelError                        0x1ffc0e1b   Thumb Code     2  rtx_evr.o(i.EvrRtxKernelError)
    EvrRtxKernelGetState                     0x1ffc0e1d   Thumb Code     2  rtx_evr.o(i.EvrRtxKernelGetState)
    EvrRtxKernelGetTickCount                 0x1ffc0e1f   Thumb Code     2  rtx_evr.o(i.EvrRtxKernelGetTickCount)
    EvrRtxKernelGetTickFreq                  0x1ffc0e21   Thumb Code     2  rtx_evr.o(i.EvrRtxKernelGetTickFreq)
    EvrRtxKernelInitialize                   0x1ffc0e23   Thumb Code     2  rtx_evr.o(i.EvrRtxKernelInitialize)
    EvrRtxKernelInitialized                  0x1ffc0e25   Thumb Code     2  rtx_evr.o(i.EvrRtxKernelInitialized)
    EvrRtxKernelStart                        0x1ffc0e27   Thumb Code     2  rtx_evr.o(i.EvrRtxKernelStart)
    EvrRtxKernelStarted                      0x1ffc0e29   Thumb Code     2  rtx_evr.o(i.EvrRtxKernelStarted)
    EvrRtxMemoryAlloc                        0x1ffc0e2b   Thumb Code     2  rtx_evr.o(i.EvrRtxMemoryAlloc)
    EvrRtxMemoryBlockAlloc                   0x1ffc0e2d   Thumb Code     2  rtx_evr.o(i.EvrRtxMemoryBlockAlloc)
    EvrRtxMemoryBlockFree                    0x1ffc0e2f   Thumb Code     2  rtx_evr.o(i.EvrRtxMemoryBlockFree)
    EvrRtxMemoryBlockInit                    0x1ffc0e31   Thumb Code     2  rtx_evr.o(i.EvrRtxMemoryBlockInit)
    EvrRtxMemoryFree                         0x1ffc0e33   Thumb Code     2  rtx_evr.o(i.EvrRtxMemoryFree)
    EvrRtxMemoryInit                         0x1ffc0e35   Thumb Code     2  rtx_evr.o(i.EvrRtxMemoryInit)
    EvrRtxMemoryPoolAllocTimeout             0x1ffc0e37   Thumb Code     2  rtx_evr.o(i.EvrRtxMemoryPoolAllocTimeout)
    EvrRtxMessageQueueCreated                0x1ffc0e39   Thumb Code     2  rtx_evr.o(i.EvrRtxMessageQueueCreated)
    EvrRtxMessageQueueError                  0x1ffc0e3b   Thumb Code     2  rtx_evr.o(i.EvrRtxMessageQueueError)
    EvrRtxMessageQueueGet                    0x1ffc0e3d   Thumb Code     2  rtx_evr.o(i.EvrRtxMessageQueueGet)
    EvrRtxMessageQueueGetPending             0x1ffc0e3f   Thumb Code     2  rtx_evr.o(i.EvrRtxMessageQueueGetPending)
    EvrRtxMessageQueueGetTimeout             0x1ffc0e41   Thumb Code     2  rtx_evr.o(i.EvrRtxMessageQueueGetTimeout)
    EvrRtxMessageQueueInsertPending          0x1ffc0e43   Thumb Code     2  rtx_evr.o(i.EvrRtxMessageQueueInsertPending)
    EvrRtxMessageQueueInserted               0x1ffc0e45   Thumb Code     2  rtx_evr.o(i.EvrRtxMessageQueueInserted)
    EvrRtxMessageQueueNew                    0x1ffc0e47   Thumb Code     2  rtx_evr.o(i.EvrRtxMessageQueueNew)
    EvrRtxMessageQueueNotInserted            0x1ffc0e49   Thumb Code     2  rtx_evr.o(i.EvrRtxMessageQueueNotInserted)
    EvrRtxMessageQueueNotRetrieved           0x1ffc0e4b   Thumb Code     2  rtx_evr.o(i.EvrRtxMessageQueueNotRetrieved)
    EvrRtxMessageQueuePut                    0x1ffc0e4d   Thumb Code     2  rtx_evr.o(i.EvrRtxMessageQueuePut)
    EvrRtxMessageQueuePutPending             0x1ffc0e4f   Thumb Code     2  rtx_evr.o(i.EvrRtxMessageQueuePutPending)
    EvrRtxMessageQueuePutTimeout             0x1ffc0e51   Thumb Code     2  rtx_evr.o(i.EvrRtxMessageQueuePutTimeout)
    EvrRtxMessageQueueRetrieved              0x1ffc0e53   Thumb Code     2  rtx_evr.o(i.EvrRtxMessageQueueRetrieved)
    EvrRtxMutexAcquire                       0x1ffc0e55   Thumb Code     2  rtx_evr.o(i.EvrRtxMutexAcquire)
    EvrRtxMutexAcquirePending                0x1ffc0e57   Thumb Code     2  rtx_evr.o(i.EvrRtxMutexAcquirePending)
    EvrRtxMutexAcquireTimeout                0x1ffc0e59   Thumb Code     2  rtx_evr.o(i.EvrRtxMutexAcquireTimeout)
    EvrRtxMutexAcquired                      0x1ffc0e5b   Thumb Code     2  rtx_evr.o(i.EvrRtxMutexAcquired)
    EvrRtxMutexError                         0x1ffc0e5d   Thumb Code     2  rtx_evr.o(i.EvrRtxMutexError)
    EvrRtxMutexNotAcquired                   0x1ffc0e5f   Thumb Code     2  rtx_evr.o(i.EvrRtxMutexNotAcquired)
    EvrRtxMutexRelease                       0x1ffc0e61   Thumb Code     2  rtx_evr.o(i.EvrRtxMutexRelease)
    EvrRtxMutexReleased                      0x1ffc0e63   Thumb Code     2  rtx_evr.o(i.EvrRtxMutexReleased)
    EvrRtxSemaphoreAcquireTimeout            0x1ffc0e65   Thumb Code     2  rtx_evr.o(i.EvrRtxSemaphoreAcquireTimeout)
    EvrRtxThreadBlocked                      0x1ffc0e67   Thumb Code     2  rtx_evr.o(i.EvrRtxThreadBlocked)
    EvrRtxThreadCreated                      0x1ffc0e69   Thumb Code     2  rtx_evr.o(i.EvrRtxThreadCreated)
    EvrRtxThreadDestroyed                    0x1ffc0e6b   Thumb Code     2  rtx_evr.o(i.EvrRtxThreadDestroyed)
    EvrRtxThreadError                        0x1ffc0e6d   Thumb Code     2  rtx_evr.o(i.EvrRtxThreadError)
    EvrRtxThreadExit                         0x1ffc0e6f   Thumb Code     2  rtx_evr.o(i.EvrRtxThreadExit)
    EvrRtxThreadFlagsError                   0x1ffc0e71   Thumb Code     2  rtx_evr.o(i.EvrRtxThreadFlagsError)
    EvrRtxThreadFlagsSet                     0x1ffc0e73   Thumb Code     2  rtx_evr.o(i.EvrRtxThreadFlagsSet)
    EvrRtxThreadFlagsSetDone                 0x1ffc0e75   Thumb Code     2  rtx_evr.o(i.EvrRtxThreadFlagsSetDone)
    EvrRtxThreadFlagsWaitCompleted           0x1ffc0e77   Thumb Code     2  rtx_evr.o(i.EvrRtxThreadFlagsWaitCompleted)
    EvrRtxThreadFlagsWaitTimeout             0x1ffc0e79   Thumb Code     2  rtx_evr.o(i.EvrRtxThreadFlagsWaitTimeout)
    EvrRtxThreadJoined                       0x1ffc0e7b   Thumb Code     2  rtx_evr.o(i.EvrRtxThreadJoined)
    EvrRtxThreadPreempted                    0x1ffc0e7d   Thumb Code     2  rtx_evr.o(i.EvrRtxThreadPreempted)
    EvrRtxThreadSwitched                     0x1ffc0e7f   Thumb Code     2  rtx_evr.o(i.EvrRtxThreadSwitched)
    EvrRtxThreadUnblocked                    0x1ffc0e81   Thumb Code     2  rtx_evr.o(i.EvrRtxThreadUnblocked)
    EvrRtxTimerCallback                      0x1ffc0e83   Thumb Code     2  rtx_evr.o(i.EvrRtxTimerCallback)
    GPIO_IRQ_Handler                         0x1ffc0e85   Thumb Code    54  kdrv_gpio.o(i.GPIO_IRQ_Handler)
    HW_TIMER0_IRQ_Handler                    0x1ffc0ec5   Thumb Code     6  kdrv_timer.o(i.HW_TIMER0_IRQ_Handler)
    HW_TIMER1_IRQ_Handler                    0x1ffc0ecb   Thumb Code     6  kdrv_timer.o(i.HW_TIMER1_IRQ_Handler)
    HW_TIMER2_IRQ_Handler                    0x1ffc0ed1   Thumb Code     8  kdrv_timer.o(i.HW_TIMER2_IRQ_Handler)
    OS_Tick_AcknowledgeIRQ                   0x1ffc0f1f   Thumb Code     8  os_systick.o(i.OS_Tick_AcknowledgeIRQ)
    OS_Tick_Enable                           0x1ffc0f29   Thumb Code    32  os_systick.o(i.OS_Tick_Enable)
    OS_Tick_GetIRQn                          0x1ffc0f51   Thumb Code     6  os_systick.o(i.OS_Tick_GetIRQn)
    OS_Tick_Setup                            0x1ffc0f59   Thumb Code    50  os_systick.o(i.OS_Tick_Setup)
    StartupInit                              0x1ffc0f99   Thumb Code    24  startup.o(i.StartupInit)
    SystemCoreClockUpdate                    0x1ffc0fc5   Thumb Code     8  startup.o(i.SystemCoreClockUpdate)
    UART0_ISR                                0x1ffc0fd5   Thumb Code     6  kdrv_uart.o(i.UART0_ISR)
    UART1_ISR                                0x1ffc0fdb   Thumb Code     6  kdrv_uart.o(i.UART1_ISR)
    UART_ISR                                 0x1ffc0fe1   Thumb Code   216  kdrv_uart.o(i.UART_ISR)
    __0printf                                0x1ffc1265   Thumb Code    22  printfa.o(i.__0printf)
    __1printf                                0x1ffc1265   Thumb Code     0  printfa.o(i.__0printf)
    __2printf                                0x1ffc1265   Thumb Code     0  printfa.o(i.__0printf)
    __c89printf                              0x1ffc1265   Thumb Code     0  printfa.o(i.__0printf)
    printf                                   0x1ffc1265   Thumb Code     0  printfa.o(i.__0printf)
    __0sprintf                               0x1ffc1285   Thumb Code    34  printfa.o(i.__0sprintf)
    __1sprintf                               0x1ffc1285   Thumb Code     0  printfa.o(i.__0sprintf)
    __2sprintf                               0x1ffc1285   Thumb Code     0  printfa.o(i.__0sprintf)
    __c89sprintf                             0x1ffc1285   Thumb Code     0  printfa.o(i.__0sprintf)
    sprintf                                  0x1ffc1285   Thumb Code     0  printfa.o(i.__0sprintf)
    __0vsnprintf                             0x1ffc12ad   Thumb Code    46  printfa.o(i.__0vsnprintf)
    __1vsnprintf                             0x1ffc12ad   Thumb Code     0  printfa.o(i.__0vsnprintf)
    __2vsnprintf                             0x1ffc12ad   Thumb Code     0  printfa.o(i.__0vsnprintf)
    __c89vsnprintf                           0x1ffc12ad   Thumb Code     0  printfa.o(i.__0vsnprintf)
    vsnprintf                                0x1ffc12ad   Thumb Code     0  printfa.o(i.__0vsnprintf)
    __scatterload_copy                       0x1ffc12e1   Thumb Code    14  handlers.o(i.__scatterload_copy)
    __scatterload_null                       0x1ffc12ef   Thumb Code     2  handlers.o(i.__scatterload_null)
    __scatterload_zeroinit                   0x1ffc12f1   Thumb Code    14  handlers.o(i.__scatterload_zeroinit)
    drv_initialize                           0x1ffc1bad   Thumb Code    34  driver_init.o(i.drv_initialize)
    fputc                                    0x1ffc1bd9   Thumb Code    46  kdrv_uart.o(i.fputc)
    gpio_selftest                            0x1ffc1c65   Thumb Code     4  ex_gpio_test.o(i.gpio_selftest)
    gpio_selftest_execute                    0x1ffc1c69   Thumb Code  1438  ex_gpio_test.o(i.gpio_selftest_execute)
    gpio_selftest_init                       0x1ffc2285   Thumb Code   206  ex_gpio_test.o(i.gpio_selftest_init)
    kdrv_delay_us                            0x1ffc240d   Thumb Code    62  kdrv_clock.o(i.kdrv_delay_us)
    kdrv_gpio_initialize                     0x1ffc2455   Thumb Code   196  kdrv_gpio.o(i.kdrv_gpio_initialize)
    kdrv_gpio_read_pin                       0x1ffc251d   Thumb Code    22  kdrv_gpio.o(i.kdrv_gpio_read_pin)
    kdrv_gpio_register_callback              0x1ffc2539   Thumb Code    10  kdrv_gpio.o(i.kdrv_gpio_register_callback)
    kdrv_gpio_set_attribute                  0x1ffc2549   Thumb Code   136  kdrv_gpio.o(i.kdrv_gpio_set_attribute)
    kdrv_gpio_set_debounce                   0x1ffc25d5   Thumb Code    34  kdrv_gpio.o(i.kdrv_gpio_set_debounce)
    kdrv_gpio_set_interrupt                  0x1ffc2601   Thumb Code    42  kdrv_gpio.o(i.kdrv_gpio_set_interrupt)
    kdrv_gpio_write_pin                      0x1ffc2631   Thumb Code    20  kdrv_gpio.o(i.kdrv_gpio_write_pin)
    kdrv_ncpu_set_scpu_debug_lvl             0x1ffc2649   Thumb Code     2  kmdw_console.o(i.kdrv_ncpu_set_scpu_debug_lvl)
    kdrv_pinmux_config                       0x1ffc264d   Thumb Code    60  kdrv_pinmux.o(i.kdrv_pinmux_config)
    kdrv_pinmux_initialize                   0x1ffc268d   Thumb Code    72  kdrv_pinmux.o(i.kdrv_pinmux_initialize)
    kdrv_timer_irqhandler                    0x1ffc26dd   Thumb Code   556  kdrv_timer.o(i.kdrv_timer_irqhandler)
    kdrv_uart_configure                      0x1ffc2915   Thumb Code   536  kdrv_uart.o(i.kdrv_uart_configure)
    kdrv_uart_console_init                   0x1ffc2b31   Thumb Code    90  kdrv_uart.o(i.kdrv_uart_console_init)
    kdrv_uart_initialize                     0x1ffc2b95   Thumb Code    24  kdrv_uart.o(i.kdrv_uart_initialize)
    kdrv_uart_open                           0x1ffc2bb5   Thumb Code   264  kdrv_uart.o(i.kdrv_uart_open)
    kdrv_uart_write                          0x1ffc2cd1   Thumb Code   268  kdrv_uart.o(i.kdrv_uart_write)
    kmdw_console_set_log_level_scpu          0x1ffc2de5   Thumb Code    18  kmdw_console.o(i.kmdw_console_set_log_level_scpu)
    kmdw_level_printf                        0x1ffc2dfd   Thumb Code   348  kmdw_console.o(i.kmdw_level_printf)
    main                                     0x1ffc2f6d   Thumb Code    40  ex_gpio_main.o(i.main)
    malloc                                   0x1ffc2f95   Thumb Code    92  malloc.o(i.malloc)
    osKernelGetState                         0x1ffc3001   Thumb Code    52  rtx_kernel.o(i.osKernelGetState)
    osKernelGetTickCount                     0x1ffc303d   Thumb Code    40  rtx_kernel.o(i.osKernelGetTickCount)
    osKernelGetTickFreq                      0x1ffc306d   Thumb Code    40  rtx_kernel.o(i.osKernelGetTickFreq)
    osKernelInitialize                       0x1ffc309d   Thumb Code    50  rtx_kernel.o(i.osKernelInitialize)
    osKernelStart                            0x1ffc30d5   Thumb Code    46  rtx_kernel.o(i.osKernelStart)
    osMessageQueueGet                        0x1ffc3109   Thumb Code   186  rtx_msgqueue.o(i.osMessageQueueGet)
    osMessageQueueNew                        0x1ffc31c9   Thumb Code    58  rtx_msgqueue.o(i.osMessageQueueNew)
    osMessageQueuePut                        0x1ffc3209   Thumb Code   162  rtx_msgqueue.o(i.osMessageQueuePut)
    osMutexAcquire                           0x1ffc32b1   Thumb Code    56  rtx_mutex.o(i.osMutexAcquire)
    osMutexRelease                           0x1ffc32ed   Thumb Code    52  rtx_mutex.o(i.osMutexRelease)
    osRtxErrorNotify                         0x1ffc3325   Thumb Code    28  rtx_config.o(i.osRtxErrorNotify)
    osRtxIdleThread                          0x1ffc3395   Thumb Code     2  rtx_config.o(i.osRtxIdleThread)
    osRtxKernelPreInit                       0x1ffc3397   Thumb Code     2  rtx_kernel.o(i.osRtxKernelPreInit)
    osRtxMemoryAlloc                         0x1ffc3399   Thumb Code   140  rtx_memory.o(i.osRtxMemoryAlloc)
    osRtxMemoryFree                          0x1ffc3425   Thumb Code    86  rtx_memory.o(i.osRtxMemoryFree)
    osRtxMemoryInit                          0x1ffc347b   Thumb Code    68  rtx_memory.o(i.osRtxMemoryInit)
    osRtxMemoryPoolAlloc                     0x1ffc34bf   Thumb Code    48  rtx_mempool.o(i.osRtxMemoryPoolAlloc)
    osRtxMemoryPoolFree                      0x1ffc34ef   Thumb Code    64  rtx_mempool.o(i.osRtxMemoryPoolFree)
    osRtxMemoryPoolInit                      0x1ffc352f   Thumb Code   110  rtx_mempool.o(i.osRtxMemoryPoolInit)
    osRtxMutexOwnerRelease                   0x1ffc369f   Thumb Code    96  rtx_mutex.o(i.osRtxMutexOwnerRelease)
    osRtxPendSV_Handler                      0x1ffc3701   Thumb Code    94  rtx_system.o(i.osRtxPendSV_Handler)
    osRtxPostProcess                         0x1ffc3765   Thumb Code    74  rtx_system.o(i.osRtxPostProcess)
    osRtxThreadDelayTick                     0x1ffc3819   Thumb Code   320  rtx_thread.o(i.osRtxThreadDelayTick)
    osRtxThreadDispatch                      0x1ffc395d   Thumb Code   228  rtx_thread.o(i.osRtxThreadDispatch)
    osRtxThreadListGet                       0x1ffc3a9d   Thumb Code    22  rtx_thread.o(i.osRtxThreadListGet)
    osRtxThreadListPut                       0x1ffc3ab3   Thumb Code    34  rtx_thread.o(i.osRtxThreadListPut)
    osRtxThreadListRemove                    0x1ffc3ad5   Thumb Code    28  rtx_thread.o(i.osRtxThreadListRemove)
    osRtxThreadListSort                      0x1ffc3af1   Thumb Code    74  rtx_thread.o(i.osRtxThreadListSort)
    osRtxThreadReadyPut                      0x1ffc3ba5   Thumb Code    40  rtx_thread.o(i.osRtxThreadReadyPut)
    osRtxThreadRegPtr                        0x1ffc3bd1   Thumb Code    20  rtx_thread.o(i.osRtxThreadRegPtr)
    osRtxThreadStackCheck                    0x1ffc3be5   Thumb Code    34  rtx_thread.o(i.osRtxThreadStackCheck)
    osRtxThreadStartup                       0x1ffc3c11   Thumb Code    46  rtx_thread.o(i.osRtxThreadStartup)
    osRtxThreadSwitch                        0x1ffc3c51   Thumb Code    26  rtx_thread.o(i.osRtxThreadSwitch)
    osRtxThreadWaitEnter                     0x1ffc3c71   Thumb Code   166  rtx_thread.o(i.osRtxThreadWaitEnter)
    osRtxThreadWaitExit                      0x1ffc3d1d   Thumb Code    92  rtx_thread.o(i.osRtxThreadWaitExit)
    osRtxTick_Handler                        0x1ffc3d7d   Thumb Code   128  rtx_system.o(i.osRtxTick_Handler)
    osRtxTimerThread                         0x1ffc3e01   Thumb Code    58  rtx_timer.o(i.osRtxTimerThread)
    osThreadExit                             0x1ffc3ed5   Thumb Code    22  rtx_thread.o(i.osThreadExit)
    osThreadFlagsSet                         0x1ffc3ef1   Thumb Code   122  rtx_thread.o(i.osThreadFlagsSet)
    sys_initialize                           0x1ffc4a89   Thumb Code     2  system_init.o(i.sys_initialize)
    osRtxUserSVC                             0x1ffc4b28   Data           4  rtx_lib.o(.constdata)
    osRtxConfig                              0x1ffc4d0c   Data         104  rtx_lib.o(.rodata)
    os_cb_sections                           0x1ffc4d74   Data          56  rtx_lib.o(.rodata)
    Region$$Table$$Base                      0x1ffc4dac   Number         0  anon$$obj.o(Region$$Table)
    Region$$Table$$Limit                     0x1ffc4dcc   Number         0  anon$$obj.o(Region$$Table)
    .bss.os.msgqueue.cb$$Base                0x1ffe2040   Number         0  rtx_lib.o(.bss.os.msgqueue.cb)
    .bss.os.msgqueue.cb$$Limit               0x1ffe2074   Number         0  rtx_lib.o(.bss.os.msgqueue.cb)
    .bss.os.thread.cb$$Base                  0x1ffe20c4   Number         0  rtx_lib.o(.bss.os.thread.cb)
    .bss.os.thread.cb$$Limit                 0x1ffe2548   Number         0  rtx_lib.o(.bss.os.thread.cb)
    gpio_attr_ctx                            0x1ffe28b8   Data          80  driver_init.o(.data)
    startleveltrigger                        0x1ffe2908   Data           4  ex_gpio_test.o(.data)
    gpio_self_test_cnt                       0x1ffe290c   Data           4  ex_gpio_test.o(.data)
    scpu_debug_flags                         0x1ffe2910   Data           4  kmdw_console.o(.data)
    logger_tid                               0x1ffe2914   Data           4  kmdw_console.o(.data)
    logger_mutex_id                          0x1ffe2918   Data           4  kmdw_console.o(.data)
    _print_callback                          0x1ffe2920   Data           4  kmdw_console.o(.data)
    gUartIRQTbl                              0x1ffe2925   Data           2  kdrv_uart.o(.data)
    gUartISRs                                0x1ffe292c   Data           8  kdrv_uart.o(.data)
    gUartClk                                 0x1ffe2934   Data           8  kdrv_uart.o(.data)
    uart_baud_rate_map                       0x1ffe2944   Data          44  kdrv_uart.o(.data)
    perftimerid                              0x1ffe2970   Data           4  kdrv_timer.o(.data)
    timer_inited                             0x1ffe2974   Data           4  kdrv_timer.o(.data)
    timer_used_mask                          0x1ffe2978   Data           4  kdrv_timer.o(.data)
    timer_wakeup                             0x1ffe297c   Data           4  kdrv_timer.o(.data)
    SystemCoreClock                          0x1ffe2988   Data           4  startup.o(.data)
    __stdout                                 0x1ffe2990   Data           4  stdout.o(.data)
    __microlib_freelist                      0x1ffe2994   Data           4  mvars.o(.data)
    __microlib_freelist_initialised          0x1ffe2998   Data           4  mvars.o(.data)
    osRtxInfo                                0x1ffe299c   Data         164  rtx_kernel.o(.data.os)
    logger_mgt                               0x1ffe2a58   Data          12  kmdw_console.o(.bss)
    timer                                    0x1ffe2a70   Data         108  kdrv_timer.o(.bss)
    __heap_base                              0x1ffe2ae0   Data           0  startup_asm.o(HEAP)
    __heap_limit                             0x1ffe3ae0   Data           0  startup_asm.o(HEAP)
    __stack_limit                            0x1ffe3ae0   Data           0  startup_asm.o(STACK)
    __initial_sp                             0x1ffe4ae0   Data           0  startup_asm.o(STACK)



==============================================================================

Memory Map of the image

  Image Entry point : 0x1ffc015d

  Load Region SCPU (Base: 0x1ffc0000, Size: 0x00007824, Max: 0x0001fffc, ABSOLUTE, COMPRESSED[0x00004eac])

    Execution Region SCPU_STARTUP (Exec base: 0x1ffc0000, Load base: 0x1ffc0000, Size: 0x00000140, Max: 0xffffffff, ABSOLUTE)

    Exec Addr    Load Addr    Size         Type   Attr      Idx    E Section Name        Object

    0x1ffc0000   0x1ffc0000   0x00000140   Data   RO          968    VECTOR_TABLE        startup_asm.o


    Execution Region SCPU_HEADER (Exec base: 0x1ffc0140, Load base: 0x1ffc0140, Size: 0x0000001c, Max: 0xffffffff, ABSOLUTE, FIXED)

    Exec Addr    Load Addr    Size         Type   Attr      Idx    E Section Name        Object

    0x1ffc0140   0x1ffc0140   0x0000001c   Data   RO          969    IMAGE_HEADER        startup_asm.o


    Execution Region SCPU_RO (Exec base: 0x1ffc015c, Load base: 0x1ffc015c, Size: 0x00004c70, Max: 0xffffffff, ABSOLUTE)

    Exec Addr    Load Addr    Size         Type   Attr      Idx    E Section Name        Object

    0x1ffc015c   0x1ffc015c   0x00000000   Code   RO         3592  * .ARM.Collect$$$$00000000  mc_w.l(entry.o)
    0x1ffc015c   0x1ffc015c   0x00000004   Code   RO         3894    .ARM.Collect$$$$00000001  mc_w.l(entry2.o)
    0x1ffc0160   0x1ffc0160   0x00000004   Code   RO         3897    .ARM.Collect$$$$00000004  mc_w.l(entry5.o)
    0x1ffc0164   0x1ffc0164   0x00000000   Code   RO         3899    .ARM.Collect$$$$00000008  mc_w.l(entry7b.o)
    0x1ffc0164   0x1ffc0164   0x00000000   Code   RO         3901    .ARM.Collect$$$$0000000A  mc_w.l(entry8b.o)
    0x1ffc0164   0x1ffc0164   0x00000008   Code   RO         3902    .ARM.Collect$$$$0000000B  mc_w.l(entry9a.o)
    0x1ffc016c   0x1ffc016c   0x00000004   Code   RO         3909    .ARM.Collect$$$$0000000E  mc_w.l(entry12b.o)
    0x1ffc0170   0x1ffc0170   0x00000000   Code   RO         3904    .ARM.Collect$$$$0000000F  mc_w.l(entry10a.o)
    0x1ffc0170   0x1ffc0170   0x00000000   Code   RO         3906    .ARM.Collect$$$$00000011  mc_w.l(entry11a.o)
    0x1ffc0170   0x1ffc0170   0x00000004   Code   RO         3895    .ARM.Collect$$$$00002712  mc_w.l(entry2.o)
    0x1ffc0174   0x1ffc0174   0x00000148   Code   RO         2635    .emb_text           rtx_mempool.o
    0x1ffc02bc   0x1ffc02bc   0x00000148   Code   RO         2777    .emb_text           rtx_msgqueue.o
    0x1ffc0404   0x1ffc0404   0x00000148   Code   RO         3109    .emb_text           rtx_system.o
    0x1ffc054c   0x1ffc054c   0x00000148   Code   RO         3149    .emb_text           rtx_thread.o
    0x1ffc0694   0x1ffc0694   0x000000ac   Code   RO          970    .text               startup_asm.o
    0x1ffc0740   0x1ffc0740   0x000000c4   Code   RO         1015    .text               irq_cm4f.o
    0x1ffc0804   0x1ffc0804   0x00000024   Code   RO         3595    .text               mc_w.l(memcpya.o)
    0x1ffc0828   0x1ffc0828   0x00000024   Code   RO         3597    .text               mc_w.l(memseta.o)
    0x1ffc084c   0x1ffc084c   0x0000000e   Code   RO         3599    .text               mc_w.l(strlen.o)
    0x1ffc085a   0x1ffc085a   0x00000026   Code   RO         3892    .text               mf_w.l(f2d.o)
    0x1ffc0880   0x1ffc0880   0x0000002c   Code   RO         3911    .text               mc_w.l(uidiv.o)
    0x1ffc08ac   0x1ffc08ac   0x00000062   Code   RO         3913    .text               mc_w.l(uldiv.o)
    0x1ffc090e   0x1ffc090e   0x00000000   Code   RO         3917    .text               mc_w.l(iusefp.o)
    0x1ffc090e   0x1ffc090e   0x0000014e   Code   RO         3918    .text               mf_w.l(dadd.o)
    0x1ffc0a5c   0x1ffc0a5c   0x000000e4   Code   RO         3920    .text               mf_w.l(dmul.o)
    0x1ffc0b40   0x1ffc0b40   0x000000de   Code   RO         3922    .text               mf_w.l(ddiv.o)
    0x1ffc0c1e   0x1ffc0c1e   0x00000030   Code   RO         3924    .text               mf_w.l(dfixul.o)
    0x1ffc0c4e   0x1ffc0c4e   0x00000002   PAD
    0x1ffc0c50   0x1ffc0c50   0x00000030   Code   RO         3926    .text               mf_w.l(cdrcmple.o)
    0x1ffc0c80   0x1ffc0c80   0x00000024   Code   RO         3928    .text               mc_w.l(init.o)
    0x1ffc0ca4   0x1ffc0ca4   0x0000001e   Code   RO         3930    .text               mc_w.l(llshl.o)
    0x1ffc0cc2   0x1ffc0cc2   0x00000020   Code   RO         3932    .text               mc_w.l(llushr.o)
    0x1ffc0ce2   0x1ffc0ce2   0x00000024   Code   RO         3934    .text               mc_w.l(llsshr.o)
    0x1ffc0d06   0x1ffc0d06   0x000000ba   Code   RO         3936    .text               mf_w.l(depilogue.o)
    0x1ffc0dc0   0x1ffc0dc0   0x00000056   Code   RO         3946    .text               mc_w.l(__dczerorl2.o)
    0x1ffc0e16   0x1ffc0e16   0x00000002   Code   RO         1310    i.EvrRtxDelayCompleted  rtx_evr.o
    0x1ffc0e18   0x1ffc0e18   0x00000002   Code   RO         1330    i.EvrRtxEventFlagsWaitTimeout  rtx_evr.o
    0x1ffc0e1a   0x1ffc0e1a   0x00000002   Code   RO         1331    i.EvrRtxKernelError  rtx_evr.o
    0x1ffc0e1c   0x1ffc0e1c   0x00000002   Code   RO         1333    i.EvrRtxKernelGetState  rtx_evr.o
    0x1ffc0e1e   0x1ffc0e1e   0x00000002   Code   RO         1336    i.EvrRtxKernelGetTickCount  rtx_evr.o
    0x1ffc0e20   0x1ffc0e20   0x00000002   Code   RO         1337    i.EvrRtxKernelGetTickFreq  rtx_evr.o
    0x1ffc0e22   0x1ffc0e22   0x00000002   Code   RO         1339    i.EvrRtxKernelInitialize  rtx_evr.o
    0x1ffc0e24   0x1ffc0e24   0x00000002   Code   RO         1340    i.EvrRtxKernelInitialized  rtx_evr.o
    0x1ffc0e26   0x1ffc0e26   0x00000002   Code   RO         1347    i.EvrRtxKernelStart  rtx_evr.o
    0x1ffc0e28   0x1ffc0e28   0x00000002   Code   RO         1348    i.EvrRtxKernelStarted  rtx_evr.o
    0x1ffc0e2a   0x1ffc0e2a   0x00000002   Code   RO         1353    i.EvrRtxMemoryAlloc  rtx_evr.o
    0x1ffc0e2c   0x1ffc0e2c   0x00000002   Code   RO         1354    i.EvrRtxMemoryBlockAlloc  rtx_evr.o
    0x1ffc0e2e   0x1ffc0e2e   0x00000002   Code   RO         1355    i.EvrRtxMemoryBlockFree  rtx_evr.o
    0x1ffc0e30   0x1ffc0e30   0x00000002   Code   RO         1356    i.EvrRtxMemoryBlockInit  rtx_evr.o
    0x1ffc0e32   0x1ffc0e32   0x00000002   Code   RO         1357    i.EvrRtxMemoryFree  rtx_evr.o
    0x1ffc0e34   0x1ffc0e34   0x00000002   Code   RO         1358    i.EvrRtxMemoryInit  rtx_evr.o
    0x1ffc0e36   0x1ffc0e36   0x00000002   Code   RO         1362    i.EvrRtxMemoryPoolAllocTimeout  rtx_evr.o
    0x1ffc0e38   0x1ffc0e38   0x00000002   Code   RO         1377    i.EvrRtxMessageQueueCreated  rtx_evr.o
    0x1ffc0e3a   0x1ffc0e3a   0x00000002   Code   RO         1380    i.EvrRtxMessageQueueError  rtx_evr.o
    0x1ffc0e3c   0x1ffc0e3c   0x00000002   Code   RO         1381    i.EvrRtxMessageQueueGet  rtx_evr.o
    0x1ffc0e3e   0x1ffc0e3e   0x00000002   Code   RO         1386    i.EvrRtxMessageQueueGetPending  rtx_evr.o
    0x1ffc0e40   0x1ffc0e40   0x00000002   Code   RO         1388    i.EvrRtxMessageQueueGetTimeout  rtx_evr.o
    0x1ffc0e42   0x1ffc0e42   0x00000002   Code   RO         1389    i.EvrRtxMessageQueueInsertPending  rtx_evr.o
    0x1ffc0e44   0x1ffc0e44   0x00000002   Code   RO         1390    i.EvrRtxMessageQueueInserted  rtx_evr.o
    0x1ffc0e46   0x1ffc0e46   0x00000002   Code   RO         1391    i.EvrRtxMessageQueueNew  rtx_evr.o
    0x1ffc0e48   0x1ffc0e48   0x00000002   Code   RO         1392    i.EvrRtxMessageQueueNotInserted  rtx_evr.o
    0x1ffc0e4a   0x1ffc0e4a   0x00000002   Code   RO         1393    i.EvrRtxMessageQueueNotRetrieved  rtx_evr.o
    0x1ffc0e4c   0x1ffc0e4c   0x00000002   Code   RO         1394    i.EvrRtxMessageQueuePut  rtx_evr.o
    0x1ffc0e4e   0x1ffc0e4e   0x00000002   Code   RO         1395    i.EvrRtxMessageQueuePutPending  rtx_evr.o
    0x1ffc0e50   0x1ffc0e50   0x00000002   Code   RO         1396    i.EvrRtxMessageQueuePutTimeout  rtx_evr.o
    0x1ffc0e52   0x1ffc0e52   0x00000002   Code   RO         1399    i.EvrRtxMessageQueueRetrieved  rtx_evr.o
    0x1ffc0e54   0x1ffc0e54   0x00000002   Code   RO         1400    i.EvrRtxMutexAcquire  rtx_evr.o
    0x1ffc0e56   0x1ffc0e56   0x00000002   Code   RO         1401    i.EvrRtxMutexAcquirePending  rtx_evr.o
    0x1ffc0e58   0x1ffc0e58   0x00000002   Code   RO         1402    i.EvrRtxMutexAcquireTimeout  rtx_evr.o
    0x1ffc0e5a   0x1ffc0e5a   0x00000002   Code   RO         1403    i.EvrRtxMutexAcquired  rtx_evr.o
    0x1ffc0e5c   0x1ffc0e5c   0x00000002   Code   RO         1407    i.EvrRtxMutexError  rtx_evr.o
    0x1ffc0e5e   0x1ffc0e5e   0x00000002   Code   RO         1411    i.EvrRtxMutexNotAcquired  rtx_evr.o
    0x1ffc0e60   0x1ffc0e60   0x00000002   Code   RO         1412    i.EvrRtxMutexRelease  rtx_evr.o
    0x1ffc0e62   0x1ffc0e62   0x00000002   Code   RO         1413    i.EvrRtxMutexReleased  rtx_evr.o
    0x1ffc0e64   0x1ffc0e64   0x00000002   Code   RO         1416    i.EvrRtxSemaphoreAcquireTimeout  rtx_evr.o
    0x1ffc0e66   0x1ffc0e66   0x00000002   Code   RO         1428    i.EvrRtxThreadBlocked  rtx_evr.o
    0x1ffc0e68   0x1ffc0e68   0x00000002   Code   RO         1429    i.EvrRtxThreadCreated  rtx_evr.o
    0x1ffc0e6a   0x1ffc0e6a   0x00000002   Code   RO         1430    i.EvrRtxThreadDestroyed  rtx_evr.o
    0x1ffc0e6c   0x1ffc0e6c   0x00000002   Code   RO         1434    i.EvrRtxThreadError  rtx_evr.o
    0x1ffc0e6e   0x1ffc0e6e   0x00000002   Code   RO         1435    i.EvrRtxThreadExit  rtx_evr.o
    0x1ffc0e70   0x1ffc0e70   0x00000002   Code   RO         1438    i.EvrRtxThreadFlagsError  rtx_evr.o
    0x1ffc0e72   0x1ffc0e72   0x00000002   Code   RO         1440    i.EvrRtxThreadFlagsSet  rtx_evr.o
    0x1ffc0e74   0x1ffc0e74   0x00000002   Code   RO         1441    i.EvrRtxThreadFlagsSetDone  rtx_evr.o
    0x1ffc0e76   0x1ffc0e76   0x00000002   Code   RO         1443    i.EvrRtxThreadFlagsWaitCompleted  rtx_evr.o
    0x1ffc0e78   0x1ffc0e78   0x00000002   Code   RO         1446    i.EvrRtxThreadFlagsWaitTimeout  rtx_evr.o
    0x1ffc0e7a   0x1ffc0e7a   0x00000002   Code   RO         1456    i.EvrRtxThreadJoined  rtx_evr.o
    0x1ffc0e7c   0x1ffc0e7c   0x00000002   Code   RO         1458    i.EvrRtxThreadPreempted  rtx_evr.o
    0x1ffc0e7e   0x1ffc0e7e   0x00000002   Code   RO         1465    i.EvrRtxThreadSwitched  rtx_evr.o
    0x1ffc0e80   0x1ffc0e80   0x00000002   Code   RO         1467    i.EvrRtxThreadUnblocked  rtx_evr.o
    0x1ffc0e82   0x1ffc0e82   0x00000002   Code   RO         1469    i.EvrRtxTimerCallback  rtx_evr.o
    0x1ffc0e84   0x1ffc0e84   0x00000040   Code   RO          868    i.GPIO_IRQ_Handler  kdrv_gpio.o
    0x1ffc0ec4   0x1ffc0ec4   0x00000006   Code   RO          574    i.HW_TIMER0_IRQ_Handler  kdrv_timer.o
    0x1ffc0eca   0x1ffc0eca   0x00000006   Code   RO          575    i.HW_TIMER1_IRQ_Handler  kdrv_timer.o
    0x1ffc0ed0   0x1ffc0ed0   0x00000008   Code   RO          576    i.HW_TIMER2_IRQ_Handler  kdrv_timer.o
    0x1ffc0ed8   0x1ffc0ed8   0x00000046   Code   RO         2778    i.MessageQueuePut   rtx_msgqueue.o
    0x1ffc0f1e   0x1ffc0f1e   0x00000008   Code   RO         1022    i.OS_Tick_AcknowledgeIRQ  os_systick.o
    0x1ffc0f26   0x1ffc0f26   0x00000002   PAD
    0x1ffc0f28   0x1ffc0f28   0x00000028   Code   RO         1024    i.OS_Tick_Enable    os_systick.o
    0x1ffc0f50   0x1ffc0f50   0x00000006   Code   RO         1027    i.OS_Tick_GetIRQn   os_systick.o
    0x1ffc0f56   0x1ffc0f56   0x00000002   PAD
    0x1ffc0f58   0x1ffc0f58   0x00000040   Code   RO         1030    i.OS_Tick_Setup     os_systick.o
    0x1ffc0f98   0x1ffc0f98   0x0000002c   Code   RO          977    i.StartupInit       startup.o
    0x1ffc0fc4   0x1ffc0fc4   0x00000010   Code   RO          978    i.SystemCoreClockUpdate  startup.o
    0x1ffc0fd4   0x1ffc0fd4   0x00000006   Code   RO          373    i.UART0_ISR         kdrv_uart.o
    0x1ffc0fda   0x1ffc0fda   0x00000006   Code   RO          374    i.UART1_ISR         kdrv_uart.o
    0x1ffc0fe0   0x1ffc0fe0   0x000000dc   Code   RO          375    i.UART_ISR          kdrv_uart.o
    0x1ffc10bc   0x1ffc10bc   0x000000d4   Code   RO          376    i.UART_RX_ISR       kdrv_uart.o
    0x1ffc1190   0x1ffc1190   0x000000d4   Code   RO          377    i.UART_TX_ISR       kdrv_uart.o
    0x1ffc1264   0x1ffc1264   0x00000020   Code   RO         3836    i.__0printf         mc_w.l(printfa.o)
    0x1ffc1284   0x1ffc1284   0x00000028   Code   RO         3838    i.__0sprintf        mc_w.l(printfa.o)
    0x1ffc12ac   0x1ffc12ac   0x00000034   Code   RO         3841    i.__0vsnprintf      mc_w.l(printfa.o)
    0x1ffc12e0   0x1ffc12e0   0x0000000e   Code   RO         3940    i.__scatterload_copy  mc_w.l(handlers.o)
    0x1ffc12ee   0x1ffc12ee   0x00000002   Code   RO         3941    i.__scatterload_null  mc_w.l(handlers.o)
    0x1ffc12f0   0x1ffc12f0   0x0000000e   Code   RO         3942    i.__scatterload_zeroinit  mc_w.l(handlers.o)
    0x1ffc12fe   0x1ffc12fe   0x00000002   PAD
    0x1ffc1300   0x1ffc1300   0x00000184   Code   RO         3843    i._fp_digits        mc_w.l(printfa.o)
    0x1ffc1484   0x1ffc1484   0x000006b4   Code   RO         3844    i._printf_core      mc_w.l(printfa.o)
    0x1ffc1b38   0x1ffc1b38   0x00000024   Code   RO         3845    i._printf_post_padding  mc_w.l(printfa.o)
    0x1ffc1b5c   0x1ffc1b5c   0x0000002e   Code   RO         3846    i._printf_pre_padding  mc_w.l(printfa.o)
    0x1ffc1b8a   0x1ffc1b8a   0x00000016   Code   RO         3847    i._snputc           mc_w.l(printfa.o)
    0x1ffc1ba0   0x1ffc1ba0   0x0000000a   Code   RO         3848    i._sputc            mc_w.l(printfa.o)
    0x1ffc1baa   0x1ffc1baa   0x00000002   PAD
    0x1ffc1bac   0x1ffc1bac   0x0000002c   Code   RO            1    i.drv_initialize    driver_init.o
    0x1ffc1bd8   0x1ffc1bd8   0x00000034   Code   RO          379    i.fputc             kdrv_uart.o
    0x1ffc1c0c   0x1ffc1c0c   0x00000058   Code   RO          153    i.gpio_callback     ex_gpio_test.o
    0x1ffc1c64   0x1ffc1c64   0x00000004   Code   RO          154    i.gpio_selftest     ex_gpio_test.o
    0x1ffc1c68   0x1ffc1c68   0x0000061c   Code   RO          155    i.gpio_selftest_execute  ex_gpio_test.o
    0x1ffc2284   0x1ffc2284   0x00000188   Code   RO          156    i.gpio_selftest_init  ex_gpio_test.o
    0x1ffc240c   0x1ffc240c   0x00000048   Code   RO          750    i.kdrv_delay_us     kdrv_clock.o
    0x1ffc2454   0x1ffc2454   0x000000c8   Code   RO          869    i.kdrv_gpio_initialize  kdrv_gpio.o
    0x1ffc251c   0x1ffc251c   0x0000001c   Code   RO          870    i.kdrv_gpio_read_pin  kdrv_gpio.o
    0x1ffc2538   0x1ffc2538   0x00000010   Code   RO          871    i.kdrv_gpio_register_callback  kdrv_gpio.o
    0x1ffc2548   0x1ffc2548   0x0000008c   Code   RO          872    i.kdrv_gpio_set_attribute  kdrv_gpio.o
    0x1ffc25d4   0x1ffc25d4   0x0000002c   Code   RO          873    i.kdrv_gpio_set_debounce  kdrv_gpio.o
    0x1ffc2600   0x1ffc2600   0x00000030   Code   RO          874    i.kdrv_gpio_set_interrupt  kdrv_gpio.o
    0x1ffc2630   0x1ffc2630   0x00000018   Code   RO          876    i.kdrv_gpio_write_pin  kdrv_gpio.o
    0x1ffc2648   0x1ffc2648   0x00000002   Code   RO          228    i.kdrv_ncpu_set_scpu_debug_lvl  kmdw_console.o
    0x1ffc264a   0x1ffc264a   0x00000002   PAD
    0x1ffc264c   0x1ffc264c   0x00000040   Code   RO          945    i.kdrv_pinmux_config  kdrv_pinmux.o
    0x1ffc268c   0x1ffc268c   0x00000050   Code   RO          946    i.kdrv_pinmux_initialize  kdrv_pinmux.o
    0x1ffc26dc   0x1ffc26dc   0x00000238   Code   RO          584    i.kdrv_timer_irqhandler  kdrv_timer.o
    0x1ffc2914   0x1ffc2914   0x0000021c   Code   RO          388    i.kdrv_uart_configure  kdrv_uart.o
    0x1ffc2b30   0x1ffc2b30   0x00000064   Code   RO          389    i.kdrv_uart_console_init  kdrv_uart.o
    0x1ffc2b94   0x1ffc2b94   0x00000020   Code   RO          394    i.kdrv_uart_initialize  kdrv_uart.o
    0x1ffc2bb4   0x1ffc2bb4   0x0000011c   Code   RO          395    i.kdrv_uart_open    kdrv_uart.o
    0x1ffc2cd0   0x1ffc2cd0   0x00000114   Code   RO          399    i.kdrv_uart_write   kdrv_uart.o
    0x1ffc2de4   0x1ffc2de4   0x00000018   Code   RO          237    i.kmdw_console_set_log_level_scpu  kmdw_console.o
    0x1ffc2dfc   0x1ffc2dfc   0x00000170   Code   RO          240    i.kmdw_level_printf  kmdw_console.o
    0x1ffc2f6c   0x1ffc2f6c   0x00000028   Code   RO           80    i.main              ex_gpio_main.o
    0x1ffc2f94   0x1ffc2f94   0x0000006c   Code   RO         3865    i.malloc            mc_w.l(malloc.o)
    0x1ffc3000   0x1ffc3000   0x0000003c   Code   RO         2361    i.osKernelGetState  rtx_kernel.o
    0x1ffc303c   0x1ffc303c   0x00000030   Code   RO         2364    i.osKernelGetTickCount  rtx_kernel.o
    0x1ffc306c   0x1ffc306c   0x00000030   Code   RO         2365    i.osKernelGetTickFreq  rtx_kernel.o
    0x1ffc309c   0x1ffc309c   0x00000038   Code   RO         2366    i.osKernelInitialize  rtx_kernel.o
    0x1ffc30d4   0x1ffc30d4   0x00000034   Code   RO         2370    i.osKernelStart     rtx_kernel.o
    0x1ffc3108   0x1ffc3108   0x000000c0   Code   RO         2780    i.osMessageQueueGet  rtx_msgqueue.o
    0x1ffc31c8   0x1ffc31c8   0x00000040   Code   RO         2786    i.osMessageQueueNew  rtx_msgqueue.o
    0x1ffc3208   0x1ffc3208   0x000000a8   Code   RO         2787    i.osMessageQueuePut  rtx_msgqueue.o
    0x1ffc32b0   0x1ffc32b0   0x0000003c   Code   RO         2923    i.osMutexAcquire    rtx_mutex.o
    0x1ffc32ec   0x1ffc32ec   0x00000038   Code   RO         2928    i.osMutexRelease    rtx_mutex.o
    0x1ffc3324   0x1ffc3324   0x00000070   Code   RO         1099    i.osRtxErrorNotify  rtx_config.o
    0x1ffc3394   0x1ffc3394   0x00000002   Code   RO         1100    i.osRtxIdleThread   rtx_config.o
    0x1ffc3396   0x1ffc3396   0x00000002   Code   RO         2373    i.osRtxKernelPreInit  rtx_kernel.o
    0x1ffc3398   0x1ffc3398   0x0000008c   Code   RO         2593    i.osRtxMemoryAlloc  rtx_memory.o
    0x1ffc3424   0x1ffc3424   0x00000056   Code   RO         2594    i.osRtxMemoryFree   rtx_memory.o
    0x1ffc347a   0x1ffc347a   0x00000044   Code   RO         2595    i.osRtxMemoryInit   rtx_memory.o
    0x1ffc34be   0x1ffc34be   0x00000030   Code   RO         2645    i.osRtxMemoryPoolAlloc  rtx_mempool.o
    0x1ffc34ee   0x1ffc34ee   0x00000040   Code   RO         2646    i.osRtxMemoryPoolFree  rtx_mempool.o
    0x1ffc352e   0x1ffc352e   0x0000006e   Code   RO         2647    i.osRtxMemoryPoolInit  rtx_mempool.o
    0x1ffc359c   0x1ffc359c   0x00000102   Code   RO         2789    i.osRtxMessageQueuePostProcess  rtx_msgqueue.o
    0x1ffc369e   0x1ffc369e   0x00000060   Code   RO         2929    i.osRtxMutexOwnerRelease  rtx_mutex.o
    0x1ffc36fe   0x1ffc36fe   0x00000002   PAD
    0x1ffc3700   0x1ffc3700   0x00000064   Code   RO         3110    i.osRtxPendSV_Handler  rtx_system.o
    0x1ffc3764   0x1ffc3764   0x00000054   Code   RO         3111    i.osRtxPostProcess  rtx_system.o
    0x1ffc37b8   0x1ffc37b8   0x00000060   Code   RO         3150    i.osRtxThreadDelayRemove  rtx_thread.o
    0x1ffc3818   0x1ffc3818   0x00000144   Code   RO         3151    i.osRtxThreadDelayTick  rtx_thread.o
    0x1ffc395c   0x1ffc395c   0x000000e8   Code   RO         3152    i.osRtxThreadDispatch  rtx_thread.o
    0x1ffc3a44   0x1ffc3a44   0x00000058   Code   RO         3153    i.osRtxThreadFree   rtx_thread.o
    0x1ffc3a9c   0x1ffc3a9c   0x00000016   Code   RO         3154    i.osRtxThreadListGet  rtx_thread.o
    0x1ffc3ab2   0x1ffc3ab2   0x00000022   Code   RO         3155    i.osRtxThreadListPut  rtx_thread.o
    0x1ffc3ad4   0x1ffc3ad4   0x0000001c   Code   RO         3156    i.osRtxThreadListRemove  rtx_thread.o
    0x1ffc3af0   0x1ffc3af0   0x0000004a   Code   RO         3157    i.osRtxThreadListSort  rtx_thread.o
    0x1ffc3b3a   0x1ffc3b3a   0x0000006a   Code   RO         3158    i.osRtxThreadPostProcess  rtx_thread.o
    0x1ffc3ba4   0x1ffc3ba4   0x0000002c   Code   RO         3159    i.osRtxThreadReadyPut  rtx_thread.o
    0x1ffc3bd0   0x1ffc3bd0   0x00000014   Code   RO         3160    i.osRtxThreadRegPtr  rtx_thread.o
    0x1ffc3be4   0x1ffc3be4   0x0000002c   Code   RO         3161    i.osRtxThreadStackCheck  rtx_thread.o
    0x1ffc3c10   0x1ffc3c10   0x00000040   Code   RO         3162    i.osRtxThreadStartup  rtx_thread.o
    0x1ffc3c50   0x1ffc3c50   0x00000020   Code   RO         3163    i.osRtxThreadSwitch  rtx_thread.o
    0x1ffc3c70   0x1ffc3c70   0x000000ac   Code   RO         3164    i.osRtxThreadWaitEnter  rtx_thread.o
    0x1ffc3d1c   0x1ffc3d1c   0x00000060   Code   RO         3165    i.osRtxThreadWaitExit  rtx_thread.o
    0x1ffc3d7c   0x1ffc3d7c   0x00000084   Code   RO         3112    i.osRtxTick_Handler  rtx_system.o
    0x1ffc3e00   0x1ffc3e00   0x00000048   Code   RO         3497    i.osRtxTimerThread  rtx_timer.o
    0x1ffc3e48   0x1ffc3e48   0x0000008c   Code   RO         3498    i.osRtxTimerTick    rtx_timer.o
    0x1ffc3ed4   0x1ffc3ed4   0x0000001c   Code   RO         3168    i.osThreadExit      rtx_thread.o
    0x1ffc3ef0   0x1ffc3ef0   0x00000080   Code   RO         3171    i.osThreadFlagsSet  rtx_thread.o
    0x1ffc3f70   0x1ffc3f70   0x00000014   Code   RO         2375    i.svcRtxKernelGetState  rtx_kernel.o
    0x1ffc3f84   0x1ffc3f84   0x00000014   Code   RO         2378    i.svcRtxKernelGetTickCount  rtx_kernel.o
    0x1ffc3f98   0x1ffc3f98   0x00000014   Code   RO         2379    i.svcRtxKernelGetTickFreq  rtx_kernel.o
    0x1ffc3fac   0x1ffc3fac   0x00000140   Code   RO         2380    i.svcRtxKernelInitialize  rtx_kernel.o
    0x1ffc40ec   0x1ffc40ec   0x000000b0   Code   RO         2384    i.svcRtxKernelStart  rtx_kernel.o
    0x1ffc419c   0x1ffc419c   0x00000144   Code   RO         2791    i.svcRtxMessageQueueGet  rtx_msgqueue.o
    0x1ffc42e0   0x1ffc42e0   0x00000154   Code   RO         2797    i.svcRtxMessageQueueNew  rtx_msgqueue.o
    0x1ffc4434   0x1ffc4434   0x000000f8   Code   RO         2798    i.svcRtxMessageQueuePut  rtx_msgqueue.o
    0x1ffc452c   0x1ffc452c   0x000000e0   Code   RO         2930    i.svcRtxMutexAcquire  rtx_mutex.o
    0x1ffc460c   0x1ffc460c   0x000000f4   Code   RO         2935    i.svcRtxMutexRelease  rtx_mutex.o
    0x1ffc4700   0x1ffc4700   0x00000094   Code   RO         3189    i.svcRtxThreadExit  rtx_thread.o
    0x1ffc4794   0x1ffc4794   0x000000c2   Code   RO         3192    i.svcRtxThreadFlagsSet  rtx_thread.o
    0x1ffc4856   0x1ffc4856   0x00000002   PAD
    0x1ffc4858   0x1ffc4858   0x00000230   Code   RO         3202    i.svcRtxThreadNew   rtx_thread.o
    0x1ffc4a88   0x1ffc4a88   0x00000002   Code   RO           66    i.sys_initialize    system_init.o
    0x1ffc4a8a   0x1ffc4a8a   0x0000003e   Data   RO          158    .constdata          ex_gpio_test.o
    0x1ffc4ac8   0x1ffc4ac8   0x00000024   Data   RO         2560    .constdata          rtx_lib.o
    0x1ffc4aec   0x1ffc4aec   0x00000024   Data   RO         2561    .constdata          rtx_lib.o
    0x1ffc4b10   0x1ffc4b10   0x00000018   Data   RO         2562    .constdata          rtx_lib.o
    0x1ffc4b28   0x1ffc4b28   0x00000004   Data   RO         2563    .constdata          rtx_lib.o
    0x1ffc4b2c   0x1ffc4b2c   0x000001d1   Data   RO          159    .conststring        ex_gpio_test.o
    0x1ffc4cfd   0x1ffc4cfd   0x00000003   PAD
    0x1ffc4d00   0x1ffc4d00   0x0000000b   Data   RO         2387    .conststrlit        rtx_kernel.o
    0x1ffc4d0b   0x1ffc4d0b   0x00000001   PAD
    0x1ffc4d0c   0x1ffc4d0c   0x000000a0   Data   RO         2566    .rodata             rtx_lib.o
    0x1ffc4dac   0x1ffc4dac   0x00000020   Data   RO         3938    Region$$Table       anon$$obj.o


    Execution Region SCPU_RW (Exec base: 0x1ffe0000, Load base: 0x1ffc4dcc, Size: 0x00002a58, Max: 0x00020000, ABSOLUTE, COMPRESSED[0x000000e0])

    Exec Addr    Load Addr    Size         Type   Attr      Idx    E Section Name        Object

    0x1ffe0000   COMPRESSED   0x00002000   Data   RW         2551    .bss.os             rtx_lib.o
    0x1ffe2000   COMPRESSED   0x00000040   Data   RW         2552    .bss.os             rtx_lib.o
    0x1ffe2040   COMPRESSED   0x00000034   Data   RW         2553    .bss.os.msgqueue.cb  rtx_lib.o
    0x1ffe2074   COMPRESSED   0x00000050   Data   RW         2554    .bss.os.msgqueue.mem  rtx_lib.o
    0x1ffe20c4   COMPRESSED   0x000003fc   Data   RW         2555    .bss.os.thread.cb   rtx_lib.o
    0x1ffe24c0   COMPRESSED   0x00000044   Data   RW         2556    .bss.os.thread.cb   rtx_lib.o
    0x1ffe2504   COMPRESSED   0x00000044   Data   RW         2557    .bss.os.thread.cb   rtx_lib.o
    0x1ffe2548   COMPRESSED   0x00000100   Data   RW         2558    .bss.os.thread.stack  rtx_lib.o
    0x1ffe2648   COMPRESSED   0x00000100   Data   RW         2559    .bss.os.thread.stack  rtx_lib.o
    0x1ffe2748   COMPRESSED   0x000001c0   Data   RW            2    .data               driver_init.o
    0x1ffe2908   COMPRESSED   0x00000008   Data   RW          160    .data               ex_gpio_test.o
    0x1ffe2910   COMPRESSED   0x00000014   Data   RW          243    .data               kmdw_console.o
    0x1ffe2924   COMPRESSED   0x0000004c   Data   RW          403    .data               kdrv_uart.o
    0x1ffe2970   COMPRESSED   0x00000010   Data   RW          597    .data               kdrv_timer.o
    0x1ffe2980   COMPRESSED   0x00000008   Data   RW          877    .data               kdrv_gpio.o
    0x1ffe2988   COMPRESSED   0x00000004   Data   RW          979    .data               startup.o
    0x1ffe298c   COMPRESSED   0x00000001   Data   RW         1031    .data               os_systick.o
    0x1ffe298d   COMPRESSED   0x00000003   PAD
    0x1ffe2990   COMPRESSED   0x00000004   Data   RW         3910    .data               mc_w.l(stdout.o)
    0x1ffe2994   COMPRESSED   0x00000004   Data   RW         3915    .data               mc_w.l(mvars.o)
    0x1ffe2998   COMPRESSED   0x00000004   Data   RW         3916    .data               mc_w.l(mvars.o)
    0x1ffe299c   COMPRESSED   0x000000a4   Data   RW         2388    .data.os            rtx_kernel.o
    0x1ffe2a40   COMPRESSED   0x00000018   Data   RW         2565    .data.os.thread.mpi  rtx_lib.o


    Execution Region SCPU_ZI (Exec base: 0x1ffe2a58, Load base: 0x1ffc4eac, Size: 0x00002088, Max: 0xffffffff, ABSOLUTE)

    Exec Addr    Load Addr    Size         Type   Attr      Idx    E Section Name        Object

    0x1ffe2a58        -       0x0000000c   Zero   RW          242    .bss                kmdw_console.o
    0x1ffe2a64        -       0x0000000c   Zero   RW          402    .bss                kdrv_uart.o
    0x1ffe2a70        -       0x0000006c   Zero   RW          596    .bss                kdrv_timer.o
    0x1ffe2adc   0x1ffc4eac   0x00000004   PAD
    0x1ffe2ae0        -       0x00001000   Zero   RW          966    HEAP                startup_asm.o
    0x1ffe3ae0        -       0x00001000   Zero   RW          967    STACK               startup_asm.o


==============================================================================

Image component sizes


      Code (inc. data)   RO Data    RW Data    ZI Data      Debug   Object Name

        44         10          0        448          0      28917   driver_init.o
        40          0          0          0          0       3971   ex_gpio_main.o
      2048        808        527          8          0      14789   ex_gpio_test.o
       196         12          0          0          0        676   irq_cm4f.o
        72         10          0          0          0       2837   kdrv_clock.o
       564         50          0          8          0       8536   kdrv_gpio.o
       144         12          0          0          0       2554   kdrv_pinmux.o
       588         12          0         16        108      38879   kdrv_timer.o
      1940         82          0         76         12      48844   kdrv_uart.o
       394         26          0         20         12      21238   kmdw_console.o
       118         22          0          1          0       3400   os_systick.o
       114         86          0          0          0      12380   rtx_config.o
         0          0          0          0          0       7792   rtx_delay.o
       110          0          0          0          0      35478   rtx_evr.o
       822         86         11        164          0      26771   rtx_kernel.o
         0          0        260      10080          0       9302   rtx_lib.o
       294          0          0          0          0       4199   rtx_memory.o
       550          0          0          0          0       6051   rtx_mempool.o
      1992         36          0          0          0      20228   rtx_msgqueue.o
       680         18          0          0          0       6259   rtx_mutex.o
       644         30          0          0          0       4865   rtx_system.o
      2862        104          0          0          0      28679   rtx_thread.o
       212         18          0          0          0       2855   rtx_timer.o
        60         28          0          4          0       1576   startup.o
       172         14        348          0       8192       3704   startup_asm.o
         2          0          0          0          0        533   system_init.o

    ----------------------------------------------------------------------
     14672       1464       1182      10828       8328     345313   Object Totals
         0          0         32          0          0          0   (incl. Generated)
        10          0          4          3          4          0   (incl. Padding)

    ----------------------------------------------------------------------

      Code (inc. data)   RO Data    RW Data    ZI Data      Debug   Library Member Name

        86          0          0          0          0          0   __dczerorl2.o
         0          0          0          0          0          0   entry.o
         0          0          0          0          0          0   entry10a.o
         0          0          0          0          0          0   entry11a.o
         4          0          0          0          0          0   entry12b.o
         8          4          0          0          0          0   entry2.o
         4          0          0          0          0          0   entry5.o
         0          0          0          0          0          0   entry7b.o
         0          0          0          0          0          0   entry8b.o
         8          4          0          0          0          0   entry9a.o
        30          0          0          0          0          0   handlers.o
        36          8          0          0          0         68   init.o
         0          0          0          0          0          0   iusefp.o
        30          0          0          0          0         68   llshl.o
        36          0          0          0          0         68   llsshr.o
        32          0          0          0          0         68   llushr.o
       108         16          0          0          0         84   malloc.o
        36          0          0          0          0         68   memcpya.o
        36          0          0          0          0        108   memseta.o
         0          0          0          8          0          0   mvars.o
      2342        102          0          0          0        764   printfa.o
         0          0          0          4          0          0   stdout.o
        14          0          0          0          0         68   strlen.o
        44          0          0          0          0         80   uidiv.o
        98          0          0          0          0         92   uldiv.o
        48          0          0          0          0         68   cdrcmple.o
       334          0          0          0          0        148   dadd.o
       222          0          0          0          0        100   ddiv.o
       186          0          0          0          0        176   depilogue.o
        48          0          0          0          0         68   dfixul.o
       228          0          0          0          0         96   dmul.o
        38          0          0          0          0         68   f2d.o

    ----------------------------------------------------------------------
      4062        134          0         12          0       2260   Library Totals
         6          0          0          0          0          0   (incl. Padding)

    ----------------------------------------------------------------------

      Code (inc. data)   RO Data    RW Data    ZI Data      Debug   Library Name

      2952        134          0         12          0       1536   mc_w.l
      1104          0          0          0          0        724   mf_w.l

    ----------------------------------------------------------------------
      4062        134          0         12          0       2260   Library Totals

    ----------------------------------------------------------------------

==============================================================================


      Code (inc. data)   RO Data    RW Data    ZI Data      Debug   

     18734       1598       1182      10840       8328     331261   Grand Totals
     18734       1598       1182        224       8328     331261   ELF Image Totals (compressed)
     18734       1598       1182        224          0          0   ROM Totals

==============================================================================

    Total RO  Size (Code + RO Data)                19916 (  19.45kB)
    Total RW  Size (RW Data + ZI Data)             19168 (  18.72kB)
    Total ROM Size (Code + RO Data + RW Data)      20140 (  19.67kB)

==============================================================================

